docker : #0 building 
with "desktop-linux" 
instance using 
docker driver
At line:1 char:1
+ docker build -f 
backend/Dockerfile 
--no-cache . 2>&1 > 
build_error.lo ...
+ ~~~~~~~~~~~~~~~~~~~
~~~~~~~~~~~~~~~~~~~~~
~~~~~~~~~~~~~~~~~~~~~
~~~~~~~~
    + CategoryInfo   
           : NotSpe  
  cified: (#0 buil   
 ding wit...g doc    
ker driver:Strin    
g) [], RemoteExc    
eption
    + FullyQualified 
   ErrorId : Native  
  CommandError
 

#1 [internal] load 
build definition 
from Dockerfile
#1 transferring 
dockerfile: 1.21kB 
0.0s done
#1 DONE 0.1s

#2 [internal] load 
metadata for docker.i
o/library/alpine:late
st
#2 ...

#3 [auth] 
library/golang:pull 
token for 
registry-1.docker.io
#3 DONE 0.0s

#4 [auth] 
library/alpine:pull 
token for 
registry-1.docker.io
#4 DONE 0.0s

#5 [internal] load 
metadata for docker.i
o/library/golang:1.21
-alpine
#5 ...

#2 [internal] load 
metadata for docker.i
o/library/alpine:late
st
#2 DONE 1.6s

#5 [internal] load 
metadata for docker.i
o/library/golang:1.21
-alpine
#5 DONE 1.6s

#6 [internal] load 
.dockerignore
#6 transferring 
context: 140B 0.0s 
done
#6 DONE 0.0s

#7 [internal] load 
build context
#7 DONE 0.0s

#8 [stage-1 1/3] 
FROM docker.io/librar
y/alpine:latest@sha25
6:865b95f46d98cf867a1
56fe4a135ad3fe50d2056
aa3f25ed31662dff6da4e
b62
#8 resolve docker.io/
library/alpine:latest
@sha256:865b95f46d98c
f867a156fe4a135ad3fe5
0d2056aa3f25ed31662df
f6da4eb62 0.1s done
#8 DONE 0.1s

#9 [stage-1 2/3] 
WORKDIR /root/
#9 CACHED

#10 [builder  1/10] 
FROM docker.io/librar
y/golang:1.21-alpine@
sha256:2414035b086e3c
42b99654c8b26e6f5b1b1
598080d65fd03c7f49955
2ff4dc94
#10 resolve docker.io
/library/golang:1.21-
alpine@sha256:2414035
b086e3c42b99654c8b26e
6f5b1b1598080d65fd03c
7f499552ff4dc94 0.1s 
done
#10 DONE 0.1s

#11 [builder  2/10] 
WORKDIR /app
#11 CACHED

#7 [internal] load 
build context
#7 transferring 
context: 1.19kB 0.0s 
done
#7 DONE 0.1s

#12 [builder  3/10] 
RUN apk add 
--no-cache git 
protobuf 
protobuf-dev &&     
go install google.gol
ang.org/protobuf/cmd/
protoc-gen-go@v1.31.0
 &&     go install go
ogle.golang.org/grpc/
cmd/protoc-gen-go-grp
c@v1.3.0
#12 1.195 fetch https
://dl-cdn.alpinelinux
.org/alpine/v3.20/mai
n/x86_64/APKINDEX.tar
.gz
#12 1.569 fetch https
://dl-cdn.alpinelinux
.org/alpine/v3.20/com
munity/x86_64/APKINDE
X.tar.gz
#12 2.249 (1/124) 
Installing 
brotli-libs 
(1.1.0-r2)
#12 2.310 (2/124) 
Installing c-ares 
(1.33.1-r0)
#12 2.351 (3/124) 
Installing 
libunistring (1.2-r0)
#12 2.419 (4/124) 
Installing libidn2 
(2.3.7-r0)
#12 2.460 (5/124) 
Installing 
nghttp2-libs 
(1.62.1-r0)
#12 2.503 (6/124) 
Installing libpsl 
(0.21.5-r1)
#12 2.543 (7/124) 
Installing zstd-libs 
(1.5.6-r0)
#12 2.601 (8/124) 
Installing libcurl 
(8.14.1-r2)
#12 2.649 (9/124) 
Installing libexpat 
(2.7.3-r0)
#12 2.693 (10/124) 
Installing pcre2 
(10.43-r0)
#12 2.929 (11/124) 
Installing git 
(2.45.4-r0)
#12 3.977 (12/124) 
Installing 
git-init-template 
(2.45.4-r0)
#12 4.052 (13/124) 
Installing libgcc (13
.2.1_git20240309-r1)
#12 4.096 (14/124) 
Installing libstdc++ 
(13.2.1_git20240309-r
1)
#12 4.261 (15/124) 
Installing abseil-cpp
-raw-logging-internal
 (20230802.1-r0)
#12 4.302 (16/124) 
Installing abseil-cpp
-log-internal-globals
 (20230802.1-r0)
#12 4.342 (17/124) 
Installing 
abseil-cpp-time-zone 
(20230802.1-r0)
#12 4.387 (18/124) 
Installing abseil-cpp
-log-initialize 
(20230802.1-r0)
#12 4.425 (19/124) 
Installing 
abseil-cpp-city 
(20230802.1-r0)
#12 4.465 (20/124) 
Installing abseil-cpp
-low-level-hash 
(20230802.1-r0)
#12 4.511 (21/124) 
Installing 
abseil-cpp-hash 
(20230802.1-r0)
#12 4.532 (22/124) 
Installing abseil-cpp
-log-internal-nullgua
rd (20230802.1-r0)
#12 4.575 (23/124) 
Installing abseil-cpp
-strings-internal 
(20230802.1-r0)
#12 4.613 (24/124) 
Installing 
abseil-cpp-strings 
(20230802.1-r0)
#12 4.780 (25/124) 
Installing abseil-cpp
-log-internal-check-o
p (20230802.1-r0)
#12 4.828 (26/124) 
Installing abseil-cpp
-spinlock-wait 
(20230802.1-r0)
#12 4.869 (27/124) 
Installing 
abseil-cpp-base 
(20230802.1-r0)
#12 4.912 (28/124) 
Installing abseil-cpp
-log-internal-conditi
ons (20230802.1-r0)
#12 4.939 (29/124) 
Installing abseil-cpp
-debugging-internal 
(20230802.1-r0)
#12 4.979 (30/124) 
Installing abseil-cpp
-stacktrace 
(20230802.1-r0)
#12 5.021 (31/124) 
Installing 
abseil-cpp-symbolize 
(20230802.1-r0)
#12 5.061 (32/124) 
Installing abseil-cpp
-examine-stack 
(20230802.1-r0)
#12 5.110 (33/124) 
Installing abseil-cpp
-log-globals 
(20230802.1-r0)
#12 5.161 (34/124) 
Installing 
abseil-cpp-int128 
(20230802.1-r0)
#12 5.209 (35/124) 
Installing abseil-cpp
-str-format-internal 
(20230802.1-r0)
#12 5.304 (36/124) 
Installing 
abseil-cpp-time 
(20230802.1-r0)
#12 5.377 (37/124) 
Installing abseil-cpp
-log-internal-format 
(20230802.1-r0)
#12 5.429 (38/124) 
Installing 
abseil-cpp-log-sink 
(20230802.1-r0)
#12 5.477 (39/124) 
Installing abseil-cpp
-kernel-timeout-inter
nal (20230802.1-r0)
#12 5.516 (40/124) 
Installing abseil-cpp
-malloc-internal 
(20230802.1-r0)
#12 5.552 (41/124) 
Installing abseil-cpp
-synchronization 
(20230802.1-r0)
#12 5.612 (42/124) 
Installing abseil-cpp
-log-internal-log-sin
k-set (20230802.1-r0)
#12 5.654 (43/124) 
Installing abseil-cpp
-log-internal-proto 
(20230802.1-r0)
#12 5.683 (44/124) 
Installing 
abseil-cpp-strerror 
(20230802.1-r0)
#12 5.725 (45/124) 
Installing abseil-cpp
-log-internal-message
 (20230802.1-r0)
#12 5.777 (46/124) 
Installing abseil-cpp
-raw-hash-set 
(20230802.1-r0)
#12 5.825 (47/124) 
Installing abseil-cpp
-crc-internal 
(20230802.1-r0)
#12 5.866 (48/124) 
Installing 
abseil-cpp-crc32c 
(20230802.1-r0)
#12 5.909 (49/124) 
Installing abseil-cpp
-crc-cord-state 
(20230802.1-r0)
#12 5.969 (50/124) 
Installing abseil-cpp
-throw-delegate 
(20230802.1-r0)
#12 6.010 (51/124) 
Installing abseil-cpp
-cord-internal 
(20230802.1-r0)
#12 6.104 (52/124) 
Installing abseil-cpp
-exponential-biased 
(20230802.1-r0)
#12 6.131 (53/124) 
Installing abseil-cpp
-cordz-functions 
(20230802.1-r0)
#12 6.173 (54/124) 
Installing abseil-cpp
-cordz-handle 
(20230802.1-r0)
#12 6.213 (55/124) 
Installing abseil-cpp
-cordz-info 
(20230802.1-r0)
#12 6.276 (56/124) 
Installing 
abseil-cpp-cord 
(20230802.1-r0)
#12 6.360 (57/124) 
Installing 
abseil-cpp-status 
(20230802.1-r0)
#12 6.426 (58/124) 
Installing 
abseil-cpp-statusor 
(20230802.1-r0)
#12 6.492 (59/124) 
Installing abseil-cpp
-die-if-null 
(20230802.1-r0)
#12 6.534 (60/124) 
Installing 
libprotobuf (24.4-r1)
#12 7.253 (61/124) 
Installing libprotoc 
(24.4-r1)
#12 7.617 (62/124) 
Installing protoc 
(24.4-r1)
#12 7.643 (63/124) 
Installing 
libprotobuf-lite 
(24.4-r1)
#12 7.719 (64/124) 
Installing protobuf 
(24.4-r1)
#12 7.742 (65/124) 
Installing pkgconf 
(2.2.0-r0)
#12 7.788 (66/124) 
Installing zlib-dev 
(1.3.1-r1)
#12 7.848 (67/124) 
Installing 
linux-headers 
(6.6-r0)
#12 8.627 (68/124) 
Installing abseil-cpp
-atomic-hook-test-hel
per (20230802.1-r0)
#12 8.669 (69/124) 
Installing abseil-cpp
-bad-any-cast-impl 
(20230802.1-r0)
#12 8.710 (70/124) 
Installing abseil-cpp
-bad-optional-access 
(20230802.1-r0)
#12 8.743 (71/124) 
Installing abseil-cpp
-bad-variant-access 
(20230802.1-r0)
#12 8.784 (72/124) 
Installing abseil-cpp
-civil-time 
(20230802.1-r0)
#12 8.828 (73/124) 
Installing abseil-cpp
-cordz-sample-token 
(20230802.1-r0)
#12 8.868 (74/124) 
Installing abseil-cpp
-crc-cpu-detect 
(20230802.1-r0)
#12 8.948 (75/124) 
Installing abseil-cpp
-demangle-internal 
(20230802.1-r0)
#12 9.070 (76/124) 
Installing gtest 
(1.14.0-r2)
#12 9.390 (77/124) 
Installing abseil-cpp
-exception-safety-tes
ting (20230802.1-r0)
#12 9.432 (78/124) 
Installing abseil-cpp
-failure-signal-handl
er (20230802.1-r0)
#12 9.472 (79/124) 
Installing abseil-cpp
-flags-commandlinefla
g-internal 
(20230802.1-r0)
#12 9.512 (80/124) 
Installing abseil-cpp
-flags-commandlinefla
g (20230802.1-r0)
#12 9.552 (81/124) 
Installing abseil-cpp
-flags-program-name 
(20230802.1-r0)
#12 9.579 (82/124) 
Installing abseil-cpp
-flags-config 
(20230802.1-r0)
#12 9.623 (83/124) 
Installing abseil-cpp
-flags-internal 
(20230802.1-r0)
#12 9.681 (84/124) 
Installing abseil-cpp
-flags-marshalling 
(20230802.1-r0)
#12 9.734 (85/124) 
Installing abseil-cpp
-flags-private-handle
-accessor 
(20230802.1-r0)
#12 9.772 (86/124) 
Installing abseil-cpp
-flags-reflection 
(20230802.1-r0)
#12 9.832 (87/124) 
Installing abseil-cpp
-flags-usage 
(20230802.1-r0)
#12 9.877 (88/124) 
Installing abseil-cpp
-flags-usage-internal
 (20230802.1-r0)
#12 9.943 (89/124) 
Installing abseil-cpp
-flags-parse 
(20230802.1-r0)
#12 10.04 (90/124) 
Installing 
abseil-cpp-flags 
(20230802.1-r0)
#12 10.08 (91/124) 
Installing abseil-cpp
-graphcycles-internal
 (20230802.1-r0)
#12 10.12 (92/124) 
Installing abseil-cpp
-hash-generator-testi
ng (20230802.1-r0)
#12 10.15 (93/124) 
Installing abseil-cpp
-hashtablez-sampler 
(20230802.1-r0)
#12 10.19 (94/124) 
Installing abseil-cpp
-leak-check 
(20230802.1-r0)
#12 10.24 (95/124) 
Installing 
abseil-cpp-log-entry 
(20230802.1-r0)
#12 10.28 (96/124) 
Installing 
abseil-cpp-log-flags 
(20230802.1-r0)
#12 10.32 (97/124) 
Installing abseil-cpp
-log-severity 
(20230802.1-r0)
#12 10.36 (98/124) 
Installing abseil-cpp
-log-internal-test-ac
tions (20230802.1-r0)
#12 10.40 (99/124) 
Installing abseil-cpp
-log-internal-test-he
lpers (20230802.1-r0)
#12 10.44 (100/124) 
Installing abseil-cpp
-log-internal-test-ma
tchers 
(20230802.1-r0)
#12 10.57 (101/124) 
Installing abseil-cpp
-per-thread-sem-test-
common 
(20230802.1-r0)
#12 10.63 (102/124) 
Installing abseil-cpp
-periodic-sampler 
(20230802.1-r0)
#12 10.66 (103/124) 
Installing abseil-cpp
-pow10-helper 
(20230802.1-r0)
#12 10.71 (104/124) 
Installing abseil-cpp
-random-distributions
 (20230802.1-r0)
#12 10.75 (105/124) 
Installing abseil-cpp
-random-internal-dist
ribution-test-util 
(20230802.1-r0)
#12 10.80 (106/124) 
Installing abseil-cpp
-random-internal-plat
form (20230802.1-r0)
#12 10.84 (107/124) 
Installing abseil-cpp
-random-internal-rand
en-hwaes 
(20230802.1-r0)
#12 10.88 (108/124) 
Installing abseil-cpp
-random-internal-rand
en-hwaes-impl 
(20230802.1-r0)
#12 10.93 (109/124) 
Installing abseil-cpp
-random-internal-rand
en-slow 
(20230802.1-r0)
#12 11.06 (110/124) 
Installing abseil-cpp
-random-internal-rand
en (20230802.1-r0)
#12 11.09 (111/124) 
Installing abseil-cpp
-random-internal-seed
-material 
(20230802.1-r0)
#12 11.15 (112/124) 
Installing abseil-cpp
-random-seed-gen-exce
ption (20230802.1-r0)
#12 11.19 (113/124) 
Installing abseil-cpp
-random-internal-pool
-urbg (20230802.1-r0)
#12 11.25 (114/124) 
Installing abseil-cpp
-random-seed-sequence
s (20230802.1-r0)
#12 11.28 (115/124) 
Installing gmock 
(1.14.0-r2)
#12 11.44 (116/124) 
Installing abseil-cpp
-scoped-mock-log 
(20230802.1-r0)
#12 11.54 (117/124) 
Installing abseil-cpp
-scoped-set-env 
(20230802.1-r0)
#12 11.59 (118/124) 
Installing abseil-cpp
-spinlock-test-common
 (20230802.1-r0)
#12 11.64 (119/124) 
Installing abseil-cpp
-stack-consumption 
(20230802.1-r0)
#12 11.68 (120/124) 
Installing abseil-cpp
-string-view 
(20230802.1-r0)
#12 11.71 (121/124) 
Installing abseil-cpp
-test-instance-tracke
r (20230802.1-r0)
#12 11.76 (122/124) 
Installing abseil-cpp
-time-internal-test-u
til (20230802.1-r0)
#12 11.81 (123/124) 
Installing 
abseil-cpp-dev 
(20230802.1-r0)
#12 12.92 (124/124) 
Installing 
protobuf-dev 
(24.4-r1)
#12 13.24 Executing b
usybox-1.36.1-r29.tri
gger
#12 13.29 OK: 51 MiB 
in 139 packages
#12 13.78 go: 
downloading google.go
lang.org/protobuf 
v1.31.0
#12 30.38 go: 
downloading google.go
lang.org/grpc v1.3.0
#12 30.38 go: 
downloading google.go
lang.org/grpc/cmd/pro
toc-gen-go-grpc 
v1.3.0
#12 31.24 go: 
downloading google.go
lang.org/protobuf 
v1.28.1
#12 DONE 39.8s

#13 [builder  4/10] 
COPY proto ./proto
#13 DONE 0.2s

#14 [builder  5/10] 
COPY backend 
./backend
#14 DONE 0.2s

#15 [builder  6/10] 
WORKDIR /app/backend
#15 DONE 0.1s

#16 [builder  7/10] 
RUN mkdir -p 
pkg/proto &&     
protoc --proto_path=.
./proto --go_out=. --
go_opt=module=doric/b
ackend     
--go-grpc_out=. --go-
grpc_opt=module=doric
/backend     
../proto/doric.proto
#16 DONE 0.5s

#17 [builder  8/10] 
RUN find pkg/proto 
-name "*.go" || echo 
"No proto files 
found"
#17 0.480 pkg/proto/d
oric/doric.pb.go
#17 0.480 pkg/proto/d
oric/doric_grpc.pb.go
#17 DONE 0.5s

#18 [builder  9/10] 
RUN go mod tidy
#18 0.487 go: 
downloading github.co
m/jackc/pgx/v5 v5.5.0
#18 0.487 go: 
downloading google.go
lang.org/grpc v1.60.0
#18 0.502 go: 
downloading github.co
m/joho/godotenv 
v1.5.1
#18 0.521 go: 
downloading 
golang.org/x/oauth2 
v0.15.0
#18 1.643 go: 
downloading github.co
m/google/go-cmp 
v0.5.9
#18 1.643 go: 
downloading cloud.goo
gle.com/go/compute/me
tadata v0.2.3
#18 1.644 go: 
downloading google.go
lang.org/appengine 
v1.6.8
#18 1.644 go: 
downloading github.co
m/jackc/puddle/v2 
v2.2.1
#18 1.644 go: 
downloading github.co
m/stretchr/testify 
v1.8.1
#18 1.779 go: 
downloading google.go
lang.org/genproto/goo
gleapis/rpc v0.0.0-20
231002182017-d307bd88
3b97
#18 1.923 go: 
downloading cloud.goo
gle.com/go/compute 
v1.23.0
#18 2.052 go: 
downloading google.go
lang.org/genproto v0.
0.0-20231002182017-d3
07bd883b97
#18 2.062 go: 
downloading github.co
m/golang/protobuf 
v1.5.3
#18 2.313 go: 
downloading 
golang.org/x/net 
v0.19.0
#18 2.528 go: 
downloading github.co
m/jackc/pgpassfile 
v1.0.0
#18 2.534 go: 
downloading github.co
m/jackc/pgservicefile
 v0.0.0-2022122716123
0-091c0ba34f0a
#18 2.662 go: 
downloading 
golang.org/x/crypto 
v0.9.0
#18 2.689 go: 
downloading 
golang.org/x/text 
v0.13.0
#18 3.072 go: 
downloading 
golang.org/x/sync 
v0.4.0
#18 3.366 go: 
downloading 
golang.org/x/sys 
v0.13.0
#18 3.394 go: 
downloading github.co
m/davecgh/go-spew 
v1.1.1
#18 3.721 go: 
downloading github.co
m/pmezard/go-difflib 
v1.0.0
#18 3.721 go: 
downloading 
gopkg.in/yaml.v3 
v3.0.1
#18 6.176 go: 
downloading 
golang.org/x/sys 
v0.15.0
#18 6.178 go: 
downloading 
golang.org/x/crypto 
v0.16.0
#18 6.178 go: 
downloading 
golang.org/x/text 
v0.14.0
#18 DONE 15.2s

#19 [builder 10/10] 
RUN CGO_ENABLED=0 
GOOS=linux go build 
-v -x -o 
/doric-backend 
./cmd/api
#19 0.739 WORK=/tmp/g
o-build4077850697
#19 0.899 # get https
://proxy.golang.org/g
oogle.golang.org/grpc
/@v/v1.60.0.info
#19 0.899 # get https
://proxy.golang.org/g
ithub.com/joho/godote
nv/@v/v1.5.1.info
#19 0.901 # get https
://proxy.golang.org/g
ithub.com/jackc/pgx/v
5/@v/v5.5.0.info
#19 0.906 # get https
://proxy.golang.org/g
olang.org/x/oauth2/@v
/v0.15.0.info
#19 1.038 # get https
://proxy.golang.org/g
oogle.golang.org/grpc
/@v/v1.60.0.info: 
200 OK (0.138s)
#19 1.038 # get https
://proxy.golang.org/g
ithub.com/jackc/pgx/v
5/@v/v5.5.0.info: 
200 OK (0.137s)
#19 1.038 # get https
://proxy.golang.org/g
ithub.com/joho/godote
nv/@v/v1.5.1.info: 
200 OK (0.138s)
#19 1.038 # get https
://proxy.golang.org/g
olang.org/x/oauth2/@v
/v0.15.0.info: 200 
OK (0.131s)
#19 1.049 # get https
://proxy.golang.org/g
oogle.golang.org/genp
roto/googleapis/rpc/@
v/v0.0.0-202310021820
17-d307bd883b97.info
#19 1.051 # get https
://proxy.golang.org/g
olang.org/x/sys/@v/v0
.15.0.info
#19 1.051 # get https
://proxy.golang.org/g
olang.org/x/net/@v/v0
.19.0.info
#19 1.053 # get https
://proxy.golang.org/g
ithub.com/golang/prot
obuf/@v/v1.5.3.info
#19 1.054 # get https
://proxy.golang.org/c
loud.google.com/go/co
mpute/metadata/@v/v0.
2.3.info
#19 1.062 # get https
://proxy.golang.org/g
ithub.com/jackc/pgpas
sfile/@v/v1.0.0.info
#19 1.074 # get https
://proxy.golang.org/g
olang.org/x/sys/@v/v0
.15.0.info: 200 OK 
(0.023s)
#19 1.084 # get https
://proxy.golang.org/g
ithub.com/jackc/puddl
e/v2/@v/v2.2.1.info
#19 1.106 # get https
://proxy.golang.org/g
olang.org/x/net/@v/v0
.19.0.info: 200 OK 
(0.054s)
#19 1.106 # get https
://proxy.golang.org/c
loud.google.com/go/co
mpute/metadata/@v/v0.
2.3.info: 200 OK 
(0.052s)
#19 1.106 # get https
://proxy.golang.org/g
ithub.com/jackc/pgpas
sfile/@v/v1.0.0.info:
 200 OK (0.043s)
#19 1.106 # get https
://proxy.golang.org/g
ithub.com/golang/prot
obuf/@v/v1.5.3.info: 
200 OK (0.052s)
#19 1.115 # get https
://proxy.golang.org/g
ithub.com/jackc/pgser
vicefile/@v/v0.0.0-20
221227161230-091c0ba3
4f0a.info
#19 1.118 # get https
://proxy.golang.org/g
olang.org/x/text/@v/v
0.14.0.info
#19 1.131 # get https
://proxy.golang.org/g
ithub.com/jackc/puddl
e/v2/@v/v2.2.1.info: 
200 OK (0.047s)
#19 1.131 # get https
://proxy.golang.org/g
oogle.golang.org/genp
roto/googleapis/rpc/@
v/v0.0.0-202310021820
17-d307bd883b97.info:
 200 OK (0.082s)
#19 1.137 # get https
://proxy.golang.org/g
olang.org/x/sync/@v/v
0.4.0.info
#19 1.159 # get https
://proxy.golang.org/g
ithub.com/jackc/pgser
vicefile/@v/v0.0.0-20
221227161230-091c0ba3
4f0a.info: 200 OK 
(0.044s)
#19 1.160 # get https
://proxy.golang.org/g
olang.org/x/text/@v/v
0.14.0.info: 200 OK 
(0.041s)
#19 1.164 # get https
://proxy.golang.org/g
olang.org/x/crypto/@v
/v0.16.0.info
#19 1.177 # get https
://proxy.golang.org/g
olang.org/x/sync/@v/v
0.4.0.info: 200 OK 
(0.040s)
#19 1.243 # get https
://proxy.golang.org/g
olang.org/x/crypto/@v
/v0.16.0.info: 200 
OK (0.080s)
#19 1.282 
crypto/internal/alias
#19 1.282 mkdir -p 
$WORK/b055/
#19 1.286 
crypto/subtle
#19 1.286 mkdir -p 
$WORK/b056/
#19 1.286 crypto/inte
rnal/boring/sig
#19 1.288 cat >/tmp/g
o-build4077850697/b05
5/importcfg << 'EOF' 
# internal
#19 1.288 # import 
config
#19 1.288 EOF
#19 1.288 cd 
/app/backend
#19 1.288 /usr/local/
go/pkg/tool/linux_amd
64/compile -o 
$WORK/b055/_pkg_.a 
-trimpath 
"$WORK/b055=>" -p cry
pto/internal/alias 
-std -complete 
-buildid _4ts4P74KmSk
8DprBVNy/_4ts4P74KmSk
8DprBVNy -goversion 
go1.21.13 -c=4 
-nolocalimports 
-importcfg 
$WORK/b055/importcfg 
-pack /usr/local/go/s
rc/crypto/internal/al
ias/alias.go
#19 1.288 mkdir -p 
$WORK/b058/
#19 1.288 
container/list
#19 1.288 mkdir -p 
$WORK/b066/
#19 1.289 cat >/tmp/g
o-build4077850697/b05
6/go_asm.h << 'EOF' 
# internal
#19 1.289 EOF
#19 1.289 cd /usr/loc
al/go/src/crypto/subt
le
#19 1.289 /usr/local/
go/pkg/tool/linux_amd
64/asm -p 
crypto/subtle 
-trimpath 
"$WORK/b056=>" -I 
$WORK/b056/ -I /usr/l
ocal/go/pkg/include 
-D GOOS_linux -D 
GOARCH_amd64 -D 
GOAMD64_v1 
-gensymabis -o 
$WORK/b056/symabis 
./xor_amd64.s
#19 1.291 vendor/gola
ng.org/x/crypto/crypt
obyte/asn1
#19 1.291 cat >/tmp/g
o-build4077850697/b05
8/go_asm.h << 'EOF' 
# internal
#19 1.291 EOF
#19 1.295 mkdir -p 
$WORK/b092/
#19 1.295 cd /usr/loc
al/go/src/crypto/inte
rnal/boring/sig
#19 1.295 /usr/local/
go/pkg/tool/linux_amd
64/asm -p crypto/inte
rnal/boring/sig 
-trimpath 
"$WORK/b058=>" -I 
$WORK/b058/ -I /usr/l
ocal/go/pkg/include 
-D GOOS_linux -D 
GOARCH_amd64 -D 
GOAMD64_v1 
-gensymabis -o 
$WORK/b058/symabis 
./sig_amd64.s
#19 1.296 vendor/gola
ng.org/x/crypto/inter
nal/alias
#19 1.296 mkdir -p 
$WORK/b113/
#19 1.301 cat >/tmp/g
o-build4077850697/b05
8/importcfg << 'EOF' 
# internal
#19 1.301 # import 
config
#19 1.301 EOF
#19 1.301 cd 
/app/backend
#19 1.301 /usr/local/
go/pkg/tool/linux_amd
64/compile -o 
$WORK/b058/_pkg_.a 
-trimpath 
"$WORK/b058=>" -p cry
pto/internal/boring/s
ig -std -buildid 8Je5
dcWrtB4_l6PMSO7-/8Je5
dcWrtB4_l6PMSO7- 
-goversion go1.21.13 
-symabis 
$WORK/b058/symabis 
-c=4 -nolocalimports 
-importcfg 
$WORK/b058/importcfg 
-pack -asmhdr 
$WORK/b058/go_asm.h /
usr/local/go/src/cryp
to/internal/boring/si
g/sig.go
#19 1.303 cat >/tmp/g
o-build4077850697/b11
3/importcfg << 'EOF' 
# internal
#19 1.303 # import 
config
#19 1.303 EOF
#19 1.303 /usr/local/
go/pkg/tool/linux_amd
64/compile -o 
$WORK/b113/_pkg_.a 
-trimpath 
"$WORK/b113=>" -p ven
dor/golang.org/x/cryp
to/internal/alias 
-std -complete 
-buildid 2VEZpwSvhWLX
XfPzM733/2VEZpwSvhWLX
XfPzM733 -goversion 
go1.21.13 -c=4 
-nolocalimports 
-importcfg 
$WORK/b113/importcfg 
-pack /usr/local/go/s
rc/vendor/golang.org/
x/crypto/internal/ali
as/alias.go
#19 1.303 
internal/nettrace
#19 1.303 mkdir -p 
$WORK/b105/
#19 1.303 cat >/tmp/g
o-build4077850697/b05
6/importcfg << 'EOF' 
# internal
#19 1.303 # import 
config
#19 1.303 EOF
#19 1.304 /usr/local/
go/pkg/tool/linux_amd
64/compile -o 
$WORK/b056/_pkg_.a 
-trimpath 
"$WORK/b056=>" -p 
crypto/subtle -std 
-buildid bL3qcNJJJN51
K15QsCIe/bL3qcNJJJN51
K15QsCIe -goversion 
go1.21.13 -symabis 
$WORK/b056/symabis 
-c=4 -nolocalimports 
-importcfg 
$WORK/b056/importcfg 
-pack -asmhdr 
$WORK/b056/go_asm.h /
usr/local/go/src/cryp
to/subtle/constant_ti
me.go /usr/local/go/s
rc/crypto/subtle/xor.
go /usr/local/go/src/
crypto/subtle/xor_amd
64.go
#19 1.305 cat >/tmp/g
o-build4077850697/b09
2/importcfg << 'EOF' 
# internal
#19 1.305 # import 
config
#19 1.305 EOF
#19 1.305 /usr/local/
go/pkg/tool/linux_amd
64/compile -o 
$WORK/b092/_pkg_.a 
-trimpath 
"$WORK/b092=>" -p ven
dor/golang.org/x/cryp
to/cryptobyte/asn1 
-std -complete 
-buildid lsbPo7kyeQPJ
PZps1sQK/lsbPo7kyeQPJ
PZps1sQK -goversion 
go1.21.13 -c=4 
-nolocalimports 
-importcfg 
$WORK/b092/importcfg 
-pack /usr/local/go/s
rc/vendor/golang.org/
x/crypto/cryptobyte/a
sn1/asn1.go
#19 1.306 cat >/tmp/g
o-build4077850697/b06
6/importcfg << 'EOF' 
# internal
#19 1.306 # import 
config
#19 1.306 EOF
#19 1.306 /usr/local/
go/pkg/tool/linux_amd
64/compile -o 
$WORK/b066/_pkg_.a 
-trimpath 
"$WORK/b066=>" -p 
container/list -std 
-complete -buildid i1
3vQockeFdTQsMd1FxX/i1
3vQockeFdTQsMd1FxX 
-goversion go1.21.13 
-c=4 -nolocalimports 
-importcfg 
$WORK/b066/importcfg 
-pack /usr/local/go/s
rc/container/list/lis
t.go
#19 1.320 cat >/tmp/g
o-build4077850697/b10
5/importcfg << 'EOF' 
# internal
#19 1.320 # import 
config
#19 1.320 EOF
#19 1.321 /usr/local/
go/pkg/tool/linux_amd
64/compile -o 
$WORK/b105/_pkg_.a 
-trimpath 
"$WORK/b105=>" -p 
internal/nettrace 
-std -complete 
-buildid CiovvEpCqeTp
MuYsn72a/CiovvEpCqeTp
MuYsn72a -goversion 
go1.21.13 -c=4 
-nolocalimports 
-importcfg 
$WORK/b105/importcfg 
-pack /usr/local/go/s
rc/internal/nettrace/
nettrace.go
#19 1.322 cd /usr/loc
al/go/src/crypto/inte
rnal/boring/sig
#19 1.322 /usr/local/
go/pkg/tool/linux_amd
64/asm -p crypto/inte
rnal/boring/sig 
-trimpath 
"$WORK/b058=>" -I 
$WORK/b058/ -I /usr/l
ocal/go/pkg/include 
-D GOOS_linux -D 
GOARCH_amd64 -D 
GOAMD64_v1 -o $WORK/b
058/sig_amd64.o 
./sig_amd64.s
#19 1.323 /usr/local/
go/pkg/tool/linux_amd
64/buildid -w 
$WORK/b113/_pkg_.a # 
internal
#19 1.330 context
#19 1.330 mkdir -p 
$WORK/b002/
#19 1.332 cp 
$WORK/b113/_pkg_.a /r
oot/.cache/go-build/5
a/5a8fd610fcaaea397ae
247309bbb210baee9ecf8
8368c211e494dfe50ebe0
947-d # internal
#19 1.333 /usr/local/
go/pkg/tool/linux_amd
64/buildid -w 
$WORK/b055/_pkg_.a # 
internal
#19 1.339 /usr/local/
go/pkg/tool/linux_amd
64/pack r 
$WORK/b058/_pkg_.a $W
ORK/b058/sig_amd64.o 
# internal
#19 1.340 /usr/local/
go/pkg/tool/linux_amd
64/buildid -w 
$WORK/b058/_pkg_.a # 
internal
#19 1.344 cat >/tmp/g
o-build4077850697/b00
2/importcfg << 'EOF' 
# internal
#19 1.344 # import 
config
#19 1.344 
packagefile errors=/r
oot/.cache/go-build/c
c/cc538db122216e44576
167ce460078986584b0ef
8e945f95ba196f2ccc1e3
751-d
#19 1.344 
packagefile internal/
reflectlite=/root/.ca
che/go-build/84/849dd
1b6c686ae5afdfd81d8ac
080a507a2df3e369f0b20
ee086b382cdd0caaf-d
#19 1.344 
packagefile sync=/roo
t/.cache/go-build/4c/
4c6482b01e9753a401b5c
d5c9c47361a61ab8cef0b
4d6159ff0f0ffb119213f
7-d
#19 1.344 
packagefile sync/atom
ic=/root/.cache/go-bu
ild/5c/5c613f23c43dbb
b8db154f810343deece99
a58007c2c3824ed73bae8
64bc9b9d-d
#19 1.344 
packagefile time=/roo
t/.cache/go-build/4e/
4e73c8606deed2138edca
3302af2287f9f43cefd6d
141d85ab675d2b3f4052e
c-d
#19 1.344 EOF
#19 1.344 cd /usr/loc
al/go/src/crypto/subt
le
#19 1.344 /usr/local/
go/pkg/tool/linux_amd
64/asm -p 
crypto/subtle 
-trimpath 
"$WORK/b056=>" -I 
$WORK/b056/ -I /usr/l
ocal/go/pkg/include 
-D GOOS_linux -D 
GOARCH_amd64 -D 
GOAMD64_v1 -o $WORK/b
056/xor_amd64.o 
./xor_amd64.s
#19 1.344 cd 
/app/backend
#19 1.344 /usr/local/
go/pkg/tool/linux_amd
64/compile -o 
$WORK/b002/_pkg_.a 
-trimpath 
"$WORK/b002=>" -p 
context -std 
-complete -buildid Us
ubIFGeDr3iDZbxHiB1/Us
ubIFGeDr3iDZbxHiB1 
-goversion go1.21.13 
-c=4 -nolocalimports 
-importcfg 
$WORK/b002/importcfg 
-pack /usr/local/go/s
rc/context/context.go
#19 1.353 cp 
$WORK/b058/_pkg_.a /r
oot/.cache/go-build/1
5/1594c5fc6402320b816
f236a380f747c16841447
5be9bfec91ff6d06b7655
47f-d # internal
#19 1.356 /usr/local/
go/pkg/tool/linux_amd
64/buildid -w 
$WORK/b105/_pkg_.a # 
internal
#19 1.359 /usr/local/
go/pkg/tool/linux_amd
64/buildid -w 
$WORK/b092/_pkg_.a # 
internal
#19 1.360 crypto
#19 1.360 mkdir -p 
$WORK/b051/
#19 1.365 cp 
$WORK/b055/_pkg_.a /r
oot/.cache/go-build/2
a/2aafb5aa3d30df73ca4
51a71a4602ca158f772f2
4bfeeda4673f47d085709
397-d # internal
#19 1.375 cd /usr/loc
al/go/src/crypto/subt
le
#19 1.375 /usr/local/
go/pkg/tool/linux_amd
64/pack r 
$WORK/b056/_pkg_.a $W
ORK/b056/xor_amd64.o 
# internal
#19 1.375 github.com/
jackc/pgx/v5/internal
/anynil
#19 1.375 mkdir -p 
$WORK/b062/
#19 1.375 /usr/local/
go/pkg/tool/linux_amd
64/buildid -w 
$WORK/b056/_pkg_.a # 
internal
#19 1.375 cp 
$WORK/b056/_pkg_.a /r
oot/.cache/go-build/2
5/2516a1d9045945a8be2
b92c998c8ca4a3ada5646
e87de49d6404e1807a93b
076-d # internal
#19 1.375 
crypto/cipher
#19 1.375 mkdir -p 
$WORK/b054/
#19 1.375 cp 
$WORK/b092/_pkg_.a /r
oot/.cache/go-build/1
5/1504a24ce342e6b53fa
5c988d2cddc30ca4d4fbd
cde8ca2c4bcb491a70dbe
232-d # internal
#19 1.375 cat >/tmp/g
o-build4077850697/b06
2/importcfg << 'EOF' 
# internal
#19 1.375 # import 
config
#19 1.375 
packagefile reflect=/
root/.cache/go-build/
16/16f37704a24996a774
deef9cd97d1a44607e2c1
7a34adf3ad677cff602c2
fa16-d
#19 1.375 EOF
#19 1.375 cd 
/app/backend
#19 1.375 /usr/local/
go/pkg/tool/linux_amd
64/compile -o 
$WORK/b062/_pkg_.a 
-trimpath 
"$WORK/b062=>" -p git
hub.com/jackc/pgx/v5/
internal/anynil 
-lang=go1.19 
-complete -buildid RH
KYDxh_1hi02mtwQQ7o/RH
KYDxh_1hi02mtwQQ7o 
-goversion go1.21.13 
-c=4 -nolocalimports 
-importcfg 
$WORK/b062/importcfg 
-pack /go/pkg/mod/git
hub.com/jackc/pgx/v5@
v5.5.0/internal/anyni
l/anynil.go
#19 1.375 
encoding/hex
#19 1.375 mkdir -p 
$WORK/b060/
#19 1.375 github.com/
jackc/pgx/v5/internal
/pgio
#19 1.375 mkdir -p 
$WORK/b063/
#19 1.380 cat >/tmp/g
o-build4077850697/b05
1/importcfg << 'EOF' 
# internal
#19 1.380 # import 
config
#19 1.380 
packagefile hash=/roo
t/.cache/go-build/f9/
f9299f5e852c68cdf9886
1fb5877f135f69843b923
7bbf431f6cd7fc80cb0be
1-d
#19 1.380 
packagefile io=/root/
.cache/go-build/3f/3f
759ea3eb56d9d846e0439
5d9dc289bca8f7cfe11f7
7ec63b71910085c89dc3-
d
#19 1.380 
packagefile strconv=/
root/.cache/go-build/
58/58fde322ad123df338
e244ef907f3389ac723cf
56495542c8fa011a9be08
c3b5-d
#19 1.380 EOF
#19 1.380 /usr/local/
go/pkg/tool/linux_amd
64/compile -o 
$WORK/b051/_pkg_.a 
-trimpath 
"$WORK/b051=>" -p 
crypto -std 
-complete -buildid 7C
QGjHsfP0VMPrsyeaVf/7C
QGjHsfP0VMPrsyeaVf 
-goversion go1.21.13 
-c=4 -nolocalimports 
-importcfg 
$WORK/b051/importcfg 
-pack /usr/local/go/s
rc/crypto/crypto.go
#19 1.380 cp 
$WORK/b105/_pkg_.a /r
oot/.cache/go-build/e
4/e442bf3db0ee6423296
2ef8563b68b3ab9eebff0
c1d6ce428617b0899be46
7bf-d # internal
#19 1.380 crypto/inte
rnal/randutil
#19 1.380 mkdir -p 
$WORK/b071/
#19 1.382 cat >/tmp/g
o-build4077850697/b05
4/importcfg << 'EOF' 
# internal
#19 1.382 # import 
config
#19 1.382 
packagefile bytes=/ro
ot/.cache/go-build/26
/26bfdb65b0b94b3a2bdc
e9e4b8bc696e55851d329
688735148e2f1ede7b0cf
7a-d
#19 1.382 
packagefile crypto/in
ternal/alias=/tmp/go-
build4077850697/b055/
_pkg_.a
#19 1.382 
packagefile crypto/su
btle=/tmp/go-build407
7850697/b056/_pkg_.a
#19 1.382 
packagefile encoding/
binary=/root/.cache/g
o-build/60/60ee0c1856
a489c23506aab75becee4
a0c32342fd3865aa463f6
af25ea3c69f8-d
#19 1.382 
packagefile errors=/r
oot/.cache/go-build/c
c/cc538db122216e44576
167ce460078986584b0ef
8e945f95ba196f2ccc1e3
751-d
#19 1.382 
packagefile io=/root/
.cache/go-build/3f/3f
759ea3eb56d9d846e0439
5d9dc289bca8f7cfe11f7
7ec63b71910085c89dc3-
d
#19 1.382 EOF
#19 1.382 /usr/local/
go/pkg/tool/linux_amd
64/buildid -w 
$WORK/b066/_pkg_.a # 
internal
#19 1.384 /usr/local/
go/pkg/tool/linux_amd
64/compile -o 
$WORK/b054/_pkg_.a 
-trimpath 
"$WORK/b054=>" -p 
crypto/cipher -std 
-complete -buildid cp
O39cg9_wI0HX_N9cWX/cp
O39cg9_wI0HX_N9cWX 
-goversion go1.21.13 
-c=4 -nolocalimports 
-importcfg 
$WORK/b054/importcfg 
-pack /usr/local/go/s
rc/crypto/cipher/cbc.
go /usr/local/go/src/
crypto/cipher/cfb.go 
/usr/local/go/src/cry
pto/cipher/cipher.go 
/usr/local/go/src/cry
pto/cipher/ctr.go /us
r/local/go/src/crypto
/cipher/gcm.go /usr/l
ocal/go/src/crypto/ci
pher/io.go /usr/local
/go/src/crypto/cipher
/ofb.go
#19 1.385 cat >/tmp/g
o-build4077850697/b06
0/importcfg << 'EOF' 
# internal
#19 1.385 # import 
config
#19 1.385 
packagefile errors=/r
oot/.cache/go-build/c
c/cc538db122216e44576
167ce460078986584b0ef
8e945f95ba196f2ccc1e3
751-d
#19 1.385 
packagefile fmt=/root
/.cache/go-build/8d/8
d2bdd2fb8d4c3cfa10b37
9579d427d3fa724e4660a
984a3b121b2d6bb7bf576
-d
#19 1.385 
packagefile io=/root/
.cache/go-build/3f/3f
759ea3eb56d9d846e0439
5d9dc289bca8f7cfe11f7
7ec63b71910085c89dc3-
d
#19 1.385 
packagefile strings=/
root/.cache/go-build/
bd/bd2b3ffec179fa0086
9c215b39dc97456ad6ec1
7c28e28cbfd770fe90393
d84a-d
#19 1.385 EOF
#19 1.388 /usr/local/
go/pkg/tool/linux_amd
64/compile -o 
$WORK/b060/_pkg_.a 
-trimpath 
"$WORK/b060=>" -p 
encoding/hex -std 
-complete -buildid qO
KWgfid7DcK-Y2Yihiv/qO
KWgfid7DcK-Y2Yihiv 
-goversion go1.21.13 
-c=4 -nolocalimports 
-importcfg 
$WORK/b060/importcfg 
-pack /usr/local/go/s
rc/encoding/hex/hex.g
o
#19 1.392 cat >/tmp/g
o-build4077850697/b07
1/importcfg << 'EOF' 
# internal
#19 1.392 # import 
config
#19 1.392 
packagefile io=/root/
.cache/go-build/3f/3f
759ea3eb56d9d846e0439
5d9dc289bca8f7cfe11f7
7ec63b71910085c89dc3-
d
#19 1.392 
packagefile sync=/roo
t/.cache/go-build/4c/
4c6482b01e9753a401b5c
d5c9c47361a61ab8cef0b
4d6159ff0f0ffb119213f
7-d
#19 1.392 EOF
#19 1.392 /usr/local/
go/pkg/tool/linux_amd
64/compile -o 
$WORK/b071/_pkg_.a 
-trimpath 
"$WORK/b071=>" -p cry
pto/internal/randutil
 -std -complete 
-buildid J6l90gqJ45zw
4Sl7LnuK/J6l90gqJ45zw
4Sl7LnuK -goversion 
go1.21.13 -c=4 
-nolocalimports 
-importcfg 
$WORK/b071/importcfg 
-pack /usr/local/go/s
rc/crypto/internal/ra
ndutil/randutil.go
#19 1.392 cat >/tmp/g
o-build4077850697/b06
3/importcfg << 'EOF' 
# internal
#19 1.392 # import 
config
#19 1.392 
packagefile encoding/
binary=/root/.cache/g
o-build/60/60ee0c1856
a489c23506aab75becee4
a0c32342fd3865aa463f6
af25ea3c69f8-d
#19 1.392 EOF
#19 1.396 /usr/local/
go/pkg/tool/linux_amd
64/compile -o 
$WORK/b063/_pkg_.a 
-trimpath 
"$WORK/b063=>" -p git
hub.com/jackc/pgx/v5/
internal/pgio 
-lang=go1.19 
-complete -buildid Sq
R6L8dLtlkthoBKHxCw/Sq
R6L8dLtlkthoBKHxCw 
-goversion go1.21.13 
-c=4 -nolocalimports 
-importcfg 
$WORK/b063/importcfg 
-pack /go/pkg/mod/git
hub.com/jackc/pgx/v5@
v5.5.0/internal/pgio/
doc.go /go/pkg/mod/gi
thub.com/jackc/pgx/v5
@v5.5.0/internal/pgio
/write.go
#19 1.406 cp 
$WORK/b066/_pkg_.a /r
oot/.cache/go-build/d
8/d83839a00ba65691284
f9216eb00413158d3e9ac
d6b484066c6352b2e13a5
cdf-d # internal
#19 1.426 crypto/inte
rnal/edwards25519/fie
ld
#19 1.426 mkdir -p 
$WORK/b080/
#19 1.427 /usr/local/
go/pkg/tool/linux_amd
64/buildid -w 
$WORK/b062/_pkg_.a # 
internal
#19 1.433 /usr/local/
go/pkg/tool/linux_amd
64/buildid -w 
$WORK/b071/_pkg_.a # 
internal
#19 1.437 cat >/tmp/g
o-build4077850697/b08
0/go_asm.h << 'EOF' 
# internal
#19 1.437 EOF
#19 1.438 cd /usr/loc
al/go/src/crypto/inte
rnal/edwards25519/fie
ld
#19 1.438 /usr/local/
go/pkg/tool/linux_amd
64/asm -p crypto/inte
rnal/edwards25519/fie
ld -trimpath 
"$WORK/b080=>" -I 
$WORK/b080/ -I /usr/l
ocal/go/pkg/include 
-D GOOS_linux -D 
GOARCH_amd64 -D 
GOAMD64_v1 
-gensymabis -o 
$WORK/b080/symabis 
./fe_amd64.s
#19 1.444 /usr/local/
go/pkg/tool/linux_amd
64/buildid -w 
$WORK/b051/_pkg_.a # 
internal
#19 1.449 cp 
$WORK/b062/_pkg_.a /r
oot/.cache/go-build/0
7/07ecae7fd38205fe5d0
0343885a9ed5956c2e80f
af410a4ec9a00a76f6861
685-d # internal
#19 1.455 /usr/local/
go/pkg/tool/linux_amd
64/buildid -w 
$WORK/b063/_pkg_.a # 
internal
#19 1.455 cp 
$WORK/b071/_pkg_.a /r
oot/.cache/go-build/8
6/864e0cd3e1c0cb626fc
86512a0e45b4af51bc15f
51b16d42425b1eea75f4a
752-d # internal
#19 1.459 cp 
$WORK/b051/_pkg_.a /r
oot/.cache/go-build/e
4/e4d0db3352d991c519e
8d98c4e763162207a34a4
7f21f074c2b2a6f396309
b0b-d # internal
#19 1.460 embed
#19 1.460 mkdir -p 
$WORK/b083/
#19 1.461 crypto/md5
#19 1.462 mkdir -p 
$WORK/b069/
#19 1.466 cp 
$WORK/b063/_pkg_.a /r
oot/.cache/go-build/f
5/f5a80cf3294d067cb42
fe4890a8902656c125290
4d30737912f9ddcd277ed
e26-d # internal
#19 1.470 crypto/inte
rnal/bigmod
#19 1.470 mkdir -p 
$WORK/b086/
#19 1.471 cat >/tmp/g
o-build4077850697/b08
3/importcfg << 'EOF' 
# internal
#19 1.471 # import 
config
#19 1.471 
packagefile errors=/r
oot/.cache/go-build/c
c/cc538db122216e44576
167ce460078986584b0ef
8e945f95ba196f2ccc1e3
751-d
#19 1.471 
packagefile io=/root/
.cache/go-build/3f/3f
759ea3eb56d9d846e0439
5d9dc289bca8f7cfe11f7
7ec63b71910085c89dc3-
d
#19 1.471 
packagefile io/fs=/ro
ot/.cache/go-build/f1
/f1b2f94d4f1c86707558
b8b2ec2b5afceb843f066
df0a475502965262d9dd3
07-d
#19 1.471 
packagefile time=/roo
t/.cache/go-build/4e/
4e73c8606deed2138edca
3302af2287f9f43cefd6d
141d85ab675d2b3f4052e
c-d
#19 1.471 EOF
#19 1.471 cd 
/app/backend
#19 1.471 /usr/local/
go/pkg/tool/linux_amd
64/compile -o 
$WORK/b083/_pkg_.a 
-trimpath 
"$WORK/b083=>" -p 
embed -std -complete 
-buildid X6VMt7ugZcp4
hzqtZzAY/X6VMt7ugZcp4
hzqtZzAY -goversion 
go1.21.13 -c=4 
-nolocalimports 
-importcfg 
$WORK/b083/importcfg 
-pack /usr/local/go/s
rc/embed/embed.go
#19 1.472 cat >/tmp/g
o-build4077850697/b08
0/importcfg << 'EOF' 
# internal
#19 1.472 # import 
config
#19 1.472 
packagefile crypto/su
btle=/tmp/go-build407
7850697/b056/_pkg_.a
#19 1.472 
packagefile encoding/
binary=/root/.cache/g
o-build/60/60ee0c1856
a489c23506aab75becee4
a0c32342fd3865aa463f6
af25ea3c69f8-d
#19 1.472 
packagefile errors=/r
oot/.cache/go-build/c
c/cc538db122216e44576
167ce460078986584b0ef
8e945f95ba196f2ccc1e3
751-d
#19 1.472 
packagefile math/bits
=/root/.cache/go-buil
d/3d/3d8e372dde88f554
f59147ec97a2c135b2971
03eef9e14b1868ffbcb3e
065db5-d
#19 1.472 EOF
#19 1.472 cat >/tmp/g
o-build4077850697/b06
9/go_asm.h << 'EOF' 
# internal
#19 1.472 EOF
#19 1.472 cd /usr/loc
al/go/src/crypto/md5
#19 1.472 /usr/local/
go/pkg/tool/linux_amd
64/asm -p crypto/md5 
-trimpath 
"$WORK/b069=>" -I 
$WORK/b069/ -I /usr/l
ocal/go/pkg/include 
-D GOOS_linux -D 
GOARCH_amd64 -D 
GOAMD64_v1 
-gensymabis -o 
$WORK/b069/symabis 
./md5block_amd64.s
#19 1.473 cd 
/app/backend
#19 1.473 /usr/local/
go/pkg/tool/linux_amd
64/compile -o 
$WORK/b080/_pkg_.a 
-trimpath 
"$WORK/b080=>" -p cry
pto/internal/edwards2
5519/field -std 
-buildid 08_-kY2KXWIm
36vKht-D/08_-kY2KXWIm
36vKht-D -goversion 
go1.21.13 -symabis 
$WORK/b080/symabis 
-c=4 -nolocalimports 
-importcfg 
$WORK/b080/importcfg 
-pack -asmhdr 
$WORK/b080/go_asm.h /
usr/local/go/src/cryp
to/internal/edwards25
519/field/fe.go /usr/
local/go/src/crypto/i
nternal/edwards25519/
field/fe_amd64.go /us
r/local/go/src/crypto
/internal/edwards2551
9/field/fe_arm64_noas
m.go /usr/local/go/sr
c/crypto/internal/edw
ards25519/field/fe_ge
neric.go
#19 1.477 cat >/tmp/g
o-build4077850697/b08
6/go_asm.h << 'EOF' 
# internal
#19 1.477 EOF
#19 1.479 crypto/inte
rnal/nistec/fiat
#19 1.479 mkdir -p 
$WORK/b082/
#19 1.482 cd /usr/loc
al/go/src/crypto/inte
rnal/bigmod
#19 1.482 /usr/local/
go/pkg/tool/linux_amd
64/asm -p crypto/inte
rnal/bigmod 
-trimpath 
"$WORK/b086=>" -I 
$WORK/b086/ -I /usr/l
ocal/go/pkg/include 
-D GOOS_linux -D 
GOARCH_amd64 -D 
GOAMD64_v1 
-gensymabis -o 
$WORK/b086/symabis 
./nat_amd64.s
#19 1.486 cat >/tmp/g
o-build4077850697/b08
2/importcfg << 'EOF' 
# internal
#19 1.486 # import 
config
#19 1.486 
packagefile crypto/su
btle=/tmp/go-build407
7850697/b056/_pkg_.a
#19 1.486 
packagefile errors=/r
oot/.cache/go-build/c
c/cc538db122216e44576
167ce460078986584b0ef
8e945f95ba196f2ccc1e3
751-d
#19 1.486 
packagefile math/bits
=/root/.cache/go-buil
d/3d/3d8e372dde88f554
f59147ec97a2c135b2971
03eef9e14b1868ffbcb3e
065db5-d
#19 1.486 EOF
#19 1.488 cd 
/app/backend
#19 1.488 /usr/local/
go/pkg/tool/linux_amd
64/compile -o 
$WORK/b082/_pkg_.a 
-trimpath 
"$WORK/b082=>" -p cry
pto/internal/nistec/f
iat -std -complete 
-buildid kRBJczYXdMvR
zumw6glP/kRBJczYXdMvR
zumw6glP -goversion 
go1.21.13 -c=4 
-nolocalimports 
-importcfg 
$WORK/b082/importcfg 
-pack /usr/local/go/s
rc/crypto/internal/ni
stec/fiat/p224.go /us
r/local/go/src/crypto
/internal/nistec/fiat
/p224_fiat64.go /usr/
local/go/src/crypto/i
nternal/nistec/fiat/p
224_invert.go /usr/lo
cal/go/src/crypto/int
ernal/nistec/fiat/p25
6.go /usr/local/go/sr
c/crypto/internal/nis
tec/fiat/p256_fiat64.
go /usr/local/go/src/
crypto/internal/niste
c/fiat/p256_invert.go
 /usr/local/go/src/cr
ypto/internal/nistec/
fiat/p384.go /usr/loc
al/go/src/crypto/inte
rnal/nistec/fiat/p384
_fiat64.go /usr/local
/go/src/crypto/intern
al/nistec/fiat/p384_i
nvert.go /usr/local/g
o/src/crypto/internal
/nistec/fiat/p521.go 
/usr/local/go/src/cry
pto/internal/nistec/f
iat/p521_fiat64.go /u
sr/local/go/src/crypt
o/internal/nistec/fia
t/p521_invert.go
#19 1.500 cat >/tmp/g
o-build4077850697/b06
9/importcfg << 'EOF' 
# internal
#19 1.500 # import 
config
#19 1.500 
packagefile crypto=/t
mp/go-build4077850697
/b051/_pkg_.a
#19 1.500 
packagefile encoding/
binary=/root/.cache/g
o-build/60/60ee0c1856
a489c23506aab75becee4
a0c32342fd3865aa463f6
af25ea3c69f8-d
#19 1.500 
packagefile errors=/r
oot/.cache/go-build/c
c/cc538db122216e44576
167ce460078986584b0ef
8e945f95ba196f2ccc1e3
751-d
#19 1.500 
packagefile hash=/roo
t/.cache/go-build/f9/
f9299f5e852c68cdf9886
1fb5877f135f69843b923
7bbf431f6cd7fc80cb0be
1-d
#19 1.500 
packagefile math/bits
=/root/.cache/go-buil
d/3d/3d8e372dde88f554
f59147ec97a2c135b2971
03eef9e14b1868ffbcb3e
065db5-d
#19 1.500 EOF
#19 1.500 /usr/local/
go/pkg/tool/linux_amd
64/compile -o 
$WORK/b069/_pkg_.a 
-trimpath 
"$WORK/b069=>" -p 
crypto/md5 -std 
-buildid Vf2GU3RqLMgU
hBLbRTVB/Vf2GU3RqLMgU
hBLbRTVB -goversion 
go1.21.13 -symabis 
$WORK/b069/symabis 
-c=4 -nolocalimports 
-importcfg 
$WORK/b069/importcfg 
-pack -asmhdr 
$WORK/b069/go_asm.h /
usr/local/go/src/cryp
to/md5/md5.go /usr/lo
cal/go/src/crypto/md5
/md5block.go /usr/loc
al/go/src/crypto/md5/
md5block_decl.go
#19 1.503 cat >/tmp/g
o-build4077850697/b08
6/importcfg << 'EOF' 
# internal
#19 1.503 # import 
config
#19 1.503 
packagefile encoding/
binary=/root/.cache/g
o-build/60/60ee0c1856
a489c23506aab75becee4
a0c32342fd3865aa463f6
af25ea3c69f8-d
#19 1.503 
packagefile errors=/r
oot/.cache/go-build/c
c/cc538db122216e44576
167ce460078986584b0ef
8e945f95ba196f2ccc1e3
751-d
#19 1.503 
packagefile internal/
cpu=/root/.cache/go-b
uild/57/579d36b7e452a
f1f50e915b216994cceb3
e12055e21a4cf34af9a1a
ad8540488-d
#19 1.503 
packagefile math/big=
/root/.cache/go-build
/37/37ba78829cecac0da
dfe8245705f99ab8aecad
ca870571f7ccb9b76f531
31660-d
#19 1.503 
packagefile math/bits
=/root/.cache/go-buil
d/3d/3d8e372dde88f554
f59147ec97a2c135b2971
03eef9e14b1868ffbcb3e
065db5-d
#19 1.503 EOF
#19 1.509 /usr/local/
go/pkg/tool/linux_amd
64/compile -o 
$WORK/b086/_pkg_.a 
-trimpath 
"$WORK/b086=>" -p cry
pto/internal/bigmod 
-std -buildid V9kdSsn
1mpHw7PZKwAg3/V9kdSsn
1mpHw7PZKwAg3 
-goversion go1.21.13 
-symabis 
$WORK/b086/symabis 
-c=4 -nolocalimports 
-importcfg 
$WORK/b086/importcfg 
-pack -asmhdr 
$WORK/b086/go_asm.h /
usr/local/go/src/cryp
to/internal/bigmod/na
t.go /usr/local/go/sr
c/crypto/internal/big
mod/nat_asm.go
#19 1.529 /usr/local/
go/pkg/tool/linux_amd
64/buildid -w 
$WORK/b060/_pkg_.a # 
internal
#19 1.539 cp 
$WORK/b060/_pkg_.a /r
oot/.cache/go-build/1
5/1570835864ebcd9522a
226ff5303ad3c4df946cb
60aa70acf309eba0920a6
771-d # internal
#19 1.539 github.com/
jackc/pgx/v5/internal
/sanitize
#19 1.539 mkdir -p 
$WORK/b064/
#19 1.546 cat >/tmp/g
o-build4077850697/b06
4/importcfg << 'EOF' 
# internal
#19 1.546 # import 
config
#19 1.546 
packagefile bytes=/ro
ot/.cache/go-build/26
/26bfdb65b0b94b3a2bdc
e9e4b8bc696e55851d329
688735148e2f1ede7b0cf
7a-d
#19 1.546 
packagefile encoding/
hex=/tmp/go-build4077
850697/b060/_pkg_.a
#19 1.546 
packagefile fmt=/root
/.cache/go-build/8d/8
d2bdd2fb8d4c3cfa10b37
9579d427d3fa724e4660a
984a3b121b2d6bb7bf576
-d
#19 1.546 
packagefile strconv=/
root/.cache/go-build/
58/58fde322ad123df338
e244ef907f3389ac723cf
56495542c8fa011a9be08
c3b5-d
#19 1.546 
packagefile strings=/
root/.cache/go-build/
bd/bd2b3ffec179fa0086
9c215b39dc97456ad6ec1
7c28e28cbfd770fe90393
d84a-d
#19 1.546 
packagefile time=/roo
t/.cache/go-build/4e/
4e73c8606deed2138edca
3302af2287f9f43cefd6d
141d85ab675d2b3f4052e
c-d
#19 1.546 
packagefile unicode/u
tf8=/root/.cache/go-b
uild/9e/9e23eb231cba1
373f4567258c1258bd672
52280d64ad306b694435d
139734a46-d
#19 1.546 EOF
#19 1.548 /usr/local/
go/pkg/tool/linux_amd
64/compile -o 
$WORK/b064/_pkg_.a 
-trimpath 
"$WORK/b064=>" -p git
hub.com/jackc/pgx/v5/
internal/sanitize 
-lang=go1.19 
-complete -buildid sh
zM36_ImdRWNq8zmiOR/sh
zM36_ImdRWNq8zmiOR 
-goversion go1.21.13 
-c=4 -nolocalimports 
-importcfg 
$WORK/b064/importcfg 
-pack /go/pkg/mod/git
hub.com/jackc/pgx/v5@
v5.5.0/internal/sanit
ize/sanitize.go
#19 1.599 /usr/local/
go/pkg/tool/linux_amd
64/buildid -w 
$WORK/b083/_pkg_.a # 
internal
#19 1.630 cp 
$WORK/b083/_pkg_.a /r
oot/.cache/go-build/0
e/0e9bbd8605b5358fe7a
1f1fc8a6604a02017a814
25cffe76ac1af5b7fa533
a61-d # internal
#19 1.648 
encoding/asn1
#19 1.648 mkdir -p 
$WORK/b090/
#19 1.669 cat >/tmp/g
o-build4077850697/b09
0/importcfg << 'EOF' 
# internal
#19 1.669 # import 
config
#19 1.669 
packagefile bytes=/ro
ot/.cache/go-build/26
/26bfdb65b0b94b3a2bdc
e9e4b8bc696e55851d329
688735148e2f1ede7b0cf
7a-d
#19 1.669 
packagefile errors=/r
oot/.cache/go-build/c
c/cc538db122216e44576
167ce460078986584b0ef
8e945f95ba196f2ccc1e3
751-d
#19 1.669 
packagefile fmt=/root
/.cache/go-build/8d/8
d2bdd2fb8d4c3cfa10b37
9579d427d3fa724e4660a
984a3b121b2d6bb7bf576
-d
#19 1.669 
packagefile math=/roo
t/.cache/go-build/36/
36ffa25336d289fa39ad0
06705231014aaaaaeafbd
42683e20e660ca55ff061
6-d
#19 1.669 
packagefile math/big=
/root/.cache/go-build
/37/37ba78829cecac0da
dfe8245705f99ab8aecad
ca870571f7ccb9b76f531
31660-d
#19 1.669 
packagefile reflect=/
root/.cache/go-build/
16/16f37704a24996a774
deef9cd97d1a44607e2c1
7a34adf3ad677cff602c2
fa16-d
#19 1.669 
packagefile sort=/roo
t/.cache/go-build/8c/
8c292a4015d12c8dfa15e
cf8a4317ac584bee3989c
3d957a6a78ab6789a029e
e-d
#19 1.669 
packagefile strconv=/
root/.cache/go-build/
58/58fde322ad123df338
e244ef907f3389ac723cf
56495542c8fa011a9be08
c3b5-d
#19 1.669 
packagefile strings=/
root/.cache/go-build/
bd/bd2b3ffec179fa0086
9c215b39dc97456ad6ec1
7c28e28cbfd770fe90393
d84a-d
#19 1.669 
packagefile time=/roo
t/.cache/go-build/4e/
4e73c8606deed2138edca
3302af2287f9f43cefd6d
141d85ab675d2b3f4052e
c-d
#19 1.669 
packagefile unicode/u
tf16=/root/.cache/go-
build/32/32acb1e50de1
7a40b7d7b0223e011b45f
ef9c76d5e371c9e04b153
78e5213338-d
#19 1.669 
packagefile unicode/u
tf8=/root/.cache/go-b
uild/9e/9e23eb231cba1
373f4567258c1258bd672
52280d64ad306b694435d
139734a46-d
#19 1.669 EOF
#19 1.669 /usr/local/
go/pkg/tool/linux_amd
64/compile -o 
$WORK/b090/_pkg_.a 
-trimpath 
"$WORK/b090=>" -p 
encoding/asn1 -std 
-complete -buildid _m
3gEx6oyXmEh3nlYIpx/_m
3gEx6oyXmEh3nlYIpx 
-goversion go1.21.13 
-c=4 -nolocalimports 
-importcfg 
$WORK/b090/importcfg 
-pack /usr/local/go/s
rc/encoding/asn1/asn1
.go /usr/local/go/src
/encoding/asn1/common
.go /usr/local/go/src
/encoding/asn1/marsha
l.go
#19 1.669 cd /usr/loc
al/go/src/crypto/md5
#19 1.669 /usr/local/
go/pkg/tool/linux_amd
64/asm -p crypto/md5 
-trimpath 
"$WORK/b069=>" -I 
$WORK/b069/ -I /usr/l
ocal/go/pkg/include 
-D GOOS_linux -D 
GOARCH_amd64 -D 
GOAMD64_v1 -o $WORK/b
069/md5block_amd64.o 
./md5block_amd64.s
#19 1.675 /usr/local/
go/pkg/tool/linux_amd
64/buildid -w 
$WORK/b002/_pkg_.a # 
internal
#19 1.682 cd /usr/loc
al/go/src/crypto/inte
rnal/edwards25519/fie
ld
#19 1.682 /usr/local/
go/pkg/tool/linux_amd
64/asm -p crypto/inte
rnal/edwards25519/fie
ld -trimpath 
"$WORK/b080=>" -I 
$WORK/b080/ -I /usr/l
ocal/go/pkg/include 
-D GOOS_linux -D 
GOARCH_amd64 -D 
GOAMD64_v1 -o $WORK/b
080/fe_amd64.o 
./fe_amd64.s
#19 1.685 cd /usr/loc
al/go/src/crypto/md5
#19 1.685 /usr/local/
go/pkg/tool/linux_amd
64/pack r 
$WORK/b069/_pkg_.a $W
ORK/b069/md5block_amd
64.o # internal
#19 1.686 /usr/local/
go/pkg/tool/linux_amd
64/buildid -w 
$WORK/b069/_pkg_.a # 
internal
#19 1.687 cp 
$WORK/b002/_pkg_.a /r
oot/.cache/go-build/6
a/6aa9b9be7854a81b6db
35f44e88f66d4843adb3c
cefd1a0db294a81ca04a9
924-d # internal
#19 1.689 
database/sql/driver
#19 1.689 mkdir -p 
$WORK/b059/
#19 1.694 /usr/local/
go/pkg/tool/linux_amd
64/buildid -w 
$WORK/b064/_pkg_.a # 
internal
#19 1.698 cp 
$WORK/b069/_pkg_.a /r
oot/.cache/go-build/7
9/79aabc6a8c2a66f9b2a
a6bbdf2d0f7af7ead5768
9ef67772345a93b8fc811
709-d # internal
#19 1.703 crypto/rc4
#19 1.703 mkdir -p 
$WORK/b095/
#19 1.703 /usr/local/
go/pkg/tool/linux_amd
64/buildid -w 
$WORK/b054/_pkg_.a # 
internal
#19 1.703 cd /usr/loc
al/go/src/crypto/inte
rnal/edwards25519/fie
ld
#19 1.703 /usr/local/
go/pkg/tool/linux_amd
64/pack r 
$WORK/b080/_pkg_.a $W
ORK/b080/fe_amd64.o 
# internal
#19 1.703 /usr/local/
go/pkg/tool/linux_amd
64/buildid -w 
$WORK/b080/_pkg_.a # 
internal
#19 1.706 cp 
$WORK/b064/_pkg_.a /r
oot/.cache/go-build/4
2/42c85bc2a72324484b4
3d45ccd605cc0f5fb5884
03b2bfea927fa76a4b1c6
61d-d # internal
#19 1.720 cp 
$WORK/b080/_pkg_.a /r
oot/.cache/go-build/9
6/9658c99de21791702de
0cf3dacc8f9617fc0cf75
a1fc7ab366a2fe2ee0ce9
f45-d # internal
#19 1.723 crypto/sha1
#19 1.724 mkdir -p 
$WORK/b097/
#19 1.725 cat >/tmp/g
o-build4077850697/b05
9/importcfg << 'EOF' 
# internal
#19 1.725 # import 
config
#19 1.725 
packagefile context=/
tmp/go-build407785069
7/b002/_pkg_.a
#19 1.725 
packagefile errors=/r
oot/.cache/go-build/c
c/cc538db122216e44576
167ce460078986584b0ef
8e945f95ba196f2ccc1e3
751-d
#19 1.725 
packagefile fmt=/root
/.cache/go-build/8d/8
d2bdd2fb8d4c3cfa10b37
9579d427d3fa724e4660a
984a3b121b2d6bb7bf576
-d
#19 1.725 
packagefile reflect=/
root/.cache/go-build/
16/16f37704a24996a774
deef9cd97d1a44607e2c1
7a34adf3ad677cff602c2
fa16-d
#19 1.725 
packagefile strconv=/
root/.cache/go-build/
58/58fde322ad123df338
e244ef907f3389ac723cf
56495542c8fa011a9be08
c3b5-d
#19 1.725 
packagefile time=/roo
t/.cache/go-build/4e/
4e73c8606deed2138edca
3302af2287f9f43cefd6d
141d85ab675d2b3f4052e
c-d
#19 1.725 EOF
#19 1.727 cd 
/app/backend
#19 1.727 /usr/local/
go/pkg/tool/linux_amd
64/compile -o 
$WORK/b059/_pkg_.a 
-trimpath 
"$WORK/b059=>" -p 
database/sql/driver 
-std -complete 
-buildid AXNLuJQ5s3vc
Fjo4p83S/AXNLuJQ5s3vc
Fjo4p83S -goversion 
go1.21.13 -c=4 
-nolocalimports 
-importcfg 
$WORK/b059/importcfg 
-pack /usr/local/go/s
rc/database/sql/drive
r/driver.go /usr/loca
l/go/src/database/sql
/driver/types.go
#19 1.744 crypto/inte
rnal/edwards25519
#19 1.744 mkdir -p 
$WORK/b094/
#19 1.748 cat >/tmp/g
o-build4077850697/b09
5/importcfg << 'EOF' 
# internal
#19 1.748 # import 
config
#19 1.748 
packagefile crypto/in
ternal/alias=/tmp/go-
build4077850697/b055/
_pkg_.a
#19 1.748 
packagefile strconv=/
root/.cache/go-build/
58/58fde322ad123df338
e244ef907f3389ac723cf
56495542c8fa011a9be08
c3b5-d
#19 1.748 EOF
#19 1.749 /usr/local/
go/pkg/tool/linux_amd
64/compile -o 
$WORK/b095/_pkg_.a 
-trimpath 
"$WORK/b095=>" -p 
crypto/rc4 -std 
-complete -buildid mo
aARS1hq88mnk0IaqPV/mo
aARS1hq88mnk0IaqPV 
-goversion go1.21.13 
-c=4 -nolocalimports 
-importcfg 
$WORK/b095/importcfg 
-pack /usr/local/go/s
rc/crypto/rc4/rc4.go
#19 1.752 cp 
$WORK/b054/_pkg_.a /r
oot/.cache/go-build/2
b/2baed01311d0a2369ab
c6ed6e1ee66fc5d2e3a7e
c234f42a8d8e0da1f5cec
2ea-d # internal
#19 1.755 cat >/tmp/g
o-build4077850697/b09
7/go_asm.h << 'EOF' 
# internal
#19 1.755 EOF
#19 1.755 cd /usr/loc
al/go/src/crypto/sha1
#19 1.755 /usr/local/
go/pkg/tool/linux_amd
64/asm -p 
crypto/sha1 
-trimpath 
"$WORK/b097=>" -I 
$WORK/b097/ -I /usr/l
ocal/go/pkg/include 
-D GOOS_linux -D 
GOARCH_amd64 -D 
GOAMD64_v1 
-gensymabis -o 
$WORK/b097/symabis 
./sha1block_amd64.s
#19 1.762 crypto/inte
rnal/boring
#19 1.762 mkdir -p 
$WORK/b053/
#19 1.763 cat >/tmp/g
o-build4077850697/b09
4/importcfg << 'EOF' 
# internal
#19 1.763 # import 
config
#19 1.763 
packagefile crypto/in
ternal/edwards25519/f
ield=/tmp/go-build407
7850697/b080/_pkg_.a
#19 1.763 
packagefile crypto/su
btle=/tmp/go-build407
7850697/b056/_pkg_.a
#19 1.763 
packagefile encoding/
binary=/root/.cache/g
o-build/60/60ee0c1856
a489c23506aab75becee4
a0c32342fd3865aa463f6
af25ea3c69f8-d
#19 1.763 
packagefile errors=/r
oot/.cache/go-build/c
c/cc538db122216e44576
167ce460078986584b0ef
8e945f95ba196f2ccc1e3
751-d
#19 1.763 
packagefile math/bits
=/root/.cache/go-buil
d/3d/3d8e372dde88f554
f59147ec97a2c135b2971
03eef9e14b1868ffbcb3e
065db5-d
#19 1.763 
packagefile sync=/roo
t/.cache/go-build/4c/
4c6482b01e9753a401b5c
d5c9c47361a61ab8cef0b
4d6159ff0f0ffb119213f
7-d
#19 1.763 EOF
#19 1.764 cd 
/app/backend
#19 1.764 /usr/local/
go/pkg/tool/linux_amd
64/compile -o 
$WORK/b094/_pkg_.a 
-trimpath 
"$WORK/b094=>" -p cry
pto/internal/edwards2
5519 -std -complete 
-buildid _xJcknCq2AWy
90pTuY_u/_xJcknCq2AWy
90pTuY_u -goversion 
go1.21.13 -c=4 
-nolocalimports 
-importcfg 
$WORK/b094/importcfg 
-pack /usr/local/go/s
rc/crypto/internal/ed
wards25519/doc.go /us
r/local/go/src/crypto
/internal/edwards2551
9/edwards25519.go /us
r/local/go/src/crypto
/internal/edwards2551
9/scalar.go /usr/loca
l/go/src/crypto/inter
nal/edwards25519/scal
ar_fiat.go /usr/local
/go/src/crypto/intern
al/edwards25519/scala
rmult.go /usr/local/g
o/src/crypto/internal
/edwards25519/tables.
go
#19 1.771 cat >/tmp/g
o-build4077850697/b05
3/importcfg << 'EOF' 
# internal
#19 1.771 # import 
config
#19 1.771 
packagefile crypto=/t
mp/go-build4077850697
/b051/_pkg_.a
#19 1.771 
packagefile crypto/ci
pher=/tmp/go-build407
7850697/b054/_pkg_.a
#19 1.771 
packagefile crypto/in
ternal/boring/sig=/tm
p/go-build4077850697/
b058/_pkg_.a
#19 1.771 
packagefile hash=/roo
t/.cache/go-build/f9/
f9299f5e852c68cdf9886
1fb5877f135f69843b923
7bbf431f6cd7fc80cb0be
1-d
#19 1.771 EOF
#19 1.771 /usr/local/
go/pkg/tool/linux_amd
64/compile -o 
$WORK/b053/_pkg_.a 
-trimpath 
"$WORK/b053=>" -p cry
pto/internal/boring 
-std -complete 
-buildid ncpQAANgmxyz
m4Kwm77Y/ncpQAANgmxyz
m4Kwm77Y -goversion 
go1.21.13 -c=4 
-nolocalimports 
-importcfg 
$WORK/b053/importcfg 
-pack /usr/local/go/s
rc/crypto/internal/bo
ring/doc.go /usr/loca
l/go/src/crypto/inter
nal/boring/notboring.
go
#19 1.779 cd /usr/loc
al/go/src/crypto/inte
rnal/bigmod
#19 1.779 /usr/local/
go/pkg/tool/linux_amd
64/asm -p crypto/inte
rnal/bigmod 
-trimpath 
"$WORK/b086=>" -I 
$WORK/b086/ -I /usr/l
ocal/go/pkg/include 
-D GOOS_linux -D 
GOARCH_amd64 -D 
GOAMD64_v1 -o $WORK/b
086/nat_amd64.o 
./nat_amd64.s
#19 1.793 /usr/local/
go/pkg/tool/linux_amd
64/pack r 
$WORK/b086/_pkg_.a $W
ORK/b086/nat_amd64.o 
# internal
#19 1.793 /usr/local/
go/pkg/tool/linux_amd
64/buildid -w 
$WORK/b086/_pkg_.a # 
internal
#19 1.797 cat >/tmp/g
o-build4077850697/b09
7/importcfg << 'EOF' 
# internal
#19 1.797 # import 
config
#19 1.797 
packagefile crypto=/t
mp/go-build4077850697
/b051/_pkg_.a
#19 1.797 
packagefile encoding/
binary=/root/.cache/g
o-build/60/60ee0c1856
a489c23506aab75becee4
a0c32342fd3865aa463f6
af25ea3c69f8-d
#19 1.797 
packagefile errors=/r
oot/.cache/go-build/c
c/cc538db122216e44576
167ce460078986584b0ef
8e945f95ba196f2ccc1e3
751-d
#19 1.797 
packagefile hash=/roo
t/.cache/go-build/f9/
f9299f5e852c68cdf9886
1fb5877f135f69843b923
7bbf431f6cd7fc80cb0be
1-d
#19 1.797 
packagefile internal/
cpu=/root/.cache/go-b
uild/57/579d36b7e452a
f1f50e915b216994cceb3
e12055e21a4cf34af9a1a
ad8540488-d
#19 1.797 
packagefile math/bits
=/root/.cache/go-buil
d/3d/3d8e372dde88f554
f59147ec97a2c135b2971
03eef9e14b1868ffbcb3e
065db5-d
#19 1.797 EOF
#19 1.797 cd 
/app/backend
#19 1.797 /usr/local/
go/pkg/tool/linux_amd
64/compile -o 
$WORK/b097/_pkg_.a 
-trimpath 
"$WORK/b097=>" -p 
crypto/sha1 -std 
-buildid uySSzJEdUDHZ
sabddBwx/uySSzJEdUDHZ
sabddBwx -goversion 
go1.21.13 -symabis 
$WORK/b097/symabis 
-c=4 -nolocalimports 
-importcfg 
$WORK/b097/importcfg 
-pack -asmhdr 
$WORK/b097/go_asm.h /
usr/local/go/src/cryp
to/sha1/notboring.go 
/usr/local/go/src/cry
pto/sha1/sha1.go /usr
/local/go/src/crypto/
sha1/sha1block.go /us
r/local/go/src/crypto
/sha1/sha1block_amd64
.go
#19 1.809 cp 
$WORK/b086/_pkg_.a /r
oot/.cache/go-build/9
0/90114005b8f00447711
c0cb3f3c2e883b0832b57
f5136c2ed9d7ae90ffd0f
561-d # internal
#19 1.813 /usr/local/
go/pkg/tool/linux_amd
64/buildid -w 
$WORK/b095/_pkg_.a # 
internal
#19 1.816 crypto/des
#19 1.816 mkdir -p 
$WORK/b078/
#19 1.829 cp 
$WORK/b095/_pkg_.a /r
oot/.cache/go-build/d
9/d92466c217bac2875b9
2d0716d451e49e9f0728a
2f55f25eb843637365588
4b4-d # internal
#19 1.829 cat >/tmp/g
o-build4077850697/b07
8/importcfg << 'EOF' 
# internal
#19 1.829 # import 
config
#19 1.829 
packagefile crypto/ci
pher=/tmp/go-build407
7850697/b054/_pkg_.a
#19 1.829 
packagefile crypto/in
ternal/alias=/tmp/go-
build4077850697/b055/
_pkg_.a
#19 1.829 
packagefile encoding/
binary=/root/.cache/g
o-build/60/60ee0c1856
a489c23506aab75becee4
a0c32342fd3865aa463f6
af25ea3c69f8-d
#19 1.829 
packagefile strconv=/
root/.cache/go-build/
58/58fde322ad123df338
e244ef907f3389ac723cf
56495542c8fa011a9be08
c3b5-d
#19 1.829 
packagefile sync=/roo
t/.cache/go-build/4c/
4c6482b01e9753a401b5c
d5c9c47361a61ab8cef0b
4d6159ff0f0ffb119213f
7-d
#19 1.829 EOF
#19 1.829 /usr/local/
go/pkg/tool/linux_amd
64/compile -o 
$WORK/b078/_pkg_.a 
-trimpath 
"$WORK/b078=>" -p 
crypto/des -std 
-complete -buildid mI
ywiGw59Pn3tVJF-_0_/mI
ywiGw59Pn3tVJF-_0_ 
-goversion go1.21.13 
-c=4 -nolocalimports 
-importcfg 
$WORK/b078/importcfg 
-pack /usr/local/go/s
rc/crypto/des/block.g
o /usr/local/go/src/c
rypto/des/cipher.go /
usr/local/go/src/cryp
to/des/const.go
#19 1.829 crypto/dsa
#19 1.829 mkdir -p 
$WORK/b099/
#19 1.834 cat >/tmp/g
o-build4077850697/b09
9/importcfg << 'EOF' 
# internal
#19 1.834 # import 
config
#19 1.834 
packagefile crypto/in
ternal/randutil=/tmp/
go-build4077850697/b0
71/_pkg_.a
#19 1.834 
packagefile errors=/r
oot/.cache/go-build/c
c/cc538db122216e44576
167ce460078986584b0ef
8e945f95ba196f2ccc1e3
751-d
#19 1.834 
packagefile io=/root/
.cache/go-build/3f/3f
759ea3eb56d9d846e0439
5d9dc289bca8f7cfe11f7
7ec63b71910085c89dc3-
d
#19 1.834 
packagefile math/big=
/root/.cache/go-build
/37/37ba78829cecac0da
dfe8245705f99ab8aecad
ca870571f7ccb9b76f531
31660-d
#19 1.834 EOF
#19 1.838 /usr/local/
go/pkg/tool/linux_amd
64/compile -o 
$WORK/b099/_pkg_.a 
-trimpath 
"$WORK/b099=>" -p 
crypto/dsa -std 
-complete -buildid -h
vmVfHSBu2WDtlG-rbx/-h
vmVfHSBu2WDtlG-rbx 
-goversion go1.21.13 
-c=4 -nolocalimports 
-importcfg 
$WORK/b099/importcfg 
-pack /usr/local/go/s
rc/crypto/dsa/dsa.go
#19 1.894 /usr/local/
go/pkg/tool/linux_amd
64/buildid -w 
$WORK/b053/_pkg_.a # 
internal
#19 1.906 cp 
$WORK/b053/_pkg_.a /r
oot/.cache/go-build/c
0/c061c36e3f397f74e77
72ffd8d8d1cb31997ae83
4d46124ccaec40588be4a
2e8-d # internal
#19 1.910 
crypto/sha256
#19 1.913 mkdir -p 
$WORK/b050/
#19 1.918 cat >/tmp/g
o-build4077850697/b05
0/go_asm.h << 'EOF' 
# internal
#19 1.918 EOF
#19 1.920 cd /usr/loc
al/go/src/crypto/sha2
56
#19 1.920 /usr/local/
go/pkg/tool/linux_amd
64/asm -p 
crypto/sha256 
-trimpath 
"$WORK/b050=>" -I 
$WORK/b050/ -I /usr/l
ocal/go/pkg/include 
-D GOOS_linux -D 
GOARCH_amd64 -D 
GOAMD64_v1 
-gensymabis -o 
$WORK/b050/symabis 
./sha256block_amd64.s
#19 1.935 cd /usr/loc
al/go/src/crypto/sha1
#19 1.935 /usr/local/
go/pkg/tool/linux_amd
64/asm -p 
crypto/sha1 
-trimpath 
"$WORK/b097=>" -I 
$WORK/b097/ -I /usr/l
ocal/go/pkg/include 
-D GOOS_linux -D 
GOARCH_amd64 -D 
GOAMD64_v1 -o $WORK/b
097/sha1block_amd64.o
 ./sha1block_amd64.s
#19 1.946 /usr/local/
go/pkg/tool/linux_amd
64/buildid -w 
$WORK/b099/_pkg_.a # 
internal
#19 1.953 cp 
$WORK/b099/_pkg_.a /r
oot/.cache/go-build/3
7/37e9d6302696a8fa433
802915b99028bcde0dbe5
f3af372c05874cf631568
fc8-d # internal
#19 1.954 crypto/hmac
#19 1.954 mkdir -p 
$WORK/b068/
#19 1.968 /usr/local/
go/pkg/tool/linux_amd
64/buildid -w 
$WORK/b059/_pkg_.a # 
internal
#19 1.970 cat >/tmp/g
o-build4077850697/b06
8/importcfg << 'EOF' 
# internal
#19 1.970 # import 
config
#19 1.970 
packagefile crypto/in
ternal/boring=/tmp/go
-build4077850697/b053
/_pkg_.a
#19 1.970 
packagefile crypto/su
btle=/tmp/go-build407
7850697/b056/_pkg_.a
#19 1.970 
packagefile hash=/roo
t/.cache/go-build/f9/
f9299f5e852c68cdf9886
1fb5877f135f69843b923
7bbf431f6cd7fc80cb0be
1-d
#19 1.970 EOF
#19 1.971 cd 
/app/backend
#19 1.971 /usr/local/
go/pkg/tool/linux_amd
64/compile -o 
$WORK/b068/_pkg_.a 
-trimpath 
"$WORK/b068=>" -p 
crypto/hmac -std 
-complete -buildid -Z
xMVoz2v7WmBbqRYMax/-Z
xMVoz2v7WmBbqRYMax 
-goversion go1.21.13 
-c=4 -nolocalimports 
-importcfg 
$WORK/b068/importcfg 
-pack /usr/local/go/s
rc/crypto/hmac/hmac.g
o
#19 1.978 cat >/tmp/g
o-build4077850697/b05
0/importcfg << 'EOF' 
# internal
#19 1.978 # import 
config
#19 1.978 
packagefile crypto=/t
mp/go-build4077850697
/b051/_pkg_.a
#19 1.978 
packagefile crypto/in
ternal/boring=/tmp/go
-build4077850697/b053
/_pkg_.a
#19 1.978 
packagefile encoding/
binary=/root/.cache/g
o-build/60/60ee0c1856
a489c23506aab75becee4
a0c32342fd3865aa463f6
af25ea3c69f8-d
#19 1.978 
packagefile errors=/r
oot/.cache/go-build/c
c/cc538db122216e44576
167ce460078986584b0ef
8e945f95ba196f2ccc1e3
751-d
#19 1.978 
packagefile hash=/roo
t/.cache/go-build/f9/
f9299f5e852c68cdf9886
1fb5877f135f69843b923
7bbf431f6cd7fc80cb0be
1-d
#19 1.978 
packagefile internal/
cpu=/root/.cache/go-b
uild/57/579d36b7e452a
f1f50e915b216994cceb3
e12055e21a4cf34af9a1a
ad8540488-d
#19 1.978 
packagefile math/bits
=/root/.cache/go-buil
d/3d/3d8e372dde88f554
f59147ec97a2c135b2971
03eef9e14b1868ffbcb3e
065db5-d
#19 1.978 EOF
#19 1.978 /usr/local/
go/pkg/tool/linux_amd
64/compile -o 
$WORK/b050/_pkg_.a 
-trimpath 
"$WORK/b050=>" -p 
crypto/sha256 -std 
-buildid boazmt0j1-0p
bR4X62WY/boazmt0j1-0p
bR4X62WY -goversion 
go1.21.13 -symabis 
$WORK/b050/symabis 
-c=4 -nolocalimports 
-importcfg 
$WORK/b050/importcfg 
-pack -asmhdr 
$WORK/b050/go_asm.h /
usr/local/go/src/cryp
to/sha256/sha256.go /
usr/local/go/src/cryp
to/sha256/sha256block
.go /usr/local/go/src
/crypto/sha256/sha256
block_amd64.go /usr/l
ocal/go/src/crypto/sh
a256/sha256block_decl
.go
#19 1.980 /usr/local/
go/pkg/tool/linux_amd
64/buildid -w 
$WORK/b078/_pkg_.a # 
internal
#19 1.993 cp 
$WORK/b078/_pkg_.a /r
oot/.cache/go-build/0
3/0310158d7858da358aa
79d56fc41c2893cf0f935
ba365826399704b35acfa
67f-d # internal
#19 1.994 crypto/rand
#19 1.994 mkdir -p 
$WORK/b070/
#19 1.998 cat >/tmp/g
o-build4077850697/b07
0/importcfg << 'EOF' 
# internal
#19 1.998 # import 
config
#19 1.998 
packagefile crypto/in
ternal/boring=/tmp/go
-build4077850697/b053
/_pkg_.a
#19 1.998 
packagefile crypto/in
ternal/randutil=/tmp/
go-build4077850697/b0
71/_pkg_.a
#19 1.998 
packagefile errors=/r
oot/.cache/go-build/c
c/cc538db122216e44576
167ce460078986584b0ef
8e945f95ba196f2ccc1e3
751-d
#19 1.998 
packagefile internal/
syscall/unix=/root/.c
ache/go-build/fe/fe61
bba3f28e64d4e79a2685c
8230762bda484ce4b4d08
c4e459c6784c4969ce-d
#19 1.998 
packagefile io=/root/
.cache/go-build/3f/3f
759ea3eb56d9d846e0439
5d9dc289bca8f7cfe11f7
7ec63b71910085c89dc3-
d
#19 1.998 
packagefile math/big=
/root/.cache/go-build
/37/37ba78829cecac0da
dfe8245705f99ab8aecad
ca870571f7ccb9b76f531
31660-d
#19 1.998 
packagefile os=/root/
.cache/go-build/43/43
f674b9b17ec091d423d79
d19d3a58814383e28d032
db985101a3bdb2c0e9c5-
d
#19 1.998 
packagefile runtime=/
root/.cache/go-build/
29/29c63df92edda48c2d
238c8dd2f7cf6a13536c0
3e2f03a25a6439694804b
49ca-d
#19 1.998 
packagefile sync=/roo
t/.cache/go-build/4c/
4c6482b01e9753a401b5c
d5c9c47361a61ab8cef0b
4d6159ff0f0ffb119213f
7-d
#19 1.998 
packagefile sync/atom
ic=/root/.cache/go-bu
ild/5c/5c613f23c43dbb
b8db154f810343deece99
a58007c2c3824ed73bae8
64bc9b9d-d
#19 1.998 
packagefile syscall=/
root/.cache/go-build/
6c/6cb2057e6dcb8c1e51
9e6658b10448ea4b2c318
9f26805143f72256cb362
936c-d
#19 1.998 
packagefile time=/roo
t/.cache/go-build/4e/
4e73c8606deed2138edca
3302af2287f9f43cefd6d
141d85ab675d2b3f4052e
c-d
#19 1.998 EOF
#19 2.000 /usr/local/
go/pkg/tool/linux_amd
64/compile -o 
$WORK/b070/_pkg_.a 
-trimpath 
"$WORK/b070=>" -p 
crypto/rand -std 
-complete -buildid NC
r1RgFiuH9QU-4gBclW/NC
r1RgFiuH9QU-4gBclW 
-goversion go1.21.13 
-c=4 -nolocalimports 
-importcfg 
$WORK/b070/importcfg 
-pack /usr/local/go/s
rc/crypto/rand/rand.g
o /usr/local/go/src/c
rypto/rand/rand_getra
ndom.go /usr/local/go
/src/crypto/rand/rand
_unix.go /usr/local/g
o/src/crypto/rand/uti
l.go
#19 2.006 cp 
$WORK/b059/_pkg_.a /r
oot/.cache/go-build/6
7/675b65c3256c3842057
38a84530886e5e8540385
133d3e8b086ef0c35c30e
d6b-d # internal
#19 2.014 crypto/aes
#19 2.014 mkdir -p 
$WORK/b077/
#19 2.017 cat >/tmp/g
o-build4077850697/b07
7/go_asm.h << 'EOF' 
# internal
#19 2.017 EOF
#19 2.017 cd /usr/loc
al/go/src/crypto/aes
#19 2.017 /usr/local/
go/pkg/tool/linux_amd
64/asm -p crypto/aes 
-trimpath 
"$WORK/b077=>" -I 
$WORK/b077/ -I /usr/l
ocal/go/pkg/include 
-D GOOS_linux -D 
GOARCH_amd64 -D 
GOAMD64_v1 
-gensymabis -o 
$WORK/b077/symabis 
./asm_amd64.s 
./gcm_amd64.s
#19 2.054 cat >/tmp/g
o-build4077850697/b07
7/importcfg << 'EOF' 
# internal
#19 2.054 # import 
config
#19 2.054 
packagefile crypto/ci
pher=/tmp/go-build407
7850697/b054/_pkg_.a
#19 2.054 
packagefile crypto/in
ternal/alias=/tmp/go-
build4077850697/b055/
_pkg_.a
#19 2.054 
packagefile crypto/in
ternal/boring=/tmp/go
-build4077850697/b053
/_pkg_.a
#19 2.054 
packagefile crypto/su
btle=/tmp/go-build407
7850697/b056/_pkg_.a
#19 2.054 
packagefile encoding/
binary=/root/.cache/g
o-build/60/60ee0c1856
a489c23506aab75becee4
a0c32342fd3865aa463f6
af25ea3c69f8-d
#19 2.054 
packagefile errors=/r
oot/.cache/go-build/c
c/cc538db122216e44576
167ce460078986584b0ef
8e945f95ba196f2ccc1e3
751-d
#19 2.054 
packagefile internal/
cpu=/root/.cache/go-b
uild/57/579d36b7e452a
f1f50e915b216994cceb3
e12055e21a4cf34af9a1a
ad8540488-d
#19 2.054 
packagefile internal/
goarch=/root/.cache/g
o-build/43/43d5b50d59
7908d974fc4ebb626323f
e939daa5c98c7c7050fb5
0a5518676638-d
#19 2.054 
packagefile strconv=/
root/.cache/go-build/
58/58fde322ad123df338
e244ef907f3389ac723cf
56495542c8fa011a9be08
c3b5-d
#19 2.054 EOF
#19 2.055 cd 
/app/backend
#19 2.055 /usr/local/
go/pkg/tool/linux_amd
64/compile -o 
$WORK/b077/_pkg_.a 
-trimpath 
"$WORK/b077=>" -p 
crypto/aes -std 
-buildid 0DzBpLE1iavq
0MJRCm1I/0DzBpLE1iavq
0MJRCm1I -goversion 
go1.21.13 -symabis 
$WORK/b077/symabis 
-c=4 -nolocalimports 
-importcfg 
$WORK/b077/importcfg 
-pack -asmhdr 
$WORK/b077/go_asm.h /
usr/local/go/src/cryp
to/aes/aes_gcm.go /us
r/local/go/src/crypto
/aes/block.go /usr/lo
cal/go/src/crypto/aes
/cipher.go /usr/local
/go/src/crypto/aes/ci
pher_asm.go /usr/loca
l/go/src/crypto/aes/c
onst.go /usr/local/go
/src/crypto/aes/modes
.go
#19 2.065 cd /usr/loc
al/go/src/crypto/sha1
#19 2.065 /usr/local/
go/pkg/tool/linux_amd
64/pack r 
$WORK/b097/_pkg_.a $W
ORK/b097/sha1block_am
d64.o # internal
#19 2.066 /usr/local/
go/pkg/tool/linux_amd
64/buildid -w 
$WORK/b097/_pkg_.a # 
internal
#19 2.067 /usr/local/
go/pkg/tool/linux_amd
64/buildid -w 
$WORK/b068/_pkg_.a # 
internal
#19 2.078 cp 
$WORK/b068/_pkg_.a /r
oot/.cache/go-build/f
f/ff5c83c801015bf9b40
8bfb549fa1b3dc1d355de
bef2f3da3deafec99f861
27a-d # internal
#19 2.079 crypto/inte
rnal/boring/bbig
#19 2.079 mkdir -p 
$WORK/b087/
#19 2.084 cat >/tmp/g
o-build4077850697/b08
7/importcfg << 'EOF' 
# internal
#19 2.084 # import 
config
#19 2.084 
packagefile crypto/in
ternal/boring=/tmp/go
-build4077850697/b053
/_pkg_.a
#19 2.084 
packagefile math/big=
/root/.cache/go-build
/37/37ba78829cecac0da
dfe8245705f99ab8aecad
ca870571f7ccb9b76f531
31660-d
#19 2.084 EOF
#19 2.084 cd 
/app/backend
#19 2.084 /usr/local/
go/pkg/tool/linux_amd
64/compile -o 
$WORK/b087/_pkg_.a 
-trimpath 
"$WORK/b087=>" -p cry
pto/internal/boring/b
big -std -complete 
-buildid mCy6ocrGuOFz
dkKDi6ob/mCy6ocrGuOFz
dkKDi6ob -goversion 
go1.21.13 -c=4 
-nolocalimports 
-importcfg 
$WORK/b087/importcfg 
-pack /usr/local/go/s
rc/crypto/internal/bo
ring/bbig/big.go
#19 2.092 cp 
$WORK/b097/_pkg_.a /r
oot/.cache/go-build/2
f/2fadb0657dedc06f1d8
39aea0beaf63cefb1eb3e
f08053c1fe443b30aee66
8fa-d # internal
#19 2.104 cd /usr/loc
al/go/src/crypto/sha2
56
#19 2.104 /usr/local/
go/pkg/tool/linux_amd
64/asm -p 
crypto/sha256 
-trimpath 
"$WORK/b050=>" -I 
$WORK/b050/ -I /usr/l
ocal/go/pkg/include 
-D GOOS_linux -D 
GOARCH_amd64 -D 
GOAMD64_v1 -o $WORK/b
050/sha256block_amd64
.o 
./sha256block_amd64.s
#19 2.104 
crypto/sha512
#19 2.104 mkdir -p 
$WORK/b088/
#19 2.109 cat >/tmp/g
o-build4077850697/b08
8/go_asm.h << 'EOF' 
# internal
#19 2.109 EOF
#19 2.109 cd /usr/loc
al/go/src/crypto/sha5
12
#19 2.109 /usr/local/
go/pkg/tool/linux_amd
64/asm -p 
crypto/sha512 
-trimpath 
"$WORK/b088=>" -I 
$WORK/b088/ -I /usr/l
ocal/go/pkg/include 
-D GOOS_linux -D 
GOARCH_amd64 -D 
GOAMD64_v1 
-gensymabis -o 
$WORK/b088/symabis 
./sha512block_amd64.s
#19 2.131 /usr/local/
go/pkg/tool/linux_amd
64/buildid -w 
$WORK/b087/_pkg_.a # 
internal
#19 2.134 cp 
$WORK/b087/_pkg_.a /r
oot/.cache/go-build/3
6/361a7bdbf651e2fa9b8
2369fc5dffe8abf4a72c0
76ab6ced54ba757925e74
2fb-d # internal
#19 2.137 
encoding/pem
#19 2.138 mkdir -p 
$WORK/b101/
#19 2.141 /usr/local/
go/pkg/tool/linux_amd
64/buildid -w 
$WORK/b070/_pkg_.a # 
internal
#19 2.144 cp 
$WORK/b070/_pkg_.a /r
oot/.cache/go-build/5
8/58e347f71e4d8c38105
69fe6c7439c71a68993ac
c935798ca0a9d8269126e
706-d # internal
#19 2.149 crypto/rsa
#19 2.150 mkdir -p 
$WORK/b096/
#19 2.152 cat >/tmp/g
o-build4077850697/b10
1/importcfg << 'EOF' 
# internal
#19 2.152 # import 
config
#19 2.152 
packagefile bytes=/ro
ot/.cache/go-build/26
/26bfdb65b0b94b3a2bdc
e9e4b8bc696e55851d329
688735148e2f1ede7b0cf
7a-d
#19 2.152 
packagefile encoding/
base64=/root/.cache/g
o-build/14/14031b4118
b386250aa841db8bab959
208e925279dd1dc883294
2b7a9142ac03-d
#19 2.152 
packagefile errors=/r
oot/.cache/go-build/c
c/cc538db122216e44576
167ce460078986584b0ef
8e945f95ba196f2ccc1e3
751-d
#19 2.152 
packagefile io=/root/
.cache/go-build/3f/3f
759ea3eb56d9d846e0439
5d9dc289bca8f7cfe11f7
7ec63b71910085c89dc3-
d
#19 2.152 
packagefile sort=/roo
t/.cache/go-build/8c/
8c292a4015d12c8dfa15e
cf8a4317ac584bee3989c
3d957a6a78ab6789a029e
e-d
#19 2.152 
packagefile strings=/
root/.cache/go-build/
bd/bd2b3ffec179fa0086
9c215b39dc97456ad6ec1
7c28e28cbfd770fe90393
d84a-d
#19 2.152 EOF
#19 2.153 /usr/local/
go/pkg/tool/linux_amd
64/buildid -w 
$WORK/b094/_pkg_.a # 
internal
#19 2.154 cd 
/app/backend
#19 2.154 /usr/local/
go/pkg/tool/linux_amd
64/compile -o 
$WORK/b101/_pkg_.a 
-trimpath 
"$WORK/b101=>" -p 
encoding/pem -std 
-complete -buildid c0
nuLy212WhovTDHWVER/c0
nuLy212WhovTDHWVER 
-goversion go1.21.13 
-c=4 -nolocalimports 
-importcfg 
$WORK/b101/importcfg 
-pack /usr/local/go/s
rc/encoding/pem/pem.g
o
#19 2.155 cat >/tmp/g
o-build4077850697/b09
6/importcfg << 'EOF' 
# internal
#19 2.155 # import 
config
#19 2.155 
packagefile bytes=/ro
ot/.cache/go-build/26
/26bfdb65b0b94b3a2bdc
e9e4b8bc696e55851d329
688735148e2f1ede7b0cf
7a-d
#19 2.155 
packagefile crypto=/t
mp/go-build4077850697
/b051/_pkg_.a
#19 2.155 
packagefile crypto/in
ternal/bigmod=/tmp/go
-build4077850697/b086
/_pkg_.a
#19 2.155 
packagefile crypto/in
ternal/boring=/tmp/go
-build4077850697/b053
/_pkg_.a
#19 2.155 
packagefile crypto/in
ternal/boring/bbig=/t
mp/go-build4077850697
/b087/_pkg_.a
#19 2.155 
packagefile crypto/in
ternal/randutil=/tmp/
go-build4077850697/b0
71/_pkg_.a
#19 2.155 
packagefile crypto/ra
nd=/tmp/go-build40778
50697/b070/_pkg_.a
#19 2.155 
packagefile crypto/su
btle=/tmp/go-build407
7850697/b056/_pkg_.a
#19 2.155 
packagefile errors=/r
oot/.cache/go-build/c
c/cc538db122216e44576
167ce460078986584b0ef
8e945f95ba196f2ccc1e3
751-d
#19 2.155 
packagefile hash=/roo
t/.cache/go-build/f9/
f9299f5e852c68cdf9886
1fb5877f135f69843b923
7bbf431f6cd7fc80cb0be
1-d
#19 2.155 
packagefile io=/root/
.cache/go-build/3f/3f
759ea3eb56d9d846e0439
5d9dc289bca8f7cfe11f7
7ec63b71910085c89dc3-
d
#19 2.155 
packagefile math=/roo
t/.cache/go-build/36/
36ffa25336d289fa39ad0
06705231014aaaaaeafbd
42683e20e660ca55ff061
6-d
#19 2.155 
packagefile math/big=
/root/.cache/go-build
/37/37ba78829cecac0da
dfe8245705f99ab8aecad
ca870571f7ccb9b76f531
31660-d
#19 2.155 EOF
#19 2.156 /usr/local/
go/pkg/tool/linux_amd
64/compile -o 
$WORK/b096/_pkg_.a 
-trimpath 
"$WORK/b096=>" -p 
crypto/rsa -std 
-complete -buildid XF
_8KNrwCxS4ii4P_ak1/XF
_8KNrwCxS4ii4P_ak1 
-goversion go1.21.13 
-c=4 -nolocalimports 
-importcfg 
$WORK/b096/importcfg 
-pack /usr/local/go/s
rc/crypto/rsa/notbori
ng.go /usr/local/go/s
rc/crypto/rsa/pkcs1v1
5.go /usr/local/go/sr
c/crypto/rsa/pss.go /
usr/local/go/src/cryp
to/rsa/rsa.go
#19 2.165 cp 
$WORK/b094/_pkg_.a /r
oot/.cache/go-build/5
1/51bce14da935eee7a7c
01973804673a2f0812fec
cea46f5823eba029274ed
ec5-d # internal
#19 2.169 vendor/gola
ng.org/x/net/dns/dnsm
essage
#19 2.169 mkdir -p 
$WORK/b104/
#19 2.181 cat >/tmp/g
o-build4077850697/b10
4/importcfg << 'EOF' 
# internal
#19 2.181 # import 
config
#19 2.181 
packagefile errors=/r
oot/.cache/go-build/c
c/cc538db122216e44576
167ce460078986584b0ef
8e945f95ba196f2ccc1e3
751-d
#19 2.181 EOF
#19 2.181 /usr/local/
go/pkg/tool/linux_amd
64/compile -o 
$WORK/b104/_pkg_.a 
-trimpath 
"$WORK/b104=>" -p ven
dor/golang.org/x/net/
dns/dnsmessage -std 
-complete -buildid zj
BvAsIgTccInt1Gaak3/zj
BvAsIgTccInt1Gaak3 
-goversion go1.21.13 
-c=4 -nolocalimports 
-importcfg 
$WORK/b104/importcfg 
-pack /usr/local/go/s
rc/vendor/golang.org/
x/net/dns/dnsmessage/
message.go
#19 2.184 cd /usr/loc
al/go/src/crypto/sha2
56
#19 2.184 /usr/local/
go/pkg/tool/linux_amd
64/pack r 
$WORK/b050/_pkg_.a $W
ORK/b050/sha256block_
amd64.o # internal
#19 2.187 /usr/local/
go/pkg/tool/linux_amd
64/buildid -w 
$WORK/b050/_pkg_.a # 
internal
#19 2.188 cat >/tmp/g
o-build4077850697/b08
8/importcfg << 'EOF' 
# internal
#19 2.188 # import 
config
#19 2.188 
packagefile crypto=/t
mp/go-build4077850697
/b051/_pkg_.a
#19 2.188 
packagefile crypto/in
ternal/boring=/tmp/go
-build4077850697/b053
/_pkg_.a
#19 2.188 
packagefile encoding/
binary=/root/.cache/g
o-build/60/60ee0c1856
a489c23506aab75becee4
a0c32342fd3865aa463f6
af25ea3c69f8-d
#19 2.188 
packagefile errors=/r
oot/.cache/go-build/c
c/cc538db122216e44576
167ce460078986584b0ef
8e945f95ba196f2ccc1e3
751-d
#19 2.188 
packagefile hash=/roo
t/.cache/go-build/f9/
f9299f5e852c68cdf9886
1fb5877f135f69843b923
7bbf431f6cd7fc80cb0be
1-d
#19 2.188 
packagefile internal/
cpu=/root/.cache/go-b
uild/57/579d36b7e452a
f1f50e915b216994cceb3
e12055e21a4cf34af9a1a
ad8540488-d
#19 2.188 
packagefile math/bits
=/root/.cache/go-buil
d/3d/3d8e372dde88f554
f59147ec97a2c135b2971
03eef9e14b1868ffbcb3e
065db5-d
#19 2.188 EOF
#19 2.189 cd 
/app/backend
#19 2.189 /usr/local/
go/pkg/tool/linux_amd
64/compile -o 
$WORK/b088/_pkg_.a 
-trimpath 
"$WORK/b088=>" -p 
crypto/sha512 -std 
-buildid vGcj44ElFp5Q
LNfVpder/vGcj44ElFp5Q
LNfVpder -goversion 
go1.21.13 -symabis 
$WORK/b088/symabis 
-c=4 -nolocalimports 
-importcfg 
$WORK/b088/importcfg 
-pack -asmhdr 
$WORK/b088/go_asm.h /
usr/local/go/src/cryp
to/sha512/sha512.go /
usr/local/go/src/cryp
to/sha512/sha512block
.go /usr/local/go/src
/crypto/sha512/sha512
block_amd64.go
#19 2.202 cp 
$WORK/b050/_pkg_.a /r
oot/.cache/go-build/9
7/97cca59f1bea1e52f4b
52e4bb830419f8e11374c
7e84ba7710d345e7cb29e
1c7-d # internal
#19 2.203 
internal/singleflight
#19 2.203 mkdir -p 
$WORK/b106/
#19 2.214 cat >/tmp/g
o-build4077850697/b10
6/importcfg << 'EOF' 
# internal
#19 2.214 # import 
config
#19 2.214 
packagefile sync=/roo
t/.cache/go-build/4c/
4c6482b01e9753a401b5c
d5c9c47361a61ab8cef0b
4d6159ff0f0ffb119213f
7-d
#19 2.214 EOF
#19 2.217 /usr/local/
go/pkg/tool/linux_amd
64/compile -o 
$WORK/b106/_pkg_.a 
-trimpath 
"$WORK/b106=>" -p int
ernal/singleflight 
-std -complete 
-buildid 4oin7sPncYhA
BUhyiYnZ/4oin7sPncYhA
BUhyiYnZ -goversion 
go1.21.13 -c=4 
-nolocalimports 
-importcfg 
$WORK/b106/importcfg 
-pack /usr/local/go/s
rc/internal/singlefli
ght/singleflight.go
#19 2.222 /usr/local/
go/pkg/tool/linux_amd
64/buildid -w 
$WORK/b090/_pkg_.a # 
internal
#19 2.237 cp 
$WORK/b090/_pkg_.a /r
oot/.cache/go-build/d
4/d4250c75e8e8225684e
1040a8d18c728f7dc8f11
95f4a0b54521f4a2fcca7
f4d-d # internal
#19 2.250 vendor/gola
ng.org/x/crypto/crypt
obyte
#19 2.250 mkdir -p 
$WORK/b089/
#19 2.250 cat >/tmp/g
o-build4077850697/b08
9/importcfg << 'EOF' 
# internal
#19 2.250 # import 
config
#19 2.250 importmap g
olang.org/x/crypto/cr
yptobyte/asn1=vendor/
golang.org/x/crypto/c
ryptobyte/asn1
#19 2.250 
packagefile encoding/
asn1=/tmp/go-build407
7850697/b090/_pkg_.a
#19 2.250 
packagefile errors=/r
oot/.cache/go-build/c
c/cc538db122216e44576
167ce460078986584b0ef
8e945f95ba196f2ccc1e3
751-d
#19 2.250 
packagefile fmt=/root
/.cache/go-build/8d/8
d2bdd2fb8d4c3cfa10b37
9579d427d3fa724e4660a
984a3b121b2d6bb7bf576
-d
#19 2.250 
packagefile vendor/go
lang.org/x/crypto/cry
ptobyte/asn1=/tmp/go-
build4077850697/b092/
_pkg_.a
#19 2.250 
packagefile math/big=
/root/.cache/go-build
/37/37ba78829cecac0da
dfe8245705f99ab8aecad
ca870571f7ccb9b76f531
31660-d
#19 2.250 
packagefile reflect=/
root/.cache/go-build/
16/16f37704a24996a774
deef9cd97d1a44607e2c1
7a34adf3ad677cff602c2
fa16-d
#19 2.250 
packagefile time=/roo
t/.cache/go-build/4e/
4e73c8606deed2138edca
3302af2287f9f43cefd6d
141d85ab675d2b3f4052e
c-d
#19 2.250 EOF
#19 2.250 /usr/local/
go/pkg/tool/linux_amd
64/compile -o 
$WORK/b089/_pkg_.a 
-trimpath 
"$WORK/b089=>" -p ven
dor/golang.org/x/cryp
to/cryptobyte -std 
-complete -buildid O1
s-8ZU3v5V-GgyDk81N/O1
s-8ZU3v5V-GgyDk81N 
-goversion go1.21.13 
-c=4 -nolocalimports 
-importcfg 
$WORK/b089/importcfg 
-pack /usr/local/go/s
rc/vendor/golang.org/
x/crypto/cryptobyte/a
sn1.go /usr/local/go/
src/vendor/golang.org
/x/crypto/cryptobyte/
builder.go /usr/local
/go/src/vendor/golang
.org/x/crypto/cryptob
yte/string.go
#19 2.283 /usr/local/
go/pkg/tool/linux_amd
64/buildid -w 
$WORK/b101/_pkg_.a # 
internal
#19 2.288 /usr/local/
go/pkg/tool/linux_amd
64/buildid -w 
$WORK/b106/_pkg_.a # 
internal
#19 2.313 cp 
$WORK/b101/_pkg_.a /r
oot/.cache/go-build/b
e/be57708645c6e0bcf0a
4d22fc7d51f67589dcf08
f06a35f93fb0117bf2ae1
144-d # internal
#19 2.317 cd /usr/loc
al/go/src/crypto/aes
#19 2.317 /usr/local/
go/pkg/tool/linux_amd
64/asm -p crypto/aes 
-trimpath 
"$WORK/b077=>" -I 
$WORK/b077/ -I /usr/l
ocal/go/pkg/include 
-D GOOS_linux -D 
GOARCH_amd64 -D 
GOAMD64_v1 -o $WORK/b
077/asm_amd64.o 
./asm_amd64.s
#19 2.322 
crypto/x509/pkix
#19 2.322 mkdir -p 
$WORK/b100/
#19 2.322 cat >/tmp/g
o-build4077850697/b10
0/importcfg << 'EOF' 
# internal
#19 2.322 # import 
config
#19 2.322 
packagefile encoding/
asn1=/tmp/go-build407
7850697/b090/_pkg_.a
#19 2.322 
packagefile encoding/
hex=/tmp/go-build4077
850697/b060/_pkg_.a
#19 2.322 
packagefile fmt=/root
/.cache/go-build/8d/8
d2bdd2fb8d4c3cfa10b37
9579d427d3fa724e4660a
984a3b121b2d6bb7bf576
-d
#19 2.322 
packagefile math/big=
/root/.cache/go-build
/37/37ba78829cecac0da
dfe8245705f99ab8aecad
ca870571f7ccb9b76f531
31660-d
#19 2.322 
packagefile time=/roo
t/.cache/go-build/4e/
4e73c8606deed2138edca
3302af2287f9f43cefd6d
141d85ab675d2b3f4052e
c-d
#19 2.322 EOF
#19 2.323 cd 
/app/backend
#19 2.323 /usr/local/
go/pkg/tool/linux_amd
64/compile -o 
$WORK/b100/_pkg_.a 
-trimpath 
"$WORK/b100=>" -p 
crypto/x509/pkix 
-std -complete 
-buildid d3geGYexGNyZ
19Re0f_S/d3geGYexGNyZ
19Re0f_S -goversion 
go1.21.13 -c=4 
-nolocalimports 
-importcfg 
$WORK/b100/importcfg 
-pack /usr/local/go/s
rc/crypto/x509/pkix/p
kix.go
#19 2.339 cp 
$WORK/b106/_pkg_.a /r
oot/.cache/go-build/d
b/dbc066794106a6a2f1c
eb894f43e5b16cab9676d
d2d4739eff279541b7943
3fc-d # internal
#19 2.342 
internal/intern
#19 2.342 mkdir -p 
$WORK/b108/
#19 2.343 cd /usr/loc
al/go/src/crypto/aes
#19 2.343 /usr/local/
go/pkg/tool/linux_amd
64/asm -p crypto/aes 
-trimpath 
"$WORK/b077=>" -I 
$WORK/b077/ -I /usr/l
ocal/go/pkg/include 
-D GOOS_linux -D 
GOARCH_amd64 -D 
GOAMD64_v1 -o $WORK/b
077/gcm_amd64.o 
./gcm_amd64.s
#19 2.347 cat >/tmp/g
o-build4077850697/b10
8/importcfg << 'EOF' 
# internal
#19 2.347 # import 
config
#19 2.347 
packagefile internal/
godebug=/root/.cache/
go-build/4d/4ded5b823
09d52c06c6819d7801d7f
e3907563d1434b543fd85
cb94bafd7a78c-d
#19 2.347 
packagefile runtime=/
root/.cache/go-build/
29/29c63df92edda48c2d
238c8dd2f7cf6a13536c0
3e2f03a25a6439694804b
49ca-d
#19 2.347 
packagefile sync=/roo
t/.cache/go-build/4c/
4c6482b01e9753a401b5c
d5c9c47361a61ab8cef0b
4d6159ff0f0ffb119213f
7-d
#19 2.347 EOF
#19 2.353 cd 
/app/backend
#19 2.353 /usr/local/
go/pkg/tool/linux_amd
64/compile -o 
$WORK/b108/_pkg_.a 
-trimpath 
"$WORK/b108=>" -p 
internal/intern -std 
-complete -buildid ha
XRt5I72TXaghHPgw_-/ha
XRt5I72TXaghHPgw_- 
-goversion go1.21.13 
-c=4 -nolocalimports 
-importcfg 
$WORK/b108/importcfg 
-pack /usr/local/go/s
rc/internal/intern/in
tern.go
#19 2.355 cd /usr/loc
al/go/src/crypto/sha5
12
#19 2.355 /usr/local/
go/pkg/tool/linux_amd
64/asm -p 
crypto/sha512 
-trimpath 
"$WORK/b088=>" -I 
$WORK/b088/ -I /usr/l
ocal/go/pkg/include 
-D GOOS_linux -D 
GOARCH_amd64 -D 
GOAMD64_v1 -o $WORK/b
088/sha512block_amd64
.o 
./sha512block_amd64.s
#19 2.375 cd /usr/loc
al/go/src/crypto/aes
#19 2.375 /usr/local/
go/pkg/tool/linux_amd
64/pack r 
$WORK/b077/_pkg_.a $W
ORK/b077/asm_amd64.o 
$WORK/b077/gcm_amd64.
o # internal
#19 2.376 /usr/local/
go/pkg/tool/linux_amd
64/buildid -w 
$WORK/b077/_pkg_.a # 
internal
#19 2.387 cp 
$WORK/b077/_pkg_.a /r
oot/.cache/go-build/5
5/55dedc43eb821d8a739
8c8c838db4f3939ed21fd
67d8bde51757d50ed472b
d55-d # internal
#19 2.389 net/url
#19 2.389 mkdir -p 
$WORK/b109/
#19 2.405 cat >/tmp/g
o-build4077850697/b10
9/importcfg << 'EOF' 
# internal
#19 2.405 # import 
config
#19 2.405 
packagefile errors=/r
oot/.cache/go-build/c
c/cc538db122216e44576
167ce460078986584b0ef
8e945f95ba196f2ccc1e3
751-d
#19 2.405 
packagefile fmt=/root
/.cache/go-build/8d/8
d2bdd2fb8d4c3cfa10b37
9579d427d3fa724e4660a
984a3b121b2d6bb7bf576
-d
#19 2.405 
packagefile path=/roo
t/.cache/go-build/94/
9454a470cbf171a734c2c
ba7cfdd7871080744a807
1114bc08ead8d6315268c
a-d
#19 2.405 
packagefile sort=/roo
t/.cache/go-build/8c/
8c292a4015d12c8dfa15e
cf8a4317ac584bee3989c
3d957a6a78ab6789a029e
e-d
#19 2.405 
packagefile strconv=/
root/.cache/go-build/
58/58fde322ad123df338
e244ef907f3389ac723cf
56495542c8fa011a9be08
c3b5-d
#19 2.405 
packagefile strings=/
root/.cache/go-build/
bd/bd2b3ffec179fa0086
9c215b39dc97456ad6ec1
7c28e28cbfd770fe90393
d84a-d
#19 2.405 EOF
#19 2.405 cd 
/app/backend
#19 2.405 /usr/local/
go/pkg/tool/linux_amd
64/compile -o 
$WORK/b109/_pkg_.a 
-trimpath 
"$WORK/b109=>" -p 
net/url -std 
-complete -buildid GK
QKPnZ8yAXNvkVusoJA/GK
QKPnZ8yAXNvkVusoJA 
-goversion go1.21.13 
-c=4 -nolocalimports 
-importcfg 
$WORK/b109/importcfg 
-pack /usr/local/go/s
rc/net/url/url.go
#19 2.414 /usr/local/
go/pkg/tool/linux_amd
64/buildid -w 
$WORK/b096/_pkg_.a # 
internal
#19 2.428 cd /usr/loc
al/go/src/crypto/sha5
12
#19 2.428 /usr/local/
go/pkg/tool/linux_amd
64/pack r 
$WORK/b088/_pkg_.a $W
ORK/b088/sha512block_
amd64.o # internal
#19 2.428 /usr/local/
go/pkg/tool/linux_amd
64/buildid -w 
$WORK/b088/_pkg_.a # 
internal
#19 2.431 /usr/local/
go/pkg/tool/linux_amd
64/buildid -w 
$WORK/b108/_pkg_.a # 
internal
#19 2.438 cp 
$WORK/b088/_pkg_.a /r
oot/.cache/go-build/9
f/9f254ca1cd9149b2dd7
1eee515dedb52249492bb
1b9c4b646c466dcec684a
207-d # internal
#19 2.438 
crypto/ed25519
#19 2.438 mkdir -p 
$WORK/b093/
#19 2.445 cat >/tmp/g
o-build4077850697/b09
3/importcfg << 'EOF' 
# internal
#19 2.445 # import 
config
#19 2.445 
packagefile bytes=/ro
ot/.cache/go-build/26
/26bfdb65b0b94b3a2bdc
e9e4b8bc696e55851d329
688735148e2f1ede7b0cf
7a-d
#19 2.445 
packagefile crypto=/t
mp/go-build4077850697
/b051/_pkg_.a
#19 2.445 
packagefile crypto/in
ternal/edwards25519=/
tmp/go-build407785069
7/b094/_pkg_.a
#19 2.445 
packagefile crypto/ra
nd=/tmp/go-build40778
50697/b070/_pkg_.a
#19 2.445 
packagefile crypto/sh
a512=/tmp/go-build407
7850697/b088/_pkg_.a
#19 2.445 
packagefile crypto/su
btle=/tmp/go-build407
7850697/b056/_pkg_.a
#19 2.445 
packagefile errors=/r
oot/.cache/go-build/c
c/cc538db122216e44576
167ce460078986584b0ef
8e945f95ba196f2ccc1e3
751-d
#19 2.445 
packagefile io=/root/
.cache/go-build/3f/3f
759ea3eb56d9d846e0439
5d9dc289bca8f7cfe11f7
7ec63b71910085c89dc3-
d
#19 2.445 
packagefile strconv=/
root/.cache/go-build/
58/58fde322ad123df338
e244ef907f3389ac723cf
56495542c8fa011a9be08
c3b5-d
#19 2.445 EOF
#19 2.446 cd 
/app/backend
#19 2.446 /usr/local/
go/pkg/tool/linux_amd
64/compile -o 
$WORK/b093/_pkg_.a 
-trimpath 
"$WORK/b093=>" -p 
crypto/ed25519 -std 
-complete -buildid De
pRnYApM47r_0rWEX5i/De
pRnYApM47r_0rWEX5i 
-goversion go1.21.13 
-c=4 -nolocalimports 
-importcfg 
$WORK/b093/importcfg 
-pack /usr/local/go/s
rc/crypto/ed25519/ed2
5519.go
#19 2.463 cp 
$WORK/b096/_pkg_.a /r
oot/.cache/go-build/2
b/2bf96fb20f3896bc932
be74ec291a9e0a65c9e14
fe1c7a0555c3eb2bc4e5a
ca7-d # internal
#19 2.463 cp 
$WORK/b108/_pkg_.a /r
oot/.cache/go-build/8
3/8377cc5ad6af895b25f
7981cd3d573154c73c4e5
bfef074f666474440652b
905-d # internal
#19 2.464 /usr/local/
go/pkg/tool/linux_amd
64/buildid -w 
$WORK/b100/_pkg_.a # 
internal
#19 2.464 net/netip
#19 2.465 mkdir -p 
$WORK/b107/
#19 2.465 vendor/gola
ng.org/x/crypto/chach
a20
#19 2.468 mkdir -p 
$WORK/b112/
#19 2.477 cp 
$WORK/b100/_pkg_.a /r
oot/.cache/go-build/6
d/6daf679ec067ddfc477
2f01fcda4b140822f3d18
d4f43ef593cc60666f590
240-d # internal
#19 2.477 vendor/gola
ng.org/x/crypto/inter
nal/poly1305
#19 2.477 mkdir -p 
$WORK/b114/
#19 2.479 cat >/tmp/g
o-build4077850697/b10
7/importcfg << 'EOF' 
# internal
#19 2.479 # import 
config
#19 2.479 
packagefile errors=/r
oot/.cache/go-build/c
c/cc538db122216e44576
167ce460078986584b0ef
8e945f95ba196f2ccc1e3
751-d
#19 2.479 
packagefile internal/
bytealg=/root/.cache/
go-build/5e/5e4082908
0e51e442116364799735e
e516ee8bc2fe11aa200ae
a912862f68097-d
#19 2.479 
packagefile internal/
intern=/tmp/go-build4
077850697/b108/_pkg_.
a
#19 2.479 
packagefile internal/
itoa=/root/.cache/go-
build/48/48c57af31fd4
fd0113cf0cc4b811c06fa
522e1689722f004dc3ad9
bddd6bcbc0-d
#19 2.479 
packagefile math=/roo
t/.cache/go-build/36/
36ffa25336d289fa39ad0
06705231014aaaaaeafbd
42683e20e660ca55ff061
6-d
#19 2.479 
packagefile math/bits
=/root/.cache/go-buil
d/3d/3d8e372dde88f554
f59147ec97a2c135b2971
03eef9e14b1868ffbcb3e
065db5-d
#19 2.479 
packagefile strconv=/
root/.cache/go-build/
58/58fde322ad123df338
e244ef907f3389ac723cf
56495542c8fa011a9be08
c3b5-d
#19 2.479 EOF
#19 2.479 cat >/tmp/g
o-build4077850697/b11
2/importcfg << 'EOF' 
# internal
#19 2.479 # import 
config
#19 2.479 importmap g
olang.org/x/crypto/in
ternal/alias=vendor/g
olang.org/x/crypto/in
ternal/alias
#19 2.479 
packagefile crypto/ci
pher=/tmp/go-build407
7850697/b054/_pkg_.a
#19 2.479 
packagefile encoding/
binary=/root/.cache/g
o-build/60/60ee0c1856
a489c23506aab75becee4
a0c32342fd3865aa463f6
af25ea3c69f8-d
#19 2.479 
packagefile errors=/r
oot/.cache/go-build/c
c/cc538db122216e44576
167ce460078986584b0ef
8e945f95ba196f2ccc1e3
751-d
#19 2.479 
packagefile vendor/go
lang.org/x/crypto/int
ernal/alias=/tmp/go-b
uild4077850697/b113/_
pkg_.a
#19 2.479 
packagefile math/bits
=/root/.cache/go-buil
d/3d/3d8e372dde88f554
f59147ec97a2c135b2971
03eef9e14b1868ffbcb3e
065db5-d
#19 2.479 
packagefile runtime=/
root/.cache/go-build/
29/29c63df92edda48c2d
238c8dd2f7cf6a13536c0
3e2f03a25a6439694804b
49ca-d
#19 2.479 EOF
#19 2.479 /usr/local/
go/pkg/tool/linux_amd
64/compile -o 
$WORK/b107/_pkg_.a 
-trimpath 
"$WORK/b107=>" -p 
net/netip -std 
-complete -buildid 4t
2B42hp9hvX2UaMgaA0/4t
2B42hp9hvX2UaMgaA0 
-goversion go1.21.13 
-c=4 -nolocalimports 
-importcfg 
$WORK/b107/importcfg 
-pack /usr/local/go/s
rc/net/netip/leaf_alt
s.go /usr/local/go/sr
c/net/netip/netip.go 
/usr/local/go/src/net
/netip/uint128.go
#19 2.479 /usr/local/
go/pkg/tool/linux_amd
64/compile -o 
$WORK/b112/_pkg_.a 
-trimpath 
"$WORK/b112=>" -p ven
dor/golang.org/x/cryp
to/chacha20 -std 
-complete -buildid i1
Oea3jQwVKv_Pw-aQjU/i1
Oea3jQwVKv_Pw-aQjU 
-goversion go1.21.13 
-c=4 -nolocalimports 
-importcfg 
$WORK/b112/importcfg 
-pack /usr/local/go/s
rc/vendor/golang.org/
x/crypto/chacha20/cha
cha_generic.go /usr/l
ocal/go/src/vendor/go
lang.org/x/crypto/cha
cha20/chacha_noasm.go
 /usr/local/go/src/ve
ndor/golang.org/x/cry
pto/chacha20/xor.go
#19 2.482 cat >/tmp/g
o-build4077850697/b11
4/go_asm.h << 'EOF' 
# internal
#19 2.482 EOF
#19 2.483 cd /usr/loc
al/go/src/vendor/gola
ng.org/x/crypto/inter
nal/poly1305
#19 2.483 /usr/local/
go/pkg/tool/linux_amd
64/asm -p vendor/gola
ng.org/x/crypto/inter
nal/poly1305 
-trimpath 
"$WORK/b114=>" -I 
$WORK/b114/ -I /usr/l
ocal/go/pkg/include 
-D GOOS_linux -D 
GOARCH_amd64 -D 
GOAMD64_v1 
-gensymabis -o 
$WORK/b114/symabis 
./sum_amd64.s
#19 2.505 cat >/tmp/g
o-build4077850697/b11
4/importcfg << 'EOF' 
# internal
#19 2.505 # import 
config
#19 2.505 
packagefile crypto/su
btle=/tmp/go-build407
7850697/b056/_pkg_.a
#19 2.505 
packagefile encoding/
binary=/root/.cache/g
o-build/60/60ee0c1856
a489c23506aab75becee4
a0c32342fd3865aa463f6
af25ea3c69f8-d
#19 2.505 
packagefile math/bits
=/root/.cache/go-buil
d/3d/3d8e372dde88f554
f59147ec97a2c135b2971
03eef9e14b1868ffbcb3e
065db5-d
#19 2.505 EOF
#19 2.508 cd 
/app/backend
#19 2.508 /usr/local/
go/pkg/tool/linux_amd
64/compile -o 
$WORK/b114/_pkg_.a 
-trimpath 
"$WORK/b114=>" -p ven
dor/golang.org/x/cryp
to/internal/poly1305 
-std -buildid Iguxh7w
5FSdf_0_8gVEn/Iguxh7w
5FSdf_0_8gVEn 
-goversion go1.21.13 
-symabis 
$WORK/b114/symabis 
-c=4 -nolocalimports 
-importcfg 
$WORK/b114/importcfg 
-pack -asmhdr 
$WORK/b114/go_asm.h /
usr/local/go/src/vend
or/golang.org/x/crypt
o/internal/poly1305/b
its_go1.13.go /usr/lo
cal/go/src/vendor/gol
ang.org/x/crypto/inte
rnal/poly1305/poly130
5.go /usr/local/go/sr
c/vendor/golang.org/x
/crypto/internal/poly
1305/sum_amd64.go /us
r/local/go/src/vendor
/golang.org/x/crypto/
internal/poly1305/sum
_generic.go
#19 2.671 /usr/local/
go/pkg/tool/linux_amd
64/buildid -w 
$WORK/b093/_pkg_.a # 
internal
#19 2.675 /usr/local/
go/pkg/tool/linux_amd
64/buildid -w 
$WORK/b089/_pkg_.a # 
internal
#19 2.694 cp 
$WORK/b093/_pkg_.a /r
oot/.cache/go-build/8
2/82f70519769d12c6acf
92c07e6a7a77a1b15f5c4
55a33397b30c36fc58a2c
502-d # internal
#19 2.694 vendor/gola
ng.org/x/sys/cpu
#19 2.694 mkdir -p 
$WORK/b115/
#19 2.711 cat >/tmp/g
o-build4077850697/b11
5/go_asm.h << 'EOF' 
# internal
#19 2.711 EOF
#19 2.711 cd /usr/loc
al/go/src/vendor/gola
ng.org/x/sys/cpu
#19 2.711 /usr/local/
go/pkg/tool/linux_amd
64/asm -p vendor/gola
ng.org/x/sys/cpu 
-trimpath 
"$WORK/b115=>" -I 
$WORK/b115/ -I /usr/l
ocal/go/pkg/include 
-D GOOS_linux -D 
GOARCH_amd64 -D 
GOAMD64_v1 
-gensymabis -o 
$WORK/b115/symabis 
./cpu_x86.s
#19 2.714 cp 
$WORK/b089/_pkg_.a /r
oot/.cache/go-build/c
8/c8df2f7449c2c23bf52
d101e45df76a4bdd05f37
a6794179ae95e935a24e9
392-d # internal
#19 2.716 vendor/gola
ng.org/x/crypto/hkdf
#19 2.716 mkdir -p 
$WORK/b117/
#19 2.735 cat >/tmp/g
o-build4077850697/b11
7/importcfg << 'EOF' 
# internal
#19 2.735 # import 
config
#19 2.735 
packagefile crypto/hm
ac=/tmp/go-build40778
50697/b068/_pkg_.a
#19 2.735 
packagefile errors=/r
oot/.cache/go-build/c
c/cc538db122216e44576
167ce460078986584b0ef
8e945f95ba196f2ccc1e3
751-d
#19 2.735 
packagefile hash=/roo
t/.cache/go-build/f9/
f9299f5e852c68cdf9886
1fb5877f135f69843b923
7bbf431f6cd7fc80cb0be
1-d
#19 2.735 
packagefile io=/root/
.cache/go-build/3f/3f
759ea3eb56d9d846e0439
5d9dc289bca8f7cfe11f7
7ec63b71910085c89dc3-
d
#19 2.735 EOF
#19 2.735 cd 
/app/backend
#19 2.735 /usr/local/
go/pkg/tool/linux_amd
64/compile -o 
$WORK/b117/_pkg_.a 
-trimpath 
"$WORK/b117=>" -p ven
dor/golang.org/x/cryp
to/hkdf -std 
-complete -buildid Nx
KG7cz2abagXyCmUOeV/Nx
KG7cz2abagXyCmUOeV 
-goversion go1.21.13 
-c=4 -nolocalimports 
-importcfg 
$WORK/b117/importcfg 
-pack /usr/local/go/s
rc/vendor/golang.org/
x/crypto/hkdf/hkdf.go
#19 2.747 cat >/tmp/g
o-build4077850697/b11
5/importcfg << 'EOF' 
# internal
#19 2.747 # import 
config
#19 2.747 
packagefile io/ioutil
=/root/.cache/go-buil
d/6c/6c0c39e9293bbda0
b485c5849ce7dbd6244e3
c7acc693414856869735c
57c7d3-d
#19 2.747 
packagefile os=/root/
.cache/go-build/43/43
f674b9b17ec091d423d79
d19d3a58814383e28d032
db985101a3bdb2c0e9c5-
d
#19 2.747 
packagefile runtime=/
root/.cache/go-build/
29/29c63df92edda48c2d
238c8dd2f7cf6a13536c0
3e2f03a25a6439694804b
49ca-d
#19 2.747 
packagefile strconv=/
root/.cache/go-build/
58/58fde322ad123df338
e244ef907f3389ac723cf
56495542c8fa011a9be08
c3b5-d
#19 2.747 
packagefile strings=/
root/.cache/go-build/
bd/bd2b3ffec179fa0086
9c215b39dc97456ad6ec1
7c28e28cbfd770fe90393
d84a-d
#19 2.747 EOF
#19 2.747 /usr/local/
go/pkg/tool/linux_amd
64/compile -o 
$WORK/b115/_pkg_.a 
-trimpath 
"$WORK/b115=>" -p ven
dor/golang.org/x/sys/
cpu -std -buildid p0O
U-7oxZfdfBuv0XDj1/p0O
U-7oxZfdfBuv0XDj1 
-goversion go1.21.13 
-symabis 
$WORK/b115/symabis 
-c=4 -nolocalimports 
-importcfg 
$WORK/b115/importcfg 
-pack -asmhdr 
$WORK/b115/go_asm.h /
usr/local/go/src/vend
or/golang.org/x/sys/c
pu/byteorder.go /usr/
local/go/src/vendor/g
olang.org/x/sys/cpu/c
pu.go /usr/local/go/s
rc/vendor/golang.org/
x/sys/cpu/cpu_gc_x86.
go /usr/local/go/src/
vendor/golang.org/x/s
ys/cpu/cpu_linux_noin
it.go /usr/local/go/s
rc/vendor/golang.org/
x/sys/cpu/cpu_x86.go 
/usr/local/go/src/ven
dor/golang.org/x/sys/
cpu/endian_little.go 
/usr/local/go/src/ven
dor/golang.org/x/sys/
cpu/hwcap_linux.go /u
sr/local/go/src/vendo
r/golang.org/x/sys/cp
u/parse.go /usr/local
/go/src/vendor/golang
.org/x/sys/cpu/runtim
e_auxv.go /usr/local/
go/src/vendor/golang.
org/x/sys/cpu/runtime
_auxv_go121.go
#19 2.771 /usr/local/
go/pkg/tool/linux_amd
64/buildid -w 
$WORK/b109/_pkg_.a # 
internal
#19 2.779 /usr/local/
go/pkg/tool/linux_amd
64/buildid -w 
$WORK/b112/_pkg_.a # 
internal
#19 2.788 cd /usr/loc
al/go/src/vendor/gola
ng.org/x/crypto/inter
nal/poly1305
#19 2.788 /usr/local/
go/pkg/tool/linux_amd
64/asm -p vendor/gola
ng.org/x/crypto/inter
nal/poly1305 
-trimpath 
"$WORK/b114=>" -I 
$WORK/b114/ -I /usr/l
ocal/go/pkg/include 
-D GOOS_linux -D 
GOARCH_amd64 -D 
GOAMD64_v1 -o $WORK/b
114/sum_amd64.o 
./sum_amd64.s
#19 2.797 cp 
$WORK/b109/_pkg_.a /r
oot/.cache/go-build/8
6/8648197139a22736ce8
6c17d4ec5980a11b4e1b2
9c5dee75dbcaafc9922a5
4ff-d # internal
#19 2.809 cp 
$WORK/b112/_pkg_.a /r
oot/.cache/go-build/7
9/79dd08776a0f0514a70
58c3987c750136def9307
a7e0c5c19ed117e141cc5
fe5-d # internal
#19 2.813 github.com/
jackc/pgservicefile
#19 2.813 mkdir -p 
$WORK/b122/
#19 2.815 cat >/tmp/g
o-build4077850697/b12
2/importcfg << 'EOF' 
# internal
#19 2.815 # import 
config
#19 2.815 
packagefile bufio=/ro
ot/.cache/go-build/ba
/bab9b7509689a41081ab
98d7cd01bca2cf4e75f77
56000633e9b1c1d2099ea
3f-d
#19 2.815 
packagefile errors=/r
oot/.cache/go-build/c
c/cc538db122216e44576
167ce460078986584b0ef
8e945f95ba196f2ccc1e3
751-d
#19 2.815 
packagefile fmt=/root
/.cache/go-build/8d/8
d2bdd2fb8d4c3cfa10b37
9579d427d3fa724e4660a
984a3b121b2d6bb7bf576
-d
#19 2.815 
packagefile io=/root/
.cache/go-build/3f/3f
759ea3eb56d9d846e0439
5d9dc289bca8f7cfe11f7
7ec63b71910085c89dc3-
d
#19 2.815 
packagefile os=/root/
.cache/go-build/43/43
f674b9b17ec091d423d79
d19d3a58814383e28d032
db985101a3bdb2c0e9c5-
d
#19 2.815 
packagefile strings=/
root/.cache/go-build/
bd/bd2b3ffec179fa0086
9c215b39dc97456ad6ec1
7c28e28cbfd770fe90393
d84a-d
#19 2.815 EOF
#19 2.815 cd 
/app/backend
#19 2.815 /usr/local/
go/pkg/tool/linux_amd
64/compile -o 
$WORK/b122/_pkg_.a 
-trimpath 
"$WORK/b122=>" -p git
hub.com/jackc/pgservi
cefile -lang=go1.14 
-complete -buildid qd
8dXOHm5Josflg2zwwU/qd
8dXOHm5Josflg2zwwU 
-goversion go1.21.13 
-c=4 -nolocalimports 
-importcfg 
$WORK/b122/importcfg 
-pack /go/pkg/mod/git
hub.com/jackc/pgservi
cefile@v0.0.0-2022122
7161230-091c0ba34f0a/
pgservicefile.go
#19 2.828 
regexp/syntax
#19 2.828 mkdir -p 
$WORK/b121/
#19 2.836 /usr/local/
go/pkg/tool/linux_amd
64/buildid -w 
$WORK/b117/_pkg_.a # 
internal
#19 2.838 cp 
$WORK/b117/_pkg_.a /r
oot/.cache/go-build/3
c/3c5172591f6e71f2f20
a87023b3274a7407f434a
7986c8cf4c5b30d81d331
c13-d # internal
#19 2.838 cd /usr/loc
al/go/src/vendor/gola
ng.org/x/crypto/inter
nal/poly1305
#19 2.838 /usr/local/
go/pkg/tool/linux_amd
64/pack r 
$WORK/b114/_pkg_.a $W
ORK/b114/sum_amd64.o 
# internal
#19 2.839 /usr/local/
go/pkg/tool/linux_amd
64/buildid -w 
$WORK/b114/_pkg_.a # 
internal
#19 2.848 github.com/
jackc/pgx/v5/internal
/iobufpool
#19 2.848 mkdir -p 
$WORK/b123/
#19 2.852 cat >/tmp/g
o-build4077850697/b12
3/importcfg << 'EOF' 
# internal
#19 2.852 # import 
config
#19 2.852 
packagefile sync=/roo
t/.cache/go-build/4c/
4c6482b01e9753a401b5c
d5c9c47361a61ab8cef0b
4d6159ff0f0ffb119213f
7-d
#19 2.852 EOF
#19 2.858 cp 
$WORK/b114/_pkg_.a /r
oot/.cache/go-build/1
8/187c92bbab71a9b4494
f567f2598c2d1194729a5
41df0acb732ea50e01d07
478-d # internal
#19 2.858 github.com/
jackc/pgx/v5/pgconn/i
nternal/ctxwatch
#19 2.858 mkdir -p 
$WORK/b125/
#19 2.862 cd 
/app/backend
#19 2.862 /usr/local/
go/pkg/tool/linux_amd
64/compile -o 
$WORK/b123/_pkg_.a 
-trimpath 
"$WORK/b123=>" -p git
hub.com/jackc/pgx/v5/
internal/iobufpool 
-lang=go1.19 
-complete -buildid 4E
QvKidy_h3I4g6QkNYQ/4E
QvKidy_h3I4g6QkNYQ 
-goversion go1.21.13 
-c=4 -nolocalimports 
-importcfg 
$WORK/b123/importcfg 
-pack /go/pkg/mod/git
hub.com/jackc/pgx/v5@
v5.5.0/internal/iobuf
pool/iobufpool.go
#19 2.867 cat >/tmp/g
o-build4077850697/b12
1/importcfg << 'EOF' 
# internal
#19 2.867 # import 
config
#19 2.867 
packagefile sort=/roo
t/.cache/go-build/8c/
8c292a4015d12c8dfa15e
cf8a4317ac584bee3989c
3d957a6a78ab6789a029e
e-d
#19 2.867 
packagefile strconv=/
root/.cache/go-build/
58/58fde322ad123df338
e244ef907f3389ac723cf
56495542c8fa011a9be08
c3b5-d
#19 2.867 
packagefile strings=/
root/.cache/go-build/
bd/bd2b3ffec179fa0086
9c215b39dc97456ad6ec1
7c28e28cbfd770fe90393
d84a-d
#19 2.867 
packagefile unicode=/
root/.cache/go-build/
5c/5cc4ed7fed5271c4f9
b13a58dc4b0fedd203628
562244eeb2b81d3cea617
d31d-d
#19 2.867 
packagefile unicode/u
tf8=/root/.cache/go-b
uild/9e/9e23eb231cba1
373f4567258c1258bd672
52280d64ad306b694435d
139734a46-d
#19 2.867 EOF
#19 2.867 /usr/local/
go/pkg/tool/linux_amd
64/compile -o 
$WORK/b121/_pkg_.a 
-trimpath 
"$WORK/b121=>" -p 
regexp/syntax -std 
-complete -buildid BF
Vn18khO78_8JfhXo2O/BF
Vn18khO78_8JfhXo2O 
-goversion go1.21.13 
-c=4 -nolocalimports 
-importcfg 
$WORK/b121/importcfg 
-pack /usr/local/go/s
rc/regexp/syntax/comp
ile.go /usr/local/go/
src/regexp/syntax/doc
.go /usr/local/go/src
/regexp/syntax/op_str
ing.go /usr/local/go/
src/regexp/syntax/par
se.go /usr/local/go/s
rc/regexp/syntax/perl
_groups.go /usr/local
/go/src/regexp/syntax
/prog.go /usr/local/g
o/src/regexp/syntax/r
egexp.go /usr/local/g
o/src/regexp/syntax/s
implify.go
#19 2.868 cat >/tmp/g
o-build4077850697/b12
5/importcfg << 'EOF' 
# internal
#19 2.868 # import 
config
#19 2.868 
packagefile context=/
tmp/go-build407785069
7/b002/_pkg_.a
#19 2.868 
packagefile sync=/roo
t/.cache/go-build/4c/
4c6482b01e9753a401b5c
d5c9c47361a61ab8cef0b
4d6159ff0f0ffb119213f
7-d
#19 2.868 EOF
#19 2.869 /usr/local/
go/pkg/tool/linux_amd
64/compile -o 
$WORK/b125/_pkg_.a 
-trimpath 
"$WORK/b125=>" -p git
hub.com/jackc/pgx/v5/
pgconn/internal/ctxwa
tch -lang=go1.19 
-complete -buildid ar
En3685bhRUcxili5TG/ar
En3685bhRUcxili5TG 
-goversion go1.21.13 
-c=4 -nolocalimports 
-importcfg 
$WORK/b125/importcfg 
-pack /go/pkg/mod/git
hub.com/jackc/pgx/v5@
v5.5.0/pgconn/interna
l/ctxwatch/context_wa
tcher.go
#19 3.204 /usr/local/
go/pkg/tool/linux_amd
64/buildid -w 
$WORK/b122/_pkg_.a # 
internal
#19 3.231 /usr/local/
go/pkg/tool/linux_amd
64/buildid -w 
$WORK/b125/_pkg_.a # 
internal
#19 3.248 cp 
$WORK/b125/_pkg_.a /r
oot/.cache/go-build/a
6/a6d333d695f07295741
45926eaf3dd14cd35def1
aaa9d30b792444c2178b5
ecc-d # internal
#19 3.266 cp 
$WORK/b122/_pkg_.a /r
oot/.cache/go-build/9
e/9e00c1d929314418f69
588aa73a6392e663af765
d48a3650f5519f7436f36
626-d # internal
#19 3.283 golang.org/
x/crypto/pbkdf2
#19 3.284 mkdir -p 
$WORK/b129/
#19 3.295 golang.org/
x/text/internal/tag
#19 3.295 mkdir -p 
$WORK/b135/
#19 3.296 cat >/tmp/g
o-build4077850697/b12
9/importcfg << 'EOF' 
# internal
#19 3.296 # import 
config
#19 3.296 
packagefile crypto/hm
ac=/tmp/go-build40778
50697/b068/_pkg_.a
#19 3.296 
packagefile hash=/roo
t/.cache/go-build/f9/
f9299f5e852c68cdf9886
1fb5877f135f69843b923
7bbf431f6cd7fc80cb0be
1-d
#19 3.296 EOF
#19 3.297 /usr/local/
go/pkg/tool/linux_amd
64/compile -o 
$WORK/b129/_pkg_.a 
-trimpath 
"$WORK/b129=>" -p gol
ang.org/x/crypto/pbkd
f2 -lang=go1.18 
-complete -buildid so
64PErHBuWfpnWH_PNj/so
64PErHBuWfpnWH_PNj 
-goversion go1.21.13 
-c=4 -nolocalimports 
-importcfg 
$WORK/b129/importcfg 
-pack /go/pkg/mod/gol
ang.org/x/crypto@v0.1
6.0/pbkdf2/pbkdf2.go
#19 3.298 cat >/tmp/g
o-build4077850697/b13
5/importcfg << 'EOF' 
# internal
#19 3.298 # import 
config
#19 3.298 
packagefile sort=/roo
t/.cache/go-build/8c/
8c292a4015d12c8dfa15e
cf8a4317ac584bee3989c
3d957a6a78ab6789a029e
e-d
#19 3.298 EOF
#19 3.298 /usr/local/
go/pkg/tool/linux_amd
64/compile -o 
$WORK/b135/_pkg_.a 
-trimpath 
"$WORK/b135=>" -p gol
ang.org/x/text/intern
al/tag -lang=go1.18 
-complete -buildid I5
r4y69N3ohng4JDrRjp/I5
r4y69N3ohng4JDrRjp 
-goversion go1.21.13 
-c=4 -nolocalimports 
-importcfg 
$WORK/b135/importcfg 
-pack /go/pkg/mod/gol
ang.org/x/text@v0.14.
0/internal/tag/tag.go
#19 3.319 /usr/local/
go/pkg/tool/linux_amd
64/buildid -w 
$WORK/b123/_pkg_.a # 
internal
#19 3.341 cp 
$WORK/b123/_pkg_.a /r
oot/.cache/go-build/7
5/75c286b5b820e91f726
23fa184a118f02f39f9a3
0b350e12fdb7f722aab2a
2ca-d # internal
#19 3.344 github.com/
jackc/pgx/v5/pgconn/i
nternal/bgreader
#19 3.344 mkdir -p 
$WORK/b124/
#19 3.353 cat >/tmp/g
o-build4077850697/b12
4/importcfg << 'EOF' 
# internal
#19 3.353 # import 
config
#19 3.353 
packagefile github.co
m/jackc/pgx/v5/intern
al/iobufpool=/tmp/go-
build4077850697/b123/
_pkg_.a
#19 3.353 
packagefile io=/root/
.cache/go-build/3f/3f
759ea3eb56d9d846e0439
5d9dc289bca8f7cfe11f7
7ec63b71910085c89dc3-
d
#19 3.353 
packagefile sync=/roo
t/.cache/go-build/4c/
4c6482b01e9753a401b5c
d5c9c47361a61ab8cef0b
4d6159ff0f0ffb119213f
7-d
#19 3.353 EOF
#19 3.353 /usr/local/
go/pkg/tool/linux_amd
64/compile -o 
$WORK/b124/_pkg_.a 
-trimpath 
"$WORK/b124=>" -p git
hub.com/jackc/pgx/v5/
pgconn/internal/bgrea
der -lang=go1.19 
-complete -buildid QD
g3FfoiZKuxoQX9U3Dh/QD
g3FfoiZKuxoQX9U3Dh 
-goversion go1.21.13 
-c=4 -nolocalimports 
-importcfg 
$WORK/b124/importcfg 
-pack /go/pkg/mod/git
hub.com/jackc/pgx/v5@
v5.5.0/pgconn/interna
l/bgreader/bgreader.g
o
#19 3.355 /usr/local/
go/pkg/tool/linux_amd
64/buildid -w 
$WORK/b082/_pkg_.a # 
internal
#19 3.359 /usr/local/
go/pkg/tool/linux_amd
64/buildid -w 
$WORK/b129/_pkg_.a # 
internal
#19 3.359 cp 
$WORK/b129/_pkg_.a /r
oot/.cache/go-build/c
3/c316e0267fbada65470
175d21ebdc741c8a1339e
ef4c525e74d9cc33e210c
dae-d # internal
#19 3.365 cd /usr/loc
al/go/src/vendor/gola
ng.org/x/sys/cpu
#19 3.365 /usr/local/
go/pkg/tool/linux_amd
64/asm -p vendor/gola
ng.org/x/sys/cpu 
-trimpath 
"$WORK/b115=>" -I 
$WORK/b115/ -I /usr/l
ocal/go/pkg/include 
-D GOOS_linux -D 
GOARCH_amd64 -D 
GOAMD64_v1 -o 
$WORK/b115/cpu_x86.o 
./cpu_x86.s
#19 3.374 /usr/local/
go/pkg/tool/linux_amd
64/pack r 
$WORK/b115/_pkg_.a 
$WORK/b115/cpu_x86.o 
# internal
#19 3.375 /usr/local/
go/pkg/tool/linux_amd
64/buildid -w 
$WORK/b115/_pkg_.a # 
internal
#19 3.379 /usr/local/
go/pkg/tool/linux_amd
64/buildid -w 
$WORK/b104/_pkg_.a # 
internal
#19 3.380 /usr/local/
go/pkg/tool/linux_amd
64/buildid -w 
$WORK/b135/_pkg_.a # 
internal
#19 3.384 cp 
$WORK/b115/_pkg_.a /r
oot/.cache/go-build/d
d/dd7b42ca7f1998d99a7
3fc8909696c12461ec471
86e89878c0093d04948a6
6b4-d # internal
#19 3.386 cp 
$WORK/b082/_pkg_.a /r
oot/.cache/go-build/a
c/acb1399d107eeb47de6
09fdccdca5fd53bfd4a65
aee3eb83111582162b439
93d-d # internal
#19 3.389 vendor/gola
ng.org/x/crypto/chach
a20poly1305
#19 3.389 mkdir -p 
$WORK/b111/
#19 3.390 cp 
$WORK/b135/_pkg_.a /r
oot/.cache/go-build/0
1/0188daebc4581da28d3
58f851911405680cc3364
ac4ad9b68ef6a03fb86e9
9d9-d # internal
#19 3.393 crypto/inte
rnal/nistec
#19 3.393 mkdir -p 
$WORK/b081/
#19 3.394 golang.org/
x/text/internal/langu
age
#19 3.394 cat >/tmp/g
o-build4077850697/b11
1/go_asm.h << 'EOF' 
# internal
#19 3.394 EOF
#19 3.394 cd /usr/loc
al/go/src/vendor/gola
ng.org/x/crypto/chach
a20poly1305
#19 3.394 /usr/local/
go/pkg/tool/linux_amd
64/asm -p vendor/gola
ng.org/x/crypto/chach
a20poly1305 
-trimpath 
"$WORK/b111=>" -I 
$WORK/b111/ -I /usr/l
ocal/go/pkg/include 
-D GOOS_linux -D 
GOARCH_amd64 -D 
GOAMD64_v1 
-gensymabis -o 
$WORK/b111/symabis ./
chacha20poly1305_amd6
4.s
#19 3.395 mkdir -p 
$WORK/b134/
#19 3.397 cat >/tmp/g
o-build4077850697/b08
1/go_asm.h << 'EOF' 
# internal
#19 3.397 EOF
#19 3.397 cd /usr/loc
al/go/src/crypto/inte
rnal/nistec
#19 3.397 /usr/local/
go/pkg/tool/linux_amd
64/asm -p crypto/inte
rnal/nistec 
-trimpath 
"$WORK/b081=>" -I 
$WORK/b081/ -I /usr/l
ocal/go/pkg/include 
-D GOOS_linux -D 
GOARCH_amd64 -D 
GOAMD64_v1 
-gensymabis -o 
$WORK/b081/symabis 
./p256_asm_amd64.s
#19 3.399 cat >/tmp/g
o-build4077850697/b13
4/importcfg << 'EOF' 
# internal
#19 3.399 # import 
config
#19 3.399 
packagefile bytes=/ro
ot/.cache/go-build/26
/26bfdb65b0b94b3a2bdc
e9e4b8bc696e55851d329
688735148e2f1ede7b0cf
7a-d
#19 3.399 
packagefile errors=/r
oot/.cache/go-build/c
c/cc538db122216e44576
167ce460078986584b0ef
8e945f95ba196f2ccc1e3
751-d
#19 3.399 
packagefile fmt=/root
/.cache/go-build/8d/8
d2bdd2fb8d4c3cfa10b37
9579d427d3fa724e4660a
984a3b121b2d6bb7bf576
-d
#19 3.399 
packagefile golang.or
g/x/text/internal/tag
=/tmp/go-build4077850
697/b135/_pkg_.a
#19 3.399 
packagefile sort=/roo
t/.cache/go-build/8c/
8c292a4015d12c8dfa15e
cf8a4317ac584bee3989c
3d957a6a78ab6789a029e
e-d
#19 3.399 
packagefile strconv=/
root/.cache/go-build/
58/58fde322ad123df338
e244ef907f3389ac723cf
56495542c8fa011a9be08
c3b5-d
#19 3.399 
packagefile strings=/
root/.cache/go-build/
bd/bd2b3ffec179fa0086
9c215b39dc97456ad6ec1
7c28e28cbfd770fe90393
d84a-d
#19 3.399 EOF
#19 3.399 cd 
/app/backend
#19 3.399 /usr/local/
go/pkg/tool/linux_amd
64/compile -o 
$WORK/b134/_pkg_.a 
-trimpath 
"$WORK/b134=>" -p gol
ang.org/x/text/intern
al/language 
-lang=go1.18 
-complete -buildid pt
bHDRHviEvHvyYYt7MY/pt
bHDRHviEvHvyYYt7MY 
-goversion go1.21.13 
-c=4 -nolocalimports 
-importcfg 
$WORK/b134/importcfg 
-pack /go/pkg/mod/gol
ang.org/x/text@v0.14.
0/internal/language/c
ommon.go /go/pkg/mod/
golang.org/x/text@v0.
14.0/internal/languag
e/compact.go /go/pkg/
mod/golang.org/x/text
@v0.14.0/internal/lan
guage/compose.go /go/
pkg/mod/golang.org/x/
text@v0.14.0/internal
/language/coverage.go
 /go/pkg/mod/golang.o
rg/x/text@v0.14.0/int
ernal/language/langua
ge.go /go/pkg/mod/gol
ang.org/x/text@v0.14.
0/internal/language/l
ookup.go /go/pkg/mod/
golang.org/x/text@v0.
14.0/internal/languag
e/match.go /go/pkg/mo
d/golang.org/x/text@v
0.14.0/internal/langu
age/parse.go /go/pkg/
mod/golang.org/x/text
@v0.14.0/internal/lan
guage/tables.go /go/p
kg/mod/golang.org/x/t
ext@v0.14.0/internal/
language/tags.go
#19 3.406 /usr/local/
go/pkg/tool/linux_amd
64/buildid -w 
$WORK/b124/_pkg_.a # 
internal
#19 3.410 cp 
$WORK/b124/_pkg_.a /r
oot/.cache/go-build/9
5/9597ce5e348a96e5c75
da45f6663274cfa32f830
b347baf52ee9525ba2ed9
9c9-d # internal
#19 3.410 golang.org/
x/text/transform
#19 3.414 cp 
$WORK/b104/_pkg_.a /r
oot/.cache/go-build/1
a/1a07631b23b03e6bc7a
0722fbf023ba890226f33
72f583739a24ef71b8c09
fed-d # internal
#19 3.414 mkdir -p 
$WORK/b137/
#19 3.415 cat >/tmp/g
o-build4077850697/b08
1/importcfg << 'EOF' 
# internal
#19 3.415 # import 
config
#19 3.415 
packagefile crypto/in
ternal/nistec/fiat=/t
mp/go-build4077850697
/b082/_pkg_.a
#19 3.415 
packagefile crypto/su
btle=/tmp/go-build407
7850697/b056/_pkg_.a
#19 3.415 
packagefile embed=/tm
p/go-build4077850697/
b083/_pkg_.a
#19 3.415 
packagefile encoding/
binary=/root/.cache/g
o-build/60/60ee0c1856
a489c23506aab75becee4
a0c32342fd3865aa463f6
af25ea3c69f8-d
#19 3.415 
packagefile errors=/r
oot/.cache/go-build/c
c/cc538db122216e44576
167ce460078986584b0ef
8e945f95ba196f2ccc1e3
751-d
#19 3.415 
packagefile math/bits
=/root/.cache/go-buil
d/3d/3d8e372dde88f554
f59147ec97a2c135b2971
03eef9e14b1868ffbcb3e
065db5-d
#19 3.415 
packagefile runtime=/
root/.cache/go-build/
29/29c63df92edda48c2d
238c8dd2f7cf6a13536c0
3e2f03a25a6439694804b
49ca-d
#19 3.415 
packagefile sync=/roo
t/.cache/go-build/4c/
4c6482b01e9753a401b5c
d5c9c47361a61ab8cef0b
4d6159ff0f0ffb119213f
7-d
#19 3.415 EOF
#19 3.415 cat >/tmp/g
o-build4077850697/b08
1/embedcfg << 'EOF' 
# internal
#19 3.415 {
#19 3.415 	
"Patterns": {
#19 3.415 		"p256_asm
_table.bin": [
#19 3.415 			
"p256_asm_table.bin"
#19 3.415 		]
#19 3.415 	},
#19 3.415 	"Files": {
#19 3.415 		"p256_asm
_table.bin": "/usr/lo
cal/go/src/crypto/int
ernal/nistec/p256_asm
_table.bin"
#19 3.415 	}
#19 3.415 }EOF
#19 3.416 /usr/local/
go/pkg/tool/linux_amd
64/buildid -w 
$WORK/b107/_pkg_.a # 
internal
#19 3.419 
log/internal
#19 3.423 /usr/local/
go/pkg/tool/linux_amd
64/compile -o 
$WORK/b081/_pkg_.a 
-trimpath 
"$WORK/b081=>" -p cry
pto/internal/nistec 
-std -buildid pEBov5v
LOFBZkJInr1Nz/pEBov5v
LOFBZkJInr1Nz 
-goversion go1.21.13 
-symabis 
$WORK/b081/symabis 
-c=4 -nolocalimports 
-importcfg 
$WORK/b081/importcfg 
-embedcfg 
$WORK/b081/embedcfg 
-pack -asmhdr 
$WORK/b081/go_asm.h /
usr/local/go/src/cryp
to/internal/nistec/ni
stec.go /usr/local/go
/src/crypto/internal/
nistec/p224.go /usr/l
ocal/go/src/crypto/in
ternal/nistec/p224_sq
rt.go /usr/local/go/s
rc/crypto/internal/ni
stec/p256_asm.go /usr
/local/go/src/crypto/
internal/nistec/p256_
ordinv.go /usr/local/
go/src/crypto/interna
l/nistec/p384.go /usr
/local/go/src/crypto/
internal/nistec/p521.
go
#19 3.423 mkdir -p 
$WORK/b143/
#19 3.423 cat >/tmp/g
o-build4077850697/b13
7/importcfg << 'EOF' 
# internal
#19 3.423 # import 
config
#19 3.423 
packagefile bytes=/ro
ot/.cache/go-build/26
/26bfdb65b0b94b3a2bdc
e9e4b8bc696e55851d329
688735148e2f1ede7b0cf
7a-d
#19 3.423 
packagefile errors=/r
oot/.cache/go-build/c
c/cc538db122216e44576
167ce460078986584b0ef
8e945f95ba196f2ccc1e3
751-d
#19 3.423 
packagefile io=/root/
.cache/go-build/3f/3f
759ea3eb56d9d846e0439
5d9dc289bca8f7cfe11f7
7ec63b71910085c89dc3-
d
#19 3.423 
packagefile unicode/u
tf8=/root/.cache/go-b
uild/9e/9e23eb231cba1
373f4567258c1258bd672
52280d64ad306b694435d
139734a46-d
#19 3.423 EOF
#19 3.424 /usr/local/
go/pkg/tool/linux_amd
64/compile -o 
$WORK/b137/_pkg_.a 
-trimpath 
"$WORK/b137=>" -p gol
ang.org/x/text/transf
orm -lang=go1.18 
-complete -buildid gv
ooPAJjIN9nOWn72YHS/gv
ooPAJjIN9nOWn72YHS 
-goversion go1.21.13 
-c=4 -nolocalimports 
-importcfg 
$WORK/b137/importcfg 
-pack /go/pkg/mod/gol
ang.org/x/text@v0.14.
0/transform/transform
.go
#19 3.424 cat >/tmp/g
o-build4077850697/b14
3/importcfg << 'EOF' 
# internal
#19 3.424 # import 
config
#19 3.424 EOF
#19 3.427 /usr/local/
go/pkg/tool/linux_amd
64/compile -o 
$WORK/b143/_pkg_.a 
-trimpath 
"$WORK/b143=>" -p 
log/internal -std 
-complete -buildid aB
zj8Z0FFFfTWoX50jBg/aB
zj8Z0FFFfTWoX50jBg 
-goversion go1.21.13 
-c=4 -nolocalimports 
-importcfg 
$WORK/b143/importcfg 
-pack /usr/local/go/s
rc/log/internal/inter
nal.go
#19 3.438 github.com/
jackc/pgx/v5/pgproto3
#19 3.438 mkdir -p 
$WORK/b126/
#19 3.438 cat >/tmp/g
o-build4077850697/b12
6/importcfg << 'EOF' 
# internal
#19 3.438 # import 
config
#19 3.438 
packagefile bytes=/ro
ot/.cache/go-build/26
/26bfdb65b0b94b3a2bdc
e9e4b8bc696e55851d329
688735148e2f1ede7b0cf
7a-d
#19 3.438 
packagefile encoding/
binary=/root/.cache/g
o-build/60/60ee0c1856
a489c23506aab75becee4
a0c32342fd3865aa463f6
af25ea3c69f8-d
#19 3.438 
packagefile encoding/
hex=/tmp/go-build4077
850697/b060/_pkg_.a
#19 3.438 
packagefile encoding/
json=/root/.cache/go-
build/24/24b182ff5489
86c89789a12c55fb81afb
414b3198c5ea571b2fb29
a5b25c22be-d
#19 3.438 
packagefile errors=/r
oot/.cache/go-build/c
c/cc538db122216e44576
167ce460078986584b0ef
8e945f95ba196f2ccc1e3
751-d
#19 3.438 
packagefile fmt=/root
/.cache/go-build/8d/8
d2bdd2fb8d4c3cfa10b37
9579d427d3fa724e4660a
984a3b121b2d6bb7bf576
-d
#19 3.438 
packagefile github.co
m/jackc/pgx/v5/intern
al/iobufpool=/tmp/go-
build4077850697/b123/
_pkg_.a
#19 3.438 
packagefile github.co
m/jackc/pgx/v5/intern
al/pgio=/tmp/go-build
4077850697/b063/_pkg_
.a
#19 3.438 
packagefile io=/root/
.cache/go-build/3f/3f
759ea3eb56d9d846e0439
5d9dc289bca8f7cfe11f7
7ec63b71910085c89dc3-
d
#19 3.438 
packagefile strconv=/
root/.cache/go-build/
58/58fde322ad123df338
e244ef907f3389ac723cf
56495542c8fa011a9be08
c3b5-d
#19 3.438 
packagefile strings=/
root/.cache/go-build/
bd/bd2b3ffec179fa0086
9c215b39dc97456ad6ec1
7c28e28cbfd770fe90393
d84a-d
#19 3.438 
packagefile sync=/roo
t/.cache/go-build/4c/
4c6482b01e9753a401b5c
d5c9c47361a61ab8cef0b
4d6159ff0f0ffb119213f
7-d
#19 3.438 
packagefile time=/roo
t/.cache/go-build/4e/
4e73c8606deed2138edca
3302af2287f9f43cefd6d
141d85ab675d2b3f4052e
c-d
#19 3.438 EOF
#19 3.438 /usr/local/
go/pkg/tool/linux_amd
64/compile -o 
$WORK/b126/_pkg_.a 
-trimpath 
"$WORK/b126=>" -p git
hub.com/jackc/pgx/v5/
pgproto3 
-lang=go1.19 
-complete -buildid xS
ewsbH6z8swhb6chVQ2/xS
ewsbH6z8swhb6chVQ2 
-goversion go1.21.13 
-c=4 -nolocalimports 
-importcfg 
$WORK/b126/importcfg 
-pack /go/pkg/mod/git
hub.com/jackc/pgx/v5@
v5.5.0/pgproto3/authe
ntication_cleartext_p
assword.go /go/pkg/mo
d/github.com/jackc/pg
x/v5@v5.5.0/pgproto3/
authentication_gss.go
 /go/pkg/mod/github.c
om/jackc/pgx/v5@v5.5.
0/pgproto3/authentica
tion_gss_continue.go 
/go/pkg/mod/github.co
m/jackc/pgx/v5@v5.5.0
/pgproto3/authenticat
ion_md5_password.go /
go/pkg/mod/github.com
/jackc/pgx/v5@v5.5.0/
pgproto3/authenticati
on_ok.go /go/pkg/mod/
github.com/jackc/pgx/
v5@v5.5.0/pgproto3/au
thentication_sasl.go 
/go/pkg/mod/github.co
m/jackc/pgx/v5@v5.5.0
/pgproto3/authenticat
ion_sasl_continue.go 
/go/pkg/mod/github.co
m/jackc/pgx/v5@v5.5.0
/pgproto3/authenticat
ion_sasl_final.go /go
/pkg/mod/github.com/j
ackc/pgx/v5@v5.5.0/pg
proto3/backend.go /go
/pkg/mod/github.com/j
ackc/pgx/v5@v5.5.0/pg
proto3/backend_key_da
ta.go /go/pkg/mod/git
hub.com/jackc/pgx/v5@
v5.5.0/pgproto3/big_e
ndian.go /go/pkg/mod/
github.com/jackc/pgx/
v5@v5.5.0/pgproto3/bi
nd.go /go/pkg/mod/git
hub.com/jackc/pgx/v5@
v5.5.0/pgproto3/bind_
complete.go /go/pkg/m
od/github.com/jackc/p
gx/v5@v5.5.0/pgproto3
/cancel_request.go /g
o/pkg/mod/github.com/
jackc/pgx/v5@v5.5.0/p
gproto3/chunkreader.g
o /go/pkg/mod/github.
com/jackc/pgx/v5@v5.5
.0/pgproto3/close.go 
/go/pkg/mod/github.co
m/jackc/pgx/v5@v5.5.0
/pgproto3/close_compl
ete.go /go/pkg/mod/gi
thub.com/jackc/pgx/v5
@v5.5.0/pgproto3/comm
and_complete.go /go/p
kg/mod/github.com/jac
kc/pgx/v5@v5.5.0/pgpr
oto3/copy_both_respon
se.go /go/pkg/mod/git
hub.com/jackc/pgx/v5@
v5.5.0/pgproto3/copy_
data.go /go/pkg/mod/g
ithub.com/jackc/pgx/v
5@v5.5.0/pgproto3/cop
y_done.go /go/pkg/mod
/github.com/jackc/pgx
/v5@v5.5.0/pgproto3/c
opy_fail.go /go/pkg/m
od/github.com/jackc/p
gx/v5@v5.5.0/pgproto3
/copy_in_response.go 
/go/pkg/mod/github.co
m/jackc/pgx/v5@v5.5.0
/pgproto3/copy_out_re
sponse.go /go/pkg/mod
/github.com/jackc/pgx
/v5@v5.5.0/pgproto3/d
ata_row.go /go/pkg/mo
d/github.com/jackc/pg
x/v5@v5.5.0/pgproto3/
describe.go /go/pkg/m
od/github.com/jackc/p
gx/v5@v5.5.0/pgproto3
/doc.go /go/pkg/mod/g
ithub.com/jackc/pgx/v
5@v5.5.0/pgproto3/emp
ty_query_response.go 
/go/pkg/mod/github.co
m/jackc/pgx/v5@v5.5.0
/pgproto3/error_respo
nse.go /go/pkg/mod/gi
thub.com/jackc/pgx/v5
@v5.5.0/pgproto3/exec
ute.go /go/pkg/mod/gi
thub.com/jackc/pgx/v5
@v5.5.0/pgproto3/flus
h.go /go/pkg/mod/gith
ub.com/jackc/pgx/v5@v
5.5.0/pgproto3/fronte
nd.go /go/pkg/mod/git
hub.com/jackc/pgx/v5@
v5.5.0/pgproto3/funct
ion_call.go /go/pkg/m
od/github.com/jackc/p
gx/v5@v5.5.0/pgproto3
/function_call_respon
se.go /go/pkg/mod/git
hub.com/jackc/pgx/v5@
v5.5.0/pgproto3/gss_e
nc_request.go /go/pkg
/mod/github.com/jackc
/pgx/v5@v5.5.0/pgprot
o3/gss_response.go /g
o/pkg/mod/github.com/
jackc/pgx/v5@v5.5.0/p
gproto3/no_data.go /g
o/pkg/mod/github.com/
jackc/pgx/v5@v5.5.0/p
gproto3/notice_respon
se.go /go/pkg/mod/git
hub.com/jackc/pgx/v5@
v5.5.0/pgproto3/notif
ication_response.go /
go/pkg/mod/github.com
/jackc/pgx/v5@v5.5.0/
pgproto3/parameter_de
scription.go /go/pkg/
mod/github.com/jackc/
pgx/v5@v5.5.0/pgproto
3/parameter_status.go
 /go/pkg/mod/github.c
om/jackc/pgx/v5@v5.5.
0/pgproto3/parse.go /
go/pkg/mod/github.com
/jackc/pgx/v5@v5.5.0/
pgproto3/parse_comple
te.go /go/pkg/mod/git
hub.com/jackc/pgx/v5@
v5.5.0/pgproto3/passw
ord_message.go /go/pk
g/mod/github.com/jack
c/pgx/v5@v5.5.0/pgpro
to3/pgproto3.go /go/p
kg/mod/github.com/jac
kc/pgx/v5@v5.5.0/pgpr
oto3/portal_suspended
.go /go/pkg/mod/githu
b.com/jackc/pgx/v5@v5
.5.0/pgproto3/query.g
o /go/pkg/mod/github.
com/jackc/pgx/v5@v5.5
.0/pgproto3/ready_for
_query.go /go/pkg/mod
/github.com/jackc/pgx
/v5@v5.5.0/pgproto3/r
ow_description.go /go
/pkg/mod/github.com/j
ackc/pgx/v5@v5.5.0/pg
proto3/sasl_initial_r
esponse.go /go/pkg/mo
d/github.com/jackc/pg
x/v5@v5.5.0/pgproto3/
sasl_response.go /go/
pkg/mod/github.com/ja
ckc/pgx/v5@v5.5.0/pgp
roto3/ssl_request.go 
/go/pkg/mod/github.co
m/jackc/pgx/v5@v5.5.0
/pgproto3/startup_mes
sage.go /go/pkg/mod/g
ithub.com/jackc/pgx/v
5@v5.5.0/pgproto3/syn
c.go /go/pkg/mod/gith
ub.com/jackc/pgx/v5@v
5.5.0/pgproto3/termin
ate.go /go/pkg/mod/gi
thub.com/jackc/pgx/v5
@v5.5.0/pgproto3/trac
e.go
#19 3.442 cp 
$WORK/b107/_pkg_.a /r
oot/.cache/go-build/a
6/a6ff409ecb1ebc99337
c8d6d636d6705946fb72f
8835f587ad789ecb825f1
e31-d # internal
#19 3.455 net
#19 3.455 mkdir -p 
$WORK/b103/
#19 3.461 cat >/tmp/g
o-build4077850697/b11
1/importcfg << 'EOF' 
# internal
#19 3.461 # import 
config
#19 3.461 importmap g
olang.org/x/crypto/ch
acha20=vendor/golang.
org/x/crypto/chacha20
#19 3.461 importmap g
olang.org/x/crypto/in
ternal/alias=vendor/g
olang.org/x/crypto/in
ternal/alias
#19 3.461 importmap g
olang.org/x/crypto/in
ternal/poly1305=vendo
r/golang.org/x/crypto
/internal/poly1305
#19 3.461 importmap g
olang.org/x/sys/cpu=v
endor/golang.org/x/sy
s/cpu
#19 3.461 
packagefile crypto/ci
pher=/tmp/go-build407
7850697/b054/_pkg_.a
#19 3.461 
packagefile encoding/
binary=/root/.cache/g
o-build/60/60ee0c1856
a489c23506aab75becee4
a0c32342fd3865aa463f6
af25ea3c69f8-d
#19 3.461 
packagefile errors=/r
oot/.cache/go-build/c
c/cc538db122216e44576
167ce460078986584b0ef
8e945f95ba196f2ccc1e3
751-d
#19 3.461 
packagefile vendor/go
lang.org/x/crypto/cha
cha20=/tmp/go-build40
77850697/b112/_pkg_.a
#19 3.461 
packagefile vendor/go
lang.org/x/crypto/int
ernal/alias=/tmp/go-b
uild4077850697/b113/_
pkg_.a
#19 3.461 
packagefile vendor/go
lang.org/x/crypto/int
ernal/poly1305=/tmp/g
o-build4077850697/b11
4/_pkg_.a
#19 3.461 
packagefile vendor/go
lang.org/x/sys/cpu=/t
mp/go-build4077850697
/b115/_pkg_.a
#19 3.461 EOF
#19 3.461 /usr/local/
go/pkg/tool/linux_amd
64/buildid -w 
$WORK/b143/_pkg_.a # 
internal
#19 3.461 cat >/tmp/g
o-build4077850697/b10
3/importcfg << 'EOF' 
# internal
#19 3.461 # import 
config
#19 3.461 importmap g
olang.org/x/net/dns/d
nsmessage=vendor/gola
ng.org/x/net/dns/dnsm
essage
#19 3.461 
packagefile context=/
tmp/go-build407785069
7/b002/_pkg_.a
#19 3.461 
packagefile errors=/r
oot/.cache/go-build/c
c/cc538db122216e44576
167ce460078986584b0ef
8e945f95ba196f2ccc1e3
751-d
#19 3.461 
packagefile vendor/go
lang.org/x/net/dns/dn
smessage=/tmp/go-buil
d4077850697/b104/_pkg
_.a
#19 3.461 
packagefile internal/
bytealg=/root/.cache/
go-build/5e/5e4082908
0e51e442116364799735e
e516ee8bc2fe11aa200ae
a912862f68097-d
#19 3.461 
packagefile internal/
godebug=/root/.cache/
go-build/4d/4ded5b823
09d52c06c6819d7801d7f
e3907563d1434b543fd85
cb94bafd7a78c-d
#19 3.461 
packagefile internal/
itoa=/root/.cache/go-
build/48/48c57af31fd4
fd0113cf0cc4b811c06fa
522e1689722f004dc3ad9
bddd6bcbc0-d
#19 3.461 
packagefile internal/
nettrace=/tmp/go-buil
d4077850697/b105/_pkg
_.a
#19 3.461 
packagefile internal/
poll=/root/.cache/go-
build/b3/b3ec515a5804
6f2b623c5f8a3514b3a2d
c831922d9a55f75b6032b
1b73edfc82-d
#19 3.461 
packagefile internal/
singleflight=/tmp/go-
build4077850697/b106/
_pkg_.a
#19 3.461 
packagefile internal/
syscall/unix=/root/.c
ache/go-build/fe/fe61
bba3f28e64d4e79a2685c
8230762bda484ce4b4d08
c4e459c6784c4969ce-d
#19 3.461 
packagefile io=/root/
.cache/go-build/3f/3f
759ea3eb56d9d846e0439
5d9dc289bca8f7cfe11f7
7ec63b71910085c89dc3-
d
#19 3.461 
packagefile io/fs=/ro
ot/.cache/go-build/f1
/f1b2f94d4f1c86707558
b8b2ec2b5afceb843f066
df0a475502965262d9dd3
07-d
#19 3.461 
packagefile net/netip
=/tmp/go-build4077850
697/b107/_pkg_.a
#19 3.461 
packagefile os=/root/
.cache/go-build/43/43
f674b9b17ec091d423d79
d19d3a58814383e28d032
db985101a3bdb2c0e9c5-
d
#19 3.461 
packagefile runtime=/
root/.cache/go-build/
29/29c63df92edda48c2d
238c8dd2f7cf6a13536c0
3e2f03a25a6439694804b
49ca-d
#19 3.461 
packagefile sort=/roo
t/.cache/go-build/8c/
8c292a4015d12c8dfa15e
cf8a4317ac584bee3989c
3d957a6a78ab6789a029e
e-d
#19 3.461 
packagefile sync=/roo
t/.cache/go-build/4c/
4c6482b01e9753a401b5c
d5c9c47361a61ab8cef0b
4d6159ff0f0ffb119213f
7-d
#19 3.461 
packagefile sync/atom
ic=/root/.cache/go-bu
ild/5c/5c613f23c43dbb
b8db154f810343deece99
a58007c2c3824ed73bae8
64bc9b9d-d
#19 3.461 
packagefile syscall=/
root/.cache/go-build/
6c/6cb2057e6dcb8c1e51
9e6658b10448ea4b2c318
9f26805143f72256cb362
936c-d
#19 3.461 
packagefile time=/roo
t/.cache/go-build/4e/
4e73c8606deed2138edca
3302af2287f9f43cefd6d
141d85ab675d2b3f4052e
c-d
#19 3.461 EOF
#19 3.461 /usr/local/
go/pkg/tool/linux_amd
64/compile -o 
$WORK/b103/_pkg_.a 
-trimpath 
"$WORK/b103=>" -p 
net -std -buildid dnR
3wYF3M8GO0eyuFF0G/dnR
3wYF3M8GO0eyuFF0G 
-goversion go1.21.13 
-c=4 -nolocalimports 
-importcfg 
$WORK/b103/importcfg 
-pack /usr/local/go/s
rc/net/addrselect.go 
/usr/local/go/src/net
/cgo_stub.go /usr/loc
al/go/src/net/conf.go
 /usr/local/go/src/ne
t/dial.go /usr/local/
go/src/net/dnsclient.
go /usr/local/go/src/
net/dnsclient_unix.go
 /usr/local/go/src/ne
t/dnsconfig.go /usr/l
ocal/go/src/net/dnsco
nfig_unix.go /usr/loc
al/go/src/net/error_p
osix.go /usr/local/go
/src/net/error_unix.g
o /usr/local/go/src/n
et/fd_posix.go /usr/l
ocal/go/src/net/fd_un
ix.go /usr/local/go/s
rc/net/file.go /usr/l
ocal/go/src/net/file_
unix.go /usr/local/go
/src/net/hook.go /usr
/local/go/src/net/hoo
k_unix.go /usr/local/
go/src/net/hosts.go /
usr/local/go/src/net/
interface.go /usr/loc
al/go/src/net/interfa
ce_linux.go /usr/loca
l/go/src/net/ip.go /u
sr/local/go/src/net/i
prawsock.go /usr/loca
l/go/src/net/iprawsoc
k_posix.go /usr/local
/go/src/net/ipsock.go
 /usr/local/go/src/ne
t/ipsock_posix.go /us
r/local/go/src/net/lo
okup.go /usr/local/go
/src/net/lookup_unix.
go /usr/local/go/src/
net/mac.go /usr/local
/go/src/net/mptcpsock
_linux.go /usr/local/
go/src/net/net.go /us
r/local/go/src/net/ne
tcgo_off.go /usr/loca
l/go/src/net/netgo_of
f.go /usr/local/go/sr
c/net/nss.go /usr/loc
al/go/src/net/parse.g
o /usr/local/go/src/n
et/pipe.go /usr/local
/go/src/net/port.go /
usr/local/go/src/net/
port_unix.go /usr/loc
al/go/src/net/rawconn
.go /usr/local/go/src
/net/sendfile_linux.g
o /usr/local/go/src/n
et/sock_cloexec.go /u
sr/local/go/src/net/s
ock_linux.go /usr/loc
al/go/src/net/sock_po
six.go /usr/local/go/
src/net/sockaddr_posi
x.go /usr/local/go/sr
c/net/sockopt_linux.g
o /usr/local/go/src/n
et/sockopt_posix.go /
usr/local/go/src/net/
sockoptip_linux.go /u
sr/local/go/src/net/s
ockoptip_posix.go /us
r/local/go/src/net/sp
lice_linux.go /usr/lo
cal/go/src/net/tcpsoc
k.go /usr/local/go/sr
c/net/tcpsock_posix.g
o /usr/local/go/src/n
et/tcpsockopt_posix.g
o /usr/local/go/src/n
et/tcpsockopt_unix.go
 /usr/local/go/src/ne
t/udpsock.go /usr/loc
al/go/src/net/udpsock
_posix.go /usr/local/
go/src/net/unixsock.g
o /usr/local/go/src/n
et/unixsock_posix.go 
/usr/local/go/src/net
/unixsock_readmsg_cms
g_cloexec.go /usr/loc
al/go/src/net/writev_
unix.go
#19 3.461 cp 
$WORK/b143/_pkg_.a /r
oot/.cache/go-build/a
6/a6ceaea265be540daea
61ee56d2e313aa53ac9ae
7367b1c9fc94ed79b42e2
c75-d # internal
#19 3.461 log
#19 3.461 mkdir -p 
$WORK/b142/
#19 3.461 cat >/tmp/g
o-build4077850697/b14
2/importcfg << 'EOF' 
# internal
#19 3.461 # import 
config
#19 3.461 
packagefile fmt=/root
/.cache/go-build/8d/8
d2bdd2fb8d4c3cfa10b37
9579d427d3fa724e4660a
984a3b121b2d6bb7bf576
-d
#19 3.461 
packagefile io=/root/
.cache/go-build/3f/3f
759ea3eb56d9d846e0439
5d9dc289bca8f7cfe11f7
7ec63b71910085c89dc3-
d
#19 3.461 
packagefile log/inter
nal=/tmp/go-build4077
850697/b143/_pkg_.a
#19 3.461 
packagefile os=/root/
.cache/go-build/43/43
f674b9b17ec091d423d79
d19d3a58814383e28d032
db985101a3bdb2c0e9c5-
d
#19 3.461 
packagefile runtime=/
root/.cache/go-build/
29/29c63df92edda48c2d
238c8dd2f7cf6a13536c0
3e2f03a25a6439694804b
49ca-d
#19 3.461 
packagefile sync=/roo
t/.cache/go-build/4c/
4c6482b01e9753a401b5c
d5c9c47361a61ab8cef0b
4d6159ff0f0ffb119213f
7-d
#19 3.461 
packagefile sync/atom
ic=/root/.cache/go-bu
ild/5c/5c613f23c43dbb
b8db154f810343deece99
a58007c2c3824ed73bae8
64bc9b9d-d
#19 3.461 
packagefile time=/roo
t/.cache/go-build/4e/
4e73c8606deed2138edca
3302af2287f9f43cefd6d
141d85ab675d2b3f4052e
c-d
#19 3.461 EOF
#19 3.464 /usr/local/
go/pkg/tool/linux_amd
64/compile -o 
$WORK/b142/_pkg_.a 
-trimpath 
"$WORK/b142=>" -p 
log -std -complete 
-buildid DCHoLyowsOKm
ItTSAQdT/DCHoLyowsOKm
ItTSAQdT -goversion 
go1.21.13 -c=4 
-nolocalimports 
-importcfg 
$WORK/b142/importcfg 
-pack /usr/local/go/s
rc/log/log.go
#19 3.464 /usr/local/
go/pkg/tool/linux_amd
64/compile -o 
$WORK/b111/_pkg_.a 
-trimpath 
"$WORK/b111=>" -p ven
dor/golang.org/x/cryp
to/chacha20poly1305 
-std -buildid K9sc8sj
mj7oESQkQFD2Q/K9sc8sj
mj7oESQkQFD2Q 
-goversion go1.21.13 
-symabis 
$WORK/b111/symabis 
-c=4 -nolocalimports 
-importcfg 
$WORK/b111/importcfg 
-pack -asmhdr 
$WORK/b111/go_asm.h /
usr/local/go/src/vend
or/golang.org/x/crypt
o/chacha20poly1305/ch
acha20poly1305.go /us
r/local/go/src/vendor
/golang.org/x/crypto/
chacha20poly1305/chac
ha20poly1305_amd64.go
 /usr/local/go/src/ve
ndor/golang.org/x/cry
pto/chacha20poly1305/
chacha20poly1305_gene
ric.go /usr/local/go/
src/vendor/golang.org
/x/crypto/chacha20pol
y1305/xchacha20poly13
05.go
#19 3.522 /usr/local/
go/pkg/tool/linux_amd
64/buildid -w 
$WORK/b137/_pkg_.a # 
internal
#19 3.529 cp 
$WORK/b137/_pkg_.a /r
oot/.cache/go-build/0
c/0c93a0f4d973e22d185
9038f5c4f91e7fbbee6f7
23453cbab0c253fa74ead
c97-d # internal
#19 3.536 golang.org/
x/text/unicode/norm
#19 3.536 mkdir -p 
$WORK/b138/
#19 3.536 cat >/tmp/g
o-build4077850697/b13
8/importcfg << 'EOF' 
# internal
#19 3.536 # import 
config
#19 3.536 
packagefile encoding/
binary=/root/.cache/g
o-build/60/60ee0c1856
a489c23506aab75becee4
a0c32342fd3865aa463f6
af25ea3c69f8-d
#19 3.536 
packagefile fmt=/root
/.cache/go-build/8d/8
d2bdd2fb8d4c3cfa10b37
9579d427d3fa724e4660a
984a3b121b2d6bb7bf576
-d
#19 3.536 
packagefile golang.or
g/x/text/transform=/t
mp/go-build4077850697
/b137/_pkg_.a
#19 3.536 
packagefile io=/root/
.cache/go-build/3f/3f
759ea3eb56d9d846e0439
5d9dc289bca8f7cfe11f7
7ec63b71910085c89dc3-
d
#19 3.536 
packagefile sync=/roo
t/.cache/go-build/4c/
4c6482b01e9753a401b5c
d5c9c47361a61ab8cef0b
4d6159ff0f0ffb119213f
7-d
#19 3.536 
packagefile unicode/u
tf8=/root/.cache/go-b
uild/9e/9e23eb231cba1
373f4567258c1258bd672
52280d64ad306b694435d
139734a46-d
#19 3.536 EOF
#19 3.547 /usr/local/
go/pkg/tool/linux_amd
64/compile -o 
$WORK/b138/_pkg_.a 
-trimpath 
"$WORK/b138=>" -p gol
ang.org/x/text/unicod
e/norm -lang=go1.18 
-complete -buildid eg
dZu8wuBCGmm-XgoUOz/eg
dZu8wuBCGmm-XgoUOz 
-goversion go1.21.13 
-c=4 -nolocalimports 
-importcfg 
$WORK/b138/importcfg 
-pack /go/pkg/mod/gol
ang.org/x/text@v0.14.
0/unicode/norm/compos
ition.go /go/pkg/mod/
golang.org/x/text@v0.
14.0/unicode/norm/for
minfo.go /go/pkg/mod/
golang.org/x/text@v0.
14.0/unicode/norm/inp
ut.go /go/pkg/mod/gol
ang.org/x/text@v0.14.
0/unicode/norm/iter.g
o /go/pkg/mod/golang.
org/x/text@v0.14.0/un
icode/norm/normalize.
go /go/pkg/mod/golang
.org/x/text@v0.14.0/u
nicode/norm/readwrite
r.go /go/pkg/mod/gola
ng.org/x/text@v0.14.0
/unicode/norm/tables1
5.0.0.go /go/pkg/mod/
golang.org/x/text@v0.
14.0/unicode/norm/tra
nsform.go /go/pkg/mod
/golang.org/x/text@v0
.14.0/unicode/norm/tr
ie.go
#19 3.596 cd /usr/loc
al/go/src/vendor/gola
ng.org/x/crypto/chach
a20poly1305
#19 3.596 /usr/local/
go/pkg/tool/linux_amd
64/asm -p vendor/gola
ng.org/x/crypto/chach
a20poly1305 
-trimpath 
"$WORK/b111=>" -I 
$WORK/b111/ -I /usr/l
ocal/go/pkg/include 
-D GOOS_linux -D 
GOARCH_amd64 -D 
GOAMD64_v1 -o $WORK/b
111/chacha20poly1305_
amd64.o ./chacha20pol
y1305_amd64.s
#19 3.678 /usr/local/
go/pkg/tool/linux_amd
64/buildid -w 
$WORK/b142/_pkg_.a # 
internal
#19 3.689 cp 
$WORK/b142/_pkg_.a /r
oot/.cache/go-build/3
8/387c2aa70ab9d764274
c2f82151b9066ec84da4d
4d57459c0bdb7ea7fb25b
09e-d # internal
#19 3.695 golang.org/
x/text/runes
#19 3.697 mkdir -p 
$WORK/b139/
#19 3.702 cat >/tmp/g
o-build4077850697/b13
9/importcfg << 'EOF' 
# internal
#19 3.702 # import 
config
#19 3.702 
packagefile golang.or
g/x/text/transform=/t
mp/go-build4077850697
/b137/_pkg_.a
#19 3.702 
packagefile unicode=/
root/.cache/go-build/
5c/5cc4ed7fed5271c4f9
b13a58dc4b0fedd203628
562244eeb2b81d3cea617
d31d-d
#19 3.702 
packagefile unicode/u
tf8=/root/.cache/go-b
uild/9e/9e23eb231cba1
373f4567258c1258bd672
52280d64ad306b694435d
139734a46-d
#19 3.702 EOF
#19 3.704 cd 
/app/backend
#19 3.704 /usr/local/
go/pkg/tool/linux_amd
64/compile -o 
$WORK/b139/_pkg_.a 
-trimpath 
"$WORK/b139=>" -p gol
ang.org/x/text/runes 
-lang=go1.18 
-complete -buildid h-
NdZSvX7h5n-Y506whX/h-
NdZSvX7h5n-Y506whX 
-goversion go1.21.13 
-c=4 -nolocalimports 
-importcfg 
$WORK/b139/importcfg 
-pack /go/pkg/mod/gol
ang.org/x/text@v0.14.
0/runes/cond.go /go/p
kg/mod/golang.org/x/t
ext@v0.14.0/runes/run
es.go
#19 3.721 cd /usr/loc
al/go/src/vendor/gola
ng.org/x/crypto/chach
a20poly1305
#19 3.721 /usr/local/
go/pkg/tool/linux_amd
64/pack r 
$WORK/b111/_pkg_.a $W
ORK/b111/chacha20poly
1305_amd64.o # 
internal
#19 3.721 /usr/local/
go/pkg/tool/linux_amd
64/buildid -w 
$WORK/b111/_pkg_.a # 
internal
#19 3.731 cp 
$WORK/b111/_pkg_.a /r
oot/.cache/go-build/f
c/fcfdc69019609c76f8c
6ad53fbc3aba31f3f30bb
3d2f3dafdb2f86b7d3f9a
d33-d # internal
#19 3.747 golang.org/
x/text/unicode/bidi
#19 3.747 mkdir -p 
$WORK/b141/
#19 3.750 cat >/tmp/g
o-build4077850697/b14
1/importcfg << 'EOF' 
# internal
#19 3.750 # import 
config
#19 3.750 
packagefile bytes=/ro
ot/.cache/go-build/26
/26bfdb65b0b94b3a2bdc
e9e4b8bc696e55851d329
688735148e2f1ede7b0cf
7a-d
#19 3.750 
packagefile container
/list=/tmp/go-build40
77850697/b066/_pkg_.a
#19 3.750 
packagefile fmt=/root
/.cache/go-build/8d/8
d2bdd2fb8d4c3cfa10b37
9579d427d3fa724e4660a
984a3b121b2d6bb7bf576
-d
#19 3.750 
packagefile log=/tmp/
go-build4077850697/b1
42/_pkg_.a
#19 3.750 
packagefile sort=/roo
t/.cache/go-build/8c/
8c292a4015d12c8dfa15e
cf8a4317ac584bee3989c
3d957a6a78ab6789a029e
e-d
#19 3.750 
packagefile unicode/u
tf8=/root/.cache/go-b
uild/9e/9e23eb231cba1
373f4567258c1258bd672
52280d64ad306b694435d
139734a46-d
#19 3.750 EOF
#19 3.751 cd 
/app/backend
#19 3.751 /usr/local/
go/pkg/tool/linux_amd
64/compile -o 
$WORK/b141/_pkg_.a 
-trimpath 
"$WORK/b141=>" -p gol
ang.org/x/text/unicod
e/bidi -lang=go1.18 
-complete -buildid CZ
0igYuWpdZu_x9U3MI3/CZ
0igYuWpdZu_x9U3MI3 
-goversion go1.21.13 
-c=4 -nolocalimports 
-importcfg 
$WORK/b141/importcfg 
-pack /go/pkg/mod/gol
ang.org/x/text@v0.14.
0/unicode/bidi/bidi.g
o /go/pkg/mod/golang.
org/x/text@v0.14.0/un
icode/bidi/bracket.go
 /go/pkg/mod/golang.o
rg/x/text@v0.14.0/uni
code/bidi/core.go /go
/pkg/mod/golang.org/x
/text@v0.14.0/unicode
/bidi/prop.go /go/pkg
/mod/golang.org/x/tex
t@v0.14.0/unicode/bid
i/tables15.0.0.go /go
/pkg/mod/golang.org/x
/text@v0.14.0/unicode
/bidi/trieval.go
#19 4.419 /usr/local/
go/pkg/tool/linux_amd
64/buildid -w 
$WORK/b139/_pkg_.a # 
internal
#19 4.466 cp 
$WORK/b139/_pkg_.a /r
oot/.cache/go-build/b
4/b40e110ce0c1fa56cad
afe74b3527e75df575bdb
fbf80c78dd92fcc4647c3
19f-d # internal
#19 4.473 golang.org/
x/text/width
#19 4.477 mkdir -p 
$WORK/b144/
#19 4.485 cat >/tmp/g
o-build4077850697/b14
4/importcfg << 'EOF' 
# internal
#19 4.485 # import 
config
#19 4.485 
packagefile golang.or
g/x/text/transform=/t
mp/go-build4077850697
/b137/_pkg_.a
#19 4.485 
packagefile strconv=/
root/.cache/go-build/
58/58fde322ad123df338
e244ef907f3389ac723cf
56495542c8fa011a9be08
c3b5-d
#19 4.485 
packagefile unicode/u
tf8=/root/.cache/go-b
uild/9e/9e23eb231cba1
373f4567258c1258bd672
52280d64ad306b694435d
139734a46-d
#19 4.485 EOF
#19 4.488 /usr/local/
go/pkg/tool/linux_amd
64/compile -o 
$WORK/b144/_pkg_.a 
-trimpath 
"$WORK/b144=>" -p gol
ang.org/x/text/width 
-lang=go1.18 
-complete -buildid 22
vWcbKA-BRt-WNZHaY9/22
vWcbKA-BRt-WNZHaY9 
-goversion go1.21.13 
-c=4 -nolocalimports 
-importcfg 
$WORK/b144/importcfg 
-pack /go/pkg/mod/gol
ang.org/x/text@v0.14.
0/width/kind_string.g
o /go/pkg/mod/golang.
org/x/text@v0.14.0/wi
dth/tables15.0.0.go /
go/pkg/mod/golang.org
/x/text@v0.14.0/width
/transform.go /go/pkg
/mod/golang.org/x/tex
t@v0.14.0/width/triev
al.go /go/pkg/mod/gol
ang.org/x/text@v0.14.
0/width/width.go
#19 4.632 cd /usr/loc
al/go/src/crypto/inte
rnal/nistec
#19 4.632 /usr/local/
go/pkg/tool/linux_amd
64/asm -p crypto/inte
rnal/nistec 
-trimpath 
"$WORK/b081=>" -I 
$WORK/b081/ -I /usr/l
ocal/go/pkg/include 
-D GOOS_linux -D 
GOARCH_amd64 -D 
GOAMD64_v1 -o $WORK/b
081/p256_asm_amd64.o 
./p256_asm_amd64.s
#19 4.650 /usr/local/
go/pkg/tool/linux_amd
64/buildid -w 
$WORK/b121/_pkg_.a # 
internal
#19 4.672 /usr/local/
go/pkg/tool/linux_amd
64/pack r 
$WORK/b081/_pkg_.a $W
ORK/b081/p256_asm_amd
64.o # internal
#19 4.672 /usr/local/
go/pkg/tool/linux_amd
64/buildid -w 
$WORK/b081/_pkg_.a # 
internal
#19 4.680 cp 
$WORK/b121/_pkg_.a /r
oot/.cache/go-build/6
5/65127106415a5b4bb71
e83749840487d2e47f8dd
3d7dd2630fe72b0e2d1cf
94e-d # internal
#19 4.684 regexp
#19 4.684 mkdir -p 
$WORK/b120/
#19 4.699 cat >/tmp/g
o-build4077850697/b12
0/importcfg << 'EOF' 
# internal
#19 4.699 # import 
config
#19 4.699 
packagefile bytes=/ro
ot/.cache/go-build/26
/26bfdb65b0b94b3a2bdc
e9e4b8bc696e55851d329
688735148e2f1ede7b0cf
7a-d
#19 4.699 
packagefile io=/root/
.cache/go-build/3f/3f
759ea3eb56d9d846e0439
5d9dc289bca8f7cfe11f7
7ec63b71910085c89dc3-
d
#19 4.699 
packagefile regexp/sy
ntax=/tmp/go-build407
7850697/b121/_pkg_.a
#19 4.699 
packagefile sort=/roo
t/.cache/go-build/8c/
8c292a4015d12c8dfa15e
cf8a4317ac584bee3989c
3d957a6a78ab6789a029e
e-d
#19 4.699 
packagefile strconv=/
root/.cache/go-build/
58/58fde322ad123df338
e244ef907f3389ac723cf
56495542c8fa011a9be08
c3b5-d
#19 4.699 
packagefile strings=/
root/.cache/go-build/
bd/bd2b3ffec179fa0086
9c215b39dc97456ad6ec1
7c28e28cbfd770fe90393
d84a-d
#19 4.699 
packagefile sync=/roo
t/.cache/go-build/4c/
4c6482b01e9753a401b5c
d5c9c47361a61ab8cef0b
4d6159ff0f0ffb119213f
7-d
#19 4.699 
packagefile unicode=/
root/.cache/go-build/
5c/5cc4ed7fed5271c4f9
b13a58dc4b0fedd203628
562244eeb2b81d3cea617
d31d-d
#19 4.699 
packagefile unicode/u
tf8=/root/.cache/go-b
uild/9e/9e23eb231cba1
373f4567258c1258bd672
52280d64ad306b694435d
139734a46-d
#19 4.699 EOF
#19 4.704 cd 
/app/backend
#19 4.704 /usr/local/
go/pkg/tool/linux_amd
64/compile -o 
$WORK/b120/_pkg_.a 
-trimpath 
"$WORK/b120=>" -p 
regexp -std 
-complete -buildid XL
te9Z2X1U0HqzzF85GH/XL
te9Z2X1U0HqzzF85GH 
-goversion go1.21.13 
-c=4 -nolocalimports 
-importcfg 
$WORK/b120/importcfg 
-pack /usr/local/go/s
rc/regexp/backtrack.g
o /usr/local/go/src/r
egexp/exec.go /usr/lo
cal/go/src/regexp/one
pass.go /usr/local/go
/src/regexp/regexp.go
#19 4.714 cp 
$WORK/b081/_pkg_.a /r
oot/.cache/go-build/7
f/7ff309ebbdf2f2b3e2a
68275dd24477331bb7ea2
0bbe10ddbb7cf6e6d8327
0a1-d # internal
#19 4.717 crypto/ecdh
#19 4.718 mkdir -p 
$WORK/b079/
#19 4.727 cat >/tmp/g
o-build4077850697/b07
9/importcfg << 'EOF' 
# internal
#19 4.727 # import 
config
#19 4.727 
packagefile crypto=/t
mp/go-build4077850697
/b051/_pkg_.a
#19 4.727 
packagefile crypto/in
ternal/boring=/tmp/go
-build4077850697/b053
/_pkg_.a
#19 4.727 
packagefile crypto/in
ternal/edwards25519/f
ield=/tmp/go-build407
7850697/b080/_pkg_.a
#19 4.727 
packagefile crypto/in
ternal/nistec=/tmp/go
-build4077850697/b081
/_pkg_.a
#19 4.727 
packagefile crypto/in
ternal/randutil=/tmp/
go-build4077850697/b0
71/_pkg_.a
#19 4.727 
packagefile crypto/su
btle=/tmp/go-build407
7850697/b056/_pkg_.a
#19 4.727 
packagefile encoding/
binary=/root/.cache/g
o-build/60/60ee0c1856
a489c23506aab75becee4
a0c32342fd3865aa463f6
af25ea3c69f8-d
#19 4.727 
packagefile errors=/r
oot/.cache/go-build/c
c/cc538db122216e44576
167ce460078986584b0ef
8e945f95ba196f2ccc1e3
751-d
#19 4.727 
packagefile io=/root/
.cache/go-build/3f/3f
759ea3eb56d9d846e0439
5d9dc289bca8f7cfe11f7
7ec63b71910085c89dc3-
d
#19 4.727 
packagefile math/bits
=/root/.cache/go-buil
d/3d/3d8e372dde88f554
f59147ec97a2c135b2971
03eef9e14b1868ffbcb3e
065db5-d
#19 4.727 
packagefile sync=/roo
t/.cache/go-build/4c/
4c6482b01e9753a401b5c
d5c9c47361a61ab8cef0b
4d6159ff0f0ffb119213f
7-d
#19 4.727 EOF
#19 4.727 /usr/local/
go/pkg/tool/linux_amd
64/compile -o 
$WORK/b079/_pkg_.a 
-trimpath 
"$WORK/b079=>" -p 
crypto/ecdh -std 
-complete -buildid HJ
sCyT77MMO4T1BVxGP5/HJ
sCyT77MMO4T1BVxGP5 
-goversion go1.21.13 
-c=4 -nolocalimports 
-importcfg 
$WORK/b079/importcfg 
-pack /usr/local/go/s
rc/crypto/ecdh/ecdh.g
o /usr/local/go/src/c
rypto/ecdh/nist.go /u
sr/local/go/src/crypt
o/ecdh/x25519.go
#19 4.835 /usr/local/
go/pkg/tool/linux_amd
64/buildid -w 
$WORK/b134/_pkg_.a # 
internal
#19 4.894 cp 
$WORK/b134/_pkg_.a /r
oot/.cache/go-build/0
4/043d14fe07d6b832501
bd44ddfed7a8076720575
07effe28cad6aa7c110b3
a1c-d # internal
#19 4.899 
crypto/elliptic
#19 4.908 mkdir -p 
$WORK/b085/
#19 4.913 cat >/tmp/g
o-build4077850697/b08
5/importcfg << 'EOF' 
# internal
#19 4.913 # import 
config
#19 4.913 
packagefile crypto/in
ternal/nistec=/tmp/go
-build4077850697/b081
/_pkg_.a
#19 4.913 
packagefile errors=/r
oot/.cache/go-build/c
c/cc538db122216e44576
167ce460078986584b0ef
8e945f95ba196f2ccc1e3
751-d
#19 4.913 
packagefile io=/root/
.cache/go-build/3f/3f
759ea3eb56d9d846e0439
5d9dc289bca8f7cfe11f7
7ec63b71910085c89dc3-
d
#19 4.913 
packagefile math/big=
/root/.cache/go-build
/37/37ba78829cecac0da
dfe8245705f99ab8aecad
ca870571f7ccb9b76f531
31660-d
#19 4.913 
packagefile sync=/roo
t/.cache/go-build/4c/
4c6482b01e9753a401b5c
d5c9c47361a61ab8cef0b
4d6159ff0f0ffb119213f
7-d
#19 4.913 EOF
#19 4.927 /usr/local/
go/pkg/tool/linux_amd
64/buildid -w 
$WORK/b079/_pkg_.a # 
internal
#19 4.928 /usr/local/
go/pkg/tool/linux_amd
64/compile -o 
$WORK/b085/_pkg_.a 
-trimpath 
"$WORK/b085=>" -p 
crypto/elliptic -std 
-complete -buildid N-
b5rS833uLf0l02-BvX/N-
b5rS833uLf0l02-BvX 
-goversion go1.21.13 
-c=4 -nolocalimports 
-importcfg 
$WORK/b085/importcfg 
-pack /usr/local/go/s
rc/crypto/elliptic/el
liptic.go /usr/local/
go/src/crypto/ellipti
c/nistec.go /usr/loca
l/go/src/crypto/ellip
tic/nistec_p256.go /u
sr/local/go/src/crypt
o/elliptic/params.go
#19 4.946 /usr/local/
go/pkg/tool/linux_amd
64/buildid -w 
$WORK/b144/_pkg_.a # 
internal
#19 4.947 cp 
$WORK/b079/_pkg_.a /r
oot/.cache/go-build/7
2/72561c8fd3dfe7fde61
9d029d7766d09bd26c3e0
960670ea0b406158a7cb6
e6b-d # internal
#19 4.949 golang.org/
x/text/internal/langu
age/compact
#19 4.949 mkdir -p 
$WORK/b136/
#19 4.952 cat >/tmp/g
o-build4077850697/b13
6/importcfg << 'EOF' 
# internal
#19 4.952 # import 
config
#19 4.952 
packagefile golang.or
g/x/text/internal/lan
guage=/tmp/go-build40
77850697/b134/_pkg_.a
#19 4.952 
packagefile sort=/roo
t/.cache/go-build/8c/
8c292a4015d12c8dfa15e
cf8a4317ac584bee3989c
3d957a6a78ab6789a029e
e-d
#19 4.952 
packagefile strings=/
root/.cache/go-build/
bd/bd2b3ffec179fa0086
9c215b39dc97456ad6ec1
7c28e28cbfd770fe90393
d84a-d
#19 4.952 EOF
#19 4.953 /usr/local/
go/pkg/tool/linux_amd
64/compile -o 
$WORK/b136/_pkg_.a 
-trimpath 
"$WORK/b136=>" -p gol
ang.org/x/text/intern
al/language/compact 
-lang=go1.18 
-complete -buildid CY
tAbaADnvAOLvXnOP-c/CY
tAbaADnvAOLvXnOP-c 
-goversion go1.21.13 
-c=4 -nolocalimports 
-importcfg 
$WORK/b136/importcfg 
-pack /go/pkg/mod/gol
ang.org/x/text@v0.14.
0/internal/language/c
ompact/compact.go /go
/pkg/mod/golang.org/x
/text@v0.14.0/interna
l/language/compact/la
nguage.go /go/pkg/mod
/golang.org/x/text@v0
.14.0/internal/langua
ge/compact/parents.go
 /go/pkg/mod/golang.o
rg/x/text@v0.14.0/int
ernal/language/compac
t/tables.go /go/pkg/m
od/golang.org/x/text@
v0.14.0/internal/lang
uage/compact/tags.go
#19 4.993 cp 
$WORK/b144/_pkg_.a /r
oot/.cache/go-build/7
4/7475d301431d2bd0987
608022610593c77f24571
76fcaf49bee7c597a870d
5a3-d # internal
#19 4.994 os/user
#19 4.994 mkdir -p 
$WORK/b145/
#19 5.005 cat >/tmp/g
o-build4077850697/b14
5/importcfg << 'EOF' 
# internal
#19 5.005 # import 
config
#19 5.005 
packagefile bufio=/ro
ot/.cache/go-build/ba
/bab9b7509689a41081ab
98d7cd01bca2cf4e75f77
56000633e9b1c1d2099ea
3f-d
#19 5.005 
packagefile bytes=/ro
ot/.cache/go-build/26
/26bfdb65b0b94b3a2bdc
e9e4b8bc696e55851d329
688735148e2f1ede7b0cf
7a-d
#19 5.005 
packagefile errors=/r
oot/.cache/go-build/c
c/cc538db122216e44576
167ce460078986584b0ef
8e945f95ba196f2ccc1e3
751-d
#19 5.005 
packagefile fmt=/root
/.cache/go-build/8d/8
d2bdd2fb8d4c3cfa10b37
9579d427d3fa724e4660a
984a3b121b2d6bb7bf576
-d
#19 5.005 
packagefile io=/root/
.cache/go-build/3f/3f
759ea3eb56d9d846e0439
5d9dc289bca8f7cfe11f7
7ec63b71910085c89dc3-
d
#19 5.005 
packagefile os=/root/
.cache/go-build/43/43
f674b9b17ec091d423d79
d19d3a58814383e28d032
db985101a3bdb2c0e9c5-
d
#19 5.005 
packagefile runtime=/
root/.cache/go-build/
29/29c63df92edda48c2d
238c8dd2f7cf6a13536c0
3e2f03a25a6439694804b
49ca-d
#19 5.005 
packagefile strconv=/
root/.cache/go-build/
58/58fde322ad123df338
e244ef907f3389ac723cf
56495542c8fa011a9be08
c3b5-d
#19 5.005 
packagefile strings=/
root/.cache/go-build/
bd/bd2b3ffec179fa0086
9c215b39dc97456ad6ec1
7c28e28cbfd770fe90393
d84a-d
#19 5.005 
packagefile sync=/roo
t/.cache/go-build/4c/
4c6482b01e9753a401b5c
d5c9c47361a61ab8cef0b
4d6159ff0f0ffb119213f
7-d
#19 5.005 EOF
#19 5.005 /usr/local/
go/pkg/tool/linux_amd
64/compile -o 
$WORK/b145/_pkg_.a 
-trimpath 
"$WORK/b145=>" -p 
os/user -std 
-complete -buildid Mg
X1gsB8T-5oC3yu8mbG/Mg
X1gsB8T-5oC3yu8mbG 
-goversion go1.21.13 
-c=4 -nolocalimports 
-importcfg 
$WORK/b145/importcfg 
-pack /usr/local/go/s
rc/os/user/listgroups
_unix.go /usr/local/g
o/src/os/user/lookup.
go /usr/local/go/src/
os/user/lookup_stubs.
go /usr/local/go/src/
os/user/lookup_unix.g
o /usr/local/go/src/o
s/user/user.go
#19 5.098 /usr/local/
go/pkg/tool/linux_amd
64/buildid -w 
$WORK/b141/_pkg_.a # 
internal
#19 5.119 cp 
$WORK/b141/_pkg_.a /r
oot/.cache/go-build/8
d/8d920e4610e57c1f030
43f3b0229294d42efecc1
670d1570572d7fa423db3
312-d # internal
#19 5.120 golang.org/
x/text/secure/bidirul
e
#19 5.121 mkdir -p 
$WORK/b140/
#19 5.134 cat >/tmp/g
o-build4077850697/b14
0/importcfg << 'EOF' 
# internal
#19 5.134 # import 
config
#19 5.134 
packagefile errors=/r
oot/.cache/go-build/c
c/cc538db122216e44576
167ce460078986584b0ef
8e945f95ba196f2ccc1e3
751-d
#19 5.134 
packagefile golang.or
g/x/text/transform=/t
mp/go-build4077850697
/b137/_pkg_.a
#19 5.134 
packagefile golang.or
g/x/text/unicode/bidi
=/tmp/go-build4077850
697/b141/_pkg_.a
#19 5.134 
packagefile unicode/u
tf8=/root/.cache/go-b
uild/9e/9e23eb231cba1
373f4567258c1258bd672
52280d64ad306b694435d
139734a46-d
#19 5.134 EOF
#19 5.135 /usr/local/
go/pkg/tool/linux_amd
64/compile -o 
$WORK/b140/_pkg_.a 
-trimpath 
"$WORK/b140=>" -p gol
ang.org/x/text/secure
/bidirule 
-lang=go1.18 
-complete -buildid bY
RgHKVzovvGUjg-c8de/bY
RgHKVzovvGUjg-c8de 
-goversion go1.21.13 
-c=4 -nolocalimports 
-importcfg 
$WORK/b140/importcfg 
-pack /go/pkg/mod/gol
ang.org/x/text@v0.14.
0/secure/bidirule/bid
irule.go /go/pkg/mod/
golang.org/x/text@v0.
14.0/secure/bidirule/
bidirule10.0.0.go
#19 5.274 /usr/local/
go/pkg/tool/linux_amd
64/buildid -w 
$WORK/b136/_pkg_.a # 
internal
#19 5.285 cp 
$WORK/b136/_pkg_.a /r
oot/.cache/go-build/0
c/0c27013e2dc8840bd95
dbeafb42da22fab0770ba
0828adbdab11d36ec3856
d1f-d # internal
#19 5.289 golang.org/
x/text/language
#19 5.294 mkdir -p 
$WORK/b133/
#19 5.299 cat >/tmp/g
o-build4077850697/b13
3/importcfg << 'EOF' 
# internal
#19 5.299 # import 
config
#19 5.299 
packagefile errors=/r
oot/.cache/go-build/c
c/cc538db122216e44576
167ce460078986584b0ef
8e945f95ba196f2ccc1e3
751-d
#19 5.299 
packagefile fmt=/root
/.cache/go-build/8d/8
d2bdd2fb8d4c3cfa10b37
9579d427d3fa724e4660a
984a3b121b2d6bb7bf576
-d
#19 5.299 
packagefile golang.or
g/x/text/internal/lan
guage=/tmp/go-build40
77850697/b134/_pkg_.a
#19 5.299 
packagefile golang.or
g/x/text/internal/lan
guage/compact=/tmp/go
-build4077850697/b136
/_pkg_.a
#19 5.299 
packagefile sort=/roo
t/.cache/go-build/8c/
8c292a4015d12c8dfa15e
cf8a4317ac584bee3989c
3d957a6a78ab6789a029e
e-d
#19 5.299 
packagefile strconv=/
root/.cache/go-build/
58/58fde322ad123df338
e244ef907f3389ac723cf
56495542c8fa011a9be08
c3b5-d
#19 5.299 
packagefile strings=/
root/.cache/go-build/
bd/bd2b3ffec179fa0086
9c215b39dc97456ad6ec1
7c28e28cbfd770fe90393
d84a-d
#19 5.299 EOF
#19 5.301 /usr/local/
go/pkg/tool/linux_amd
64/compile -o 
$WORK/b133/_pkg_.a 
-trimpath 
"$WORK/b133=>" -p gol
ang.org/x/text/langua
ge -lang=go1.18 
-complete -buildid WY
FpTYr2TxY7ZbWOTwPu/WY
FpTYr2TxY7ZbWOTwPu 
-goversion go1.21.13 
-c=4 -nolocalimports 
-importcfg 
$WORK/b133/importcfg 
-pack /go/pkg/mod/gol
ang.org/x/text@v0.14.
0/language/coverage.g
o /go/pkg/mod/golang.
org/x/text@v0.14.0/la
nguage/doc.go /go/pkg
/mod/golang.org/x/tex
t@v0.14.0/language/la
nguage.go /go/pkg/mod
/golang.org/x/text@v0
.14.0/language/match.
go /go/pkg/mod/golang
.org/x/text@v0.14.0/l
anguage/parse.go /go/
pkg/mod/golang.org/x/
text@v0.14.0/language
/tables.go /go/pkg/mo
d/golang.org/x/text@v
0.14.0/language/tags.
go
#19 5.383 /usr/local/
go/pkg/tool/linux_amd
64/buildid -w 
$WORK/b140/_pkg_.a # 
internal
#19 5.412 cp 
$WORK/b140/_pkg_.a /r
oot/.cache/go-build/2
1/21415fbe8329f1c6b21
fb5f6ba202e5793ba23d0
a83bbd3f10bbcb93c697d
538-d # internal
#19 5.418 
database/sql
#19 5.418 mkdir -p 
$WORK/b147/
#19 5.431 cat >/tmp/g
o-build4077850697/b14
7/importcfg << 'EOF' 
# internal
#19 5.431 # import 
config
#19 5.431 
packagefile bytes=/ro
ot/.cache/go-build/26
/26bfdb65b0b94b3a2bdc
e9e4b8bc696e55851d329
688735148e2f1ede7b0cf
7a-d
#19 5.431 
packagefile context=/
tmp/go-build407785069
7/b002/_pkg_.a
#19 5.431 
packagefile database/
sql/driver=/tmp/go-bu
ild4077850697/b059/_p
kg_.a
#19 5.431 
packagefile errors=/r
oot/.cache/go-build/c
c/cc538db122216e44576
167ce460078986584b0ef
8e945f95ba196f2ccc1e3
751-d
#19 5.431 
packagefile fmt=/root
/.cache/go-build/8d/8
d2bdd2fb8d4c3cfa10b37
9579d427d3fa724e4660a
984a3b121b2d6bb7bf576
-d
#19 5.431 
packagefile io=/root/
.cache/go-build/3f/3f
759ea3eb56d9d846e0439
5d9dc289bca8f7cfe11f7
7ec63b71910085c89dc3-
d
#19 5.431 
packagefile reflect=/
root/.cache/go-build/
16/16f37704a24996a774
deef9cd97d1a44607e2c1
7a34adf3ad677cff602c2
fa16-d
#19 5.431 
packagefile runtime=/
root/.cache/go-build/
29/29c63df92edda48c2d
238c8dd2f7cf6a13536c0
3e2f03a25a6439694804b
49ca-d
#19 5.431 
packagefile sort=/roo
t/.cache/go-build/8c/
8c292a4015d12c8dfa15e
cf8a4317ac584bee3989c
3d957a6a78ab6789a029e
e-d
#19 5.431 
packagefile strconv=/
root/.cache/go-build/
58/58fde322ad123df338
e244ef907f3389ac723cf
56495542c8fa011a9be08
c3b5-d
#19 5.431 
packagefile sync=/roo
t/.cache/go-build/4c/
4c6482b01e9753a401b5c
d5c9c47361a61ab8cef0b
4d6159ff0f0ffb119213f
7-d
#19 5.431 
packagefile sync/atom
ic=/root/.cache/go-bu
ild/5c/5c613f23c43dbb
b8db154f810343deece99
a58007c2c3824ed73bae8
64bc9b9d-d
#19 5.431 
packagefile time=/roo
t/.cache/go-build/4e/
4e73c8606deed2138edca
3302af2287f9f43cefd6d
141d85ab675d2b3f4052e
c-d
#19 5.431 
packagefile unicode=/
root/.cache/go-build/
5c/5cc4ed7fed5271c4f9
b13a58dc4b0fedd203628
562244eeb2b81d3cea617
d31d-d
#19 5.431 
packagefile unicode/u
tf8=/root/.cache/go-b
uild/9e/9e23eb231cba1
373f4567258c1258bd672
52280d64ad306b694435d
139734a46-d
#19 5.431 EOF
#19 5.436 /usr/local/
go/pkg/tool/linux_amd
64/compile -o 
$WORK/b147/_pkg_.a 
-trimpath 
"$WORK/b147=>" -p 
database/sql -std 
-complete -buildid 5Q
qbTdnglKcU9ZXMKBJe/5Q
qbTdnglKcU9ZXMKBJe 
-goversion go1.21.13 
-c=4 -nolocalimports 
-importcfg 
$WORK/b147/importcfg 
-pack /usr/local/go/s
rc/database/sql/conve
rt.go /usr/local/go/s
rc/database/sql/ctxut
il.go /usr/local/go/s
rc/database/sql/sql.g
o
#19 5.514 /usr/local/
go/pkg/tool/linux_amd
64/buildid -w 
$WORK/b120/_pkg_.a # 
internal
#19 5.529 /usr/local/
go/pkg/tool/linux_amd
64/buildid -w 
$WORK/b145/_pkg_.a # 
internal
#19 5.575 cp 
$WORK/b145/_pkg_.a /r
oot/.cache/go-build/f
0/f09a45953db398bd76d
058e0ff2b08dba9f71515
9c93c5baf9c133c6173a8
cb6-d # internal
#19 5.587 github.com/
jackc/puddle/v2/inter
nal/genstack
#19 5.587 mkdir -p 
$WORK/b149/
#19 5.587 cat >/tmp/g
o-build4077850697/b14
9/importcfg << 'EOF' 
# internal
#19 5.587 # import 
config
#19 5.587 EOF
#19 5.587 /usr/local/
go/pkg/tool/linux_amd
64/compile -o 
$WORK/b149/_pkg_.a 
-trimpath 
"$WORK/b149=>" -p git
hub.com/jackc/puddle/
v2/internal/genstack 
-lang=go1.19 
-complete -buildid 7Z
5kC2U6BC7EftXt7AOZ/7Z
5kC2U6BC7EftXt7AOZ 
-goversion go1.21.13 
-c=4 -nolocalimports 
-importcfg 
$WORK/b149/importcfg 
-pack /go/pkg/mod/git
hub.com/jackc/puddle/
v2@v2.2.1/internal/ge
nstack/gen_stack.go /
go/pkg/mod/github.com
/jackc/puddle/v2@v2.2
.1/internal/genstack/
stack.go
#19 5.590 cp 
$WORK/b120/_pkg_.a /r
oot/.cache/go-build/a
b/ab9edacf74c04893335
55cef4b045923def8e257
024c347ef7d81708e8adf
094-d # internal
#19 5.615 github.com/
jackc/pgpassfile
#19 5.615 mkdir -p 
$WORK/b118/
#19 5.615 cat >/tmp/g
o-build4077850697/b11
8/importcfg << 'EOF' 
# internal
#19 5.615 # import 
config
#19 5.615 
packagefile bufio=/ro
ot/.cache/go-build/ba
/bab9b7509689a41081ab
98d7cd01bca2cf4e75f77
56000633e9b1c1d2099ea
3f-d
#19 5.615 
packagefile io=/root/
.cache/go-build/3f/3f
759ea3eb56d9d846e0439
5d9dc289bca8f7cfe11f7
7ec63b71910085c89dc3-
d
#19 5.615 
packagefile os=/root/
.cache/go-build/43/43
f674b9b17ec091d423d79
d19d3a58814383e28d032
db985101a3bdb2c0e9c5-
d
#19 5.615 
packagefile regexp=/t
mp/go-build4077850697
/b120/_pkg_.a
#19 5.615 
packagefile strings=/
root/.cache/go-build/
bd/bd2b3ffec179fa0086
9c215b39dc97456ad6ec1
7c28e28cbfd770fe90393
d84a-d
#19 5.615 EOF
#19 5.615 /usr/local/
go/pkg/tool/linux_amd
64/compile -o 
$WORK/b118/_pkg_.a 
-trimpath 
"$WORK/b118=>" -p git
hub.com/jackc/pgpassf
ile -lang=go1.12 
-complete -buildid 1t
f8_X-wRFLztqeXWfHD/1t
f8_X-wRFLztqeXWfHD 
-goversion go1.21.13 
-c=4 -nolocalimports 
-importcfg 
$WORK/b118/importcfg 
-pack /go/pkg/mod/git
hub.com/jackc/pgpassf
ile@v1.0.0/pgpass.go
#19 5.637 /usr/local/
go/pkg/tool/linux_amd
64/buildid -w 
$WORK/b149/_pkg_.a # 
internal
#19 5.649 cp 
$WORK/b149/_pkg_.a /r
oot/.cache/go-build/b
8/b89b3fe5c4f067b109b
cdc75b9e5e22aa6d5cd96
ee6a5b53e4bef13b366a6
895-d # internal
#19 5.651 golang.org/
x/sync/semaphore
#19 5.653 mkdir -p 
$WORK/b150/
#19 5.677 cat >/tmp/g
o-build4077850697/b15
0/importcfg << 'EOF' 
# internal
#19 5.677 # import 
config
#19 5.677 
packagefile container
/list=/tmp/go-build40
77850697/b066/_pkg_.a
#19 5.677 
packagefile context=/
tmp/go-build407785069
7/b002/_pkg_.a
#19 5.677 
packagefile sync=/roo
t/.cache/go-build/4c/
4c6482b01e9753a401b5c
d5c9c47361a61ab8cef0b
4d6159ff0f0ffb119213f
7-d
#19 5.677 EOF
#19 5.678 /usr/local/
go/pkg/tool/linux_amd
64/compile -o 
$WORK/b150/_pkg_.a 
-trimpath 
"$WORK/b150=>" -p gol
ang.org/x/sync/semaph
ore -lang=go1.17 
-complete -buildid t9
E-dRM8san7eMme-tcX/t9
E-dRM8san7eMme-tcX 
-goversion go1.21.13 
-c=4 -nolocalimports 
-importcfg 
$WORK/b150/importcfg 
-pack /go/pkg/mod/gol
ang.org/x/sync@v0.4.0
/semaphore/semaphore.
go
#19 5.678 /usr/local/
go/pkg/tool/linux_amd
64/buildid -w 
$WORK/b138/_pkg_.a # 
internal
#19 5.682 /usr/local/
go/pkg/tool/linux_amd
64/buildid -w 
$WORK/b085/_pkg_.a # 
internal
#19 5.736 /usr/local/
go/pkg/tool/linux_amd
64/buildid -w 
$WORK/b118/_pkg_.a # 
internal
#19 5.736 /usr/local/
go/pkg/tool/linux_amd
64/buildid -w 
$WORK/b126/_pkg_.a # 
internal
#19 5.736 cp 
$WORK/b118/_pkg_.a /r
oot/.cache/go-build/6
2/621b49d00acc7e0318c
20b4fa2091d102528ff04
4ad64f25d9242a7e13f70
24e-d # internal
#19 5.736 cp 
$WORK/b085/_pkg_.a /r
oot/.cache/go-build/d
a/dac66981046c9cc0f56
7cbeec9403a802786ca63
cf84cbbe402eeec73e913
eda-d # internal
#19 5.739 
crypto/ecdsa
#19 5.739 mkdir -p 
$WORK/b084/
#19 5.741 cat >/tmp/g
o-build4077850697/b08
4/importcfg << 'EOF' 
# internal
#19 5.741 # import 
config
#19 5.741 importmap g
olang.org/x/crypto/cr
yptobyte=vendor/golan
g.org/x/crypto/crypto
byte
#19 5.741 importmap g
olang.org/x/crypto/cr
yptobyte/asn1=vendor/
golang.org/x/crypto/c
ryptobyte/asn1
#19 5.741 
packagefile bytes=/ro
ot/.cache/go-build/26
/26bfdb65b0b94b3a2bdc
e9e4b8bc696e55851d329
688735148e2f1ede7b0cf
7a-d
#19 5.741 
packagefile crypto=/t
mp/go-build4077850697
/b051/_pkg_.a
#19 5.741 
packagefile crypto/ae
s=/tmp/go-build407785
0697/b077/_pkg_.a
#19 5.741 
packagefile crypto/ci
pher=/tmp/go-build407
7850697/b054/_pkg_.a
#19 5.741 
packagefile crypto/ec
dh=/tmp/go-build40778
50697/b079/_pkg_.a
#19 5.741 
packagefile crypto/el
liptic=/tmp/go-build4
077850697/b085/_pkg_.
a
#19 5.741 
packagefile crypto/in
ternal/bigmod=/tmp/go
-build4077850697/b086
/_pkg_.a
#19 5.741 
packagefile crypto/in
ternal/boring=/tmp/go
-build4077850697/b053
/_pkg_.a
#19 5.741 
packagefile crypto/in
ternal/boring/bbig=/t
mp/go-build4077850697
/b087/_pkg_.a
#19 5.741 
packagefile crypto/in
ternal/nistec=/tmp/go
-build4077850697/b081
/_pkg_.a
#19 5.741 
packagefile crypto/in
ternal/randutil=/tmp/
go-build4077850697/b0
71/_pkg_.a
#19 5.741 
packagefile crypto/sh
a512=/tmp/go-build407
7850697/b088/_pkg_.a
#19 5.741 
packagefile crypto/su
btle=/tmp/go-build407
7850697/b056/_pkg_.a
#19 5.741 
packagefile errors=/r
oot/.cache/go-build/c
c/cc538db122216e44576
167ce460078986584b0ef
8e945f95ba196f2ccc1e3
751-d
#19 5.741 
packagefile vendor/go
lang.org/x/crypto/cry
ptobyte=/tmp/go-build
4077850697/b089/_pkg_
.a
#19 5.741 
packagefile vendor/go
lang.org/x/crypto/cry
ptobyte/asn1=/tmp/go-
build4077850697/b092/
_pkg_.a
#19 5.741 
packagefile io=/root/
.cache/go-build/3f/3f
759ea3eb56d9d846e0439
5d9dc289bca8f7cfe11f7
7ec63b71910085c89dc3-
d
#19 5.741 
packagefile math/big=
/root/.cache/go-build
/37/37ba78829cecac0da
dfe8245705f99ab8aecad
ca870571f7ccb9b76f531
31660-d
#19 5.741 
packagefile sync=/roo
t/.cache/go-build/4c/
4c6482b01e9753a401b5c
d5c9c47361a61ab8cef0b
4d6159ff0f0ffb119213f
7-d
#19 5.741 EOF
#19 5.742 /usr/local/
go/pkg/tool/linux_amd
64/compile -o 
$WORK/b084/_pkg_.a 
-trimpath 
"$WORK/b084=>" -p 
crypto/ecdsa -std 
-complete -buildid vI
JYF02bxmEblm1xkBt-/vI
JYF02bxmEblm1xkBt- 
-goversion go1.21.13 
-c=4 -nolocalimports 
-importcfg 
$WORK/b084/importcfg 
-pack /usr/local/go/s
rc/crypto/ecdsa/ecdsa
.go /usr/local/go/src
/crypto/ecdsa/ecdsa_l
egacy.go /usr/local/g
o/src/crypto/ecdsa/ec
dsa_noasm.go /usr/loc
al/go/src/crypto/ecds
a/notboring.go
#19 5.747 cp 
$WORK/b138/_pkg_.a /r
oot/.cache/go-build/3
9/3955b28666f94355851
eaf7714256f42d1ef01c1
823b3866b09e2346ff013
fd7-d # internal
#19 5.751 golang.org/
x/net/internal/timese
ries
#19 5.751 mkdir -p 
$WORK/b157/
#19 5.755 cat >/tmp/g
o-build4077850697/b15
7/importcfg << 'EOF' 
# internal
#19 5.755 # import 
config
#19 5.755 
packagefile fmt=/root
/.cache/go-build/8d/8
d2bdd2fb8d4c3cfa10b37
9579d427d3fa724e4660a
984a3b121b2d6bb7bf576
-d
#19 5.755 
packagefile log=/tmp/
go-build4077850697/b1
42/_pkg_.a
#19 5.755 
packagefile time=/roo
t/.cache/go-build/4e/
4e73c8606deed2138edca
3302af2287f9f43cefd6d
141d85ab675d2b3f4052e
c-d
#19 5.755 EOF
#19 5.755 /usr/local/
go/pkg/tool/linux_amd
64/compile -o 
$WORK/b157/_pkg_.a 
-trimpath 
"$WORK/b157=>" -p gol
ang.org/x/net/interna
l/timeseries 
-lang=go1.18 
-complete -buildid 0q
baw_BIqHCNtpV_Wgar/0q
baw_BIqHCNtpV_Wgar 
-goversion go1.21.13 
-c=4 -nolocalimports 
-importcfg 
$WORK/b157/importcfg 
-pack /go/pkg/mod/gol
ang.org/x/net@v0.19.0
/internal/timeseries/
timeseries.go
#19 5.759 /usr/local/
go/pkg/tool/linux_amd
64/buildid -w 
$WORK/b150/_pkg_.a # 
internal
#19 5.765 cp 
$WORK/b150/_pkg_.a /r
oot/.cache/go-build/e
2/e2d001ecb2e35ff7a15
f3551d2e8138cdfe520fc
932d163416e95c8a2085f
6c1-d # internal
#19 5.769 html
#19 5.769 mkdir -p 
$WORK/b159/
#19 5.772 github.com/
jackc/puddle/v2
#19 5.773 mkdir -p 
$WORK/b148/
#19 5.777 cat >/tmp/g
o-build4077850697/b14
8/importcfg << 'EOF' 
# internal
#19 5.777 # import 
config
#19 5.777 
packagefile context=/
tmp/go-build407785069
7/b002/_pkg_.a
#19 5.777 
packagefile errors=/r
oot/.cache/go-build/c
c/cc538db122216e44576
167ce460078986584b0ef
8e945f95ba196f2ccc1e3
751-d
#19 5.777 
packagefile github.co
m/jackc/puddle/v2/int
ernal/genstack=/tmp/g
o-build4077850697/b14
9/_pkg_.a
#19 5.777 
packagefile golang.or
g/x/sync/semaphore=/t
mp/go-build4077850697
/b150/_pkg_.a
#19 5.777 
packagefile sync=/roo
t/.cache/go-build/4c/
4c6482b01e9753a401b5c
d5c9c47361a61ab8cef0b
4d6159ff0f0ffb119213f
7-d
#19 5.777 
packagefile sync/atom
ic=/root/.cache/go-bu
ild/5c/5c613f23c43dbb
b8db154f810343deece99
a58007c2c3824ed73bae8
64bc9b9d-d
#19 5.777 
packagefile time=/roo
t/.cache/go-build/4e/
4e73c8606deed2138edca
3302af2287f9f43cefd6d
141d85ab675d2b3f4052e
c-d
#19 5.777 EOF
#19 5.778 /usr/local/
go/pkg/tool/linux_amd
64/compile -o 
$WORK/b148/_pkg_.a 
-trimpath 
"$WORK/b148=>" -p git
hub.com/jackc/puddle/
v2 -lang=go1.19 
-complete -buildid -6
XVlVAooH3H3h9aszwF/-6
XVlVAooH3H3h9aszwF 
-goversion go1.21.13 
-c=4 -nolocalimports 
-importcfg 
$WORK/b148/importcfg 
-pack /go/pkg/mod/git
hub.com/jackc/puddle/
v2@v2.2.1/context.go 
/go/pkg/mod/github.co
m/jackc/puddle/v2@v2.
2.1/doc.go /go/pkg/mo
d/github.com/jackc/pu
ddle/v2@v2.2.1/log.go
 /go/pkg/mod/github.c
om/jackc/puddle/v2@v2
.2.1/nanotime_unsafe.
go /go/pkg/mod/github
.com/jackc/puddle/v2@
v2.2.1/pool.go /go/pk
g/mod/github.com/jack
c/puddle/v2@v2.2.1/re
source_list.go
#19 5.784 cat >/tmp/g
o-build4077850697/b15
9/importcfg << 'EOF' 
# internal
#19 5.784 # import 
config
#19 5.784 
packagefile strings=/
root/.cache/go-build/
bd/bd2b3ffec179fa0086
9c215b39dc97456ad6ec1
7c28e28cbfd770fe90393
d84a-d
#19 5.784 
packagefile sync=/roo
t/.cache/go-build/4c/
4c6482b01e9753a401b5c
d5c9c47361a61ab8cef0b
4d6159ff0f0ffb119213f
7-d
#19 5.784 
packagefile unicode/u
tf8=/root/.cache/go-b
uild/9e/9e23eb231cba1
373f4567258c1258bd672
52280d64ad306b694435d
139734a46-d
#19 5.784 EOF
#19 5.784 /usr/local/
go/pkg/tool/linux_amd
64/compile -o 
$WORK/b159/_pkg_.a 
-trimpath 
"$WORK/b159=>" -p 
html -std -complete 
-buildid BGkv1Hp4YIdN
qAp0HBMG/BGkv1Hp4YIdN
qAp0HBMG -goversion 
go1.21.13 -c=4 
-nolocalimports 
-importcfg 
$WORK/b159/importcfg 
-pack /usr/local/go/s
rc/html/entity.go /us
r/local/go/src/html/e
scape.go
#19 5.880 cp 
$WORK/b126/_pkg_.a /r
oot/.cache/go-build/f
1/f14ecf453e9160acb96
27887bd782eb8b267ab15
6a5af08facc614edd556b
41d-d # internal
#19 5.887 
text/template/parse
#19 5.888 mkdir -p 
$WORK/b161/
#19 5.892 cat >/tmp/g
o-build4077850697/b16
1/importcfg << 'EOF' 
# internal
#19 5.892 # import 
config
#19 5.892 
packagefile bytes=/ro
ot/.cache/go-build/26
/26bfdb65b0b94b3a2bdc
e9e4b8bc696e55851d329
688735148e2f1ede7b0cf
7a-d
#19 5.892 
packagefile fmt=/root
/.cache/go-build/8d/8
d2bdd2fb8d4c3cfa10b37
9579d427d3fa724e4660a
984a3b121b2d6bb7bf576
-d
#19 5.892 
packagefile runtime=/
root/.cache/go-build/
29/29c63df92edda48c2d
238c8dd2f7cf6a13536c0
3e2f03a25a6439694804b
49ca-d
#19 5.892 
packagefile strconv=/
root/.cache/go-build/
58/58fde322ad123df338
e244ef907f3389ac723cf
56495542c8fa011a9be08
c3b5-d
#19 5.892 
packagefile strings=/
root/.cache/go-build/
bd/bd2b3ffec179fa0086
9c215b39dc97456ad6ec1
7c28e28cbfd770fe90393
d84a-d
#19 5.892 
packagefile unicode=/
root/.cache/go-build/
5c/5cc4ed7fed5271c4f9
b13a58dc4b0fedd203628
562244eeb2b81d3cea617
d31d-d
#19 5.892 
packagefile unicode/u
tf8=/root/.cache/go-b
uild/9e/9e23eb231cba1
373f4567258c1258bd672
52280d64ad306b694435d
139734a46-d
#19 5.892 EOF
#19 5.892 /usr/local/
go/pkg/tool/linux_amd
64/compile -o 
$WORK/b161/_pkg_.a 
-trimpath 
"$WORK/b161=>" -p 
text/template/parse 
-std -complete 
-buildid 0la982LDv3hs
pg7ggi-Y/0la982LDv3hs
pg7ggi-Y -goversion 
go1.21.13 -c=4 
-nolocalimports 
-importcfg 
$WORK/b161/importcfg 
-pack /usr/local/go/s
rc/text/template/pars
e/lex.go /usr/local/g
o/src/text/template/p
arse/node.go /usr/loc
al/go/src/text/templa
te/parse/parse.go
#19 6.017 /usr/local/
go/pkg/tool/linux_amd
64/buildid -w 
$WORK/b148/_pkg_.a # 
internal
#19 6.030 cp 
$WORK/b148/_pkg_.a /r
oot/.cache/go-build/1
c/1c24511e59da23813a1
50c20880f183b97da2b30
476045ed0044437bbeceb
833-d # internal
#19 6.043 vendor/gola
ng.org/x/text/transfo
rm
#19 6.044 mkdir -p 
$WORK/b166/
#19 6.071 cat >/tmp/g
o-build4077850697/b16
6/importcfg << 'EOF' 
# internal
#19 6.071 # import 
config
#19 6.071 
packagefile bytes=/ro
ot/.cache/go-build/26
/26bfdb65b0b94b3a2bdc
e9e4b8bc696e55851d329
688735148e2f1ede7b0cf
7a-d
#19 6.071 
packagefile errors=/r
oot/.cache/go-build/c
c/cc538db122216e44576
167ce460078986584b0ef
8e945f95ba196f2ccc1e3
751-d
#19 6.071 
packagefile io=/root/
.cache/go-build/3f/3f
759ea3eb56d9d846e0439
5d9dc289bca8f7cfe11f7
7ec63b71910085c89dc3-
d
#19 6.071 
packagefile unicode/u
tf8=/root/.cache/go-b
uild/9e/9e23eb231cba1
373f4567258c1258bd672
52280d64ad306b694435d
139734a46-d
#19 6.071 EOF
#19 6.071 /usr/local/
go/pkg/tool/linux_amd
64/compile -o 
$WORK/b166/_pkg_.a 
-trimpath 
"$WORK/b166=>" -p ven
dor/golang.org/x/text
/transform -std 
-complete -buildid Le
qPyX3E5jdA2tbRMBd4/Le
qPyX3E5jdA2tbRMBd4 
-goversion go1.21.13 
-c=4 -nolocalimports 
-importcfg 
$WORK/b166/importcfg 
-pack /usr/local/go/s
rc/vendor/golang.org/
x/text/transform/tran
sform.go
#19 6.075 /usr/local/
go/pkg/tool/linux_amd
64/buildid -w 
$WORK/b157/_pkg_.a # 
internal
#19 6.128 cp 
$WORK/b157/_pkg_.a /r
oot/.cache/go-build/4
6/469b943101c5ef36b04
431d77d199825d7130bba
e460d12d4a0cdb719ff5e
964-d # internal
#19 6.138 vendor/gola
ng.org/x/text/unicode
/bidi
#19 6.138 mkdir -p 
$WORK/b167/
#19 6.153 cat >/tmp/g
o-build4077850697/b16
7/importcfg << 'EOF' 
# internal
#19 6.153 # import 
config
#19 6.153 
packagefile bytes=/ro
ot/.cache/go-build/26
/26bfdb65b0b94b3a2bdc
e9e4b8bc696e55851d329
688735148e2f1ede7b0cf
7a-d
#19 6.153 
packagefile container
/list=/tmp/go-build40
77850697/b066/_pkg_.a
#19 6.153 
packagefile fmt=/root
/.cache/go-build/8d/8
d2bdd2fb8d4c3cfa10b37
9579d427d3fa724e4660a
984a3b121b2d6bb7bf576
-d
#19 6.153 
packagefile log=/tmp/
go-build4077850697/b1
42/_pkg_.a
#19 6.153 
packagefile sort=/roo
t/.cache/go-build/8c/
8c292a4015d12c8dfa15e
cf8a4317ac584bee3989c
3d957a6a78ab6789a029e
e-d
#19 6.153 
packagefile unicode/u
tf8=/root/.cache/go-b
uild/9e/9e23eb231cba1
373f4567258c1258bd672
52280d64ad306b694435d
139734a46-d
#19 6.153 EOF
#19 6.154 /usr/local/
go/pkg/tool/linux_amd
64/compile -o 
$WORK/b167/_pkg_.a 
-trimpath 
"$WORK/b167=>" -p ven
dor/golang.org/x/text
/unicode/bidi -std 
-complete -buildid jJ
c2ShxNIoJ8HITKqOoU/jJ
c2ShxNIoJ8HITKqOoU 
-goversion go1.21.13 
-c=4 -nolocalimports 
-importcfg 
$WORK/b167/importcfg 
-pack /usr/local/go/s
rc/vendor/golang.org/
x/text/unicode/bidi/b
idi.go /usr/local/go/
src/vendor/golang.org
/x/text/unicode/bidi/
bracket.go /usr/local
/go/src/vendor/golang
.org/x/text/unicode/b
idi/core.go /usr/loca
l/go/src/vendor/golan
g.org/x/text/unicode/
bidi/prop.go /usr/loc
al/go/src/vendor/gola
ng.org/x/text/unicode
/bidi/tables15.0.0.go
 /usr/local/go/src/ve
ndor/golang.org/x/tex
t/unicode/bidi/trieva
l.go
#19 6.199 /usr/local/
go/pkg/tool/linux_amd
64/buildid -w 
$WORK/b159/_pkg_.a # 
internal
#19 6.221 cp 
$WORK/b159/_pkg_.a /r
oot/.cache/go-build/9
4/94019245e25ecec91e5
4abb218ea113a198b1398
c179e135126688faeb096
e85-d # internal
#19 6.222 vendor/gola
ng.org/x/net/http2/hp
ack
#19 6.231 mkdir -p 
$WORK/b171/
#19 6.253 cat >/tmp/g
o-build4077850697/b17
1/importcfg << 'EOF' 
# internal
#19 6.253 # import 
config
#19 6.253 
packagefile bytes=/ro
ot/.cache/go-build/26
/26bfdb65b0b94b3a2bdc
e9e4b8bc696e55851d329
688735148e2f1ede7b0cf
7a-d
#19 6.253 
packagefile errors=/r
oot/.cache/go-build/c
c/cc538db122216e44576
167ce460078986584b0ef
8e945f95ba196f2ccc1e3
751-d
#19 6.253 
packagefile fmt=/root
/.cache/go-build/8d/8
d2bdd2fb8d4c3cfa10b37
9579d427d3fa724e4660a
984a3b121b2d6bb7bf576
-d
#19 6.253 
packagefile io=/root/
.cache/go-build/3f/3f
759ea3eb56d9d846e0439
5d9dc289bca8f7cfe11f7
7ec63b71910085c89dc3-
d
#19 6.253 
packagefile sync=/roo
t/.cache/go-build/4c/
4c6482b01e9753a401b5c
d5c9c47361a61ab8cef0b
4d6159ff0f0ffb119213f
7-d
#19 6.253 EOF
#19 6.255 /usr/local/
go/pkg/tool/linux_amd
64/compile -o 
$WORK/b171/_pkg_.a 
-trimpath 
"$WORK/b171=>" -p ven
dor/golang.org/x/net/
http2/hpack -std 
-complete -buildid sN
PxtkB2QdaqSxLpNxEr/sN
PxtkB2QdaqSxLpNxEr 
-goversion go1.21.13 
-c=4 -nolocalimports 
-importcfg 
$WORK/b171/importcfg 
-pack /usr/local/go/s
rc/vendor/golang.org/
x/net/http2/hpack/enc
ode.go /usr/local/go/
src/vendor/golang.org
/x/net/http2/hpack/hp
ack.go /usr/local/go/
src/vendor/golang.org
/x/net/http2/hpack/hu
ffman.go /usr/local/g
o/src/vendor/golang.o
rg/x/net/http2/hpack/
static_table.go /usr/
local/go/src/vendor/g
olang.org/x/net/http2
/hpack/tables.go
#19 6.447 /usr/local/
go/pkg/tool/linux_amd
64/buildid -w 
$WORK/b084/_pkg_.a # 
internal
#19 6.475 /usr/local/
go/pkg/tool/linux_amd
64/buildid -w 
$WORK/b133/_pkg_.a # 
internal
#19 6.492 cp 
$WORK/b084/_pkg_.a /r
oot/.cache/go-build/6
5/65c3b640220134829da
afd1f7b39a84ccfcfa894
e9ea0932c53c913b26131
422-d # internal
#19 6.494 /usr/local/
go/pkg/tool/linux_amd
64/buildid -w 
$WORK/b166/_pkg_.a # 
internal
#19 6.495 mime
#19 6.495 mkdir -p 
$WORK/b172/
#19 6.501 cp 
$WORK/b166/_pkg_.a /r
oot/.cache/go-build/b
8/b834ca8ac0b591c924a
bf5ce9d8ae81ce3dcaa48
098ff1b1efc36ee0a2090
488-d # internal
#19 6.505 cat >/tmp/g
o-build4077850697/b17
2/importcfg << 'EOF' 
# internal
#19 6.505 # import 
config
#19 6.505 
packagefile bufio=/ro
ot/.cache/go-build/ba
/bab9b7509689a41081ab
98d7cd01bca2cf4e75f77
56000633e9b1c1d2099ea
3f-d
#19 6.505 
packagefile bytes=/ro
ot/.cache/go-build/26
/26bfdb65b0b94b3a2bdc
e9e4b8bc696e55851d329
688735148e2f1ede7b0cf
7a-d
#19 6.505 
packagefile encoding/
base64=/root/.cache/g
o-build/14/14031b4118
b386250aa841db8bab959
208e925279dd1dc883294
2b7a9142ac03-d
#19 6.505 
packagefile errors=/r
oot/.cache/go-build/c
c/cc538db122216e44576
167ce460078986584b0ef
8e945f95ba196f2ccc1e3
751-d
#19 6.505 
packagefile fmt=/root
/.cache/go-build/8d/8
d2bdd2fb8d4c3cfa10b37
9579d427d3fa724e4660a
984a3b121b2d6bb7bf576
-d
#19 6.505 
packagefile io=/root/
.cache/go-build/3f/3f
759ea3eb56d9d846e0439
5d9dc289bca8f7cfe11f7
7ec63b71910085c89dc3-
d
#19 6.505 
packagefile os=/root/
.cache/go-build/43/43
f674b9b17ec091d423d79
d19d3a58814383e28d032
db985101a3bdb2c0e9c5-
d
#19 6.505 
packagefile sort=/roo
t/.cache/go-build/8c/
8c292a4015d12c8dfa15e
cf8a4317ac584bee3989c
3d957a6a78ab6789a029e
e-d
#19 6.505 
packagefile strings=/
root/.cache/go-build/
bd/bd2b3ffec179fa0086
9c215b39dc97456ad6ec1
7c28e28cbfd770fe90393
d84a-d
#19 6.505 
packagefile sync=/roo
t/.cache/go-build/4c/
4c6482b01e9753a401b5c
d5c9c47361a61ab8cef0b
4d6159ff0f0ffb119213f
7-d
#19 6.505 
packagefile unicode=/
root/.cache/go-build/
5c/5cc4ed7fed5271c4f9
b13a58dc4b0fedd203628
562244eeb2b81d3cea617
d31d-d
#19 6.505 
packagefile unicode/u
tf8=/root/.cache/go-b
uild/9e/9e23eb231cba1
373f4567258c1258bd672
52280d64ad306b694435d
139734a46-d
#19 6.505 EOF
#19 6.505 /usr/local/
go/pkg/tool/linux_amd
64/compile -o 
$WORK/b172/_pkg_.a 
-trimpath 
"$WORK/b172=>" -p 
mime -std -complete 
-buildid m0ArkKqN0831
Osj8ljQb/m0ArkKqN0831
Osj8ljQb -goversion 
go1.21.13 -c=4 
-nolocalimports 
-importcfg 
$WORK/b172/importcfg 
-pack /usr/local/go/s
rc/mime/encodedword.g
o /usr/local/go/src/m
ime/grammar.go /usr/l
ocal/go/src/mime/medi
atype.go /usr/local/g
o/src/mime/type.go /u
sr/local/go/src/mime/
type_unix.go
#19 6.638 cp 
$WORK/b133/_pkg_.a /r
oot/.cache/go-build/a
1/a1a7660663057429010
e1b76a68696664c645160
d298b433036521befdff9
023-d # internal
#19 6.647 golang.org/
x/text/internal
#19 6.647 mkdir -p 
$WORK/b132/
#19 6.661 cat >/tmp/g
o-build4077850697/b13
2/importcfg << 'EOF' 
# internal
#19 6.661 # import 
config
#19 6.661 
packagefile golang.or
g/x/text/language=/tm
p/go-build4077850697/
b133/_pkg_.a
#19 6.661 
packagefile sort=/roo
t/.cache/go-build/8c/
8c292a4015d12c8dfa15e
cf8a4317ac584bee3989c
3d957a6a78ab6789a029e
e-d
#19 6.661 EOF
#19 6.661 /usr/local/
go/pkg/tool/linux_amd
64/compile -o 
$WORK/b132/_pkg_.a 
-trimpath 
"$WORK/b132=>" -p gol
ang.org/x/text/intern
al -lang=go1.18 
-complete -buildid yb
siU6ZaafJUCb7svG4h/yb
siU6ZaafJUCb7svG4h 
-goversion go1.21.13 
-c=4 -nolocalimports 
-importcfg 
$WORK/b132/importcfg 
-pack /go/pkg/mod/gol
ang.org/x/text@v0.14.
0/internal/internal.g
o /go/pkg/mod/golang.
org/x/text@v0.14.0/in
ternal/match.go
#19 6.845 /usr/local/
go/pkg/tool/linux_amd
64/buildid -w 
$WORK/b132/_pkg_.a # 
internal
#19 6.852 cp 
$WORK/b132/_pkg_.a /r
oot/.cache/go-build/6
b/6b82817594ce0d7e090
75e31ad1d7640dda6c4cc
e3f39d2a0f9859cd55e3b
88a-d # internal
#19 6.859 golang.org/
x/text/cases
#19 6.859 mkdir -p 
$WORK/b131/
#19 6.861 cat >/tmp/g
o-build4077850697/b13
1/importcfg << 'EOF' 
# internal
#19 6.861 # import 
config
#19 6.861 
packagefile golang.or
g/x/text/internal=/tm
p/go-build4077850697/
b132/_pkg_.a
#19 6.861 
packagefile golang.or
g/x/text/language=/tm
p/go-build4077850697/
b133/_pkg_.a
#19 6.861 
packagefile golang.or
g/x/text/transform=/t
mp/go-build4077850697
/b137/_pkg_.a
#19 6.861 
packagefile golang.or
g/x/text/unicode/norm
=/tmp/go-build4077850
697/b138/_pkg_.a
#19 6.861 
packagefile strings=/
root/.cache/go-build/
bd/bd2b3ffec179fa0086
9c215b39dc97456ad6ec1
7c28e28cbfd770fe90393
d84a-d
#19 6.861 
packagefile unicode=/
root/.cache/go-build/
5c/5cc4ed7fed5271c4f9
b13a58dc4b0fedd203628
562244eeb2b81d3cea617
d31d-d
#19 6.861 
packagefile unicode/u
tf8=/root/.cache/go-b
uild/9e/9e23eb231cba1
373f4567258c1258bd672
52280d64ad306b694435d
139734a46-d
#19 6.861 EOF
#19 6.862 /usr/local/
go/pkg/tool/linux_amd
64/compile -o 
$WORK/b131/_pkg_.a 
-trimpath 
"$WORK/b131=>" -p gol
ang.org/x/text/cases 
-lang=go1.18 
-complete -buildid iI
AIn75_8cOjnW2qwQVL/iI
AIn75_8cOjnW2qwQVL 
-goversion go1.21.13 
-c=4 -nolocalimports 
-importcfg 
$WORK/b131/importcfg 
-pack /go/pkg/mod/gol
ang.org/x/text@v0.14.
0/cases/cases.go /go/
pkg/mod/golang.org/x/
text@v0.14.0/cases/co
ntext.go /go/pkg/mod/
golang.org/x/text@v0.
14.0/cases/fold.go /g
o/pkg/mod/golang.org/
x/text@v0.14.0/cases/
info.go /go/pkg/mod/g
olang.org/x/text@v0.1
4.0/cases/map.go /go/
pkg/mod/golang.org/x/
text@v0.14.0/cases/ta
bles15.0.0.go /go/pkg
/mod/golang.org/x/tex
t@v0.14.0/cases/triev
al.go
#19 6.871 vendor/gola
ng.org/x/text/unicode
/norm
#19 6.871 mkdir -p 
$WORK/b168/
#19 6.878 cat >/tmp/g
o-build4077850697/b16
8/importcfg << 'EOF' 
# internal
#19 6.878 # import 
config
#19 6.878 importmap g
olang.org/x/text/tran
sform=vendor/golang.o
rg/x/text/transform
#19 6.878 
packagefile encoding/
binary=/root/.cache/g
o-build/60/60ee0c1856
a489c23506aab75becee4
a0c32342fd3865aa463f6
af25ea3c69f8-d
#19 6.878 
packagefile fmt=/root
/.cache/go-build/8d/8
d2bdd2fb8d4c3cfa10b37
9579d427d3fa724e4660a
984a3b121b2d6bb7bf576
-d
#19 6.878 
packagefile vendor/go
lang.org/x/text/trans
form=/tmp/go-build407
7850697/b166/_pkg_.a
#19 6.878 
packagefile io=/root/
.cache/go-build/3f/3f
759ea3eb56d9d846e0439
5d9dc289bca8f7cfe11f7
7ec63b71910085c89dc3-
d
#19 6.878 
packagefile sync=/roo
t/.cache/go-build/4c/
4c6482b01e9753a401b5c
d5c9c47361a61ab8cef0b
4d6159ff0f0ffb119213f
7-d
#19 6.878 
packagefile unicode/u
tf8=/root/.cache/go-b
uild/9e/9e23eb231cba1
373f4567258c1258bd672
52280d64ad306b694435d
139734a46-d
#19 6.878 EOF
#19 6.878 /usr/local/
go/pkg/tool/linux_amd
64/compile -o 
$WORK/b168/_pkg_.a 
-trimpath 
"$WORK/b168=>" -p ven
dor/golang.org/x/text
/unicode/norm -std 
-complete -buildid s6
AG0I3p3nRDIfxsGSgD/s6
AG0I3p3nRDIfxsGSgD 
-goversion go1.21.13 
-c=4 -nolocalimports 
-importcfg 
$WORK/b168/importcfg 
-pack /usr/local/go/s
rc/vendor/golang.org/
x/text/unicode/norm/c
omposition.go /usr/lo
cal/go/src/vendor/gol
ang.org/x/text/unicod
e/norm/forminfo.go /u
sr/local/go/src/vendo
r/golang.org/x/text/u
nicode/norm/input.go 
/usr/local/go/src/ven
dor/golang.org/x/text
/unicode/norm/iter.go
 /usr/local/go/src/ve
ndor/golang.org/x/tex
t/unicode/norm/normal
ize.go /usr/local/go/
src/vendor/golang.org
/x/text/unicode/norm/
readwriter.go /usr/lo
cal/go/src/vendor/gol
ang.org/x/text/unicod
e/norm/tables15.0.0.g
o /usr/local/go/src/v
endor/golang.org/x/te
xt/unicode/norm/trans
form.go /usr/local/go
/src/vendor/golang.or
g/x/text/unicode/norm
/trie.go
#19 7.669 /usr/local/
go/pkg/tool/linux_amd
64/buildid -w 
$WORK/b171/_pkg_.a # 
internal
#19 7.681 cp 
$WORK/b171/_pkg_.a /r
oot/.cache/go-build/0
3/03ed5684ad2f6ef7af8
5d9d7bf08817c3d88a2a7
d0d587c2f272850ff1ad2
b43-d # internal
#19 7.683 
mime/quotedprintable
#19 7.683 mkdir -p 
$WORK/b174/
#19 7.689 cat >/tmp/g
o-build4077850697/b17
4/importcfg << 'EOF' 
# internal
#19 7.689 # import 
config
#19 7.689 
packagefile bufio=/ro
ot/.cache/go-build/ba
/bab9b7509689a41081ab
98d7cd01bca2cf4e75f77
56000633e9b1c1d2099ea
3f-d
#19 7.689 
packagefile bytes=/ro
ot/.cache/go-build/26
/26bfdb65b0b94b3a2bdc
e9e4b8bc696e55851d329
688735148e2f1ede7b0cf
7a-d
#19 7.689 
packagefile fmt=/root
/.cache/go-build/8d/8
d2bdd2fb8d4c3cfa10b37
9579d427d3fa724e4660a
984a3b121b2d6bb7bf576
-d
#19 7.689 
packagefile io=/root/
.cache/go-build/3f/3f
759ea3eb56d9d846e0439
5d9dc289bca8f7cfe11f7
7ec63b71910085c89dc3-
d
#19 7.689 EOF
#19 7.691 /usr/local/
go/pkg/tool/linux_amd
64/compile -o 
$WORK/b174/_pkg_.a 
-trimpath 
"$WORK/b174=>" -p 
mime/quotedprintable 
-std -complete 
-buildid EOk7BckF2ozh
khO2JTxn/EOk7BckF2ozh
khO2JTxn -goversion 
go1.21.13 -c=4 
-nolocalimports 
-importcfg 
$WORK/b174/importcfg 
-pack /usr/local/go/s
rc/mime/quotedprintab
le/reader.go /usr/loc
al/go/src/mime/quoted
printable/writer.go
#19 7.714 /usr/local/
go/pkg/tool/linux_amd
64/buildid -w 
$WORK/b167/_pkg_.a # 
internal
#19 7.733 /usr/local/
go/pkg/tool/linux_amd
64/buildid -w 
$WORK/b161/_pkg_.a # 
internal
#19 7.738 /usr/local/
go/pkg/tool/linux_amd
64/buildid -w 
$WORK/b147/_pkg_.a # 
internal
#19 7.749 /usr/local/
go/pkg/tool/linux_amd
64/buildid -w 
$WORK/b172/_pkg_.a # 
internal
#19 7.792 cp 
$WORK/b167/_pkg_.a /r
oot/.cache/go-build/1
9/19a9872664a9b537d77
5706dab47e23969c78700
6ea98f1380a57e24b67ee
e9c-d # internal
#19 7.794 vendor/gola
ng.org/x/text/secure/
bidirule
#19 7.794 mkdir -p 
$WORK/b165/
#19 7.804 cat >/tmp/g
o-build4077850697/b16
5/importcfg << 'EOF' 
# internal
#19 7.804 # import 
config
#19 7.804 importmap g
olang.org/x/text/tran
sform=vendor/golang.o
rg/x/text/transform
#19 7.804 importmap g
olang.org/x/text/unic
ode/bidi=vendor/golan
g.org/x/text/unicode/
bidi
#19 7.804 
packagefile errors=/r
oot/.cache/go-build/c
c/cc538db122216e44576
167ce460078986584b0ef
8e945f95ba196f2ccc1e3
751-d
#19 7.804 
packagefile vendor/go
lang.org/x/text/trans
form=/tmp/go-build407
7850697/b166/_pkg_.a
#19 7.804 
packagefile vendor/go
lang.org/x/text/unico
de/bidi=/tmp/go-build
4077850697/b167/_pkg_
.a
#19 7.804 
packagefile unicode/u
tf8=/root/.cache/go-b
uild/9e/9e23eb231cba1
373f4567258c1258bd672
52280d64ad306b694435d
139734a46-d
#19 7.804 EOF
#19 7.805 /usr/local/
go/pkg/tool/linux_amd
64/compile -o 
$WORK/b165/_pkg_.a 
-trimpath 
"$WORK/b165=>" -p ven
dor/golang.org/x/text
/secure/bidirule 
-std -complete 
-buildid r_rdmOjNZzct
5eL7_SSN/r_rdmOjNZzct
5eL7_SSN -goversion 
go1.21.13 -c=4 
-nolocalimports 
-importcfg 
$WORK/b165/importcfg 
-pack /usr/local/go/s
rc/vendor/golang.org/
x/text/secure/bidirul
e/bidirule.go /usr/lo
cal/go/src/vendor/gol
ang.org/x/text/secure
/bidirule/bidirule10.
0.0.go
#19 7.816 cp 
$WORK/b172/_pkg_.a /r
oot/.cache/go-build/a
5/a52f297d3691bebaf73
cfdb4687ee3a49a414416
ed3a01bae8f92ea57a50e
b77-d # internal
#19 7.816 cp 
$WORK/b147/_pkg_.a /r
oot/.cache/go-build/7
8/78fc1ddfb18429d3426
312ef7aba5fcaa45bd03b
69d9cb9c70b0275210a05
50c-d # internal
#19 7.817 net/http/in
ternal/ascii
#19 7.817 mkdir -p 
$WORK/b177/
#19 7.818 
net/http/internal
#19 7.819 cat >/tmp/g
o-build4077850697/b17
7/importcfg << 'EOF' 
# internal
#19 7.819 # import 
config
#19 7.819 
packagefile strings=/
root/.cache/go-build/
bd/bd2b3ffec179fa0086
9c215b39dc97456ad6ec1
7c28e28cbfd770fe90393
d84a-d
#19 7.819 
packagefile unicode=/
root/.cache/go-build/
5c/5cc4ed7fed5271c4f9
b13a58dc4b0fedd203628
562244eeb2b81d3cea617
d31d-d
#19 7.819 EOF
#19 7.820 /usr/local/
go/pkg/tool/linux_amd
64/compile -o 
$WORK/b177/_pkg_.a 
-trimpath 
"$WORK/b177=>" -p net
/http/internal/ascii 
-std -complete 
-buildid ar4tt62dA2tg
V-WH0U5l/ar4tt62dA2tg
V-WH0U5l -goversion 
go1.21.13 -c=4 
-nolocalimports 
-importcfg 
$WORK/b177/importcfg 
-pack /usr/local/go/s
rc/net/http/internal/
ascii/print.go
#19 7.820 mkdir -p 
$WORK/b176/
#19 7.822 cp 
$WORK/b161/_pkg_.a /r
oot/.cache/go-build/a
4/a4528151674d0c3775d
f8d3c1a06480bb14cf031
dfa143e7561d8fff727a5
4fc-d # internal
#19 7.833 cat >/tmp/g
o-build4077850697/b17
6/importcfg << 'EOF' 
# internal
#19 7.833 # import 
config
#19 7.833 
packagefile bufio=/ro
ot/.cache/go-build/ba
/bab9b7509689a41081ab
98d7cd01bca2cf4e75f77
56000633e9b1c1d2099ea
3f-d
#19 7.833 
packagefile bytes=/ro
ot/.cache/go-build/26
/26bfdb65b0b94b3a2bdc
e9e4b8bc696e55851d329
688735148e2f1ede7b0cf
7a-d
#19 7.833 
packagefile errors=/r
oot/.cache/go-build/c
c/cc538db122216e44576
167ce460078986584b0ef
8e945f95ba196f2ccc1e3
751-d
#19 7.833 
packagefile fmt=/root
/.cache/go-build/8d/8
d2bdd2fb8d4c3cfa10b37
9579d427d3fa724e4660a
984a3b121b2d6bb7bf576
-d
#19 7.833 
packagefile io=/root/
.cache/go-build/3f/3f
759ea3eb56d9d846e0439
5d9dc289bca8f7cfe11f7
7ec63b71910085c89dc3-
d
#19 7.833 EOF
#19 7.835 
text/template
#19 7.835 mkdir -p 
$WORK/b160/
#19 7.836 /usr/local/
go/pkg/tool/linux_amd
64/compile -o 
$WORK/b176/_pkg_.a 
-trimpath 
"$WORK/b176=>" -p 
net/http/internal 
-std -complete 
-buildid 1AnN5396EW16
-2oQIgdf/1AnN5396EW16
-2oQIgdf -goversion 
go1.21.13 -c=4 
-nolocalimports 
-importcfg 
$WORK/b176/importcfg 
-pack /usr/local/go/s
rc/net/http/internal/
chunked.go
#19 7.848 cat >/tmp/g
o-build4077850697/b16
0/importcfg << 'EOF' 
# internal
#19 7.848 # import 
config
#19 7.848 
packagefile errors=/r
oot/.cache/go-build/c
c/cc538db122216e44576
167ce460078986584b0ef
8e945f95ba196f2ccc1e3
751-d
#19 7.848 
packagefile fmt=/root
/.cache/go-build/8d/8
d2bdd2fb8d4c3cfa10b37
9579d427d3fa724e4660a
984a3b121b2d6bb7bf576
-d
#19 7.848 
packagefile internal/
fmtsort=/root/.cache/
go-build/d8/d812b3276
aedb5effb3956d21dd229
280746a7831d5e3ebc042
87b842d1c0543-d
#19 7.848 
packagefile io=/root/
.cache/go-build/3f/3f
759ea3eb56d9d846e0439
5d9dc289bca8f7cfe11f7
7ec63b71910085c89dc3-
d
#19 7.848 
packagefile io/fs=/ro
ot/.cache/go-build/f1
/f1b2f94d4f1c86707558
b8b2ec2b5afceb843f066
df0a475502965262d9dd3
07-d
#19 7.848 
packagefile net/url=/
tmp/go-build407785069
7/b109/_pkg_.a
#19 7.848 
packagefile os=/root/
.cache/go-build/43/43
f674b9b17ec091d423d79
d19d3a58814383e28d032
db985101a3bdb2c0e9c5-
d
#19 7.848 
packagefile path=/roo
t/.cache/go-build/94/
9454a470cbf171a734c2c
ba7cfdd7871080744a807
1114bc08ead8d6315268c
a-d
#19 7.848 
packagefile path/file
path=/root/.cache/go-
build/11/114b1ce0f6c5
11efcf45eac5007f8e483
7db5e57ae790ff11c15da
acd2d1a3a5-d
#19 7.848 
packagefile reflect=/
root/.cache/go-build/
16/16f37704a24996a774
deef9cd97d1a44607e2c1
7a34adf3ad677cff602c2
fa16-d
#19 7.848 
packagefile runtime=/
root/.cache/go-build/
29/29c63df92edda48c2d
238c8dd2f7cf6a13536c0
3e2f03a25a6439694804b
49ca-d
#19 7.848 
packagefile strings=/
root/.cache/go-build/
bd/bd2b3ffec179fa0086
9c215b39dc97456ad6ec1
7c28e28cbfd770fe90393
d84a-d
#19 7.848 
packagefile sync=/roo
t/.cache/go-build/4c/
4c6482b01e9753a401b5c
d5c9c47361a61ab8cef0b
4d6159ff0f0ffb119213f
7-d
#19 7.848 
packagefile text/temp
late/parse=/tmp/go-bu
ild4077850697/b161/_p
kg_.a
#19 7.848 
packagefile unicode=/
root/.cache/go-build/
5c/5cc4ed7fed5271c4f9
b13a58dc4b0fedd203628
562244eeb2b81d3cea617
d31d-d
#19 7.848 
packagefile unicode/u
tf8=/root/.cache/go-b
uild/9e/9e23eb231cba1
373f4567258c1258bd672
52280d64ad306b694435d
139734a46-d
#19 7.848 EOF
#19 7.848 /usr/local/
go/pkg/tool/linux_amd
64/compile -o 
$WORK/b160/_pkg_.a 
-trimpath 
"$WORK/b160=>" -p 
text/template -std 
-complete -buildid Sd
YVyGMVqLH_DesP611V/Sd
YVyGMVqLH_DesP611V 
-goversion go1.21.13 
-c=4 -nolocalimports 
-importcfg 
$WORK/b160/importcfg 
-pack /usr/local/go/s
rc/text/template/doc.
go /usr/local/go/src/
text/template/exec.go
 /usr/local/go/src/te
xt/template/funcs.go 
/usr/local/go/src/tex
t/template/helper.go 
/usr/local/go/src/tex
t/template/option.go 
/usr/local/go/src/tex
t/template/template.g
o
#19 7.875 /usr/local/
go/pkg/tool/linux_amd
64/buildid -w 
$WORK/b177/_pkg_.a # 
internal
#19 7.878 cp 
$WORK/b177/_pkg_.a /r
oot/.cache/go-build/7
2/725f0a15794911ad69f
15a8babc4e6f174f0ca10
06f74ff03761bc35c1a7c
7f8-d # internal
#19 7.883 google.gola
ng.org/grpc/backoff
#19 7.883 mkdir -p 
$WORK/b179/
#19 7.894 cat >/tmp/g
o-build4077850697/b17
9/importcfg << 'EOF' 
# internal
#19 7.894 # import 
config
#19 7.894 
packagefile time=/roo
t/.cache/go-build/4e/
4e73c8606deed2138edca
3302af2287f9f43cefd6d
141d85ab675d2b3f4052e
c-d
#19 7.894 EOF
#19 7.894 /usr/local/
go/pkg/tool/linux_amd
64/compile -o 
$WORK/b179/_pkg_.a 
-trimpath 
"$WORK/b179=>" -p goo
gle.golang.org/grpc/b
ackoff -lang=go1.19 
-complete -buildid Pm
IDoMw1AZTB2QKDVlja/Pm
IDoMw1AZTB2QKDVlja 
-goversion go1.21.13 
-c=4 -nolocalimports 
-importcfg 
$WORK/b179/importcfg 
-pack /go/pkg/mod/goo
gle.golang.org/grpc@v
1.60.0/backoff/backof
f.go
#19 7.899 /usr/local/
go/pkg/tool/linux_amd
64/buildid -w 
$WORK/b174/_pkg_.a # 
internal
#19 7.909 cp 
$WORK/b174/_pkg_.a /r
oot/.cache/go-build/7
9/79b2c37a55dc1db3829
06f590a7fec2772a489ff
359678dda849ac9f50078
98b-d # internal
#19 7.917 /usr/local/
go/pkg/tool/linux_amd
64/buildid -w 
$WORK/b179/_pkg_.a # 
internal
#19 7.926 cp 
$WORK/b179/_pkg_.a /r
oot/.cache/go-build/8
1/818946f36dda1a0cd05
62b96844778a3fb40de56
e68f8aaddb607e166fe7d
97b-d # internal
#19 7.931 google.gola
ng.org/grpc/internal/
grpclog
#19 7.931 mkdir -p 
$WORK/b186/
#19 7.932 cat >/tmp/g
o-build4077850697/b18
6/importcfg << 'EOF' 
# internal
#19 7.932 # import 
config
#19 7.932 
packagefile fmt=/root
/.cache/go-build/8d/8
d2bdd2fb8d4c3cfa10b37
9579d427d3fa724e4660a
984a3b121b2d6bb7bf576
-d
#19 7.932 
packagefile os=/root/
.cache/go-build/43/43
f674b9b17ec091d423d79
d19d3a58814383e28d032
db985101a3bdb2c0e9c5-
d
#19 7.932 EOF
#19 7.933 /usr/local/
go/pkg/tool/linux_amd
64/compile -o 
$WORK/b186/_pkg_.a 
-trimpath 
"$WORK/b186=>" -p goo
gle.golang.org/grpc/i
nternal/grpclog 
-lang=go1.19 
-complete -buildid 9B
JMswHohSYFawP7VGVz/9B
JMswHohSYFawP7VGVz 
-goversion go1.21.13 
-c=4 -nolocalimports 
-importcfg 
$WORK/b186/importcfg 
-pack /go/pkg/mod/goo
gle.golang.org/grpc@v
1.60.0/internal/grpcl
og/grpclog.go /go/pkg
/mod/google.golang.or
g/grpc@v1.60.0/intern
al/grpclog/prefixLogg
er.go
#19 7.938 
golang.org/x/sys/unix
#19 7.939 mkdir -p 
$WORK/b183/
#19 7.945 cat >/tmp/g
o-build4077850697/b18
3/go_asm.h << 'EOF' 
# internal
#19 7.945 EOF
#19 7.946 cd /go/pkg/
mod/golang.org/x/sys@
v0.15.0/unix
#19 7.946 /usr/local/
go/pkg/tool/linux_amd
64/asm -p golang.org/
x/sys/unix -trimpath 
"$WORK/b183=>" -I 
$WORK/b183/ -I /usr/l
ocal/go/pkg/include 
-D GOOS_linux -D 
GOARCH_amd64 -D 
GOAMD64_v1 
-gensymabis -o 
$WORK/b183/symabis 
./asm_linux_amd64.s
#19 7.965 /usr/local/
go/pkg/tool/linux_amd
64/buildid -w 
$WORK/b165/_pkg_.a # 
internal
#19 7.976 cp 
$WORK/b165/_pkg_.a /r
oot/.cache/go-build/4
a/4ae581fee206e6c9340
a156341f904a30b6c70db
338998adef8debd284e40
3f3-d # internal
#19 7.996 cat >/tmp/g
o-build4077850697/b18
3/importcfg << 'EOF' 
# internal
#19 7.996 # import 
config
#19 7.996 
packagefile bytes=/ro
ot/.cache/go-build/26
/26bfdb65b0b94b3a2bdc
e9e4b8bc696e55851d329
688735148e2f1ede7b0cf
7a-d
#19 7.996 
packagefile encoding/
binary=/root/.cache/g
o-build/60/60ee0c1856
a489c23506aab75becee4
a0c32342fd3865aa463f6
af25ea3c69f8-d
#19 7.996 
packagefile math/bits
=/root/.cache/go-buil
d/3d/3d8e372dde88f554
f59147ec97a2c135b2971
03eef9e14b1868ffbcb3e
065db5-d
#19 7.996 
packagefile runtime=/
root/.cache/go-build/
29/29c63df92edda48c2d
238c8dd2f7cf6a13536c0
3e2f03a25a6439694804b
49ca-d
#19 7.996 
packagefile sort=/roo
t/.cache/go-build/8c/
8c292a4015d12c8dfa15e
cf8a4317ac584bee3989c
3d957a6a78ab6789a029e
e-d
#19 7.996 
packagefile strconv=/
root/.cache/go-build/
58/58fde322ad123df338
e244ef907f3389ac723cf
56495542c8fa011a9be08
c3b5-d
#19 7.996 
packagefile strings=/
root/.cache/go-build/
bd/bd2b3ffec179fa0086
9c215b39dc97456ad6ec1
7c28e28cbfd770fe90393
d84a-d
#19 7.996 
packagefile sync=/roo
t/.cache/go-build/4c/
4c6482b01e9753a401b5c
d5c9c47361a61ab8cef0b
4d6159ff0f0ffb119213f
7-d
#19 7.996 
packagefile syscall=/
root/.cache/go-build/
6c/6cb2057e6dcb8c1e51
9e6658b10448ea4b2c318
9f26805143f72256cb362
936c-d
#19 7.996 
packagefile time=/roo
t/.cache/go-build/4e/
4e73c8606deed2138edca
3302af2287f9f43cefd6d
141d85ab675d2b3f4052e
c-d
#19 7.996 EOF
#19 7.997 cd 
/app/backend
#19 7.997 /usr/local/
go/pkg/tool/linux_amd
64/compile -o 
$WORK/b183/_pkg_.a 
-trimpath 
"$WORK/b183=>" -p gol
ang.org/x/sys/unix 
-lang=go1.18 
-buildid Rf2ydADQuDg6
_-9vdDY7/Rf2ydADQuDg6
_-9vdDY7 -goversion 
go1.21.13 -symabis 
$WORK/b183/symabis 
-c=4 -nolocalimports 
-importcfg 
$WORK/b183/importcfg 
-pack -asmhdr 
$WORK/b183/go_asm.h /
go/pkg/mod/golang.org
/x/sys@v0.15.0/unix/a
ffinity_linux.go /go/
pkg/mod/golang.org/x/
sys@v0.15.0/unix/alia
ses.go /go/pkg/mod/go
lang.org/x/sys@v0.15.
0/unix/bluetooth_linu
x.go /go/pkg/mod/gola
ng.org/x/sys@v0.15.0/
unix/constants.go /go
/pkg/mod/golang.org/x
/sys@v0.15.0/unix/dev
_linux.go /go/pkg/mod
/golang.org/x/sys@v0.
15.0/unix/dirent.go /
go/pkg/mod/golang.org
/x/sys@v0.15.0/unix/e
ndian_little.go /go/p
kg/mod/golang.org/x/s
ys@v0.15.0/unix/env_u
nix.go /go/pkg/mod/go
lang.org/x/sys@v0.15.
0/unix/fcntl.go /go/p
kg/mod/golang.org/x/s
ys@v0.15.0/unix/fdset
.go /go/pkg/mod/golan
g.org/x/sys@v0.15.0/u
nix/ifreq_linux.go /g
o/pkg/mod/golang.org/
x/sys@v0.15.0/unix/io
ctl_linux.go /go/pkg/
mod/golang.org/x/sys@
v0.15.0/unix/ioctl_un
signed.go /go/pkg/mod
/golang.org/x/sys@v0.
15.0/unix/mremap.go /
go/pkg/mod/golang.org
/x/sys@v0.15.0/unix/p
agesize_unix.go /go/p
kg/mod/golang.org/x/s
ys@v0.15.0/unix/race0
.go /go/pkg/mod/golan
g.org/x/sys@v0.15.0/u
nix/readdirent_getden
ts.go /go/pkg/mod/gol
ang.org/x/sys@v0.15.0
/unix/sockcmsg_linux.
go /go/pkg/mod/golang
.org/x/sys@v0.15.0/un
ix/sockcmsg_unix.go /
go/pkg/mod/golang.org
/x/sys@v0.15.0/unix/s
ockcmsg_unix_other.go
 /go/pkg/mod/golang.o
rg/x/sys@v0.15.0/unix
/syscall.go /go/pkg/m
od/golang.org/x/sys@v
0.15.0/unix/syscall_l
inux.go /go/pkg/mod/g
olang.org/x/sys@v0.15
.0/unix/syscall_linux
_alarm.go /go/pkg/mod
/golang.org/x/sys@v0.
15.0/unix/syscall_lin
ux_amd64.go /go/pkg/m
od/golang.org/x/sys@v
0.15.0/unix/syscall_l
inux_amd64_gc.go /go/
pkg/mod/golang.org/x/
sys@v0.15.0/unix/sysc
all_linux_gc.go /go/p
kg/mod/golang.org/x/s
ys@v0.15.0/unix/sysca
ll_unix.go /go/pkg/mo
d/golang.org/x/sys@v0
.15.0/unix/syscall_un
ix_gc.go /go/pkg/mod/
golang.org/x/sys@v0.1
5.0/unix/sysvshm_linu
x.go /go/pkg/mod/gola
ng.org/x/sys@v0.15.0/
unix/sysvshm_unix.go 
/go/pkg/mod/golang.or
g/x/sys@v0.15.0/unix/
timestruct.go /go/pkg
/mod/golang.org/x/sys
@v0.15.0/unix/zerrors
_linux.go /go/pkg/mod
/golang.org/x/sys@v0.
15.0/unix/zerrors_lin
ux_amd64.go /go/pkg/m
od/golang.org/x/sys@v
0.15.0/unix/zptrace_x
86_linux.go /go/pkg/m
od/golang.org/x/sys@v
0.15.0/unix/zsyscall_
linux.go /go/pkg/mod/
golang.org/x/sys@v0.1
5.0/unix/zsyscall_lin
ux_amd64.go /go/pkg/m
od/golang.org/x/sys@v
0.15.0/unix/zsysnum_l
inux_amd64.go /go/pkg
/mod/golang.org/x/sys
@v0.15.0/unix/ztypes_
linux.go /go/pkg/mod/
golang.org/x/sys@v0.1
5.0/unix/ztypes_linux
_amd64.go
#19 8.017 /usr/local/
go/pkg/tool/linux_amd
64/buildid -w 
$WORK/b176/_pkg_.a # 
internal
#19 8.035 cp 
$WORK/b176/_pkg_.a /r
oot/.cache/go-build/b
2/b27ec4871effdcbbc37
d08255ad9e6b2a98f3223
10872688652720a5e1a1b
d33-d # internal
#19 8.046 /usr/local/
go/pkg/tool/linux_amd
64/buildid -w 
$WORK/b186/_pkg_.a # 
internal
#19 8.053 cp 
$WORK/b186/_pkg_.a /r
oot/.cache/go-build/3
0/3083b2010a409f47187
77839aa26f704d51d94c4
fc641708453c943ca055f
495-d # internal
#19 8.066 google.gola
ng.org/grpc/grpclog
#19 8.067 mkdir -p 
$WORK/b185/
#19 8.071 cat >/tmp/g
o-build4077850697/b18
5/importcfg << 'EOF' 
# internal
#19 8.071 # import 
config
#19 8.071 
packagefile encoding/
json=/root/.cache/go-
build/24/24b182ff5489
86c89789a12c55fb81afb
414b3198c5ea571b2fb29
a5b25c22be-d
#19 8.071 
packagefile fmt=/root
/.cache/go-build/8d/8
d2bdd2fb8d4c3cfa10b37
9579d427d3fa724e4660a
984a3b121b2d6bb7bf576
-d
#19 8.071 
packagefile google.go
lang.org/grpc/interna
l/grpclog=/tmp/go-bui
ld4077850697/b186/_pk
g_.a
#19 8.071 
packagefile io=/root/
.cache/go-build/3f/3f
759ea3eb56d9d846e0439
5d9dc289bca8f7cfe11f7
7ec63b71910085c89dc3-
d
#19 8.071 
packagefile log=/tmp/
go-build4077850697/b1
42/_pkg_.a
#19 8.071 
packagefile os=/root/
.cache/go-build/43/43
f674b9b17ec091d423d79
d19d3a58814383e28d032
db985101a3bdb2c0e9c5-
d
#19 8.071 
packagefile strconv=/
root/.cache/go-build/
58/58fde322ad123df338
e244ef907f3389ac723cf
56495542c8fa011a9be08
c3b5-d
#19 8.071 
packagefile strings=/
root/.cache/go-build/
bd/bd2b3ffec179fa0086
9c215b39dc97456ad6ec1
7c28e28cbfd770fe90393
d84a-d
#19 8.071 EOF
#19 8.072 /usr/local/
go/pkg/tool/linux_amd
64/compile -o 
$WORK/b185/_pkg_.a 
-trimpath 
"$WORK/b185=>" -p goo
gle.golang.org/grpc/g
rpclog -lang=go1.19 
-complete -buildid 15
M2E2cCRTDJzk4iFIq_/15
M2E2cCRTDJzk4iFIq_ 
-goversion go1.21.13 
-c=4 -nolocalimports 
-importcfg 
$WORK/b185/importcfg 
-pack /go/pkg/mod/goo
gle.golang.org/grpc@v
1.60.0/grpclog/compon
ent.go /go/pkg/mod/go
ogle.golang.org/grpc@
v1.60.0/grpclog/grpcl
og.go /go/pkg/mod/goo
gle.golang.org/grpc@v
1.60.0/grpclog/logger
.go /go/pkg/mod/googl
e.golang.org/grpc@v1.
60.0/grpclog/loggerv2
.go
#19 8.081 google.gola
ng.org/grpc/attribute
s
#19 8.082 mkdir -p 
$WORK/b218/
#19 8.090 cat >/tmp/g
o-build4077850697/b21
8/importcfg << 'EOF' 
# internal
#19 8.090 # import 
config
#19 8.090 
packagefile fmt=/root
/.cache/go-build/8d/8
d2bdd2fb8d4c3cfa10b37
9579d427d3fa724e4660a
984a3b121b2d6bb7bf576
-d
#19 8.090 
packagefile strings=/
root/.cache/go-build/
bd/bd2b3ffec179fa0086
9c215b39dc97456ad6ec1
7c28e28cbfd770fe90393
d84a-d
#19 8.090 EOF
#19 8.094 /usr/local/
go/pkg/tool/linux_amd
64/compile -o 
$WORK/b218/_pkg_.a 
-trimpath 
"$WORK/b218=>" -p goo
gle.golang.org/grpc/a
ttributes 
-lang=go1.19 
-complete -buildid wD
a7aF2GmilcpejDXAXj/wD
a7aF2GmilcpejDXAXj 
-goversion go1.21.13 
-c=4 -nolocalimports 
-importcfg 
$WORK/b218/importcfg 
-pack /go/pkg/mod/goo
gle.golang.org/grpc@v
1.60.0/attributes/att
ributes.go
#19 8.128 github.com/
golang/protobuf/proto
#19 8.128 mkdir -p 
$WORK/b188/
#19 8.137 cat >/tmp/g
o-build4077850697/b18
8/importcfg << 'EOF' 
# internal
#19 8.137 # import 
config
#19 8.137 
packagefile bytes=/ro
ot/.cache/go-build/26
/26bfdb65b0b94b3a2bdc
e9e4b8bc696e55851d329
688735148e2f1ede7b0cf
7a-d
#19 8.137 
packagefile compress/
gzip=/root/.cache/go-
build/8c/8c96e41b1dfc
3251c110a39160414c50f
acaa76d80e87c3e7c5e34
6bf3cdcb24-d
#19 8.137 
packagefile encoding=
/root/.cache/go-build
/cf/cf39813f139052c95
3f5a1c637eac4c4608c2c
aac9c5f7fbd2f453bb73e
a1567-d
#19 8.137 
packagefile encoding/
json=/root/.cache/go-
build/24/24b182ff5489
86c89789a12c55fb81afb
414b3198c5ea571b2fb29
a5b25c22be-d
#19 8.137 
packagefile errors=/r
oot/.cache/go-build/c
c/cc538db122216e44576
167ce460078986584b0ef
8e945f95ba196f2ccc1e3
751-d
#19 8.137 
packagefile fmt=/root
/.cache/go-build/8d/8
d2bdd2fb8d4c3cfa10b37
9579d427d3fa724e4660a
984a3b121b2d6bb7bf576
-d
#19 8.137 
packagefile google.go
lang.org/protobuf/enc
oding/prototext=/root
/.cache/go-build/7e/7
e529f68a47fa8c408d5b1
06a5c7b7a2ffd3c389bde
1b93e931038be1f65052c
-d
#19 8.137 
packagefile google.go
lang.org/protobuf/enc
oding/protowire=/root
/.cache/go-build/60/6
0a7db369de86937404003
91f477b868c1ea1c66ecb
59da9deec868e12afddb4
-d
#19 8.137 
packagefile google.go
lang.org/protobuf/pro
to=/root/.cache/go-bu
ild/af/af43043742eac1
71491f380b4b0626c6ac5
da3b4a158a661ddbec46d
e5a99adb-d
#19 8.137 
packagefile google.go
lang.org/protobuf/ref
lect/protodesc=/root/
.cache/go-build/de/de
39806cc108463c4179a76
625ce9f63a044fb9a2dfd
9d7996d98f94a7b4fe25-
d
#19 8.137 
packagefile google.go
lang.org/protobuf/ref
lect/protoreflect=/ro
ot/.cache/go-build/27
/27a908ead2f2de11aed0
bee3bff6ae3ca329b20b3
ffc4fcd5e25f3289f7c98
bf-d
#19 8.137 
packagefile google.go
lang.org/protobuf/ref
lect/protoregistry=/r
oot/.cache/go-build/5
4/5482d85b1b1909147df
23093a1807cde6d5da2eb
6d3248e5d4017b6be4b4c
06b-d
#19 8.137 
packagefile google.go
lang.org/protobuf/run
time/protoiface=/root
/.cache/go-build/b8/b
8762546f4958376564e4a
ab3accb51b882d5d72219
2bd6c65791e7181610a84
-d
#19 8.137 
packagefile google.go
lang.org/protobuf/run
time/protoimpl=/root/
.cache/go-build/24/24
d7861f3df0347b306eed0
fa01bbd853d4d3e1997c0
6b97b6af16a8eee24bc9-
d
#19 8.137 
packagefile io=/root/
.cache/go-build/3f/3f
759ea3eb56d9d846e0439
5d9dc289bca8f7cfe11f7
7ec63b71910085c89dc3-
d
#19 8.137 
packagefile io/ioutil
=/root/.cache/go-buil
d/6c/6c0c39e9293bbda0
b485c5849ce7dbd6244e3
c7acc693414856869735c
57c7d3-d
#19 8.137 
packagefile math=/roo
t/.cache/go-build/36/
36ffa25336d289fa39ad0
06705231014aaaaaeafbd
42683e20e660ca55ff061
6-d
#19 8.137 
packagefile reflect=/
root/.cache/go-build/
16/16f37704a24996a774
deef9cd97d1a44607e2c1
7a34adf3ad677cff602c2
fa16-d
#19 8.137 
packagefile sort=/roo
t/.cache/go-build/8c/
8c292a4015d12c8dfa15e
cf8a4317ac584bee3989c
3d957a6a78ab6789a029e
e-d
#19 8.137 
packagefile strconv=/
root/.cache/go-build/
58/58fde322ad123df338
e244ef907f3389ac723cf
56495542c8fa011a9be08
c3b5-d
#19 8.137 
packagefile strings=/
root/.cache/go-build/
bd/bd2b3ffec179fa0086
9c215b39dc97456ad6ec1
7c28e28cbfd770fe90393
d84a-d
#19 8.137 
packagefile sync=/roo
t/.cache/go-build/4c/
4c6482b01e9753a401b5c
d5c9c47361a61ab8cef0b
4d6159ff0f0ffb119213f
7-d
#19 8.137 
packagefile unicode/u
tf8=/root/.cache/go-b
uild/9e/9e23eb231cba1
373f4567258c1258bd672
52280d64ad306b694435d
139734a46-d
#19 8.137 EOF
#19 8.137 /usr/local/
go/pkg/tool/linux_amd
64/compile -o 
$WORK/b188/_pkg_.a 
-trimpath 
"$WORK/b188=>" -p git
hub.com/golang/protob
uf/proto -lang=go1.9 
-complete -buildid RR
1AKX8kaWHTeL3E2A7Q/RR
1AKX8kaWHTeL3E2A7Q 
-goversion go1.21.13 
-c=4 -nolocalimports 
-importcfg 
$WORK/b188/importcfg 
-pack /go/pkg/mod/git
hub.com/golang/protob
uf@v1.5.3/proto/buffe
r.go /go/pkg/mod/gith
ub.com/golang/protobu
f@v1.5.3/proto/defaul
ts.go /go/pkg/mod/git
hub.com/golang/protob
uf@v1.5.3/proto/depre
cated.go /go/pkg/mod/
github.com/golang/pro
tobuf@v1.5.3/proto/di
scard.go /go/pkg/mod/
github.com/golang/pro
tobuf@v1.5.3/proto/ex
tensions.go /go/pkg/m
od/github.com/golang/
protobuf@v1.5.3/proto
/properties.go /go/pk
g/mod/github.com/gola
ng/protobuf@v1.5.3/pr
oto/proto.go /go/pkg/
mod/github.com/golang
/protobuf@v1.5.3/prot
o/registry.go /go/pkg
/mod/github.com/golan
g/protobuf@v1.5.3/pro
to/text_decode.go /go
/pkg/mod/github.com/g
olang/protobuf@v1.5.3
/proto/text_encode.go
 /go/pkg/mod/github.c
om/golang/protobuf@v1
.5.3/proto/wire.go /g
o/pkg/mod/github.com/
golang/protobuf@v1.5.
3/proto/wrappers.go
#19 8.198 /usr/local/
go/pkg/tool/linux_amd
64/buildid -w 
$WORK/b218/_pkg_.a # 
internal
#19 8.201 cp 
$WORK/b218/_pkg_.a /r
oot/.cache/go-build/f
6/f6b226f664a40361fa3
2ff575e6d230243788a75
f55a5da67a0540f6d65d7
6aa-d # internal
#19 8.202 google.gola
ng.org/grpc/serviceco
nfig
#19 8.202 mkdir -p 
$WORK/b222/
#19 8.208 cat >/tmp/g
o-build4077850697/b22
2/importcfg << 'EOF' 
# internal
#19 8.208 # import 
config
#19 8.208 EOF
#19 8.208 /usr/local/
go/pkg/tool/linux_amd
64/compile -o 
$WORK/b222/_pkg_.a 
-trimpath 
"$WORK/b222=>" -p goo
gle.golang.org/grpc/s
erviceconfig 
-lang=go1.19 
-complete -buildid 91
fvOno2BzcRjWYpm9TR/91
fvOno2BzcRjWYpm9TR 
-goversion go1.21.13 
-c=4 -nolocalimports 
-importcfg 
$WORK/b222/importcfg 
-pack /go/pkg/mod/goo
gle.golang.org/grpc@v
1.60.0/serviceconfig/
serviceconfig.go
#19 8.249 /usr/local/
go/pkg/tool/linux_amd
64/buildid -w 
$WORK/b103/_pkg_.a # 
internal
#19 8.278 /usr/local/
go/pkg/tool/linux_amd
64/buildid -w 
$WORK/b222/_pkg_.a # 
internal
#19 8.289 cp 
$WORK/b222/_pkg_.a /r
oot/.cache/go-build/a
4/a4fdd224768d7053f2b
fce8b4ffdf3ac1bc39633
a9a9428dfe226497ef2e7
6ca-d # internal
#19 8.291 google.gola
ng.org/grpc/metadata
#19 8.291 mkdir -p 
$WORK/b223/
#19 8.295 cat >/tmp/g
o-build4077850697/b22
3/importcfg << 'EOF' 
# internal
#19 8.295 # import 
config
#19 8.295 
packagefile context=/
tmp/go-build407785069
7/b002/_pkg_.a
#19 8.295 
packagefile fmt=/root
/.cache/go-build/8d/8
d2bdd2fb8d4c3cfa10b37
9579d427d3fa724e4660a
984a3b121b2d6bb7bf576
-d
#19 8.295 
packagefile strings=/
root/.cache/go-build/
bd/bd2b3ffec179fa0086
9c215b39dc97456ad6ec1
7c28e28cbfd770fe90393
d84a-d
#19 8.295 EOF
#19 8.295 /usr/local/
go/pkg/tool/linux_amd
64/compile -o 
$WORK/b223/_pkg_.a 
-trimpath 
"$WORK/b223=>" -p goo
gle.golang.org/grpc/m
etadata -lang=go1.19 
-complete -buildid _I
VeIxqRksmX5oBfaBL6/_I
VeIxqRksmX5oBfaBL6 
-goversion go1.21.13 
-c=4 -nolocalimports 
-importcfg 
$WORK/b223/importcfg 
-pack /go/pkg/mod/goo
gle.golang.org/grpc@v
1.60.0/metadata/metad
ata.go
#19 8.391 /usr/local/
go/pkg/tool/linux_amd
64/buildid -w 
$WORK/b131/_pkg_.a # 
internal
#19 8.396 /usr/local/
go/pkg/tool/linux_amd
64/buildid -w 
$WORK/b223/_pkg_.a # 
internal
#19 8.413 cp 
$WORK/b223/_pkg_.a /r
oot/.cache/go-build/6
1/617b24796c5ba75f302
405e39574fd318a7c0100
7604ef59d9e46a3499f7d
ed5-d # internal
#19 8.419 google.gola
ng.org/grpc/internal/
grpcrand
#19 8.420 mkdir -p 
$WORK/b226/
#19 8.425 cp 
$WORK/b131/_pkg_.a /r
oot/.cache/go-build/7
2/729184e5b3c48cb0896
d9365b8a1c5cee0ca8427
9d4a5fcb4d7c7a486f1a7
68e-d # internal
#19 8.427 cat >/tmp/g
o-build4077850697/b22
6/importcfg << 'EOF' 
# internal
#19 8.427 # import 
config
#19 8.427 
packagefile math/rand
=/root/.cache/go-buil
d/fd/fdeb3a311ed0bccf
cfc033894fa36fbf4589e
4aeec7ef530198c40c529
7b902f-d
#19 8.427 
packagefile sync=/roo
t/.cache/go-build/4c/
4c6482b01e9753a401b5c
d5c9c47361a61ab8cef0b
4d6159ff0f0ffb119213f
7-d
#19 8.427 
packagefile time=/roo
t/.cache/go-build/4e/
4e73c8606deed2138edca
3302af2287f9f43cefd6d
141d85ab675d2b3f4052e
c-d
#19 8.427 EOF
#19 8.433 /usr/local/
go/pkg/tool/linux_amd
64/compile -o 
$WORK/b226/_pkg_.a 
-trimpath 
"$WORK/b226=>" -p goo
gle.golang.org/grpc/i
nternal/grpcrand 
-lang=go1.19 
-complete -buildid WE
1zhEJC7EjIcHFnSSrj/WE
1zhEJC7EjIcHFnSSrj 
-goversion go1.21.13 
-c=4 -nolocalimports 
-importcfg 
$WORK/b226/importcfg 
-pack /go/pkg/mod/goo
gle.golang.org/grpc@v
1.60.0/internal/grpcr
and/grpcrand.go
#19 8.438 /usr/local/
go/pkg/tool/linux_amd
64/buildid -w 
$WORK/b185/_pkg_.a # 
internal
#19 8.442 golang.org/
x/text/secure/precis
#19 8.443 mkdir -p 
$WORK/b130/
#19 8.452 cat >/tmp/g
o-build4077850697/b13
0/importcfg << 'EOF' 
# internal
#19 8.452 # import 
config
#19 8.452 
packagefile bytes=/ro
ot/.cache/go-build/26
/26bfdb65b0b94b3a2bdc
e9e4b8bc696e55851d329
688735148e2f1ede7b0cf
7a-d
#19 8.452 
packagefile errors=/r
oot/.cache/go-build/c
c/cc538db122216e44576
167ce460078986584b0ef
8e945f95ba196f2ccc1e3
751-d
#19 8.452 
packagefile golang.or
g/x/text/cases=/tmp/g
o-build4077850697/b13
1/_pkg_.a
#19 8.452 
packagefile golang.or
g/x/text/language=/tm
p/go-build4077850697/
b133/_pkg_.a
#19 8.452 
packagefile golang.or
g/x/text/runes=/tmp/g
o-build4077850697/b13
9/_pkg_.a
#19 8.452 
packagefile golang.or
g/x/text/secure/bidir
ule=/tmp/go-build4077
850697/b140/_pkg_.a
#19 8.452 
packagefile golang.or
g/x/text/transform=/t
mp/go-build4077850697
/b137/_pkg_.a
#19 8.452 
packagefile golang.or
g/x/text/unicode/norm
=/tmp/go-build4077850
697/b138/_pkg_.a
#19 8.452 
packagefile golang.or
g/x/text/width=/tmp/g
o-build4077850697/b14
4/_pkg_.a
#19 8.452 
packagefile unicode=/
root/.cache/go-build/
5c/5cc4ed7fed5271c4f9
b13a58dc4b0fedd203628
562244eeb2b81d3cea617
d31d-d
#19 8.452 
packagefile unicode/u
tf8=/root/.cache/go-b
uild/9e/9e23eb231cba1
373f4567258c1258bd672
52280d64ad306b694435d
139734a46-d
#19 8.452 EOF
#19 8.454 /usr/local/
go/pkg/tool/linux_amd
64/compile -o 
$WORK/b130/_pkg_.a 
-trimpath 
"$WORK/b130=>" -p gol
ang.org/x/text/secure
/precis -lang=go1.18 
-complete -buildid Cx
I09GIYRrpWx8FvvGgr/Cx
I09GIYRrpWx8FvvGgr 
-goversion go1.21.13 
-c=4 -nolocalimports 
-importcfg 
$WORK/b130/importcfg 
-pack /go/pkg/mod/gol
ang.org/x/text@v0.14.
0/secure/precis/class
.go /go/pkg/mod/golan
g.org/x/text@v0.14.0/
secure/precis/context
.go /go/pkg/mod/golan
g.org/x/text@v0.14.0/
secure/precis/doc.go 
/go/pkg/mod/golang.or
g/x/text@v0.14.0/secu
re/precis/nickname.go
 /go/pkg/mod/golang.o
rg/x/text@v0.14.0/sec
ure/precis/options.go
 /go/pkg/mod/golang.o
rg/x/text@v0.14.0/sec
ure/precis/profile.go
 /go/pkg/mod/golang.o
rg/x/text@v0.14.0/sec
ure/precis/profiles.g
o /go/pkg/mod/golang.
org/x/text@v0.14.0/se
cure/precis/tables15.
0.0.go /go/pkg/mod/go
lang.org/x/text@v0.14
.0/secure/precis/tran
sformer.go /go/pkg/mo
d/golang.org/x/text@v
0.14.0/secure/precis/
trieval.go
#19 8.459 cp 
$WORK/b185/_pkg_.a /r
oot/.cache/go-build/c
3/c36e43f9bd1a8001932
33eb95f05b0aaa99ba36b
bdacdc978aaeb599fd2e9
fe0-d # internal
#19 8.461 google.gola
ng.org/grpc/connectiv
ity
#19 8.461 mkdir -p 
$WORK/b184/
#19 8.470 cat >/tmp/g
o-build4077850697/b18
4/importcfg << 'EOF' 
# internal
#19 8.470 # import 
config
#19 8.470 
packagefile google.go
lang.org/grpc/grpclog
=/tmp/go-build4077850
697/b185/_pkg_.a
#19 8.470 EOF
#19 8.470 /usr/local/
go/pkg/tool/linux_amd
64/compile -o 
$WORK/b184/_pkg_.a 
-trimpath 
"$WORK/b184=>" -p goo
gle.golang.org/grpc/c
onnectivity 
-lang=go1.19 
-complete -buildid VT
qpMHGPf6svwfKSMBJ6/VT
qpMHGPf6svwfKSMBJ6 
-goversion go1.21.13 
-c=4 -nolocalimports 
-importcfg 
$WORK/b184/importcfg 
-pack /go/pkg/mod/goo
gle.golang.org/grpc@v
1.60.0/connectivity/c
onnectivity.go
#19 8.477 cp 
$WORK/b103/_pkg_.a /r
oot/.cache/go-build/a
1/a127469092bf00d6284
729aafcbe816e55d849f9
a358ff07f17d61fc7e460
bab-d # internal
#19 8.484 crypto/x509
#19 8.484 mkdir -p 
$WORK/b098/
#19 8.499 cat >/tmp/g
o-build4077850697/b09
8/importcfg << 'EOF' 
# internal
#19 8.499 # import 
config
#19 8.499 importmap g
olang.org/x/crypto/cr
yptobyte=vendor/golan
g.org/x/crypto/crypto
byte
#19 8.499 importmap g
olang.org/x/crypto/cr
yptobyte/asn1=vendor/
golang.org/x/crypto/c
ryptobyte/asn1
#19 8.499 
packagefile bytes=/ro
ot/.cache/go-build/26
/26bfdb65b0b94b3a2bdc
e9e4b8bc696e55851d329
688735148e2f1ede7b0cf
7a-d
#19 8.499 
packagefile crypto=/t
mp/go-build4077850697
/b051/_pkg_.a
#19 8.499 
packagefile crypto/ae
s=/tmp/go-build407785
0697/b077/_pkg_.a
#19 8.499 
packagefile crypto/ci
pher=/tmp/go-build407
7850697/b054/_pkg_.a
#19 8.499 
packagefile crypto/de
s=/tmp/go-build407785
0697/b078/_pkg_.a
#19 8.499 
packagefile crypto/ds
a=/tmp/go-build407785
0697/b099/_pkg_.a
#19 8.499 
packagefile crypto/ec
dh=/tmp/go-build40778
50697/b079/_pkg_.a
#19 8.499 
packagefile crypto/ec
dsa=/tmp/go-build4077
850697/b084/_pkg_.a
#19 8.499 
packagefile crypto/ed
25519=/tmp/go-build40
77850697/b093/_pkg_.a
#19 8.499 
packagefile crypto/el
liptic=/tmp/go-build4
077850697/b085/_pkg_.
a
#19 8.499 
packagefile crypto/md
5=/tmp/go-build407785
0697/b069/_pkg_.a
#19 8.499 
packagefile crypto/rs
a=/tmp/go-build407785
0697/b096/_pkg_.a
#19 8.499 
packagefile crypto/sh
a1=/tmp/go-build40778
50697/b097/_pkg_.a
#19 8.499 
packagefile crypto/sh
a256=/tmp/go-build407
7850697/b050/_pkg_.a
#19 8.499 
packagefile crypto/sh
a512=/tmp/go-build407
7850697/b088/_pkg_.a
#19 8.499 
packagefile crypto/x5
09/pkix=/tmp/go-build
4077850697/b100/_pkg_
.a
#19 8.499 
packagefile encoding/
asn1=/tmp/go-build407
7850697/b090/_pkg_.a
#19 8.499 
packagefile encoding/
hex=/tmp/go-build4077
850697/b060/_pkg_.a
#19 8.499 
packagefile encoding/
pem=/tmp/go-build4077
850697/b101/_pkg_.a
#19 8.499 
packagefile errors=/r
oot/.cache/go-build/c
c/cc538db122216e44576
167ce460078986584b0ef
8e945f95ba196f2ccc1e3
751-d
#19 8.499 
packagefile fmt=/root
/.cache/go-build/8d/8
d2bdd2fb8d4c3cfa10b37
9579d427d3fa724e4660a
984a3b121b2d6bb7bf576
-d
#19 8.499 
packagefile vendor/go
lang.org/x/crypto/cry
ptobyte=/tmp/go-build
4077850697/b089/_pkg_
.a
#19 8.499 
packagefile vendor/go
lang.org/x/crypto/cry
ptobyte/asn1=/tmp/go-
build4077850697/b092/
_pkg_.a
#19 8.499 
packagefile internal/
godebug=/root/.cache/
go-build/4d/4ded5b823
09d52c06c6819d7801d7f
e3907563d1434b543fd85
cb94bafd7a78c-d
#19 8.499 
packagefile io=/root/
.cache/go-build/3f/3f
759ea3eb56d9d846e0439
5d9dc289bca8f7cfe11f7
7ec63b71910085c89dc3-
d
#19 8.499 
packagefile io/fs=/ro
ot/.cache/go-build/f1
/f1b2f94d4f1c86707558
b8b2ec2b5afceb843f066
df0a475502965262d9dd3
07-d
#19 8.499 
packagefile math/big=
/root/.cache/go-build
/37/37ba78829cecac0da
dfe8245705f99ab8aecad
ca870571f7ccb9b76f531
31660-d
#19 8.499 
packagefile net=/tmp/
go-build4077850697/b1
03/_pkg_.a
#19 8.499 
packagefile net/url=/
tmp/go-build407785069
7/b109/_pkg_.a
#19 8.499 
packagefile os=/root/
.cache/go-build/43/43
f674b9b17ec091d423d79
d19d3a58814383e28d032
db985101a3bdb2c0e9c5-
d
#19 8.499 
packagefile path/file
path=/root/.cache/go-
build/11/114b1ce0f6c5
11efcf45eac5007f8e483
7db5e57ae790ff11c15da
acd2d1a3a5-d
#19 8.499 
packagefile reflect=/
root/.cache/go-build/
16/16f37704a24996a774
deef9cd97d1a44607e2c1
7a34adf3ad677cff602c2
fa16-d
#19 8.499 
packagefile runtime=/
root/.cache/go-build/
29/29c63df92edda48c2d
238c8dd2f7cf6a13536c0
3e2f03a25a6439694804b
49ca-d
#19 8.499 
packagefile strconv=/
root/.cache/go-build/
58/58fde322ad123df338
e244ef907f3389ac723cf
56495542c8fa011a9be08
c3b5-d
#19 8.499 
packagefile strings=/
root/.cache/go-build/
bd/bd2b3ffec179fa0086
9c215b39dc97456ad6ec1
7c28e28cbfd770fe90393
d84a-d
#19 8.499 
packagefile sync=/roo
t/.cache/go-build/4c/
4c6482b01e9753a401b5c
d5c9c47361a61ab8cef0b
4d6159ff0f0ffb119213f
7-d
#19 8.499 
packagefile time=/roo
t/.cache/go-build/4e/
4e73c8606deed2138edca
3302af2287f9f43cefd6d
141d85ab675d2b3f4052e
c-d
#19 8.499 
packagefile unicode=/
root/.cache/go-build/
5c/5cc4ed7fed5271c4f9
b13a58dc4b0fedd203628
562244eeb2b81d3cea617
d31d-d
#19 8.499 
packagefile unicode/u
tf16=/root/.cache/go-
build/32/32acb1e50de1
7a40b7d7b0223e011b45f
ef9c76d5e371c9e04b153
78e5213338-d
#19 8.499 
packagefile unicode/u
tf8=/root/.cache/go-b
uild/9e/9e23eb231cba1
373f4567258c1258bd672
52280d64ad306b694435d
139734a46-d
#19 8.499 EOF
#19 8.501 /usr/local/
go/pkg/tool/linux_amd
64/compile -o 
$WORK/b098/_pkg_.a 
-trimpath 
"$WORK/b098=>" -p 
crypto/x509 -std 
-complete -buildid EN
qy094bX6poEumscrns/EN
qy094bX6poEumscrns 
-goversion go1.21.13 
-c=4 -nolocalimports 
-importcfg 
$WORK/b098/importcfg 
-pack /usr/local/go/s
rc/crypto/x509/cert_p
ool.go /usr/local/go/
src/crypto/x509/notbo
ring.go /usr/local/go
/src/crypto/x509/pars
er.go /usr/local/go/s
rc/crypto/x509/pem_de
crypt.go /usr/local/g
o/src/crypto/x509/pkc
s1.go /usr/local/go/s
rc/crypto/x509/pkcs8.
go /usr/local/go/src/
crypto/x509/root.go /
usr/local/go/src/cryp
to/x509/root_linux.go
 /usr/local/go/src/cr
ypto/x509/root_unix.g
o /usr/local/go/src/c
rypto/x509/sec1.go /u
sr/local/go/src/crypt
o/x509/verify.go /usr
/local/go/src/crypto/
x509/x509.go
#19 8.542 /usr/local/
go/pkg/tool/linux_amd
64/buildid -w 
$WORK/b226/_pkg_.a # 
internal
#19 8.551 /usr/local/
go/pkg/tool/linux_amd
64/buildid -w 
$WORK/b184/_pkg_.a # 
internal
#19 8.554 cp 
$WORK/b184/_pkg_.a /r
oot/.cache/go-build/3
c/3c026d9f5000442ecb5
3c060418e8c0d3febe4e8
c28a848cb89bbfec729b2
dbf-d # internal
#19 8.555 cp 
$WORK/b226/_pkg_.a /r
oot/.cache/go-build/c
f/cfe102970ad4ca3c3fb
d9151be88877e24b0f347
a95902692efaa91ffd308
9a0-d # internal
#19 8.565 
net/textproto
#19 8.565 mkdir -p 
$WORK/b169/
#19 8.565 cat >/tmp/g
o-build4077850697/b16
9/importcfg << 'EOF' 
# internal
#19 8.565 # import 
config
#19 8.565 
packagefile bufio=/ro
ot/.cache/go-build/ba
/bab9b7509689a41081ab
98d7cd01bca2cf4e75f77
56000633e9b1c1d2099ea
3f-d
#19 8.565 
packagefile bytes=/ro
ot/.cache/go-build/26
/26bfdb65b0b94b3a2bdc
e9e4b8bc696e55851d329
688735148e2f1ede7b0cf
7a-d
#19 8.565 
packagefile errors=/r
oot/.cache/go-build/c
c/cc538db122216e44576
167ce460078986584b0ef
8e945f95ba196f2ccc1e3
751-d
#19 8.565 
packagefile fmt=/root
/.cache/go-build/8d/8
d2bdd2fb8d4c3cfa10b37
9579d427d3fa724e4660a
984a3b121b2d6bb7bf576
-d
#19 8.565 
packagefile io=/root/
.cache/go-build/3f/3f
759ea3eb56d9d846e0439
5d9dc289bca8f7cfe11f7
7ec63b71910085c89dc3-
d
#19 8.565 
packagefile math=/roo
t/.cache/go-build/36/
36ffa25336d289fa39ad0
06705231014aaaaaeafbd
42683e20e660ca55ff061
6-d
#19 8.565 
packagefile net=/tmp/
go-build4077850697/b1
03/_pkg_.a
#19 8.565 
packagefile strconv=/
root/.cache/go-build/
58/58fde322ad123df338
e244ef907f3389ac723cf
56495542c8fa011a9be08
c3b5-d
#19 8.565 
packagefile strings=/
root/.cache/go-build/
bd/bd2b3ffec179fa0086
9c215b39dc97456ad6ec1
7c28e28cbfd770fe90393
d84a-d
#19 8.565 
packagefile sync=/roo
t/.cache/go-build/4c/
4c6482b01e9753a401b5c
d5c9c47361a61ab8cef0b
4d6159ff0f0ffb119213f
7-d
#19 8.565 EOF
#19 8.565 /usr/local/
go/pkg/tool/linux_amd
64/compile -o 
$WORK/b169/_pkg_.a 
-trimpath 
"$WORK/b169=>" -p 
net/textproto -std 
-complete -buildid fm
5j_kaJXmsB-LKvFGvs/fm
5j_kaJXmsB-LKvFGvs 
-goversion go1.21.13 
-c=4 -nolocalimports 
-importcfg 
$WORK/b169/importcfg 
-pack /usr/local/go/s
rc/net/textproto/head
er.go /usr/local/go/s
rc/net/textproto/pipe
line.go /usr/local/go
/src/net/textproto/re
ader.go /usr/local/go
/src/net/textproto/te
xtproto.go /usr/local
/go/src/net/textproto
/writer.go
#19 8.632 github.com/
jackc/pgx/v5/pgtype
#19 8.633 mkdir -p 
$WORK/b146/
#19 8.636 cat >/tmp/g
o-build4077850697/b14
6/importcfg << 'EOF' 
# internal
#19 8.636 # import 
config
#19 8.636 
packagefile bytes=/ro
ot/.cache/go-build/26
/26bfdb65b0b94b3a2bdc
e9e4b8bc696e55851d329
688735148e2f1ede7b0cf
7a-d
#19 8.636 
packagefile database/
sql=/tmp/go-build4077
850697/b147/_pkg_.a
#19 8.636 
packagefile database/
sql/driver=/tmp/go-bu
ild4077850697/b059/_p
kg_.a
#19 8.636 
packagefile encoding/
binary=/root/.cache/g
o-build/60/60ee0c1856
a489c23506aab75becee4
a0c32342fd3865aa463f6
af25ea3c69f8-d
#19 8.636 
packagefile encoding/
hex=/tmp/go-build4077
850697/b060/_pkg_.a
#19 8.636 
packagefile encoding/
json=/root/.cache/go-
build/24/24b182ff5489
86c89789a12c55fb81afb
414b3198c5ea571b2fb29
a5b25c22be-d
#19 8.636 
packagefile errors=/r
oot/.cache/go-build/c
c/cc538db122216e44576
167ce460078986584b0ef
8e945f95ba196f2ccc1e3
751-d
#19 8.636 
packagefile fmt=/root
/.cache/go-build/8d/8
d2bdd2fb8d4c3cfa10b37
9579d427d3fa724e4660a
984a3b121b2d6bb7bf576
-d
#19 8.636 
packagefile github.co
m/jackc/pgx/v5/intern
al/anynil=/tmp/go-bui
ld4077850697/b062/_pk
g_.a
#19 8.636 
packagefile github.co
m/jackc/pgx/v5/intern
al/pgio=/tmp/go-build
4077850697/b063/_pkg_
.a
#19 8.636 
packagefile io=/root/
.cache/go-build/3f/3f
759ea3eb56d9d846e0439
5d9dc289bca8f7cfe11f7
7ec63b71910085c89dc3-
d
#19 8.636 
packagefile math=/roo
t/.cache/go-build/36/
36ffa25336d289fa39ad0
06705231014aaaaaeafbd
42683e20e660ca55ff061
6-d
#19 8.636 
packagefile math/big=
/root/.cache/go-build
/37/37ba78829cecac0da
dfe8245705f99ab8aecad
ca870571f7ccb9b76f531
31660-d
#19 8.636 
packagefile net=/tmp/
go-build4077850697/b1
03/_pkg_.a
#19 8.636 
packagefile net/netip
=/tmp/go-build4077850
697/b107/_pkg_.a
#19 8.636 
packagefile reflect=/
root/.cache/go-build/
16/16f37704a24996a774
deef9cd97d1a44607e2c1
7a34adf3ad677cff602c2
fa16-d
#19 8.636 
packagefile regexp=/t
mp/go-build4077850697
/b120/_pkg_.a
#19 8.636 
packagefile strconv=/
root/.cache/go-build/
58/58fde322ad123df338
e244ef907f3389ac723cf
56495542c8fa011a9be08
c3b5-d
#19 8.636 
packagefile strings=/
root/.cache/go-build/
bd/bd2b3ffec179fa0086
9c215b39dc97456ad6ec1
7c28e28cbfd770fe90393
d84a-d
#19 8.636 
packagefile sync=/roo
t/.cache/go-build/4c/
4c6482b01e9753a401b5c
d5c9c47361a61ab8cef0b
4d6159ff0f0ffb119213f
7-d
#19 8.636 
packagefile time=/roo
t/.cache/go-build/4e/
4e73c8606deed2138edca
3302af2287f9f43cefd6d
141d85ab675d2b3f4052e
c-d
#19 8.636 
packagefile unicode=/
root/.cache/go-build/
5c/5cc4ed7fed5271c4f9
b13a58dc4b0fedd203628
562244eeb2b81d3cea617
d31d-d
#19 8.636 EOF
#19 8.638 /usr/local/
go/pkg/tool/linux_amd
64/compile -o 
$WORK/b146/_pkg_.a 
-trimpath 
"$WORK/b146=>" -p git
hub.com/jackc/pgx/v5/
pgtype -lang=go1.19 
-complete -buildid zA
RPdViwK2Hu-5C-U7QZ/zA
RPdViwK2Hu-5C-U7QZ 
-goversion go1.21.13 
-c=4 -nolocalimports 
-importcfg 
$WORK/b146/importcfg 
-pack /go/pkg/mod/git
hub.com/jackc/pgx/v5@
v5.5.0/pgtype/array.g
o /go/pkg/mod/github.
com/jackc/pgx/v5@v5.5
.0/pgtype/array_codec
.go /go/pkg/mod/githu
b.com/jackc/pgx/v5@v5
.5.0/pgtype/bits.go /
go/pkg/mod/github.com
/jackc/pgx/v5@v5.5.0/
pgtype/bool.go /go/pk
g/mod/github.com/jack
c/pgx/v5@v5.5.0/pgtyp
e/box.go /go/pkg/mod/
github.com/jackc/pgx/
v5@v5.5.0/pgtype/buil
tin_wrappers.go /go/p
kg/mod/github.com/jac
kc/pgx/v5@v5.5.0/pgty
pe/bytea.go /go/pkg/m
od/github.com/jackc/p
gx/v5@v5.5.0/pgtype/c
ircle.go /go/pkg/mod/
github.com/jackc/pgx/
v5@v5.5.0/pgtype/comp
osite.go /go/pkg/mod/
github.com/jackc/pgx/
v5@v5.5.0/pgtype/conv
ert.go /go/pkg/mod/gi
thub.com/jackc/pgx/v5
@v5.5.0/pgtype/date.g
o /go/pkg/mod/github.
com/jackc/pgx/v5@v5.5
.0/pgtype/doc.go /go/
pkg/mod/github.com/ja
ckc/pgx/v5@v5.5.0/pgt
ype/enum_codec.go /go
/pkg/mod/github.com/j
ackc/pgx/v5@v5.5.0/pg
type/float4.go /go/pk
g/mod/github.com/jack
c/pgx/v5@v5.5.0/pgtyp
e/float8.go /go/pkg/m
od/github.com/jackc/p
gx/v5@v5.5.0/pgtype/h
store.go /go/pkg/mod/
github.com/jackc/pgx/
v5@v5.5.0/pgtype/inet
.go /go/pkg/mod/githu
b.com/jackc/pgx/v5@v5
.5.0/pgtype/int.go /g
o/pkg/mod/github.com/
jackc/pgx/v5@v5.5.0/p
gtype/interval.go /go
/pkg/mod/github.com/j
ackc/pgx/v5@v5.5.0/pg
type/json.go /go/pkg/
mod/github.com/jackc/
pgx/v5@v5.5.0/pgtype/
jsonb.go /go/pkg/mod/
github.com/jackc/pgx/
v5@v5.5.0/pgtype/line
.go /go/pkg/mod/githu
b.com/jackc/pgx/v5@v5
.5.0/pgtype/lseg.go /
go/pkg/mod/github.com
/jackc/pgx/v5@v5.5.0/
pgtype/macaddr.go /go
/pkg/mod/github.com/j
ackc/pgx/v5@v5.5.0/pg
type/multirange.go /g
o/pkg/mod/github.com/
jackc/pgx/v5@v5.5.0/p
gtype/numeric.go /go/
pkg/mod/github.com/ja
ckc/pgx/v5@v5.5.0/pgt
ype/path.go /go/pkg/m
od/github.com/jackc/p
gx/v5@v5.5.0/pgtype/p
gtype.go /go/pkg/mod/
github.com/jackc/pgx/
v5@v5.5.0/pgtype/pgty
pe_default.go /go/pkg
/mod/github.com/jackc
/pgx/v5@v5.5.0/pgtype
/point.go /go/pkg/mod
/github.com/jackc/pgx
/v5@v5.5.0/pgtype/pol
ygon.go /go/pkg/mod/g
ithub.com/jackc/pgx/v
5@v5.5.0/pgtype/qchar
.go /go/pkg/mod/githu
b.com/jackc/pgx/v5@v5
.5.0/pgtype/range.go 
/go/pkg/mod/github.co
m/jackc/pgx/v5@v5.5.0
/pgtype/range_codec.g
o /go/pkg/mod/github.
com/jackc/pgx/v5@v5.5
.0/pgtype/record_code
c.go /go/pkg/mod/gith
ub.com/jackc/pgx/v5@v
5.5.0/pgtype/register
_default_pg_types.go 
/go/pkg/mod/github.co
m/jackc/pgx/v5@v5.5.0
/pgtype/text.go /go/p
kg/mod/github.com/jac
kc/pgx/v5@v5.5.0/pgty
pe/text_format_only_c
odec.go /go/pkg/mod/g
ithub.com/jackc/pgx/v
5@v5.5.0/pgtype/tid.g
o /go/pkg/mod/github.
com/jackc/pgx/v5@v5.5
.0/pgtype/time.go /go
/pkg/mod/github.com/j
ackc/pgx/v5@v5.5.0/pg
type/timestamp.go /go
/pkg/mod/github.com/j
ackc/pgx/v5@v5.5.0/pg
type/timestamptz.go /
go/pkg/mod/github.com
/jackc/pgx/v5@v5.5.0/
pgtype/uint32.go /go/
pkg/mod/github.com/ja
ckc/pgx/v5@v5.5.0/pgt
ype/uuid.go
#19 9.296 /usr/local/
go/pkg/tool/linux_amd
64/buildid -w 
$WORK/b169/_pkg_.a # 
internal
#19 9.406 cp 
$WORK/b169/_pkg_.a /r
oot/.cache/go-build/0
f/0f814211c0749a81ba5
53fd56af623bc45832fac
3031ff96f72f39b778f8f
68d-d # internal
#19 9.411 
mime/multipart
#19 9.411 mkdir -p 
$WORK/b173/
#19 9.420 cat >/tmp/g
o-build4077850697/b17
3/importcfg << 'EOF' 
# internal
#19 9.420 # import 
config
#19 9.420 
packagefile bufio=/ro
ot/.cache/go-build/ba
/bab9b7509689a41081ab
98d7cd01bca2cf4e75f77
56000633e9b1c1d2099ea
3f-d
#19 9.420 
packagefile bytes=/ro
ot/.cache/go-build/26
/26bfdb65b0b94b3a2bdc
e9e4b8bc696e55851d329
688735148e2f1ede7b0cf
7a-d
#19 9.420 
packagefile crypto/ra
nd=/tmp/go-build40778
50697/b070/_pkg_.a
#19 9.420 
packagefile errors=/r
oot/.cache/go-build/c
c/cc538db122216e44576
167ce460078986584b0ef
8e945f95ba196f2ccc1e3
751-d
#19 9.420 
packagefile fmt=/root
/.cache/go-build/8d/8
d2bdd2fb8d4c3cfa10b37
9579d427d3fa724e4660a
984a3b121b2d6bb7bf576
-d
#19 9.420 
packagefile internal/
godebug=/root/.cache/
go-build/4d/4ded5b823
09d52c06c6819d7801d7f
e3907563d1434b543fd85
cb94bafd7a78c-d
#19 9.420 
packagefile io=/root/
.cache/go-build/3f/3f
759ea3eb56d9d846e0439
5d9dc289bca8f7cfe11f7
7ec63b71910085c89dc3-
d
#19 9.420 
packagefile math=/roo
t/.cache/go-build/36/
36ffa25336d289fa39ad0
06705231014aaaaaeafbd
42683e20e660ca55ff061
6-d
#19 9.420 
packagefile mime=/tmp
/go-build4077850697/b
172/_pkg_.a
#19 9.420 
packagefile mime/quot
edprintable=/tmp/go-b
uild4077850697/b174/_
pkg_.a
#19 9.420 
packagefile net/textp
roto=/tmp/go-build407
7850697/b169/_pkg_.a
#19 9.420 
packagefile os=/root/
.cache/go-build/43/43
f674b9b17ec091d423d79
d19d3a58814383e28d032
db985101a3bdb2c0e9c5-
d
#19 9.420 
packagefile path/file
path=/root/.cache/go-
build/11/114b1ce0f6c5
11efcf45eac5007f8e483
7db5e57ae790ff11c15da
acd2d1a3a5-d
#19 9.420 
packagefile sort=/roo
t/.cache/go-build/8c/
8c292a4015d12c8dfa15e
cf8a4317ac584bee3989c
3d957a6a78ab6789a029e
e-d
#19 9.420 
packagefile strconv=/
root/.cache/go-build/
58/58fde322ad123df338
e244ef907f3389ac723cf
56495542c8fa011a9be08
c3b5-d
#19 9.420 
packagefile strings=/
root/.cache/go-build/
bd/bd2b3ffec179fa0086
9c215b39dc97456ad6ec1
7c28e28cbfd770fe90393
d84a-d
#19 9.420 EOF
#19 9.420 /usr/local/
go/pkg/tool/linux_amd
64/compile -o 
$WORK/b173/_pkg_.a 
-trimpath 
"$WORK/b173=>" -p 
mime/multipart -std 
-complete -buildid UZ
eidnENW1yMLGwl7upc/UZ
eidnENW1yMLGwl7upc 
-goversion go1.21.13 
-c=4 -nolocalimports 
-importcfg 
$WORK/b173/importcfg 
-pack /usr/local/go/s
rc/mime/multipart/for
mdata.go /usr/local/g
o/src/mime/multipart/
multipart.go /usr/loc
al/go/src/mime/multip
art/readmimeheader.go
 /usr/local/go/src/mi
me/multipart/writer.g
o
#19 9.477 /usr/local/
go/pkg/tool/linux_amd
64/buildid -w 
$WORK/b160/_pkg_.a # 
internal
#19 9.504 /usr/local/
go/pkg/tool/linux_amd
64/buildid -w 
$WORK/b168/_pkg_.a # 
internal
#19 9.551 cp 
$WORK/b160/_pkg_.a /r
oot/.cache/go-build/4
4/44dee5da21c6728d1a1
a710ce0d9381c1f34986d
af94f022ef2600c7a22f6
191-d # internal
#19 9.559 
html/template
#19 9.559 mkdir -p 
$WORK/b158/
#19 9.566 cat >/tmp/g
o-build4077850697/b15
8/importcfg << 'EOF' 
# internal
#19 9.566 # import 
config
#19 9.566 
packagefile bytes=/ro
ot/.cache/go-build/26
/26bfdb65b0b94b3a2bdc
e9e4b8bc696e55851d329
688735148e2f1ede7b0cf
7a-d
#19 9.566 
packagefile encoding/
json=/root/.cache/go-
build/24/24b182ff5489
86c89789a12c55fb81afb
414b3198c5ea571b2fb29
a5b25c22be-d
#19 9.566 
packagefile fmt=/root
/.cache/go-build/8d/8
d2bdd2fb8d4c3cfa10b37
9579d427d3fa724e4660a
984a3b121b2d6bb7bf576
-d
#19 9.566 
packagefile html=/tmp
/go-build4077850697/b
159/_pkg_.a
#19 9.566 
packagefile internal/
godebug=/root/.cache/
go-build/4d/4ded5b823
09d52c06c6819d7801d7f
e3907563d1434b543fd85
cb94bafd7a78c-d
#19 9.566 
packagefile io=/root/
.cache/go-build/3f/3f
759ea3eb56d9d846e0439
5d9dc289bca8f7cfe11f7
7ec63b71910085c89dc3-
d
#19 9.566 
packagefile io/fs=/ro
ot/.cache/go-build/f1
/f1b2f94d4f1c86707558
b8b2ec2b5afceb843f066
df0a475502965262d9dd3
07-d
#19 9.566 
packagefile os=/root/
.cache/go-build/43/43
f674b9b17ec091d423d79
d19d3a58814383e28d032
db985101a3bdb2c0e9c5-
d
#19 9.566 
packagefile path=/roo
t/.cache/go-build/94/
9454a470cbf171a734c2c
ba7cfdd7871080744a807
1114bc08ead8d6315268c
a-d
#19 9.566 
packagefile path/file
path=/root/.cache/go-
build/11/114b1ce0f6c5
11efcf45eac5007f8e483
7db5e57ae790ff11c15da
acd2d1a3a5-d
#19 9.566 
packagefile reflect=/
root/.cache/go-build/
16/16f37704a24996a774
deef9cd97d1a44607e2c1
7a34adf3ad677cff602c2
fa16-d
#19 9.566 
packagefile regexp=/t
mp/go-build4077850697
/b120/_pkg_.a
#19 9.566 
packagefile strconv=/
root/.cache/go-build/
58/58fde322ad123df338
e244ef907f3389ac723cf
56495542c8fa011a9be08
c3b5-d
#19 9.566 
packagefile strings=/
root/.cache/go-build/
bd/bd2b3ffec179fa0086
9c215b39dc97456ad6ec1
7c28e28cbfd770fe90393
d84a-d
#19 9.566 
packagefile sync=/roo
t/.cache/go-build/4c/
4c6482b01e9753a401b5c
d5c9c47361a61ab8cef0b
4d6159ff0f0ffb119213f
7-d
#19 9.566 
packagefile text/temp
late=/tmp/go-build407
7850697/b160/_pkg_.a
#19 9.566 
packagefile text/temp
late/parse=/tmp/go-bu
ild4077850697/b161/_p
kg_.a
#19 9.566 
packagefile unicode=/
root/.cache/go-build/
5c/5cc4ed7fed5271c4f9
b13a58dc4b0fedd203628
562244eeb2b81d3cea617
d31d-d
#19 9.566 
packagefile unicode/u
tf8=/root/.cache/go-b
uild/9e/9e23eb231cba1
373f4567258c1258bd672
52280d64ad306b694435d
139734a46-d
#19 9.566 EOF
#19 9.566 /usr/local/
go/pkg/tool/linux_amd
64/compile -o 
$WORK/b158/_pkg_.a 
-trimpath 
"$WORK/b158=>" -p 
html/template -std 
-complete -buildid EN
BQVGH_Nuwi5ZP8Op5L/EN
BQVGH_Nuwi5ZP8Op5L 
-goversion go1.21.13 
-c=4 -nolocalimports 
-importcfg 
$WORK/b158/importcfg 
-pack /usr/local/go/s
rc/html/template/attr
.go /usr/local/go/src
/html/template/attr_s
tring.go /usr/local/g
o/src/html/template/c
ontent.go /usr/local/
go/src/html/template/
context.go /usr/local
/go/src/html/template
/css.go /usr/local/go
/src/html/template/de
lim_string.go /usr/lo
cal/go/src/html/templ
ate/doc.go /usr/local
/go/src/html/template
/element_string.go /u
sr/local/go/src/html/
template/error.go /us
r/local/go/src/html/t
emplate/escape.go /us
r/local/go/src/html/t
emplate/html.go /usr/
local/go/src/html/tem
plate/js.go /usr/loca
l/go/src/html/templat
e/jsctx_string.go /us
r/local/go/src/html/t
emplate/state_string.
go /usr/local/go/src/
html/template/templat
e.go /usr/local/go/sr
c/html/template/trans
ition.go /usr/local/g
o/src/html/template/u
rl.go /usr/local/go/s
rc/html/template/urlp
art_string.go
#19 9.578 cp 
$WORK/b168/_pkg_.a /r
oot/.cache/go-build/4
a/4aefc0eb27e5cb5de9e
1cb7a3ba75c866d41de2b
4d726d9cec1d941247683
2b4-d # internal
#19 9.615 vendor/gola
ng.org/x/net/idna
#19 9.616 mkdir -p 
$WORK/b164/
#19 9.626 cat >/tmp/g
o-build4077850697/b16
4/importcfg << 'EOF' 
# internal
#19 9.626 # import 
config
#19 9.626 importmap g
olang.org/x/text/secu
re/bidirule=vendor/go
lang.org/x/text/secur
e/bidirule
#19 9.626 importmap g
olang.org/x/text/unic
ode/bidi=vendor/golan
g.org/x/text/unicode/
bidi
#19 9.626 importmap g
olang.org/x/text/unic
ode/norm=vendor/golan
g.org/x/text/unicode/
norm
#19 9.626 
packagefile fmt=/root
/.cache/go-build/8d/8
d2bdd2fb8d4c3cfa10b37
9579d427d3fa724e4660a
984a3b121b2d6bb7bf576
-d
#19 9.626 
packagefile vendor/go
lang.org/x/text/secur
e/bidirule=/tmp/go-bu
ild4077850697/b165/_p
kg_.a
#19 9.626 
packagefile vendor/go
lang.org/x/text/unico
de/bidi=/tmp/go-build
4077850697/b167/_pkg_
.a
#19 9.626 
packagefile vendor/go
lang.org/x/text/unico
de/norm=/tmp/go-build
4077850697/b168/_pkg_
.a
#19 9.626 
packagefile math=/roo
t/.cache/go-build/36/
36ffa25336d289fa39ad0
06705231014aaaaaeafbd
42683e20e660ca55ff061
6-d
#19 9.626 
packagefile strings=/
root/.cache/go-build/
bd/bd2b3ffec179fa0086
9c215b39dc97456ad6ec1
7c28e28cbfd770fe90393
d84a-d
#19 9.626 
packagefile unicode/u
tf8=/root/.cache/go-b
uild/9e/9e23eb231cba1
373f4567258c1258bd672
52280d64ad306b694435d
139734a46-d
#19 9.626 EOF
#19 9.626 /usr/local/
go/pkg/tool/linux_amd
64/compile -o 
$WORK/b164/_pkg_.a 
-trimpath 
"$WORK/b164=>" -p ven
dor/golang.org/x/net/
idna -std -complete 
-buildid pjmcfI1QhKoK
gtQLbjyi/pjmcfI1QhKoK
gtQLbjyi -goversion 
go1.21.13 -c=4 
-nolocalimports 
-importcfg 
$WORK/b164/importcfg 
-pack /usr/local/go/s
rc/vendor/golang.org/
x/net/idna/go118.go /
usr/local/go/src/vend
or/golang.org/x/net/i
dna/idna10.0.0.go /us
r/local/go/src/vendor
/golang.org/x/net/idn
a/punycode.go /usr/lo
cal/go/src/vendor/gol
ang.org/x/net/idna/ta
bles15.0.0.go /usr/lo
cal/go/src/vendor/gol
ang.org/x/net/idna/tr
ie.go /usr/local/go/s
rc/vendor/golang.org/
x/net/idna/trie13.0.0
.go /usr/local/go/src
/vendor/golang.org/x/
net/idna/trieval.go
#19 9.779 /usr/local/
go/pkg/tool/linux_amd
64/buildid -w 
$WORK/b188/_pkg_.a # 
internal
#19 9.901 cp 
$WORK/b188/_pkg_.a /r
oot/.cache/go-build/e
c/ec739d137b3e28b2be1
a3a7931ff16767b3748df
f7c446ef94770ac931f0a
f06-d # internal
#19 9.911 google.gola
ng.org/grpc/internal/
envconfig
#19 9.911 mkdir -p 
$WORK/b231/
#19 9.915 cat >/tmp/g
o-build4077850697/b23
1/importcfg << 'EOF' 
# internal
#19 9.915 # import 
config
#19 9.915 
packagefile os=/root/
.cache/go-build/43/43
f674b9b17ec091d423d79
d19d3a58814383e28d032
db985101a3bdb2c0e9c5-
d
#19 9.915 
packagefile strconv=/
root/.cache/go-build/
58/58fde322ad123df338
e244ef907f3389ac723cf
56495542c8fa011a9be08
c3b5-d
#19 9.915 
packagefile strings=/
root/.cache/go-build/
bd/bd2b3ffec179fa0086
9c215b39dc97456ad6ec1
7c28e28cbfd770fe90393
d84a-d
#19 9.915 EOF
#19 9.921 /usr/local/
go/pkg/tool/linux_amd
64/compile -o 
$WORK/b231/_pkg_.a 
-trimpath 
"$WORK/b231=>" -p goo
gle.golang.org/grpc/i
nternal/envconfig 
-lang=go1.19 
-complete -buildid HG
q7OKzx6hXyB_z_XjZ2/HG
q7OKzx6hXyB_z_XjZ2 
-goversion go1.21.13 
-c=4 -nolocalimports 
-importcfg 
$WORK/b231/importcfg 
-pack /go/pkg/mod/goo
gle.golang.org/grpc@v
1.60.0/internal/envco
nfig/envconfig.go /go
/pkg/mod/google.golan
g.org/grpc@v1.60.0/in
ternal/envconfig/obse
rvability.go /go/pkg/
mod/google.golang.org
/grpc@v1.60.0/interna
l/envconfig/xds.go
#19 9.966 /usr/local/
go/pkg/tool/linux_amd
64/buildid -w 
$WORK/b231/_pkg_.a # 
internal
#19 9.971 /usr/local/
go/pkg/tool/linux_amd
64/buildid -w 
$WORK/b173/_pkg_.a # 
internal
#19 9.982 cp 
$WORK/b231/_pkg_.a /r
oot/.cache/go-build/e
b/ebbc8d5705a18ca2699
0ab55ce02af0f7ee04dcc
27bf2be92d3c3198261ec
101-d # internal
#19 9.993 cp 
$WORK/b173/_pkg_.a /r
oot/.cache/go-build/7
6/7600727c1627b269cde
7f11f74594327fdc4e6d4
15cf8ea92b52c743f352b
dc2-d # internal
#19 10.000 google.gol
ang.org/grpc/internal
/grpcutil
#19 10.000 mkdir -p 
$WORK/b230/
#19 10.00 google.gola
ng.org/grpc/internal/
backoff
#19 10.00 mkdir -p 
$WORK/b233/
#19 10.01 cat >/tmp/g
o-build4077850697/b23
3/importcfg << 'EOF' 
# internal
#19 10.01 # import 
config
#19 10.01 
packagefile context=/
tmp/go-build407785069
7/b002/_pkg_.a
#19 10.01 
packagefile errors=/r
oot/.cache/go-build/c
c/cc538db122216e44576
167ce460078986584b0ef
8e945f95ba196f2ccc1e3
751-d
#19 10.01 
packagefile google.go
lang.org/grpc/backoff
=/tmp/go-build4077850
697/b179/_pkg_.a
#19 10.01 
packagefile google.go
lang.org/grpc/interna
l/grpcrand=/tmp/go-bu
ild4077850697/b226/_p
kg_.a
#19 10.01 
packagefile time=/roo
t/.cache/go-build/4e/
4e73c8606deed2138edca
3302af2287f9f43cefd6d
141d85ab675d2b3f4052e
c-d
#19 10.01 EOF
#19 10.01 cat >/tmp/g
o-build4077850697/b23
0/importcfg << 'EOF' 
# internal
#19 10.01 # import 
config
#19 10.01 
packagefile context=/
tmp/go-build407785069
7/b002/_pkg_.a
#19 10.01 
packagefile errors=/r
oot/.cache/go-build/c
c/cc538db122216e44576
167ce460078986584b0ef
8e945f95ba196f2ccc1e3
751-d
#19 10.01 
packagefile google.go
lang.org/grpc/interna
l/envconfig=/tmp/go-b
uild4077850697/b231/_
pkg_.a
#19 10.01 
packagefile google.go
lang.org/grpc/metadat
a=/tmp/go-build407785
0697/b223/_pkg_.a
#19 10.01 
packagefile regexp=/t
mp/go-build4077850697
/b120/_pkg_.a
#19 10.01 
packagefile strconv=/
root/.cache/go-build/
58/58fde322ad123df338
e244ef907f3389ac723cf
56495542c8fa011a9be08
c3b5-d
#19 10.01 
packagefile strings=/
root/.cache/go-build/
bd/bd2b3ffec179fa0086
9c215b39dc97456ad6ec1
7c28e28cbfd770fe90393
d84a-d
#19 10.01 
packagefile time=/roo
t/.cache/go-build/4e/
4e73c8606deed2138edca
3302af2287f9f43cefd6d
141d85ab675d2b3f4052e
c-d
#19 10.01 EOF
#19 10.01 /usr/local/
go/pkg/tool/linux_amd
64/compile -o 
$WORK/b233/_pkg_.a 
-trimpath 
"$WORK/b233=>" -p goo
gle.golang.org/grpc/i
nternal/backoff 
-lang=go1.19 
-complete -buildid 87
NxLg-0glnY2PbqOoau/87
NxLg-0glnY2PbqOoau 
-goversion go1.21.13 
-c=4 -nolocalimports 
-importcfg 
$WORK/b233/importcfg 
-pack /go/pkg/mod/goo
gle.golang.org/grpc@v
1.60.0/internal/backo
ff/backoff.go
#19 10.02 /usr/local/
go/pkg/tool/linux_amd
64/compile -o 
$WORK/b230/_pkg_.a 
-trimpath 
"$WORK/b230=>" -p goo
gle.golang.org/grpc/i
nternal/grpcutil 
-lang=go1.19 
-complete -buildid 4e
qmPVyjoOVcORy_bWYp/4e
qmPVyjoOVcORy_bWYp 
-goversion go1.21.13 
-c=4 -nolocalimports 
-importcfg 
$WORK/b230/importcfg 
-pack /go/pkg/mod/goo
gle.golang.org/grpc@v
1.60.0/internal/grpcu
til/compressor.go /go
/pkg/mod/google.golan
g.org/grpc@v1.60.0/in
ternal/grpcutil/encod
e_duration.go /go/pkg
/mod/google.golang.or
g/grpc@v1.60.0/intern
al/grpcutil/grpcutil.
go /go/pkg/mod/google
.golang.org/grpc@v1.6
0.0/internal/grpcutil
/metadata.go /go/pkg/
mod/google.golang.org
/grpc@v1.60.0/interna
l/grpcutil/method.go 
/go/pkg/mod/google.go
lang.org/grpc@v1.60.0
/internal/grpcutil/re
gex.go
#19 10.05 /usr/local/
go/pkg/tool/linux_amd
64/buildid -w 
$WORK/b233/_pkg_.a # 
internal
#19 10.06 cp 
$WORK/b233/_pkg_.a /r
oot/.cache/go-build/e
9/e94e40f2d4e1545ad2d
2f27817f6a406a7666a27
2ccb57124b4134edf89ea
6c5-d # internal
#19 10.06 google.gola
ng.org/grpc/internal/
balancerload
#19 10.06 mkdir -p 
$WORK/b235/
#19 10.07 cat >/tmp/g
o-build4077850697/b23
5/importcfg << 'EOF' 
# internal
#19 10.07 # import 
config
#19 10.07 
packagefile google.go
lang.org/grpc/metadat
a=/tmp/go-build407785
0697/b223/_pkg_.a
#19 10.07 EOF
#19 10.07 /usr/local/
go/pkg/tool/linux_amd
64/compile -o 
$WORK/b235/_pkg_.a 
-trimpath 
"$WORK/b235=>" -p goo
gle.golang.org/grpc/i
nternal/balancerload 
-lang=go1.19 
-complete -buildid VR
uNSfPBg9ASy0qztsPF/VR
uNSfPBg9ASy0qztsPF 
-goversion go1.21.13 
-c=4 -nolocalimports 
-importcfg 
$WORK/b235/importcfg 
-pack /go/pkg/mod/goo
gle.golang.org/grpc@v
1.60.0/internal/balan
cerload/load.go
#19 10.15 /usr/local/
go/pkg/tool/linux_amd
64/buildid -w 
$WORK/b235/_pkg_.a # 
internal
#19 10.15 cp 
$WORK/b235/_pkg_.a /r
oot/.cache/go-build/7
c/7cf27f8123fa2b24d1a
7133c64ab79c6a53d5051
8b21070dab4d9928febcc
8c3-d # internal
#19 10.15 google.gola
ng.org/protobuf/types
/known/anypb
#19 10.15 mkdir -p 
$WORK/b239/
#19 10.17 cat >/tmp/g
o-build4077850697/b23
9/importcfg << 'EOF' 
# internal
#19 10.17 # import 
config
#19 10.17 
packagefile google.go
lang.org/protobuf/pro
to=/root/.cache/go-bu
ild/af/af43043742eac1
71491f380b4b0626c6ac5
da3b4a158a661ddbec46d
e5a99adb-d
#19 10.17 
packagefile google.go
lang.org/protobuf/ref
lect/protoreflect=/ro
ot/.cache/go-build/27
/27a908ead2f2de11aed0
bee3bff6ae3ca329b20b3
ffc4fcd5e25f3289f7c98
bf-d
#19 10.17 
packagefile google.go
lang.org/protobuf/ref
lect/protoregistry=/r
oot/.cache/go-build/5
4/5482d85b1b1909147df
23093a1807cde6d5da2eb
6d3248e5d4017b6be4b4c
06b-d
#19 10.17 
packagefile google.go
lang.org/protobuf/run
time/protoimpl=/root/
.cache/go-build/24/24
d7861f3df0347b306eed0
fa01bbd853d4d3e1997c0
6b97b6af16a8eee24bc9-
d
#19 10.17 
packagefile reflect=/
root/.cache/go-build/
16/16f37704a24996a774
deef9cd97d1a44607e2c1
7a34adf3ad677cff602c2
fa16-d
#19 10.17 
packagefile strings=/
root/.cache/go-build/
bd/bd2b3ffec179fa0086
9c215b39dc97456ad6ec1
7c28e28cbfd770fe90393
d84a-d
#19 10.17 
packagefile sync=/roo
t/.cache/go-build/4c/
4c6482b01e9753a401b5c
d5c9c47361a61ab8cef0b
4d6159ff0f0ffb119213f
7-d
#19 10.17 EOF
#19 10.17 /usr/local/
go/pkg/tool/linux_amd
64/compile -o 
$WORK/b239/_pkg_.a 
-trimpath 
"$WORK/b239=>" -p goo
gle.golang.org/protob
uf/types/known/anypb 
-lang=go1.11 
-complete -buildid Cr
dzMDAaWOKU4BHuWgHg/Cr
dzMDAaWOKU4BHuWgHg 
-goversion go1.21.13 
-c=4 -nolocalimports 
-importcfg 
$WORK/b239/importcfg 
-pack /go/pkg/mod/goo
gle.golang.org/protob
uf@v1.31.0/types/know
n/anypb/any.pb.go
#19 10.20 /usr/local/
go/pkg/tool/linux_amd
64/buildid -w 
$WORK/b230/_pkg_.a # 
internal
#19 10.23 /usr/local/
go/pkg/tool/linux_amd
64/buildid -w 
$WORK/b130/_pkg_.a # 
internal
#19 10.24 cp 
$WORK/b230/_pkg_.a /r
oot/.cache/go-build/7
e/7e5cc20203ee4232d2c
d002d3d01fb7b57f1b6d9
821e42c337b233fe69b52
cbf-d # internal
#19 10.25 google.gola
ng.org/grpc/encoding
#19 10.25 mkdir -p 
$WORK/b229/
#19 10.25 cat >/tmp/g
o-build4077850697/b22
9/importcfg << 'EOF' 
# internal
#19 10.25 # import 
config
#19 10.25 
packagefile google.go
lang.org/grpc/interna
l/grpcutil=/tmp/go-bu
ild4077850697/b230/_p
kg_.a
#19 10.25 
packagefile io=/root/
.cache/go-build/3f/3f
759ea3eb56d9d846e0439
5d9dc289bca8f7cfe11f7
7ec63b71910085c89dc3-
d
#19 10.25 
packagefile strings=/
root/.cache/go-build/
bd/bd2b3ffec179fa0086
9c215b39dc97456ad6ec1
7c28e28cbfd770fe90393
d84a-d
#19 10.25 EOF
#19 10.25 /usr/local/
go/pkg/tool/linux_amd
64/compile -o 
$WORK/b229/_pkg_.a 
-trimpath 
"$WORK/b229=>" -p goo
gle.golang.org/grpc/e
ncoding -lang=go1.19 
-complete -buildid RL
qxbv2cHirFSnw6tSex/RL
qxbv2cHirFSnw6tSex 
-goversion go1.21.13 
-c=4 -nolocalimports 
-importcfg 
$WORK/b229/importcfg 
-pack /go/pkg/mod/goo
gle.golang.org/grpc@v
1.60.0/encoding/encod
ing.go
#19 10.27 cp 
$WORK/b130/_pkg_.a /r
oot/.cache/go-build/6
d/6d09f89cd57ae1aa9b8
7e0ff8032fa10c3e041e2
1b15f7cd76b7c4ee0f6cd
f6c-d # internal
#19 10.27 google.gola
ng.org/protobuf/types
/known/durationpb
#19 10.27 mkdir -p 
$WORK/b241/
#19 10.28 cat >/tmp/g
o-build4077850697/b24
1/importcfg << 'EOF' 
# internal
#19 10.28 # import 
config
#19 10.28 
packagefile google.go
lang.org/protobuf/ref
lect/protoreflect=/ro
ot/.cache/go-build/27
/27a908ead2f2de11aed0
bee3bff6ae3ca329b20b3
ffc4fcd5e25f3289f7c98
bf-d
#19 10.28 
packagefile google.go
lang.org/protobuf/run
time/protoimpl=/root/
.cache/go-build/24/24
d7861f3df0347b306eed0
fa01bbd853d4d3e1997c0
6b97b6af16a8eee24bc9-
d
#19 10.28 
packagefile math=/roo
t/.cache/go-build/36/
36ffa25336d289fa39ad0
06705231014aaaaaeafbd
42683e20e660ca55ff061
6-d
#19 10.28 
packagefile reflect=/
root/.cache/go-build/
16/16f37704a24996a774
deef9cd97d1a44607e2c1
7a34adf3ad677cff602c2
fa16-d
#19 10.28 
packagefile sync=/roo
t/.cache/go-build/4c/
4c6482b01e9753a401b5c
d5c9c47361a61ab8cef0b
4d6159ff0f0ffb119213f
7-d
#19 10.28 
packagefile time=/roo
t/.cache/go-build/4e/
4e73c8606deed2138edca
3302af2287f9f43cefd6d
141d85ab675d2b3f4052e
c-d
#19 10.28 EOF
#19 10.28 /usr/local/
go/pkg/tool/linux_amd
64/compile -o 
$WORK/b241/_pkg_.a 
-trimpath 
"$WORK/b241=>" -p goo
gle.golang.org/protob
uf/types/known/durati
onpb -lang=go1.11 
-complete -buildid Rx
eE3A9s17TfBZsS1zAk/Rx
eE3A9s17TfBZsS1zAk 
-goversion go1.21.13 
-c=4 -nolocalimports 
-importcfg 
$WORK/b241/importcfg 
-pack /go/pkg/mod/goo
gle.golang.org/protob
uf@v1.31.0/types/know
n/durationpb/duration
.pb.go
#19 10.39 /usr/local/
go/pkg/tool/linux_amd
64/buildid -w 
$WORK/b229/_pkg_.a # 
internal
#19 10.41 cp 
$WORK/b229/_pkg_.a /r
oot/.cache/go-build/b
5/b5d53514943b65ebba0
0575a9a8f3264f7e10042
1ac16f36cf59421a6024f
1f3-d # internal
#19 10.41 google.gola
ng.org/grpc/encoding/
proto
#19 10.41 mkdir -p 
$WORK/b232/
#19 10.41 cat >/tmp/g
o-build4077850697/b23
2/importcfg << 'EOF' 
# internal
#19 10.41 # import 
config
#19 10.41 
packagefile fmt=/root
/.cache/go-build/8d/8
d2bdd2fb8d4c3cfa10b37
9579d427d3fa724e4660a
984a3b121b2d6bb7bf576
-d
#19 10.41 
packagefile github.co
m/golang/protobuf/pro
to=/tmp/go-build40778
50697/b188/_pkg_.a
#19 10.41 
packagefile google.go
lang.org/grpc/encodin
g=/tmp/go-build407785
0697/b229/_pkg_.a
#19 10.41 EOF
#19 10.42 /usr/local/
go/pkg/tool/linux_amd
64/compile -o 
$WORK/b232/_pkg_.a 
-trimpath 
"$WORK/b232=>" -p goo
gle.golang.org/grpc/e
ncoding/proto 
-lang=go1.19 
-complete -buildid _O
Z8urVhd5vBtiwKwC3Y/_O
Z8urVhd5vBtiwKwC3Y 
-goversion go1.21.13 
-c=4 -nolocalimports 
-importcfg 
$WORK/b232/importcfg 
-pack /go/pkg/mod/goo
gle.golang.org/grpc@v
1.60.0/encoding/proto
/proto.go
#19 10.44 /usr/local/
go/pkg/tool/linux_amd
64/buildid -w 
$WORK/b239/_pkg_.a # 
internal
#19 10.44 cp 
$WORK/b239/_pkg_.a /r
oot/.cache/go-build/1
5/15eec3d048491f559b1
91f8cbc51fe6fa7d1e719
f37afe412a85ce0f725c7
d70-d # internal
#19 10.46 github.com/
golang/protobuf/ptype
s/any
#19 10.46 mkdir -p 
$WORK/b238/
#19 10.47 cat >/tmp/g
o-build4077850697/b23
8/importcfg << 'EOF' 
# internal
#19 10.47 # import 
config
#19 10.47 
packagefile google.go
lang.org/protobuf/ref
lect/protoreflect=/ro
ot/.cache/go-build/27
/27a908ead2f2de11aed0
bee3bff6ae3ca329b20b3
ffc4fcd5e25f3289f7c98
bf-d
#19 10.47 
packagefile google.go
lang.org/protobuf/run
time/protoimpl=/root/
.cache/go-build/24/24
d7861f3df0347b306eed0
fa01bbd853d4d3e1997c0
6b97b6af16a8eee24bc9-
d
#19 10.47 
packagefile google.go
lang.org/protobuf/typ
es/known/anypb=/tmp/g
o-build4077850697/b23
9/_pkg_.a
#19 10.47 
packagefile reflect=/
root/.cache/go-build/
16/16f37704a24996a774
deef9cd97d1a44607e2c1
7a34adf3ad677cff602c2
fa16-d
#19 10.47 EOF
#19 10.47 /usr/local/
go/pkg/tool/linux_amd
64/compile -o 
$WORK/b238/_pkg_.a 
-trimpath 
"$WORK/b238=>" -p git
hub.com/golang/protob
uf/ptypes/any 
-lang=go1.9 
-complete -buildid kC
MYxjCt1cJPBavBOG4s/kC
MYxjCt1cJPBavBOG4s 
-goversion go1.21.13 
-c=4 -nolocalimports 
-importcfg 
$WORK/b238/importcfg 
-pack /go/pkg/mod/git
hub.com/golang/protob
uf@v1.5.3/ptypes/any/
any.pb.go
#19 10.51 /usr/local/
go/pkg/tool/linux_amd
64/buildid -w 
$WORK/b232/_pkg_.a # 
internal
#19 10.51 /usr/local/
go/pkg/tool/linux_amd
64/buildid -w 
$WORK/b241/_pkg_.a # 
internal
#19 10.52 cp 
$WORK/b232/_pkg_.a /r
oot/.cache/go-build/4
7/470369baeca73811c78
69f0de035a3474f42f95f
c0b2ccd83fdf9b5698667
d64-d # internal
#19 10.52 google.gola
ng.org/protobuf/types
/known/timestamppb
#19 10.53 mkdir -p 
$WORK/b243/
#19 10.55 cp 
$WORK/b241/_pkg_.a /r
oot/.cache/go-build/b
4/b41eb95e69b91c20dde
7f332faaff53a96271bd8
ac4327c212ced146074c6
595-d # internal
#19 10.55 cat >/tmp/g
o-build4077850697/b24
3/importcfg << 'EOF' 
# internal
#19 10.55 # import 
config
#19 10.55 
packagefile google.go
lang.org/protobuf/ref
lect/protoreflect=/ro
ot/.cache/go-build/27
/27a908ead2f2de11aed0
bee3bff6ae3ca329b20b3
ffc4fcd5e25f3289f7c98
bf-d
#19 10.55 
packagefile google.go
lang.org/protobuf/run
time/protoimpl=/root/
.cache/go-build/24/24
d7861f3df0347b306eed0
fa01bbd853d4d3e1997c0
6b97b6af16a8eee24bc9-
d
#19 10.55 
packagefile reflect=/
root/.cache/go-build/
16/16f37704a24996a774
deef9cd97d1a44607e2c1
7a34adf3ad677cff602c2
fa16-d
#19 10.55 
packagefile sync=/roo
t/.cache/go-build/4c/
4c6482b01e9753a401b5c
d5c9c47361a61ab8cef0b
4d6159ff0f0ffb119213f
7-d
#19 10.55 
packagefile time=/roo
t/.cache/go-build/4e/
4e73c8606deed2138edca
3302af2287f9f43cefd6d
141d85ab675d2b3f4052e
c-d
#19 10.55 EOF
#19 10.55 /usr/local/
go/pkg/tool/linux_amd
64/compile -o 
$WORK/b243/_pkg_.a 
-trimpath 
"$WORK/b243=>" -p goo
gle.golang.org/protob
uf/types/known/timest
amppb -lang=go1.11 
-complete -buildid TG
OKddoCCbvCUhnXpolZ/TG
OKddoCCbvCUhnXpolZ 
-goversion go1.21.13 
-c=4 -nolocalimports 
-importcfg 
$WORK/b243/importcfg 
-pack /go/pkg/mod/goo
gle.golang.org/protob
uf@v1.31.0/types/know
n/timestamppb/timesta
mp.pb.go
#19 10.55 github.com/
golang/protobuf/ptype
s/duration
#19 10.56 mkdir -p 
$WORK/b240/
#19 10.57 cat >/tmp/g
o-build4077850697/b24
0/importcfg << 'EOF' 
# internal
#19 10.57 # import 
config
#19 10.57 
packagefile google.go
lang.org/protobuf/ref
lect/protoreflect=/ro
ot/.cache/go-build/27
/27a908ead2f2de11aed0
bee3bff6ae3ca329b20b3
ffc4fcd5e25f3289f7c98
bf-d
#19 10.57 
packagefile google.go
lang.org/protobuf/run
time/protoimpl=/root/
.cache/go-build/24/24
d7861f3df0347b306eed0
fa01bbd853d4d3e1997c0
6b97b6af16a8eee24bc9-
d
#19 10.57 
packagefile google.go
lang.org/protobuf/typ
es/known/durationpb=/
tmp/go-build407785069
7/b241/_pkg_.a
#19 10.57 
packagefile reflect=/
root/.cache/go-build/
16/16f37704a24996a774
deef9cd97d1a44607e2c1
7a34adf3ad677cff602c2
fa16-d
#19 10.57 EOF
#19 10.57 /usr/local/
go/pkg/tool/linux_amd
64/compile -o 
$WORK/b240/_pkg_.a 
-trimpath 
"$WORK/b240=>" -p git
hub.com/golang/protob
uf/ptypes/duration 
-lang=go1.9 
-complete -buildid L3
lIMasvjKkpeLRuo_-e/L3
lIMasvjKkpeLRuo_-e 
-goversion go1.21.13 
-c=4 -nolocalimports 
-importcfg 
$WORK/b240/importcfg 
-pack /go/pkg/mod/git
hub.com/golang/protob
uf@v1.5.3/ptypes/dura
tion/duration.pb.go
#19 10.60 /usr/local/
go/pkg/tool/linux_amd
64/buildid -w 
$WORK/b238/_pkg_.a # 
internal
#19 10.60 cp 
$WORK/b238/_pkg_.a /r
oot/.cache/go-build/5
4/5434755bae4eb7316f3
f283ff79159418d436cd4
2b063b858086ad00df64a
c7f-d # internal
#19 10.61 google.gola
ng.org/genproto/googl
eapis/rpc/status
#19 10.61 mkdir -p 
$WORK/b246/
#19 10.65 cat >/tmp/g
o-build4077850697/b24
6/importcfg << 'EOF' 
# internal
#19 10.65 # import 
config
#19 10.65 
packagefile google.go
lang.org/protobuf/ref
lect/protoreflect=/ro
ot/.cache/go-build/27
/27a908ead2f2de11aed0
bee3bff6ae3ca329b20b3
ffc4fcd5e25f3289f7c98
bf-d
#19 10.65 
packagefile google.go
lang.org/protobuf/run
time/protoimpl=/root/
.cache/go-build/24/24
d7861f3df0347b306eed0
fa01bbd853d4d3e1997c0
6b97b6af16a8eee24bc9-
d
#19 10.65 
packagefile google.go
lang.org/protobuf/typ
es/known/anypb=/tmp/g
o-build4077850697/b23
9/_pkg_.a
#19 10.65 
packagefile reflect=/
root/.cache/go-build/
16/16f37704a24996a774
deef9cd97d1a44607e2c1
7a34adf3ad677cff602c2
fa16-d
#19 10.65 
packagefile sync=/roo
t/.cache/go-build/4c/
4c6482b01e9753a401b5c
d5c9c47361a61ab8cef0b
4d6159ff0f0ffb119213f
7-d
#19 10.65 EOF
#19 10.65 /usr/local/
go/pkg/tool/linux_amd
64/compile -o 
$WORK/b246/_pkg_.a 
-trimpath 
"$WORK/b246=>" -p goo
gle.golang.org/genpro
to/googleapis/rpc/sta
tus -lang=go1.19 
-complete -buildid 6k
2uE0QeTxowdAqtb5kA/6k
2uE0QeTxowdAqtb5kA 
-goversion go1.21.13 
-c=4 -nolocalimports 
-importcfg 
$WORK/b246/importcfg 
-pack /go/pkg/mod/goo
gle.golang.org/genpro
to/googleapis/rpc@v0.
0.0-20231002182017-d3
07bd883b97/status/sta
tus.pb.go
#19 10.77 /usr/local/
go/pkg/tool/linux_amd
64/buildid -w 
$WORK/b240/_pkg_.a # 
internal
#19 10.77 cp 
$WORK/b240/_pkg_.a /r
oot/.cache/go-build/f
9/f9aacaa5c94c4a699e0
8be1914ac662d25fde802
7dcb4376bf0cefabc61b0
e19-d # internal
#19 10.78 google.gola
ng.org/grpc/internal/
buffer
#19 10.78 mkdir -p 
$WORK/b249/
#19 10.78 /usr/local/
go/pkg/tool/linux_amd
64/buildid -w 
$WORK/b164/_pkg_.a # 
internal
#19 10.78 cat >/tmp/g
o-build4077850697/b24
9/importcfg << 'EOF' 
# internal
#19 10.78 # import 
config
#19 10.78 
packagefile errors=/r
oot/.cache/go-build/c
c/cc538db122216e44576
167ce460078986584b0ef
8e945f95ba196f2ccc1e3
751-d
#19 10.78 
packagefile sync=/roo
t/.cache/go-build/4c/
4c6482b01e9753a401b5c
d5c9c47361a61ab8cef0b
4d6159ff0f0ffb119213f
7-d
#19 10.78 EOF
#19 10.78 /usr/local/
go/pkg/tool/linux_amd
64/compile -o 
$WORK/b249/_pkg_.a 
-trimpath 
"$WORK/b249=>" -p goo
gle.golang.org/grpc/i
nternal/buffer 
-lang=go1.19 
-complete -buildid XS
0RDBapLAIP_8HkjDBw/XS
0RDBapLAIP_8HkjDBw 
-goversion go1.21.13 
-c=4 -nolocalimports 
-importcfg 
$WORK/b249/importcfg 
-pack /go/pkg/mod/goo
gle.golang.org/grpc@v
1.60.0/internal/buffe
r/unbounded.go
#19 10.80 cp 
$WORK/b164/_pkg_.a /r
oot/.cache/go-build/e
1/e17c7af5cd3e8370197
fcacb182c470e3fdc3fa4
987b49cb9ec0b6d7d917a
6bb-d # internal
#19 10.80 vendor/gola
ng.org/x/net/http/htt
pguts
#19 10.80 mkdir -p 
$WORK/b163/
#19 10.81 cat >/tmp/g
o-build4077850697/b16
3/importcfg << 'EOF' 
# internal
#19 10.81 # import 
config
#19 10.81 importmap g
olang.org/x/net/idna=
vendor/golang.org/x/n
et/idna
#19 10.81 
packagefile vendor/go
lang.org/x/net/idna=/
tmp/go-build407785069
7/b164/_pkg_.a
#19 10.81 
packagefile net=/tmp/
go-build4077850697/b1
03/_pkg_.a
#19 10.81 
packagefile net/textp
roto=/tmp/go-build407
7850697/b169/_pkg_.a
#19 10.81 
packagefile strings=/
root/.cache/go-build/
bd/bd2b3ffec179fa0086
9c215b39dc97456ad6ec1
7c28e28cbfd770fe90393
d84a-d
#19 10.81 
packagefile unicode/u
tf8=/root/.cache/go-b
uild/9e/9e23eb231cba1
373f4567258c1258bd672
52280d64ad306b694435d
139734a46-d
#19 10.81 EOF
#19 10.82 /usr/local/
go/pkg/tool/linux_amd
64/compile -o 
$WORK/b163/_pkg_.a 
-trimpath 
"$WORK/b163=>" -p ven
dor/golang.org/x/net/
http/httpguts -std 
-complete -buildid MY
HYkoe1fXqK6MCOOwB9/MY
HYkoe1fXqK6MCOOwB9 
-goversion go1.21.13 
-c=4 -nolocalimports 
-importcfg 
$WORK/b163/importcfg 
-pack /usr/local/go/s
rc/vendor/golang.org/
x/net/http/httpguts/g
uts.go /usr/local/go/
src/vendor/golang.org
/x/net/http/httpguts/
httplex.go
#19 10.83 /usr/local/
go/pkg/tool/linux_amd
64/buildid -w 
$WORK/b158/_pkg_.a # 
internal
#19 10.85 /usr/local/
go/pkg/tool/linux_amd
64/buildid -w 
$WORK/b246/_pkg_.a # 
internal
#19 10.86 /usr/local/
go/pkg/tool/linux_amd
64/buildid -w 
$WORK/b243/_pkg_.a # 
internal
#19 10.86 /usr/local/
go/pkg/tool/linux_amd
64/buildid -w 
$WORK/b249/_pkg_.a # 
internal
#19 10.86 cp 
$WORK/b249/_pkg_.a /r
oot/.cache/go-build/3
f/3f6dcb622ae46e79756
5bd52f0e5a82b54b2c0a2
e88299df5144a9c024344
429-d # internal
#19 10.86 vendor/gola
ng.org/x/net/http/htt
pproxy
#19 10.86 mkdir -p 
$WORK/b170/
#19 10.86 cat >/tmp/g
o-build4077850697/b17
0/importcfg << 'EOF' 
# internal
#19 10.86 # import 
config
#19 10.86 importmap g
olang.org/x/net/idna=
vendor/golang.org/x/n
et/idna
#19 10.86 
packagefile errors=/r
oot/.cache/go-build/c
c/cc538db122216e44576
167ce460078986584b0ef
8e945f95ba196f2ccc1e3
751-d
#19 10.86 
packagefile fmt=/root
/.cache/go-build/8d/8
d2bdd2fb8d4c3cfa10b37
9579d427d3fa724e4660a
984a3b121b2d6bb7bf576
-d
#19 10.86 
packagefile vendor/go
lang.org/x/net/idna=/
tmp/go-build407785069
7/b164/_pkg_.a
#19 10.86 
packagefile net=/tmp/
go-build4077850697/b1
03/_pkg_.a
#19 10.86 
packagefile net/url=/
tmp/go-build407785069
7/b109/_pkg_.a
#19 10.86 
packagefile os=/root/
.cache/go-build/43/43
f674b9b17ec091d423d79
d19d3a58814383e28d032
db985101a3bdb2c0e9c5-
d
#19 10.86 
packagefile strings=/
root/.cache/go-build/
bd/bd2b3ffec179fa0086
9c215b39dc97456ad6ec1
7c28e28cbfd770fe90393
d84a-d
#19 10.86 
packagefile unicode/u
tf8=/root/.cache/go-b
uild/9e/9e23eb231cba1
373f4567258c1258bd672
52280d64ad306b694435d
139734a46-d
#19 10.86 EOF
#19 10.86 /usr/local/
go/pkg/tool/linux_amd
64/compile -o 
$WORK/b170/_pkg_.a 
-trimpath 
"$WORK/b170=>" -p ven
dor/golang.org/x/net/
http/httpproxy -std 
-complete -buildid Zi
wcT-yGkj0ZjPJMj8Yu/Zi
wcT-yGkj0ZjPJMj8Yu 
-goversion go1.21.13 
-c=4 -nolocalimports 
-importcfg 
$WORK/b170/importcfg 
-pack /usr/local/go/s
rc/vendor/golang.org/
x/net/http/httpproxy/
proxy.go
#19 10.87 cp 
$WORK/b243/_pkg_.a /r
oot/.cache/go-build/2
d/2df55e79f336e282f16
418f878e9940b7daf309a
e2e804f0404fff47f5bd1
d1f-d # internal
#19 10.87 github.com/
golang/protobuf/ptype
s/timestamp
#19 10.87 mkdir -p 
$WORK/b242/
#19 10.88 cat >/tmp/g
o-build4077850697/b24
2/importcfg << 'EOF' 
# internal
#19 10.88 # import 
config
#19 10.88 
packagefile google.go
lang.org/protobuf/ref
lect/protoreflect=/ro
ot/.cache/go-build/27
/27a908ead2f2de11aed0
bee3bff6ae3ca329b20b3
ffc4fcd5e25f3289f7c98
bf-d
#19 10.88 
packagefile google.go
lang.org/protobuf/run
time/protoimpl=/root/
.cache/go-build/24/24
d7861f3df0347b306eed0
fa01bbd853d4d3e1997c0
6b97b6af16a8eee24bc9-
d
#19 10.88 
packagefile google.go
lang.org/protobuf/typ
es/known/timestamppb=
/tmp/go-build40778506
97/b243/_pkg_.a
#19 10.88 
packagefile reflect=/
root/.cache/go-build/
16/16f37704a24996a774
deef9cd97d1a44607e2c1
7a34adf3ad677cff602c2
fa16-d
#19 10.88 EOF
#19 10.89 /usr/local/
go/pkg/tool/linux_amd
64/compile -o 
$WORK/b242/_pkg_.a 
-trimpath 
"$WORK/b242=>" -p git
hub.com/golang/protob
uf/ptypes/timestamp 
-lang=go1.9 
-complete -buildid VG
z0Ii183cfQ_tfrKlqD/VG
z0Ii183cfQ_tfrKlqD 
-goversion go1.21.13 
-c=4 -nolocalimports 
-importcfg 
$WORK/b242/importcfg 
-pack /go/pkg/mod/git
hub.com/golang/protob
uf@v1.5.3/ptypes/time
stamp/timestamp.pb.go
#19 10.90 cp 
$WORK/b246/_pkg_.a /r
oot/.cache/go-build/b
3/b38f9d3326f997be5d4
46114fd21e3148a0954c2
08b13d3e64ade48647726
757-d # internal
#19 10.90 google.gola
ng.org/grpc/binarylog
/grpc_binarylog_v1
#19 10.90 mkdir -p 
$WORK/b244/
#19 10.90 cat >/tmp/g
o-build4077850697/b24
4/importcfg << 'EOF' 
# internal
#19 10.90 # import 
config
#19 10.90 
packagefile google.go
lang.org/protobuf/ref
lect/protoreflect=/ro
ot/.cache/go-build/27
/27a908ead2f2de11aed0
bee3bff6ae3ca329b20b3
ffc4fcd5e25f3289f7c98
bf-d
#19 10.90 
packagefile google.go
lang.org/protobuf/run
time/protoimpl=/root/
.cache/go-build/24/24
d7861f3df0347b306eed0
fa01bbd853d4d3e1997c0
6b97b6af16a8eee24bc9-
d
#19 10.90 
packagefile google.go
lang.org/protobuf/typ
es/known/durationpb=/
tmp/go-build407785069
7/b241/_pkg_.a
#19 10.90 
packagefile google.go
lang.org/protobuf/typ
es/known/timestamppb=
/tmp/go-build40778506
97/b243/_pkg_.a
#19 10.90 
packagefile reflect=/
root/.cache/go-build/
16/16f37704a24996a774
deef9cd97d1a44607e2c1
7a34adf3ad677cff602c2
fa16-d
#19 10.90 
packagefile sync=/roo
t/.cache/go-build/4c/
4c6482b01e9753a401b5c
d5c9c47361a61ab8cef0b
4d6159ff0f0ffb119213f
7-d
#19 10.90 EOF
#19 10.90 /usr/local/
go/pkg/tool/linux_amd
64/compile -o 
$WORK/b244/_pkg_.a 
-trimpath 
"$WORK/b244=>" -p goo
gle.golang.org/grpc/b
inarylog/grpc_binaryl
og_v1 -lang=go1.19 
-complete -buildid hQ
Od9_c_DJjjzCnSK7Zc/hQ
Od9_c_DJjjzCnSK7Zc 
-goversion go1.21.13 
-c=4 -nolocalimports 
-importcfg 
$WORK/b244/importcfg 
-pack /go/pkg/mod/goo
gle.golang.org/grpc@v
1.60.0/binarylog/grpc
_binarylog_v1/binaryl
og.pb.go
#19 10.91 cp 
$WORK/b158/_pkg_.a /r
oot/.cache/go-build/7
c/7cc6ddab224b611eda0
bbfc8dc2e22d4d32a8765
a2d40311b35b8830c8142
2cd-d # internal
#19 10.92 google.gola
ng.org/grpc/internal/
grpcsync
#19 10.92 mkdir -p 
$WORK/b248/
#19 10.92 cat >/tmp/g
o-build4077850697/b24
8/importcfg << 'EOF' 
# internal
#19 10.92 # import 
config
#19 10.92 
packagefile context=/
tmp/go-build407785069
7/b002/_pkg_.a
#19 10.92 
packagefile google.go
lang.org/grpc/interna
l/buffer=/tmp/go-buil
d4077850697/b249/_pkg
_.a
#19 10.92 
packagefile sync=/roo
t/.cache/go-build/4c/
4c6482b01e9753a401b5c
d5c9c47361a61ab8cef0b
4d6159ff0f0ffb119213f
7-d
#19 10.92 
packagefile sync/atom
ic=/root/.cache/go-bu
ild/5c/5c613f23c43dbb
b8db154f810343deece99
a58007c2c3824ed73bae8
64bc9b9d-d
#19 10.92 EOF
#19 10.92 /usr/local/
go/pkg/tool/linux_amd
64/compile -o 
$WORK/b248/_pkg_.a 
-trimpath 
"$WORK/b248=>" -p goo
gle.golang.org/grpc/i
nternal/grpcsync 
-lang=go1.19 
-complete -buildid d9
SX2Ezbk1Z-UZXQhd_v/d9
SX2Ezbk1Z-UZXQhd_v 
-goversion go1.21.13 
-c=4 -nolocalimports 
-importcfg 
$WORK/b248/importcfg 
-pack /go/pkg/mod/goo
gle.golang.org/grpc@v
1.60.0/internal/grpcs
ync/callback_serializ
er.go /go/pkg/mod/goo
gle.golang.org/grpc@v
1.60.0/internal/grpcs
ync/event.go /go/pkg/
mod/google.golang.org
/grpc@v1.60.0/interna
l/grpcsync/oncefunc.g
o /go/pkg/mod/google.
golang.org/grpc@v1.60
.0/internal/grpcsync/
pubsub.go
#19 10.98 /usr/local/
go/pkg/tool/linux_amd
64/buildid -w 
$WORK/b163/_pkg_.a # 
internal
#19 10.98 cp 
$WORK/b163/_pkg_.a /r
oot/.cache/go-build/2
c/2c1dbc0ef8880a356e4
f5462d5f290de7b0bfc64
c2edeed148c800360f167
b83-d # internal
#19 10.99 google.gola
ng.org/grpc/internal/
idle
#19 10.99 mkdir -p 
$WORK/b250/
#19 11.00 cat >/tmp/g
o-build4077850697/b25
0/importcfg << 'EOF' 
# internal
#19 11.00 # import 
config
#19 11.00 
packagefile fmt=/root
/.cache/go-build/8d/8
d2bdd2fb8d4c3cfa10b37
9579d427d3fa724e4660a
984a3b121b2d6bb7bf576
-d
#19 11.00 
packagefile math=/roo
t/.cache/go-build/36/
36ffa25336d289fa39ad0
06705231014aaaaaeafbd
42683e20e660ca55ff061
6-d
#19 11.00 
packagefile sync=/roo
t/.cache/go-build/4c/
4c6482b01e9753a401b5c
d5c9c47361a61ab8cef0b
4d6159ff0f0ffb119213f
7-d
#19 11.00 
packagefile sync/atom
ic=/root/.cache/go-bu
ild/5c/5c613f23c43dbb
b8db154f810343deece99
a58007c2c3824ed73bae8
64bc9b9d-d
#19 11.00 
packagefile time=/roo
t/.cache/go-build/4e/
4e73c8606deed2138edca
3302af2287f9f43cefd6d
141d85ab675d2b3f4052e
c-d
#19 11.00 EOF
#19 11.00 /usr/local/
go/pkg/tool/linux_amd
64/compile -o 
$WORK/b250/_pkg_.a 
-trimpath 
"$WORK/b250=>" -p goo
gle.golang.org/grpc/i
nternal/idle 
-lang=go1.19 
-complete -buildid uU
LNsCV8uwUSV7yyHLdC/uU
LNsCV8uwUSV7yyHLdC 
-goversion go1.21.13 
-c=4 -nolocalimports 
-importcfg 
$WORK/b250/importcfg 
-pack /go/pkg/mod/goo
gle.golang.org/grpc@v
1.60.0/internal/idle/
idle.go
#19 11.01 /usr/local/
go/pkg/tool/linux_amd
64/buildid -w 
$WORK/b242/_pkg_.a # 
internal
#19 11.01 cp 
$WORK/b242/_pkg_.a /r
oot/.cache/go-build/9
3/93eb4181aa34450e2ed
30784c4ce5d4aaa4bcad7
bc4b7a4f6d65ab8d18fc9
668-d # internal
#19 11.02 /usr/local/
go/pkg/tool/linux_amd
64/buildid -w 
$WORK/b170/_pkg_.a # 
internal
#19 11.04 /usr/local/
go/pkg/tool/linux_amd
64/buildid -w 
$WORK/b248/_pkg_.a # 
internal
#19 11.04 cp 
$WORK/b170/_pkg_.a /r
oot/.cache/go-build/6
4/64299110819a4bd504b
3e20bd9843b8f05672d25
6c5b551e722332b46f07b
da1-d # internal
#19 11.04 google.gola
ng.org/protobuf/inter
nal/encoding/json
#19 11.04 mkdir -p 
$WORK/b255/
#19 11.04 /usr/local/
go/pkg/tool/linux_amd
64/buildid -w 
$WORK/b098/_pkg_.a # 
internal
#19 11.04 cp 
$WORK/b248/_pkg_.a /r
oot/.cache/go-build/b
6/b6348822b4d389cf913
26917377b45cb31071e4f
dd1d1b8ea35bcdaffa861
0d6-d # internal
#19 11.04 cat >/tmp/g
o-build4077850697/b25
5/importcfg << 'EOF' 
# internal
#19 11.04 # import 
config
#19 11.04 
packagefile bytes=/ro
ot/.cache/go-build/26
/26bfdb65b0b94b3a2bdc
e9e4b8bc696e55851d329
688735148e2f1ede7b0cf
7a-d
#19 11.04 
packagefile fmt=/root
/.cache/go-build/8d/8
d2bdd2fb8d4c3cfa10b37
9579d427d3fa724e4660a
984a3b121b2d6bb7bf576
-d
#19 11.04 
packagefile google.go
lang.org/protobuf/int
ernal/detrand=/root/.
cache/go-build/c2/c27
7bf3f46e3229b82900588
ba345ced66cc5baf0ce24
2d1459596aadf119b05-d
#19 11.04 
packagefile google.go
lang.org/protobuf/int
ernal/errors=/root/.c
ache/go-build/17/1718
5aa58e5696599ae0bfd8c
614991dfc362ce916dcc5
b39f3f3f7d9291e9ca-d
#19 11.04 
packagefile google.go
lang.org/protobuf/int
ernal/strs=/root/.cac
he/go-build/75/75a4ee
5695b694dad8158a2929b
bf78697c534bd15306eaf
48c0f17047b653a1-d
#19 11.04 
packagefile io=/root/
.cache/go-build/3f/3f
759ea3eb56d9d846e0439
5d9dc289bca8f7cfe11f7
7ec63b71910085c89dc3-
d
#19 11.04 
packagefile math=/roo
t/.cache/go-build/36/
36ffa25336d289fa39ad0
06705231014aaaaaeafbd
42683e20e660ca55ff061
6-d
#19 11.04 
packagefile math/bits
=/root/.cache/go-buil
d/3d/3d8e372dde88f554
f59147ec97a2c135b2971
03eef9e14b1868ffbcb3e
065db5-d
#19 11.04 
packagefile regexp=/t
mp/go-build4077850697
/b120/_pkg_.a
#19 11.04 
packagefile strconv=/
root/.cache/go-build/
58/58fde322ad123df338
e244ef907f3389ac723cf
56495542c8fa011a9be08
c3b5-d
#19 11.04 
packagefile strings=/
root/.cache/go-build/
bd/bd2b3ffec179fa0086
9c215b39dc97456ad6ec1
7c28e28cbfd770fe90393
d84a-d
#19 11.04 
packagefile unicode=/
root/.cache/go-build/
5c/5cc4ed7fed5271c4f9
b13a58dc4b0fedd203628
562244eeb2b81d3cea617
d31d-d
#19 11.04 
packagefile unicode/u
tf16=/root/.cache/go-
build/32/32acb1e50de1
7a40b7d7b0223e011b45f
ef9c76d5e371c9e04b153
78e5213338-d
#19 11.04 
packagefile unicode/u
tf8=/root/.cache/go-b
uild/9e/9e23eb231cba1
373f4567258c1258bd672
52280d64ad306b694435d
139734a46-d
#19 11.04 EOF
#19 11.05 /usr/local/
go/pkg/tool/linux_amd
64/compile -o 
$WORK/b255/_pkg_.a 
-trimpath 
"$WORK/b255=>" -p goo
gle.golang.org/protob
uf/internal/encoding/
json -lang=go1.11 
-complete -buildid -e
qqlvRHhXf0QFtrIs6y/-e
qqlvRHhXf0QFtrIs6y 
-goversion go1.21.13 
-c=4 -nolocalimports 
-importcfg 
$WORK/b255/importcfg 
-pack /go/pkg/mod/goo
gle.golang.org/protob
uf@v1.31.0/internal/e
ncoding/json/decode.g
o /go/pkg/mod/google.
golang.org/protobuf@v
1.31.0/internal/encod
ing/json/decode_numbe
r.go /go/pkg/mod/goog
le.golang.org/protobu
f@v1.31.0/internal/en
coding/json/decode_st
ring.go /go/pkg/mod/g
oogle.golang.org/prot
obuf@v1.31.0/internal
/encoding/json/decode
_token.go /go/pkg/mod
/google.golang.org/pr
otobuf@v1.31.0/intern
al/encoding/json/enco
de.go
#19 11.05 
golang.org/x/net/idna
#19 11.05 mkdir -p 
$WORK/b264/
#19 11.05 github.com/
golang/protobuf/ptype
s
#19 11.05 cat >/tmp/g
o-build4077850697/b26
4/importcfg << 'EOF' 
# internal
#19 11.05 # import 
config
#19 11.05 
packagefile fmt=/root
/.cache/go-build/8d/8
d2bdd2fb8d4c3cfa10b37
9579d427d3fa724e4660a
984a3b121b2d6bb7bf576
-d
#19 11.05 
packagefile golang.or
g/x/text/secure/bidir
ule=/tmp/go-build4077
850697/b140/_pkg_.a
#19 11.05 
packagefile golang.or
g/x/text/unicode/bidi
=/tmp/go-build4077850
697/b141/_pkg_.a
#19 11.05 
packagefile golang.or
g/x/text/unicode/norm
=/tmp/go-build4077850
697/b138/_pkg_.a
#19 11.05 
packagefile math=/roo
t/.cache/go-build/36/
36ffa25336d289fa39ad0
06705231014aaaaaeafbd
42683e20e660ca55ff061
6-d
#19 11.05 
packagefile strings=/
root/.cache/go-build/
bd/bd2b3ffec179fa0086
9c215b39dc97456ad6ec1
7c28e28cbfd770fe90393
d84a-d
#19 11.05 
packagefile unicode/u
tf8=/root/.cache/go-b
uild/9e/9e23eb231cba1
373f4567258c1258bd672
52280d64ad306b694435d
139734a46-d
#19 11.05 EOF
#19 11.05 /usr/local/
go/pkg/tool/linux_amd
64/compile -o 
$WORK/b264/_pkg_.a 
-trimpath 
"$WORK/b264=>" -p gol
ang.org/x/net/idna 
-lang=go1.18 
-complete -buildid dq
62PSILh1b1a5oArssg/dq
62PSILh1b1a5oArssg 
-goversion go1.21.13 
-c=4 -nolocalimports 
-importcfg 
$WORK/b264/importcfg 
-pack /go/pkg/mod/gol
ang.org/x/net@v0.19.0
/idna/go118.go /go/pk
g/mod/golang.org/x/ne
t@v0.19.0/idna/idna10
.0.0.go /go/pkg/mod/g
olang.org/x/net@v0.19
.0/idna/punycode.go /
go/pkg/mod/golang.org
/x/net@v0.19.0/idna/t
ables15.0.0.go /go/pk
g/mod/golang.org/x/ne
t@v0.19.0/idna/trie.g
o /go/pkg/mod/golang.
org/x/net@v0.19.0/idn
a/trie13.0.0.go /go/p
kg/mod/golang.org/x/n
et@v0.19.0/idna/triev
al.go
#19 11.07 mkdir -p 
$WORK/b237/
#19 11.07 cat >/tmp/g
o-build4077850697/b23
7/importcfg << 'EOF' 
# internal
#19 11.07 # import 
config
#19 11.07 
packagefile errors=/r
oot/.cache/go-build/c
c/cc538db122216e44576
167ce460078986584b0ef
8e945f95ba196f2ccc1e3
751-d
#19 11.07 
packagefile fmt=/root
/.cache/go-build/8d/8
d2bdd2fb8d4c3cfa10b37
9579d427d3fa724e4660a
984a3b121b2d6bb7bf576
-d
#19 11.07 
packagefile github.co
m/golang/protobuf/pro
to=/tmp/go-build40778
50697/b188/_pkg_.a
#19 11.07 
packagefile github.co
m/golang/protobuf/pty
pes/any=/tmp/go-build
4077850697/b238/_pkg_
.a
#19 11.07 
packagefile github.co
m/golang/protobuf/pty
pes/duration=/tmp/go-
build4077850697/b240/
_pkg_.a
#19 11.07 
packagefile github.co
m/golang/protobuf/pty
pes/timestamp=/tmp/go
-build4077850697/b242
/_pkg_.a
#19 11.07 
packagefile google.go
lang.org/protobuf/ref
lect/protoreflect=/ro
ot/.cache/go-build/27
/27a908ead2f2de11aed0
bee3bff6ae3ca329b20b3
ffc4fcd5e25f3289f7c98
bf-d
#19 11.07 
packagefile google.go
lang.org/protobuf/ref
lect/protoregistry=/r
oot/.cache/go-build/5
4/5482d85b1b1909147df
23093a1807cde6d5da2eb
6d3248e5d4017b6be4b4c
06b-d
#19 11.07 
packagefile strings=/
root/.cache/go-build/
bd/bd2b3ffec179fa0086
9c215b39dc97456ad6ec1
7c28e28cbfd770fe90393
d84a-d
#19 11.07 
packagefile time=/roo
t/.cache/go-build/4e/
4e73c8606deed2138edca
3302af2287f9f43cefd6d
141d85ab675d2b3f4052e
c-d
#19 11.07 EOF
#19 11.07 /usr/local/
go/pkg/tool/linux_amd
64/compile -o 
$WORK/b237/_pkg_.a 
-trimpath 
"$WORK/b237=>" -p git
hub.com/golang/protob
uf/ptypes 
-lang=go1.9 
-complete -buildid gl
YsoDzMr82pn2zUHwwk/gl
YsoDzMr82pn2zUHwwk 
-goversion go1.21.13 
-c=4 -nolocalimports 
-importcfg 
$WORK/b237/importcfg 
-pack /go/pkg/mod/git
hub.com/golang/protob
uf@v1.5.3/ptypes/any.
go /go/pkg/mod/github
.com/golang/protobuf@
v1.5.3/ptypes/doc.go 
/go/pkg/mod/github.co
m/golang/protobuf@v1.
5.3/ptypes/duration.g
o /go/pkg/mod/github.
com/golang/protobuf@v
1.5.3/ptypes/timestam
p.go
#19 11.11 cp 
$WORK/b098/_pkg_.a /r
oot/.cache/go-build/0
b/0b27c0857287816514a
bc0c005a8001bf840a23e
6a2af71fb9929bacaf532
a92-d # internal
#19 11.15 /usr/local/
go/pkg/tool/linux_amd
64/buildid -w 
$WORK/b250/_pkg_.a # 
internal
#19 11.15 cp 
$WORK/b250/_pkg_.a /r
oot/.cache/go-build/f
5/f58773dcb84e0d59271
8ac04ac3122e118786c86
8e60357e305ffd7633549
ca9-d # internal
#19 11.16 golang.org/
x/net/http2/hpack
#19 11.16 mkdir -p 
$WORK/b265/
#19 11.16 cat >/tmp/g
o-build4077850697/b26
5/importcfg << 'EOF' 
# internal
#19 11.16 # import 
config
#19 11.16 
packagefile bytes=/ro
ot/.cache/go-build/26
/26bfdb65b0b94b3a2bdc
e9e4b8bc696e55851d329
688735148e2f1ede7b0cf
7a-d
#19 11.16 
packagefile errors=/r
oot/.cache/go-build/c
c/cc538db122216e44576
167ce460078986584b0ef
8e945f95ba196f2ccc1e3
751-d
#19 11.16 
packagefile fmt=/root
/.cache/go-build/8d/8
d2bdd2fb8d4c3cfa10b37
9579d427d3fa724e4660a
984a3b121b2d6bb7bf576
-d
#19 11.16 
packagefile io=/root/
.cache/go-build/3f/3f
759ea3eb56d9d846e0439
5d9dc289bca8f7cfe11f7
7ec63b71910085c89dc3-
d
#19 11.16 
packagefile sync=/roo
t/.cache/go-build/4c/
4c6482b01e9753a401b5c
d5c9c47361a61ab8cef0b
4d6159ff0f0ffb119213f
7-d
#19 11.16 EOF
#19 11.16 crypto/tls
#19 11.16 mkdir -p 
$WORK/b076/
#19 11.16 /usr/local/
go/pkg/tool/linux_amd
64/compile -o 
$WORK/b265/_pkg_.a 
-trimpath 
"$WORK/b265=>" -p gol
ang.org/x/net/http2/h
pack -lang=go1.18 
-complete -buildid gy
j8hF3o8nZq7HuhYCbM/gy
j8hF3o8nZq7HuhYCbM 
-goversion go1.21.13 
-c=4 -nolocalimports 
-importcfg 
$WORK/b265/importcfg 
-pack /go/pkg/mod/gol
ang.org/x/net@v0.19.0
/http2/hpack/encode.g
o /go/pkg/mod/golang.
org/x/net@v0.19.0/htt
p2/hpack/hpack.go /go
/pkg/mod/golang.org/x
/net@v0.19.0/http2/hp
ack/huffman.go /go/pk
g/mod/golang.org/x/ne
t@v0.19.0/http2/hpack
/static_table.go /go/
pkg/mod/golang.org/x/
net@v0.19.0/http2/hpa
ck/tables.go
#19 11.17 cat >/tmp/g
o-build4077850697/b07
6/importcfg << 'EOF' 
# internal
#19 11.17 # import 
config
#19 11.17 importmap g
olang.org/x/crypto/ch
acha20poly1305=vendor
/golang.org/x/crypto/
chacha20poly1305
#19 11.17 importmap g
olang.org/x/crypto/cr
yptobyte=vendor/golan
g.org/x/crypto/crypto
byte
#19 11.17 importmap g
olang.org/x/crypto/hk
df=vendor/golang.org/
x/crypto/hkdf
#19 11.17 
packagefile bytes=/ro
ot/.cache/go-build/26
/26bfdb65b0b94b3a2bdc
e9e4b8bc696e55851d329
688735148e2f1ede7b0cf
7a-d
#19 11.17 
packagefile container
/list=/tmp/go-build40
77850697/b066/_pkg_.a
#19 11.17 
packagefile context=/
tmp/go-build407785069
7/b002/_pkg_.a
#19 11.17 
packagefile crypto=/t
mp/go-build4077850697
/b051/_pkg_.a
#19 11.17 
packagefile crypto/ae
s=/tmp/go-build407785
0697/b077/_pkg_.a
#19 11.17 
packagefile crypto/ci
pher=/tmp/go-build407
7850697/b054/_pkg_.a
#19 11.17 
packagefile crypto/de
s=/tmp/go-build407785
0697/b078/_pkg_.a
#19 11.17 
packagefile crypto/ec
dh=/tmp/go-build40778
50697/b079/_pkg_.a
#19 11.17 
packagefile crypto/ec
dsa=/tmp/go-build4077
850697/b084/_pkg_.a
#19 11.17 
packagefile crypto/ed
25519=/tmp/go-build40
77850697/b093/_pkg_.a
#19 11.17 
packagefile crypto/el
liptic=/tmp/go-build4
077850697/b085/_pkg_.
a
#19 11.17 
packagefile crypto/hm
ac=/tmp/go-build40778
50697/b068/_pkg_.a
#19 11.17 
packagefile crypto/in
ternal/boring=/tmp/go
-build4077850697/b053
/_pkg_.a
#19 11.17 
packagefile crypto/md
5=/tmp/go-build407785
0697/b069/_pkg_.a
#19 11.17 
packagefile crypto/ra
nd=/tmp/go-build40778
50697/b070/_pkg_.a
#19 11.17 
packagefile crypto/rc
4=/tmp/go-build407785
0697/b095/_pkg_.a
#19 11.17 
packagefile crypto/rs
a=/tmp/go-build407785
0697/b096/_pkg_.a
#19 11.17 
packagefile crypto/sh
a1=/tmp/go-build40778
50697/b097/_pkg_.a
#19 11.17 
packagefile crypto/sh
a256=/tmp/go-build407
7850697/b050/_pkg_.a
#19 11.17 
packagefile crypto/sh
a512=/tmp/go-build407
7850697/b088/_pkg_.a
#19 11.17 
packagefile crypto/su
btle=/tmp/go-build407
7850697/b056/_pkg_.a
#19 11.17 
packagefile crypto/x5
09=/tmp/go-build40778
50697/b098/_pkg_.a
#19 11.17 
packagefile encoding/
binary=/root/.cache/g
o-build/60/60ee0c1856
a489c23506aab75becee4
a0c32342fd3865aa463f6
af25ea3c69f8-d
#19 11.17 
packagefile encoding/
pem=/tmp/go-build4077
850697/b101/_pkg_.a
#19 11.17 
packagefile errors=/r
oot/.cache/go-build/c
c/cc538db122216e44576
167ce460078986584b0ef
8e945f95ba196f2ccc1e3
751-d
#19 11.17 
packagefile fmt=/root
/.cache/go-build/8d/8
d2bdd2fb8d4c3cfa10b37
9579d427d3fa724e4660a
984a3b121b2d6bb7bf576
-d
#19 11.17 
packagefile vendor/go
lang.org/x/crypto/cha
cha20poly1305=/tmp/go
-build4077850697/b111
/_pkg_.a
#19 11.17 
packagefile vendor/go
lang.org/x/crypto/cry
ptobyte=/tmp/go-build
4077850697/b089/_pkg_
.a
#19 11.17 
packagefile vendor/go
lang.org/x/crypto/hkd
f=/tmp/go-build407785
0697/b117/_pkg_.a
#19 11.17 
packagefile hash=/roo
t/.cache/go-build/f9/
f9299f5e852c68cdf9886
1fb5877f135f69843b923
7bbf431f6cd7fc80cb0be
1-d
#19 11.17 
packagefile internal/
cpu=/root/.cache/go-b
uild/57/579d36b7e452a
f1f50e915b216994cceb3
e12055e21a4cf34af9a1a
ad8540488-d
#19 11.17 
packagefile internal/
godebug=/root/.cache/
go-build/4d/4ded5b823
09d52c06c6819d7801d7f
e3907563d1434b543fd85
cb94bafd7a78c-d
#19 11.17 
packagefile io=/root/
.cache/go-build/3f/3f
759ea3eb56d9d846e0439
5d9dc289bca8f7cfe11f7
7ec63b71910085c89dc3-
d
#19 11.17 
packagefile net=/tmp/
go-build4077850697/b1
03/_pkg_.a
#19 11.17 
packagefile os=/root/
.cache/go-build/43/43
f674b9b17ec091d423d79
d19d3a58814383e28d032
db985101a3bdb2c0e9c5-
d
#19 11.17 
packagefile runtime=/
root/.cache/go-build/
29/29c63df92edda48c2d
238c8dd2f7cf6a13536c0
3e2f03a25a6439694804b
49ca-d
#19 11.17 
packagefile strconv=/
root/.cache/go-build/
58/58fde322ad123df338
e244ef907f3389ac723cf
56495542c8fa011a9be08
c3b5-d
#19 11.17 
packagefile strings=/
root/.cache/go-build/
bd/bd2b3ffec179fa0086
9c215b39dc97456ad6ec1
7c28e28cbfd770fe90393
d84a-d
#19 11.17 
packagefile sync=/roo
t/.cache/go-build/4c/
4c6482b01e9753a401b5c
d5c9c47361a61ab8cef0b
4d6159ff0f0ffb119213f
7-d
#19 11.17 
packagefile sync/atom
ic=/root/.cache/go-bu
ild/5c/5c613f23c43dbb
b8db154f810343deece99
a58007c2c3824ed73bae8
64bc9b9d-d
#19 11.17 
packagefile time=/roo
t/.cache/go-build/4e/
4e73c8606deed2138edca
3302af2287f9f43cefd6d
141d85ab675d2b3f4052e
c-d
#19 11.17 EOF
#19 11.17 /usr/local/
go/pkg/tool/linux_amd
64/compile -o 
$WORK/b076/_pkg_.a 
-trimpath 
"$WORK/b076=>" -p 
crypto/tls -std 
-complete -buildid PW
_TjZ_DPLfTvqrpdpgI/PW
_TjZ_DPLfTvqrpdpgI 
-goversion go1.21.13 
-c=4 -nolocalimports 
-importcfg 
$WORK/b076/importcfg 
-pack /usr/local/go/s
rc/crypto/tls/alert.g
o /usr/local/go/src/c
rypto/tls/auth.go /us
r/local/go/src/crypto
/tls/cache.go /usr/lo
cal/go/src/crypto/tls
/cipher_suites.go /us
r/local/go/src/crypto
/tls/common.go /usr/l
ocal/go/src/crypto/tl
s/common_string.go /u
sr/local/go/src/crypt
o/tls/conn.go /usr/lo
cal/go/src/crypto/tls
/handshake_client.go 
/usr/local/go/src/cry
pto/tls/handshake_cli
ent_tls13.go /usr/loc
al/go/src/crypto/tls/
handshake_messages.go
 /usr/local/go/src/cr
ypto/tls/handshake_se
rver.go /usr/local/go
/src/crypto/tls/hands
hake_server_tls13.go 
/usr/local/go/src/cry
pto/tls/key_agreement
.go /usr/local/go/src
/crypto/tls/key_sched
ule.go /usr/local/go/
src/crypto/tls/notbor
ing.go /usr/local/go/
src/crypto/tls/prf.go
 /usr/local/go/src/cr
ypto/tls/quic.go /usr
/local/go/src/crypto/
tls/ticket.go /usr/lo
cal/go/src/crypto/tls
/tls.go
#19 11.26 /usr/local/
go/pkg/tool/linux_amd
64/buildid -w 
$WORK/b244/_pkg_.a # 
internal
#19 11.32 cp 
$WORK/b244/_pkg_.a /r
oot/.cache/go-build/b
e/be5efce3136fafb1978
01dac4000ceb06ca12de9
defb7766293050f082868
eaf-d # internal
#19 11.32 google.gola
ng.org/grpc/keepalive
#19 11.33 mkdir -p 
$WORK/b267/
#19 11.33 cat >/tmp/g
o-build4077850697/b26
7/importcfg << 'EOF' 
# internal
#19 11.33 # import 
config
#19 11.33 
packagefile time=/roo
t/.cache/go-build/4e/
4e73c8606deed2138edca
3302af2287f9f43cefd6d
141d85ab675d2b3f4052e
c-d
#19 11.33 EOF
#19 11.33 /usr/local/
go/pkg/tool/linux_amd
64/compile -o 
$WORK/b267/_pkg_.a 
-trimpath 
"$WORK/b267=>" -p goo
gle.golang.org/grpc/k
eepalive 
-lang=go1.19 
-complete -buildid MA
riQn23D65NbYbLHElV/MA
riQn23D65NbYbLHElV 
-goversion go1.21.13 
-c=4 -nolocalimports 
-importcfg 
$WORK/b267/importcfg 
-pack /go/pkg/mod/goo
gle.golang.org/grpc@v
1.60.0/keepalive/keep
alive.go
#19 11.37 /usr/local/
go/pkg/tool/linux_amd
64/buildid -w 
$WORK/b267/_pkg_.a # 
internal
#19 11.38 cp 
$WORK/b267/_pkg_.a /r
oot/.cache/go-build/2
5/2515edee323805edb27
2e1e9e2798d0dc2330e2d
ba6fe3e44d324b4cce113
a97-d # internal
#19 11.39 google.gola
ng.org/grpc/stats
#19 11.39 mkdir -p 
$WORK/b269/
#19 11.40 cat >/tmp/g
o-build4077850697/b26
9/importcfg << 'EOF' 
# internal
#19 11.40 # import 
config
#19 11.40 
packagefile context=/
tmp/go-build407785069
7/b002/_pkg_.a
#19 11.40 
packagefile google.go
lang.org/grpc/metadat
a=/tmp/go-build407785
0697/b223/_pkg_.a
#19 11.40 
packagefile net=/tmp/
go-build4077850697/b1
03/_pkg_.a
#19 11.40 
packagefile time=/roo
t/.cache/go-build/4e/
4e73c8606deed2138edca
3302af2287f9f43cefd6d
141d85ab675d2b3f4052e
c-d
#19 11.40 EOF
#19 11.40 /usr/local/
go/pkg/tool/linux_amd
64/compile -o 
$WORK/b269/_pkg_.a 
-trimpath 
"$WORK/b269=>" -p goo
gle.golang.org/grpc/s
tats -lang=go1.19 
-complete -buildid lP
6O-mAGCRG0IOlfMUxo/lP
6O-mAGCRG0IOlfMUxo 
-goversion go1.21.13 
-c=4 -nolocalimports 
-importcfg 
$WORK/b269/importcfg 
-pack /go/pkg/mod/goo
gle.golang.org/grpc@v
1.60.0/stats/handlers
.go /go/pkg/mod/googl
e.golang.org/grpc@v1.
60.0/stats/stats.go
#19 11.44 /usr/local/
go/pkg/tool/linux_amd
64/buildid -w 
$WORK/b237/_pkg_.a # 
internal
#19 11.46 cp 
$WORK/b237/_pkg_.a /r
oot/.cache/go-build/5
1/51e191d66c29c17ffd5
16a836c2067e6afc54b68
0eab95bdece60f98b2a74
561-d # internal
#19 11.46 google.gola
ng.org/grpc/tap
#19 11.46 mkdir -p 
$WORK/b270/
#19 11.48 cat >/tmp/g
o-build4077850697/b27
0/importcfg << 'EOF' 
# internal
#19 11.48 # import 
config
#19 11.48 
packagefile context=/
tmp/go-build407785069
7/b002/_pkg_.a
#19 11.48 
packagefile google.go
lang.org/grpc/metadat
a=/tmp/go-build407785
0697/b223/_pkg_.a
#19 11.48 EOF
#19 11.48 /usr/local/
go/pkg/tool/linux_amd
64/compile -o 
$WORK/b270/_pkg_.a 
-trimpath 
"$WORK/b270=>" -p goo
gle.golang.org/grpc/t
ap -lang=go1.19 
-complete -buildid rZ
144HtIyf4DKkSrOqG8/rZ
144HtIyf4DKkSrOqG8 
-goversion go1.21.13 
-c=4 -nolocalimports 
-importcfg 
$WORK/b270/importcfg 
-pack /go/pkg/mod/goo
gle.golang.org/grpc@v
1.60.0/tap/tap.go
#19 11.53 /usr/local/
go/pkg/tool/linux_amd
64/buildid -w 
$WORK/b270/_pkg_.a # 
internal
#19 11.53 cp 
$WORK/b270/_pkg_.a /r
oot/.cache/go-build/8
0/80bca91269da72d7810
0bb4716727a998d4fe635
fa59fcec9aad4a86aee03
fdf-d # internal
#19 11.54 google.gola
ng.org/grpc/internal/
resolver/dns/internal
#19 11.55 mkdir -p 
$WORK/b275/
#19 11.55 cat >/tmp/g
o-build4077850697/b27
5/importcfg << 'EOF' 
# internal
#19 11.55 # import 
config
#19 11.55 
packagefile context=/
tmp/go-build407785069
7/b002/_pkg_.a
#19 11.55 
packagefile errors=/r
oot/.cache/go-build/c
c/cc538db122216e44576
167ce460078986584b0ef
8e945f95ba196f2ccc1e3
751-d
#19 11.55 
packagefile net=/tmp/
go-build4077850697/b1
03/_pkg_.a
#19 11.55 
packagefile time=/roo
t/.cache/go-build/4e/
4e73c8606deed2138edca
3302af2287f9f43cefd6d
141d85ab675d2b3f4052e
c-d
#19 11.55 EOF
#19 11.55 /usr/local/
go/pkg/tool/linux_amd
64/compile -o 
$WORK/b275/_pkg_.a 
-trimpath 
"$WORK/b275=>" -p goo
gle.golang.org/grpc/i
nternal/resolver/dns/
internal 
-lang=go1.19 
-complete -buildid 18
afQfNaLHB3x0oQ9I-V/18
afQfNaLHB3x0oQ9I-V 
-goversion go1.21.13 
-c=4 -nolocalimports 
-importcfg 
$WORK/b275/importcfg 
-pack /go/pkg/mod/goo
gle.golang.org/grpc@v
1.60.0/internal/resol
ver/dns/internal/inte
rnal.go
#19 11.56 /usr/local/
go/pkg/tool/linux_amd
64/buildid -w 
$WORK/b269/_pkg_.a # 
internal
#19 11.57 cp 
$WORK/b269/_pkg_.a /r
oot/.cache/go-build/9
6/968eafa4d686abff430
ab7348456a6ed63a176b5
edf9e9add3fb67fc206e5
6de-d # internal
#19 11.58 /usr/local/
go/pkg/tool/linux_amd
64/buildid -w 
$WORK/b265/_pkg_.a # 
internal
#19 11.58 os/exec
#19 11.58 mkdir -p 
$WORK/b283/
#19 11.58 cat >/tmp/g
o-build4077850697/b28
3/importcfg << 'EOF' 
# internal
#19 11.58 # import 
config
#19 11.58 
packagefile bytes=/ro
ot/.cache/go-build/26
/26bfdb65b0b94b3a2bdc
e9e4b8bc696e55851d329
688735148e2f1ede7b0cf
7a-d
#19 11.58 
packagefile context=/
tmp/go-build407785069
7/b002/_pkg_.a
#19 11.58 
packagefile errors=/r
oot/.cache/go-build/c
c/cc538db122216e44576
167ce460078986584b0ef
8e945f95ba196f2ccc1e3
751-d
#19 11.58 
packagefile internal/
godebug=/root/.cache/
go-build/4d/4ded5b823
09d52c06c6819d7801d7f
e3907563d1434b543fd85
cb94bafd7a78c-d
#19 11.58 
packagefile internal/
syscall/execenv=/root
/.cache/go-build/d2/d
2b6b12e39f341da3cf5ea
186ce5d033323bf992a64
ecc2e68e2bf53510ef89a
-d
#19 11.58 
packagefile internal/
syscall/unix=/root/.c
ache/go-build/fe/fe61
bba3f28e64d4e79a2685c
8230762bda484ce4b4d08
c4e459c6784c4969ce-d
#19 11.58 
packagefile io=/root/
.cache/go-build/3f/3f
759ea3eb56d9d846e0439
5d9dc289bca8f7cfe11f7
7ec63b71910085c89dc3-
d
#19 11.58 
packagefile io/fs=/ro
ot/.cache/go-build/f1
/f1b2f94d4f1c86707558
b8b2ec2b5afceb843f066
df0a475502965262d9dd3
07-d
#19 11.58 
packagefile os=/root/
.cache/go-build/43/43
f674b9b17ec091d423d79
d19d3a58814383e28d032
db985101a3bdb2c0e9c5-
d
#19 11.58 
packagefile path/file
path=/root/.cache/go-
build/11/114b1ce0f6c5
11efcf45eac5007f8e483
7db5e57ae790ff11c15da
acd2d1a3a5-d
#19 11.58 
packagefile runtime=/
root/.cache/go-build/
29/29c63df92edda48c2d
238c8dd2f7cf6a13536c0
3e2f03a25a6439694804b
49ca-d
#19 11.58 
packagefile strconv=/
root/.cache/go-build/
58/58fde322ad123df338
e244ef907f3389ac723cf
56495542c8fa011a9be08
c3b5-d
#19 11.58 
packagefile strings=/
root/.cache/go-build/
bd/bd2b3ffec179fa0086
9c215b39dc97456ad6ec1
7c28e28cbfd770fe90393
d84a-d
#19 11.58 
packagefile syscall=/
root/.cache/go-build/
6c/6cb2057e6dcb8c1e51
9e6658b10448ea4b2c318
9f26805143f72256cb362
936c-d
#19 11.58 
packagefile time=/roo
t/.cache/go-build/4e/
4e73c8606deed2138edca
3302af2287f9f43cefd6d
141d85ab675d2b3f4052e
c-d
#19 11.58 EOF
#19 11.59 /usr/local/
go/pkg/tool/linux_amd
64/compile -o 
$WORK/b283/_pkg_.a 
-trimpath 
"$WORK/b283=>" -p 
os/exec -std 
-complete -buildid xp
wXd1yslvcPi5BlSvrG/xp
wXd1yslvcPi5BlSvrG 
-goversion go1.21.13 
-c=4 -nolocalimports 
-importcfg 
$WORK/b283/importcfg 
-pack /usr/local/go/s
rc/os/exec/exec.go /u
sr/local/go/src/os/ex
ec/exec_unix.go /usr/
local/go/src/os/exec/
lp_unix.go
#19 11.61 cp 
$WORK/b265/_pkg_.a /r
oot/.cache/go-build/6
1/61cf4896c7a64e71b2c
bd2bcb3b70cd40b33b744
dfcb0405b504c8fcdd535
a00-d # internal
#19 11.61 golang.org/
x/oauth2/jws
#19 11.61 mkdir -p 
$WORK/b285/
#19 11.62 /usr/local/
go/pkg/tool/linux_amd
64/buildid -w 
$WORK/b255/_pkg_.a # 
internal
#19 11.62 cat >/tmp/g
o-build4077850697/b28
5/importcfg << 'EOF' 
# internal
#19 11.62 # import 
config
#19 11.62 
packagefile bytes=/ro
ot/.cache/go-build/26
/26bfdb65b0b94b3a2bdc
e9e4b8bc696e55851d329
688735148e2f1ede7b0cf
7a-d
#19 11.62 
packagefile crypto=/t
mp/go-build4077850697
/b051/_pkg_.a
#19 11.62 
packagefile crypto/ra
nd=/tmp/go-build40778
50697/b070/_pkg_.a
#19 11.62 
packagefile crypto/rs
a=/tmp/go-build407785
0697/b096/_pkg_.a
#19 11.62 
packagefile crypto/sh
a256=/tmp/go-build407
7850697/b050/_pkg_.a
#19 11.62 
packagefile encoding/
base64=/root/.cache/g
o-build/14/14031b4118
b386250aa841db8bab959
208e925279dd1dc883294
2b7a9142ac03-d
#19 11.62 
packagefile encoding/
json=/root/.cache/go-
build/24/24b182ff5489
86c89789a12c55fb81afb
414b3198c5ea571b2fb29
a5b25c22be-d
#19 11.62 
packagefile errors=/r
oot/.cache/go-build/c
c/cc538db122216e44576
167ce460078986584b0ef
8e945f95ba196f2ccc1e3
751-d
#19 11.62 
packagefile fmt=/root
/.cache/go-build/8d/8
d2bdd2fb8d4c3cfa10b37
9579d427d3fa724e4660a
984a3b121b2d6bb7bf576
-d
#19 11.62 
packagefile strings=/
root/.cache/go-build/
bd/bd2b3ffec179fa0086
9c215b39dc97456ad6ec1
7c28e28cbfd770fe90393
d84a-d
#19 11.62 
packagefile time=/roo
t/.cache/go-build/4e/
4e73c8606deed2138edca
3302af2287f9f43cefd6d
141d85ab675d2b3f4052e
c-d
#19 11.62 EOF
#19 11.62 /usr/local/
go/pkg/tool/linux_amd
64/compile -o 
$WORK/b285/_pkg_.a 
-trimpath 
"$WORK/b285=>" -p gol
ang.org/x/oauth2/jws 
-lang=go1.18 
-complete -buildid 9l
TWHyfCL6U_-zuF3ySt/9l
TWHyfCL6U_-zuF3ySt 
-goversion go1.21.13 
-c=4 -nolocalimports 
-importcfg 
$WORK/b285/importcfg 
-pack /go/pkg/mod/gol
ang.org/x/oauth2@v0.1
5.0/jws/jws.go
#19 11.64 /usr/local/
go/pkg/tool/linux_amd
64/buildid -w 
$WORK/b275/_pkg_.a # 
internal
#19 11.64 cp 
$WORK/b275/_pkg_.a /r
oot/.cache/go-build/f
f/ff18770b889d99ba91a
27238ba7dbaf8a8ef53f9
ae0cd4604a9294b065edb
2cb-d # internal
#19 11.65 doric/backe
nd/internal/deploy
#19 11.65 mkdir -p 
$WORK/b287/
#19 11.65 cat >/tmp/g
o-build4077850697/b28
7/importcfg << 'EOF' 
# internal
#19 11.65 # import 
config
#19 11.65 
packagefile context=/
tmp/go-build407785069
7/b002/_pkg_.a
#19 11.65 
packagefile fmt=/root
/.cache/go-build/8d/8
d2bdd2fb8d4c3cfa10b37
9579d427d3fa724e4660a
984a3b121b2d6bb7bf576
-d
#19 11.65 EOF
#19 11.66 /usr/local/
go/pkg/tool/linux_amd
64/compile -o 
$WORK/b287/_pkg_.a 
-trimpath 
"$WORK/b287=>" -p dor
ic/backend/internal/d
eploy -lang=go1.21 
-complete -buildid Qh
9erqCGJQj6fNnZCx2q/Qh
9erqCGJQj6fNnZCx2q 
-goversion go1.21.13 
-c=4 -nolocalimports 
-importcfg 
$WORK/b287/importcfg 
-pack ./internal/depl
oy/service.go
#19 11.66 cp 
$WORK/b255/_pkg_.a /r
oot/.cache/go-build/1
1/11de1541e4aa1cb0c8d
9110f287886ee380eea84
4b0852a25395f81f14d92
384-d # internal
#19 11.66 google.gola
ng.org/protobuf/encod
ing/protojson
#19 11.66 mkdir -p 
$WORK/b254/
#19 11.68 cat >/tmp/g
o-build4077850697/b25
4/importcfg << 'EOF' 
# internal
#19 11.68 # import 
config
#19 11.68 
packagefile bytes=/ro
ot/.cache/go-build/26
/26bfdb65b0b94b3a2bdc
e9e4b8bc696e55851d329
688735148e2f1ede7b0cf
7a-d
#19 11.68 
packagefile encoding/
base64=/root/.cache/g
o-build/14/14031b4118
b386250aa841db8bab959
208e925279dd1dc883294
2b7a9142ac03-d
#19 11.68 
packagefile fmt=/root
/.cache/go-build/8d/8
d2bdd2fb8d4c3cfa10b37
9579d427d3fa724e4660a
984a3b121b2d6bb7bf576
-d
#19 11.68 
packagefile google.go
lang.org/protobuf/int
ernal/encoding/json=/
tmp/go-build407785069
7/b255/_pkg_.a
#19 11.68 
packagefile google.go
lang.org/protobuf/int
ernal/encoding/messag
eset=/root/.cache/go-
build/6b/6be7d2375b66
2c69bc04cae29052c7478
e7b2fa5b915a573cd4cb2
39a2ba589b-d
#19 11.68 
packagefile google.go
lang.org/protobuf/int
ernal/errors=/root/.c
ache/go-build/17/1718
5aa58e5696599ae0bfd8c
614991dfc362ce916dcc5
b39f3f3f7d9291e9ca-d
#19 11.68 
packagefile google.go
lang.org/protobuf/int
ernal/filedesc=/root/
.cache/go-build/c2/c2
52e8f84afe6b4a36ac878
96840c0b4cb259c8f82dc
9c4f705ee438c226fd5b-
d
#19 11.68 
packagefile google.go
lang.org/protobuf/int
ernal/flags=/root/.ca
che/go-build/fe/fe658
651b1c766f6561bb61f0b
4c2bc4af4d8d4d5f8f38a
209ed6a82a66a5d27-d
#19 11.68 
packagefile google.go
lang.org/protobuf/int
ernal/genid=/root/.ca
che/go-build/20/2077f
a2d9678ff16490a608d8f
dbf5dfe7ac6aa7da20b22
7b6a3ae88e97093af-d
#19 11.68 
packagefile google.go
lang.org/protobuf/int
ernal/order=/root/.ca
che/go-build/3b/3b1e9
355854f7cb0304191950d
a06e0651819a6a338346c
ff332b809b8a6c867-d
#19 11.68 
packagefile google.go
lang.org/protobuf/int
ernal/pragma=/root/.c
ache/go-build/60/6043
ee310878f0638ffc78cbd
9940427ab650add1caaf5
a1e533a02dc163dd98-d
#19 11.68 
packagefile google.go
lang.org/protobuf/int
ernal/set=/root/.cach
e/go-build/b1/b1963f1
95f8967a46c660ded2800
9537e48d2f2360457968b
eb0b50d5a72644f-d
#19 11.68 
packagefile google.go
lang.org/protobuf/int
ernal/strs=/root/.cac
he/go-build/75/75a4ee
5695b694dad8158a2929b
bf78697c534bd15306eaf
48c0f17047b653a1-d
#19 11.68 
packagefile google.go
lang.org/protobuf/pro
to=/root/.cache/go-bu
ild/af/af43043742eac1
71491f380b4b0626c6ac5
da3b4a158a661ddbec46d
e5a99adb-d
#19 11.68 
packagefile google.go
lang.org/protobuf/ref
lect/protoreflect=/ro
ot/.cache/go-build/27
/27a908ead2f2de11aed0
bee3bff6ae3ca329b20b3
ffc4fcd5e25f3289f7c98
bf-d
#19 11.68 
packagefile google.go
lang.org/protobuf/ref
lect/protoregistry=/r
oot/.cache/go-build/5
4/5482d85b1b1909147df
23093a1807cde6d5da2eb
6d3248e5d4017b6be4b4c
06b-d
#19 11.68 
packagefile math=/roo
t/.cache/go-build/36/
36ffa25336d289fa39ad0
06705231014aaaaaeafbd
42683e20e660ca55ff061
6-d
#19 11.68 
packagefile strconv=/
root/.cache/go-build/
58/58fde322ad123df338
e244ef907f3389ac723cf
56495542c8fa011a9be08
c3b5-d
#19 11.68 
packagefile strings=/
root/.cache/go-build/
bd/bd2b3ffec179fa0086
9c215b39dc97456ad6ec1
7c28e28cbfd770fe90393
d84a-d
#19 11.68 
packagefile time=/roo
t/.cache/go-build/4e/
4e73c8606deed2138edca
3302af2287f9f43cefd6d
141d85ab675d2b3f4052e
c-d
#19 11.68 EOF
#19 11.68 /usr/local/
go/pkg/tool/linux_amd
64/compile -o 
$WORK/b254/_pkg_.a 
-trimpath 
"$WORK/b254=>" -p goo
gle.golang.org/protob
uf/encoding/protojson
 -lang=go1.11 
-complete -buildid 92
Y678qxTQ0u0iIU8xsH/92
Y678qxTQ0u0iIU8xsH 
-goversion go1.21.13 
-c=4 -nolocalimports 
-importcfg 
$WORK/b254/importcfg 
-pack /go/pkg/mod/goo
gle.golang.org/protob
uf@v1.31.0/encoding/p
rotojson/decode.go /g
o/pkg/mod/google.gola
ng.org/protobuf@v1.31
.0/encoding/protojson
/doc.go /go/pkg/mod/g
oogle.golang.org/prot
obuf@v1.31.0/encoding
/protojson/encode.go 
/go/pkg/mod/google.go
lang.org/protobuf@v1.
31.0/encoding/protojs
on/well_known_types.g
o
#19 11.72 /usr/local/
go/pkg/tool/linux_amd
64/buildid -w 
$WORK/b287/_pkg_.a # 
internal
#19 11.73 cp 
$WORK/b287/_pkg_.a /r
oot/.cache/go-build/d
5/d5b159eda513519f0e6
87d3bac01f193785000a9
d9d358d8c712d12e2fad2
697-d # internal
#19 11.75 cd /go/pkg/
mod/golang.org/x/sys@
v0.15.0/unix
#19 11.75 /usr/local/
go/pkg/tool/linux_amd
64/asm -p golang.org/
x/sys/unix -trimpath 
"$WORK/b183=>" -I 
$WORK/b183/ -I /usr/l
ocal/go/pkg/include 
-D GOOS_linux -D 
GOARCH_amd64 -D 
GOAMD64_v1 -o $WORK/b
183/asm_linux_amd64.o
 ./asm_linux_amd64.s
#19 11.78 /usr/local/
go/pkg/tool/linux_amd
64/pack r 
$WORK/b183/_pkg_.a $W
ORK/b183/asm_linux_am
d64.o # internal
#19 11.78 /usr/local/
go/pkg/tool/linux_amd
64/buildid -w 
$WORK/b183/_pkg_.a # 
internal
#19 11.79 /usr/local/
go/pkg/tool/linux_amd
64/buildid -w 
$WORK/b285/_pkg_.a # 
internal
#19 11.81 cp 
$WORK/b285/_pkg_.a /r
oot/.cache/go-build/8
d/8db04a5ab0f9de033df
809e1b804af9f4a6809fd
12bbe7295cb352eec3944
0ad-d # internal
#19 11.98 cp 
$WORK/b183/_pkg_.a /r
oot/.cache/go-build/6
d/6d45045b749d737eae9
f1706f0a9fdec81c54d14
2fc0d3f1f14d018fa7590
ea4-d # internal
#19 11.98 google.gola
ng.org/grpc/internal/
syscall
#19 11.98 mkdir -p 
$WORK/b266/
#19 11.99 cat >/tmp/g
o-build4077850697/b26
6/importcfg << 'EOF' 
# internal
#19 11.99 # import 
config
#19 11.99 
packagefile fmt=/root
/.cache/go-build/8d/8
d2bdd2fb8d4c3cfa10b37
9579d427d3fa724e4660a
984a3b121b2d6bb7bf576
-d
#19 11.99 
packagefile golang.or
g/x/sys/unix=/tmp/go-
build4077850697/b183/
_pkg_.a
#19 11.99 
packagefile google.go
lang.org/grpc/grpclog
=/tmp/go-build4077850
697/b185/_pkg_.a
#19 11.99 
packagefile net=/tmp/
go-build4077850697/b1
03/_pkg_.a
#19 11.99 
packagefile syscall=/
root/.cache/go-build/
6c/6cb2057e6dcb8c1e51
9e6658b10448ea4b2c318
9f26805143f72256cb362
936c-d
#19 11.99 
packagefile time=/roo
t/.cache/go-build/4e/
4e73c8606deed2138edca
3302af2287f9f43cefd6d
141d85ab675d2b3f4052e
c-d
#19 11.99 EOF
#19 11.99 cd 
/app/backend
#19 11.99 /usr/local/
go/pkg/tool/linux_amd
64/compile -o 
$WORK/b266/_pkg_.a 
-trimpath 
"$WORK/b266=>" -p goo
gle.golang.org/grpc/i
nternal/syscall 
-lang=go1.19 
-complete -buildid Id
IpmRONr6JfMiHMGzib/Id
IpmRONr6JfMiHMGzib 
-goversion go1.21.13 
-c=4 -nolocalimports 
-importcfg 
$WORK/b266/importcfg 
-pack /go/pkg/mod/goo
gle.golang.org/grpc@v
1.60.0/internal/sysca
ll/syscall_linux.go
#19 12.00 /usr/local/
go/pkg/tool/linux_amd
64/buildid -w 
$WORK/b283/_pkg_.a # 
internal
#19 12.02 cp 
$WORK/b283/_pkg_.a /r
oot/.cache/go-build/7
1/7171cca423cdead6166
641628931fd856409c5e8
c24afa6d3ac06f6abba1d
69f-d # internal
#19 12.03 github.com/
joho/godotenv
#19 12.03 mkdir -p 
$WORK/b288/
#19 12.03 cat >/tmp/g
o-build4077850697/b28
8/importcfg << 'EOF' 
# internal
#19 12.03 # import 
config
#19 12.03 
packagefile bytes=/ro
ot/.cache/go-build/26
/26bfdb65b0b94b3a2bdc
e9e4b8bc696e55851d329
688735148e2f1ede7b0cf
7a-d
#19 12.03 
packagefile errors=/r
oot/.cache/go-build/c
c/cc538db122216e44576
167ce460078986584b0ef
8e945f95ba196f2ccc1e3
751-d
#19 12.03 
packagefile fmt=/root
/.cache/go-build/8d/8
d2bdd2fb8d4c3cfa10b37
9579d427d3fa724e4660a
984a3b121b2d6bb7bf576
-d
#19 12.03 
packagefile io=/root/
.cache/go-build/3f/3f
759ea3eb56d9d846e0439
5d9dc289bca8f7cfe11f7
7ec63b71910085c89dc3-
d
#19 12.03 
packagefile os=/root/
.cache/go-build/43/43
f674b9b17ec091d423d79
d19d3a58814383e28d032
db985101a3bdb2c0e9c5-
d
#19 12.03 
packagefile os/exec=/
tmp/go-build407785069
7/b283/_pkg_.a
#19 12.03 
packagefile regexp=/t
mp/go-build4077850697
/b120/_pkg_.a
#19 12.03 
packagefile sort=/roo
t/.cache/go-build/8c/
8c292a4015d12c8dfa15e
cf8a4317ac584bee3989c
3d957a6a78ab6789a029e
e-d
#19 12.03 
packagefile strconv=/
root/.cache/go-build/
58/58fde322ad123df338
e244ef907f3389ac723cf
56495542c8fa011a9be08
c3b5-d
#19 12.03 
packagefile strings=/
root/.cache/go-build/
bd/bd2b3ffec179fa0086
9c215b39dc97456ad6ec1
7c28e28cbfd770fe90393
d84a-d
#19 12.03 
packagefile unicode=/
root/.cache/go-build/
5c/5cc4ed7fed5271c4f9
b13a58dc4b0fedd203628
562244eeb2b81d3cea617
d31d-d
#19 12.03 EOF
#19 12.03 /usr/local/
go/pkg/tool/linux_amd
64/compile -o 
$WORK/b288/_pkg_.a 
-trimpath 
"$WORK/b288=>" -p git
hub.com/joho/godotenv
 -lang=go1.12 
-complete -buildid D7
kXYQX2ssyWC6zjCsPj/D7
kXYQX2ssyWC6zjCsPj 
-goversion go1.21.13 
-c=4 -nolocalimports 
-importcfg 
$WORK/b288/importcfg 
-pack /go/pkg/mod/git
hub.com/joho/godotenv
@v1.5.1/godotenv.go /
go/pkg/mod/github.com
/joho/godotenv@v1.5.1
/parser.go
#19 12.16 /usr/local/
go/pkg/tool/linux_amd
64/buildid -w 
$WORK/b266/_pkg_.a # 
internal
#19 12.18 cp 
$WORK/b266/_pkg_.a /r
oot/.cache/go-build/0
b/0bc4d8a3dfc81adcc58
4f4438e468f774f832bf0
3b5ea164809a75ecdfa5d
053-d # internal
#19 12.18 /usr/local/
go/pkg/tool/linux_amd
64/buildid -w 
$WORK/b264/_pkg_.a # 
internal
#19 12.19 cp 
$WORK/b264/_pkg_.a /r
oot/.cache/go-build/4
b/4b418cd12ffb47d3b6d
15466767e2ce1c0c0a2f9
2abb305976b8ff2cd996c
76a-d # internal
#19 12.19 golang.org/
x/net/http/httpguts
#19 12.19 mkdir -p 
$WORK/b263/
#19 12.20 cat >/tmp/g
o-build4077850697/b26
3/importcfg << 'EOF' 
# internal
#19 12.20 # import 
config
#19 12.20 
packagefile golang.or
g/x/net/idna=/tmp/go-
build4077850697/b264/
_pkg_.a
#19 12.20 
packagefile net=/tmp/
go-build4077850697/b1
03/_pkg_.a
#19 12.20 
packagefile net/textp
roto=/tmp/go-build407
7850697/b169/_pkg_.a
#19 12.20 
packagefile strings=/
root/.cache/go-build/
bd/bd2b3ffec179fa0086
9c215b39dc97456ad6ec1
7c28e28cbfd770fe90393
d84a-d
#19 12.20 
packagefile unicode/u
tf8=/root/.cache/go-b
uild/9e/9e23eb231cba1
373f4567258c1258bd672
52280d64ad306b694435d
139734a46-d
#19 12.20 EOF
#19 12.20 /usr/local/
go/pkg/tool/linux_amd
64/compile -o 
$WORK/b263/_pkg_.a 
-trimpath 
"$WORK/b263=>" -p gol
ang.org/x/net/http/ht
tpguts -lang=go1.18 
-complete -buildid ts
yWl16M0PVPIGeBosdu/ts
yWl16M0PVPIGeBosdu 
-goversion go1.21.13 
-c=4 -nolocalimports 
-importcfg 
$WORK/b263/importcfg 
-pack /go/pkg/mod/gol
ang.org/x/net@v0.19.0
/http/httpguts/guts.g
o /go/pkg/mod/golang.
org/x/net@v0.19.0/htt
p/httpguts/httplex.go
#19 12.23 /usr/local/
go/pkg/tool/linux_amd
64/buildid -w 
$WORK/b288/_pkg_.a # 
internal
#19 12.25 cp 
$WORK/b288/_pkg_.a /r
oot/.cache/go-build/f
b/fb80fa7c230b0c191f6
a03132131ed47fac7d017
ec277d550e415ae3ce8d2
f5c-d # internal
#19 12.29 /usr/local/
go/pkg/tool/linux_amd
64/buildid -w 
$WORK/b263/_pkg_.a # 
internal
#19 12.30 cp 
$WORK/b263/_pkg_.a /r
oot/.cache/go-build/a
0/a0e83fb603ad67ba0c2
2eadf82e50698e50e50a2
580e3192c3875c580d2b7
44e-d # internal
#19 12.47 /usr/local/
go/pkg/tool/linux_amd
64/buildid -w 
$WORK/b254/_pkg_.a # 
internal
#19 12.50 cp 
$WORK/b254/_pkg_.a /r
oot/.cache/go-build/a
0/a07b16c6b59eb14324a
8aa14612e63c7a3a13225
8d11c87b9b40a6aa2045e
b18-d # internal
#19 12.50 github.com/
golang/protobuf/jsonp
b
#19 12.50 mkdir -p 
$WORK/b253/
#19 12.50 cat >/tmp/g
o-build4077850697/b25
3/importcfg << 'EOF' 
# internal
#19 12.50 # import 
config
#19 12.50 
packagefile encoding/
json=/root/.cache/go-
build/24/24b182ff5489
86c89789a12c55fb81afb
414b3198c5ea571b2fb29
a5b25c22be-d
#19 12.50 
packagefile errors=/r
oot/.cache/go-build/c
c/cc538db122216e44576
167ce460078986584b0ef
8e945f95ba196f2ccc1e3
751-d
#19 12.50 
packagefile fmt=/root
/.cache/go-build/8d/8
d2bdd2fb8d4c3cfa10b37
9579d427d3fa724e4660a
984a3b121b2d6bb7bf576
-d
#19 12.50 
packagefile github.co
m/golang/protobuf/pro
to=/tmp/go-build40778
50697/b188/_pkg_.a
#19 12.50 
packagefile google.go
lang.org/protobuf/enc
oding/protojson=/tmp/
go-build4077850697/b2
54/_pkg_.a
#19 12.50 
packagefile google.go
lang.org/protobuf/pro
to=/root/.cache/go-bu
ild/af/af43043742eac1
71491f380b4b0626c6ac5
da3b4a158a661ddbec46d
e5a99adb-d
#19 12.50 
packagefile google.go
lang.org/protobuf/ref
lect/protoreflect=/ro
ot/.cache/go-build/27
/27a908ead2f2de11aed0
bee3bff6ae3ca329b20b3
ffc4fcd5e25f3289f7c98
bf-d
#19 12.50 
packagefile google.go
lang.org/protobuf/ref
lect/protoregistry=/r
oot/.cache/go-build/5
4/5482d85b1b1909147df
23093a1807cde6d5da2eb
6d3248e5d4017b6be4b4c
06b-d
#19 12.50 
packagefile google.go
lang.org/protobuf/run
time/protoimpl=/root/
.cache/go-build/24/24
d7861f3df0347b306eed0
fa01bbd853d4d3e1997c0
6b97b6af16a8eee24bc9-
d
#19 12.50 
packagefile io=/root/
.cache/go-build/3f/3f
759ea3eb56d9d846e0439
5d9dc289bca8f7cfe11f7
7ec63b71910085c89dc3-
d
#19 12.50 
packagefile math=/roo
t/.cache/go-build/36/
36ffa25336d289fa39ad0
06705231014aaaaaeafbd
42683e20e660ca55ff061
6-d
#19 12.50 
packagefile reflect=/
root/.cache/go-build/
16/16f37704a24996a774
deef9cd97d1a44607e2c1
7a34adf3ad677cff602c2
fa16-d
#19 12.50 
packagefile sort=/roo
t/.cache/go-build/8c/
8c292a4015d12c8dfa15e
cf8a4317ac584bee3989c
3d957a6a78ab6789a029e
e-d
#19 12.50 
packagefile strconv=/
root/.cache/go-build/
58/58fde322ad123df338
e244ef907f3389ac723cf
56495542c8fa011a9be08
c3b5-d
#19 12.50 
packagefile strings=/
root/.cache/go-build/
bd/bd2b3ffec179fa0086
9c215b39dc97456ad6ec1
7c28e28cbfd770fe90393
d84a-d
#19 12.50 
packagefile time=/roo
t/.cache/go-build/4e/
4e73c8606deed2138edca
3302af2287f9f43cefd6d
141d85ab675d2b3f4052e
c-d
#19 12.50 EOF
#19 12.50 /usr/local/
go/pkg/tool/linux_amd
64/compile -o 
$WORK/b253/_pkg_.a 
-trimpath 
"$WORK/b253=>" -p git
hub.com/golang/protob
uf/jsonpb 
-lang=go1.9 
-complete -buildid mc
vOJWa8aY8Hdg0zknoO/mc
vOJWa8aY8Hdg0zknoO 
-goversion go1.21.13 
-c=4 -nolocalimports 
-importcfg 
$WORK/b253/importcfg 
-pack /go/pkg/mod/git
hub.com/golang/protob
uf@v1.5.3/jsonpb/deco
de.go /go/pkg/mod/git
hub.com/golang/protob
uf@v1.5.3/jsonpb/enco
de.go /go/pkg/mod/git
hub.com/golang/protob
uf@v1.5.3/jsonpb/json
.go
#19 12.86 /usr/local/
go/pkg/tool/linux_amd
64/buildid -w 
$WORK/b253/_pkg_.a # 
internal
#19 12.88 cp 
$WORK/b253/_pkg_.a /r
oot/.cache/go-build/9
2/9215d7ddc9780a4d2ee
bf53cd34b8a43aa7e9f4f
58cf5c12a92570cd10a39
05b-d # internal
#19 12.88 google.gola
ng.org/grpc/internal/
pretty
#19 12.88 mkdir -p 
$WORK/b252/
#19 12.88 cat >/tmp/g
o-build4077850697/b25
2/importcfg << 'EOF' 
# internal
#19 12.88 # import 
config
#19 12.88 
packagefile bytes=/ro
ot/.cache/go-build/26
/26bfdb65b0b94b3a2bdc
e9e4b8bc696e55851d329
688735148e2f1ede7b0cf
7a-d
#19 12.88 
packagefile encoding/
json=/root/.cache/go-
build/24/24b182ff5489
86c89789a12c55fb81afb
414b3198c5ea571b2fb29
a5b25c22be-d
#19 12.88 
packagefile fmt=/root
/.cache/go-build/8d/8
d2bdd2fb8d4c3cfa10b37
9579d427d3fa724e4660a
984a3b121b2d6bb7bf576
-d
#19 12.88 
packagefile github.co
m/golang/protobuf/jso
npb=/tmp/go-build4077
850697/b253/_pkg_.a
#19 12.88 
packagefile github.co
m/golang/protobuf/pro
to=/tmp/go-build40778
50697/b188/_pkg_.a
#19 12.88 
packagefile google.go
lang.org/protobuf/enc
oding/protojson=/tmp/
go-build4077850697/b2
54/_pkg_.a
#19 12.88 
packagefile google.go
lang.org/protobuf/pro
to=/root/.cache/go-bu
ild/af/af43043742eac1
71491f380b4b0626c6ac5
da3b4a158a661ddbec46d
e5a99adb-d
#19 12.88 EOF
#19 12.88 /usr/local/
go/pkg/tool/linux_amd
64/compile -o 
$WORK/b252/_pkg_.a 
-trimpath 
"$WORK/b252=>" -p goo
gle.golang.org/grpc/i
nternal/pretty 
-lang=go1.19 
-complete -buildid 43
bOhWYGh7WNdQtHOrte/43
bOhWYGh7WNdQtHOrte 
-goversion go1.21.13 
-c=4 -nolocalimports 
-importcfg 
$WORK/b252/importcfg 
-pack /go/pkg/mod/goo
gle.golang.org/grpc@v
1.60.0/internal/prett
y/pretty.go
#19 12.93 /usr/local/
go/pkg/tool/linux_amd
64/buildid -w 
$WORK/b252/_pkg_.a # 
internal
#19 12.94 cp 
$WORK/b252/_pkg_.a /r
oot/.cache/go-build/7
a/7a41481d698801b53f7
2e9dff249208c11ef8c3b
201c5af6058f39757ee67
e4c-d # internal
#19 13.63 /usr/local/
go/pkg/tool/linux_amd
64/buildid -w 
$WORK/b076/_pkg_.a # 
internal
#19 13.72 cp 
$WORK/b076/_pkg_.a /r
oot/.cache/go-build/1
3/13f0a0aab790e71a44c
23dd9ee59cdb2ac2b9be1
37e1d5033345d6a5ed13c
3b8-d # internal
#19 13.72 
net/http/httptrace
#19 13.72 mkdir -p 
$WORK/b175/
#19 13.72 cat >/tmp/g
o-build4077850697/b17
5/importcfg << 'EOF' 
# internal
#19 13.72 # import 
config
#19 13.72 
packagefile context=/
tmp/go-build407785069
7/b002/_pkg_.a
#19 13.72 
packagefile crypto/tl
s=/tmp/go-build407785
0697/b076/_pkg_.a
#19 13.72 
packagefile internal/
nettrace=/tmp/go-buil
d4077850697/b105/_pkg
_.a
#19 13.72 
packagefile net=/tmp/
go-build4077850697/b1
03/_pkg_.a
#19 13.72 
packagefile net/textp
roto=/tmp/go-build407
7850697/b169/_pkg_.a
#19 13.72 
packagefile reflect=/
root/.cache/go-build/
16/16f37704a24996a774
deef9cd97d1a44607e2c1
7a34adf3ad677cff602c2
fa16-d
#19 13.72 
packagefile time=/roo
t/.cache/go-build/4e/
4e73c8606deed2138edca
3302af2287f9f43cefd6d
141d85ab675d2b3f4052e
c-d
#19 13.72 EOF
#19 13.72 /usr/local/
go/pkg/tool/linux_amd
64/compile -o 
$WORK/b175/_pkg_.a 
-trimpath 
"$WORK/b175=>" -p 
net/http/httptrace 
-std -complete 
-buildid JNe3-BraUY0z
2UP3iMbw/JNe3-BraUY0z
2UP3iMbw -goversion 
go1.21.13 -c=4 
-nolocalimports 
-importcfg 
$WORK/b175/importcfg 
-pack /usr/local/go/s
rc/net/http/httptrace
/trace.go
#19 13.73 google.gola
ng.org/grpc/internal/
credentials
#19 13.73 mkdir -p 
$WORK/b219/
#19 13.73 cat >/tmp/g
o-build4077850697/b21
9/importcfg << 'EOF' 
# internal
#19 13.73 # import 
config
#19 13.73 
packagefile context=/
tmp/go-build407785069
7/b002/_pkg_.a
#19 13.73 
packagefile crypto/tl
s=/tmp/go-build407785
0697/b076/_pkg_.a
#19 13.73 
packagefile crypto/x5
09=/tmp/go-build40778
50697/b098/_pkg_.a
#19 13.73 
packagefile google.go
lang.org/grpc/grpclog
=/tmp/go-build4077850
697/b185/_pkg_.a
#19 13.73 
packagefile net=/tmp/
go-build4077850697/b1
03/_pkg_.a
#19 13.73 
packagefile net/url=/
tmp/go-build407785069
7/b109/_pkg_.a
#19 13.73 
packagefile syscall=/
root/.cache/go-build/
6c/6cb2057e6dcb8c1e51
9e6658b10448ea4b2c318
9f26805143f72256cb362
936c-d
#19 13.73 EOF
#19 13.73 github.com/
jackc/pgx/v5/pgconn
#19 13.73 mkdir -p 
$WORK/b067/
#19 13.73 /usr/local/
go/pkg/tool/linux_amd
64/compile -o 
$WORK/b219/_pkg_.a 
-trimpath 
"$WORK/b219=>" -p goo
gle.golang.org/grpc/i
nternal/credentials 
-lang=go1.19 
-complete -buildid iJ
xIz9VUixbMKbGOTfy_/iJ
xIz9VUixbMKbGOTfy_ 
-goversion go1.21.13 
-c=4 -nolocalimports 
-importcfg 
$WORK/b219/importcfg 
-pack /go/pkg/mod/goo
gle.golang.org/grpc@v
1.60.0/internal/crede
ntials/credentials.go
 /go/pkg/mod/google.g
olang.org/grpc@v1.60.
0/internal/credential
s/spiffe.go /go/pkg/m
od/google.golang.org/
grpc@v1.60.0/internal
/credentials/syscallc
onn.go /go/pkg/mod/go
ogle.golang.org/grpc@
v1.60.0/internal/cred
entials/util.go
#19 13.73 cat >/tmp/g
o-build4077850697/b06
7/importcfg << 'EOF' 
# internal
#19 13.73 # import 
config
#19 13.73 
packagefile bytes=/ro
ot/.cache/go-build/26
/26bfdb65b0b94b3a2bdc
e9e4b8bc696e55851d329
688735148e2f1ede7b0cf
7a-d
#19 13.73 
packagefile context=/
tmp/go-build407785069
7/b002/_pkg_.a
#19 13.73 
packagefile crypto/hm
ac=/tmp/go-build40778
50697/b068/_pkg_.a
#19 13.73 
packagefile crypto/md
5=/tmp/go-build407785
0697/b069/_pkg_.a
#19 13.73 
packagefile crypto/ra
nd=/tmp/go-build40778
50697/b070/_pkg_.a
#19 13.73 
packagefile crypto/sh
a256=/tmp/go-build407
7850697/b050/_pkg_.a
#19 13.73 
packagefile crypto/tl
s=/tmp/go-build407785
0697/b076/_pkg_.a
#19 13.73 
packagefile crypto/x5
09=/tmp/go-build40778
50697/b098/_pkg_.a
#19 13.73 
packagefile encoding/
base64=/root/.cache/g
o-build/14/14031b4118
b386250aa841db8bab959
208e925279dd1dc883294
2b7a9142ac03-d
#19 13.73 
packagefile encoding/
binary=/root/.cache/g
o-build/60/60ee0c1856
a489c23506aab75becee4
a0c32342fd3865aa463f6
af25ea3c69f8-d
#19 13.73 
packagefile encoding/
hex=/tmp/go-build4077
850697/b060/_pkg_.a
#19 13.73 
packagefile encoding/
pem=/tmp/go-build4077
850697/b101/_pkg_.a
#19 13.73 
packagefile errors=/r
oot/.cache/go-build/c
c/cc538db122216e44576
167ce460078986584b0ef
8e945f95ba196f2ccc1e3
751-d
#19 13.73 
packagefile fmt=/root
/.cache/go-build/8d/8
d2bdd2fb8d4c3cfa10b37
9579d427d3fa724e4660a
984a3b121b2d6bb7bf576
-d
#19 13.73 
packagefile github.co
m/jackc/pgpassfile=/t
mp/go-build4077850697
/b118/_pkg_.a
#19 13.73 
packagefile github.co
m/jackc/pgservicefile
=/tmp/go-build4077850
697/b122/_pkg_.a
#19 13.73 
packagefile github.co
m/jackc/pgx/v5/intern
al/iobufpool=/tmp/go-
build4077850697/b123/
_pkg_.a
#19 13.73 
packagefile github.co
m/jackc/pgx/v5/intern
al/pgio=/tmp/go-build
4077850697/b063/_pkg_
.a
#19 13.73 
packagefile github.co
m/jackc/pgx/v5/pgconn
/internal/bgreader=/t
mp/go-build4077850697
/b124/_pkg_.a
#19 13.73 
packagefile github.co
m/jackc/pgx/v5/pgconn
/internal/ctxwatch=/t
mp/go-build4077850697
/b125/_pkg_.a
#19 13.73 
packagefile github.co
m/jackc/pgx/v5/pgprot
o3=/tmp/go-build40778
50697/b126/_pkg_.a
#19 13.73 
packagefile golang.or
g/x/crypto/pbkdf2=/tm
p/go-build4077850697/
b129/_pkg_.a
#19 13.73 
packagefile golang.or
g/x/text/secure/preci
s=/tmp/go-build407785
0697/b130/_pkg_.a
#19 13.73 
packagefile io=/root/
.cache/go-build/3f/3f
759ea3eb56d9d846e0439
5d9dc289bca8f7cfe11f7
7ec63b71910085c89dc3-
d
#19 13.73 
packagefile math=/roo
t/.cache/go-build/36/
36ffa25336d289fa39ad0
06705231014aaaaaeafbd
42683e20e660ca55ff061
6-d
#19 13.73 
packagefile net=/tmp/
go-build4077850697/b1
03/_pkg_.a
#19 13.73 
packagefile net/url=/
tmp/go-build407785069
7/b109/_pkg_.a
#19 13.73 
packagefile os=/root/
.cache/go-build/43/43
f674b9b17ec091d423d79
d19d3a58814383e28d032
db985101a3bdb2c0e9c5-
d
#19 13.73 
packagefile os/user=/
tmp/go-build407785069
7/b145/_pkg_.a
#19 13.73 
packagefile path/file
path=/root/.cache/go-
build/11/114b1ce0f6c5
11efcf45eac5007f8e483
7db5e57ae790ff11c15da
acd2d1a3a5-d
#19 13.73 
packagefile regexp=/t
mp/go-build4077850697
/b120/_pkg_.a
#19 13.73 
packagefile strconv=/
root/.cache/go-build/
58/58fde322ad123df338
e244ef907f3389ac723cf
56495542c8fa011a9be08
c3b5-d
#19 13.73 
packagefile strings=/
root/.cache/go-build/
bd/bd2b3ffec179fa0086
9c215b39dc97456ad6ec1
7c28e28cbfd770fe90393
d84a-d
#19 13.73 
packagefile sync=/roo
t/.cache/go-build/4c/
4c6482b01e9753a401b5c
d5c9c47361a61ab8cef0b
4d6159ff0f0ffb119213f
7-d
#19 13.73 
packagefile time=/roo
t/.cache/go-build/4e/
4e73c8606deed2138edca
3302af2287f9f43cefd6d
141d85ab675d2b3f4052e
c-d
#19 13.73 EOF
#19 13.73 /usr/local/
go/pkg/tool/linux_amd
64/compile -o 
$WORK/b067/_pkg_.a 
-trimpath 
"$WORK/b067=>" -p git
hub.com/jackc/pgx/v5/
pgconn -lang=go1.19 
-complete -buildid -d
_ZtEF7gfDD2RoMG3i3/-d
_ZtEF7gfDD2RoMG3i3 
-goversion go1.21.13 
-c=4 -nolocalimports 
-importcfg 
$WORK/b067/importcfg 
-pack /go/pkg/mod/git
hub.com/jackc/pgx/v5@
v5.5.0/pgconn/auth_sc
ram.go /go/pkg/mod/gi
thub.com/jackc/pgx/v5
@v5.5.0/pgconn/config
.go /go/pkg/mod/githu
b.com/jackc/pgx/v5@v5
.5.0/pgconn/defaults.
go /go/pkg/mod/github
.com/jackc/pgx/v5@v5.
5.0/pgconn/doc.go /go
/pkg/mod/github.com/j
ackc/pgx/v5@v5.5.0/pg
conn/errors.go /go/pk
g/mod/github.com/jack
c/pgx/v5@v5.5.0/pgcon
n/krb5.go /go/pkg/mod
/github.com/jackc/pgx
/v5@v5.5.0/pgconn/pgc
onn.go
#19 13.80 /usr/local/
go/pkg/tool/linux_amd
64/buildid -w 
$WORK/b175/_pkg_.a # 
internal
#19 13.81 cp 
$WORK/b175/_pkg_.a /r
oot/.cache/go-build/d
f/dfb13ae5d05da9656f1
0a7d379044333f33b3263
47b8b5238161dca9b80c0
d71-d # internal
#19 13.81 /usr/local/
go/pkg/tool/linux_amd
64/buildid -w 
$WORK/b219/_pkg_.a # 
internal
#19 13.82 cp 
$WORK/b219/_pkg_.a /r
oot/.cache/go-build/5
f/5ffb6e23c7ceede5863
72eda87b62a10275d4666
13afea150b34f2533c4ce
a78-d # internal
#19 13.82 google.gola
ng.org/grpc/credentia
ls
#19 13.82 mkdir -p 
$WORK/b187/
#19 13.82 cat >/tmp/g
o-build4077850697/b18
7/importcfg << 'EOF' 
# internal
#19 13.82 # import 
config
#19 13.82 
packagefile context=/
tmp/go-build407785069
7/b002/_pkg_.a
#19 13.82 
packagefile crypto/tl
s=/tmp/go-build407785
0697/b076/_pkg_.a
#19 13.82 
packagefile crypto/x5
09=/tmp/go-build40778
50697/b098/_pkg_.a
#19 13.82 
packagefile errors=/r
oot/.cache/go-build/c
c/cc538db122216e44576
167ce460078986584b0ef
8e945f95ba196f2ccc1e3
751-d
#19 13.82 
packagefile fmt=/root
/.cache/go-build/8d/8
d2bdd2fb8d4c3cfa10b37
9579d427d3fa724e4660a
984a3b121b2d6bb7bf576
-d
#19 13.82 
packagefile github.co
m/golang/protobuf/pro
to=/tmp/go-build40778
50697/b188/_pkg_.a
#19 13.82 
packagefile google.go
lang.org/grpc/attribu
tes=/tmp/go-build4077
850697/b218/_pkg_.a
#19 13.82 
packagefile google.go
lang.org/grpc/interna
l/credentials=/tmp/go
-build4077850697/b219
/_pkg_.a
#19 13.82 
packagefile net=/tmp/
go-build4077850697/b1
03/_pkg_.a
#19 13.82 
packagefile net/url=/
tmp/go-build407785069
7/b109/_pkg_.a
#19 13.82 
packagefile os=/root/
.cache/go-build/43/43
f674b9b17ec091d423d79
d19d3a58814383e28d032
db985101a3bdb2c0e9c5-
d
#19 13.82 EOF
#19 13.82 /usr/local/
go/pkg/tool/linux_amd
64/compile -o 
$WORK/b187/_pkg_.a 
-trimpath 
"$WORK/b187=>" -p goo
gle.golang.org/grpc/c
redentials 
-lang=go1.19 
-complete -buildid Gv
x4o8iCFLX27ukH-pvQ/Gv
x4o8iCFLX27ukH-pvQ 
-goversion go1.21.13 
-c=4 -nolocalimports 
-importcfg 
$WORK/b187/importcfg 
-pack /go/pkg/mod/goo
gle.golang.org/grpc@v
1.60.0/credentials/cr
edentials.go /go/pkg/
mod/google.golang.org
/grpc@v1.60.0/credent
ials/tls.go
#19 13.85 net/http
#19 13.85 mkdir -p 
$WORK/b162/
#19 13.86 cat >/tmp/g
o-build4077850697/b16
2/importcfg << 'EOF' 
# internal
#19 13.86 # import 
config
#19 13.86 importmap g
olang.org/x/net/http/
httpguts=vendor/golan
g.org/x/net/http/http
guts
#19 13.86 importmap g
olang.org/x/net/http/
httpproxy=vendor/gola
ng.org/x/net/http/htt
pproxy
#19 13.86 importmap g
olang.org/x/net/http2
/hpack=vendor/golang.
org/x/net/http2/hpack
#19 13.86 importmap g
olang.org/x/net/idna=
vendor/golang.org/x/n
et/idna
#19 13.86 
packagefile bufio=/ro
ot/.cache/go-build/ba
/bab9b7509689a41081ab
98d7cd01bca2cf4e75f77
56000633e9b1c1d2099ea
3f-d
#19 13.86 
packagefile bytes=/ro
ot/.cache/go-build/26
/26bfdb65b0b94b3a2bdc
e9e4b8bc696e55851d329
688735148e2f1ede7b0cf
7a-d
#19 13.86 
packagefile compress/
gzip=/root/.cache/go-
build/8c/8c96e41b1dfc
3251c110a39160414c50f
acaa76d80e87c3e7c5e34
6bf3cdcb24-d
#19 13.86 
packagefile container
/list=/tmp/go-build40
77850697/b066/_pkg_.a
#19 13.86 
packagefile context=/
tmp/go-build407785069
7/b002/_pkg_.a
#19 13.86 
packagefile crypto/ra
nd=/tmp/go-build40778
50697/b070/_pkg_.a
#19 13.86 
packagefile crypto/tl
s=/tmp/go-build407785
0697/b076/_pkg_.a
#19 13.86 
packagefile encoding/
base64=/root/.cache/g
o-build/14/14031b4118
b386250aa841db8bab959
208e925279dd1dc883294
2b7a9142ac03-d
#19 13.86 
packagefile encoding/
binary=/root/.cache/g
o-build/60/60ee0c1856
a489c23506aab75becee4
a0c32342fd3865aa463f6
af25ea3c69f8-d
#19 13.86 
packagefile errors=/r
oot/.cache/go-build/c
c/cc538db122216e44576
167ce460078986584b0ef
8e945f95ba196f2ccc1e3
751-d
#19 13.86 
packagefile fmt=/root
/.cache/go-build/8d/8
d2bdd2fb8d4c3cfa10b37
9579d427d3fa724e4660a
984a3b121b2d6bb7bf576
-d
#19 13.86 
packagefile vendor/go
lang.org/x/net/http/h
ttpguts=/tmp/go-build
4077850697/b163/_pkg_
.a
#19 13.86 
packagefile vendor/go
lang.org/x/net/http/h
ttpproxy=/tmp/go-buil
d4077850697/b170/_pkg
_.a
#19 13.86 
packagefile vendor/go
lang.org/x/net/http2/
hpack=/tmp/go-build40
77850697/b171/_pkg_.a
#19 13.86 
packagefile vendor/go
lang.org/x/net/idna=/
tmp/go-build407785069
7/b164/_pkg_.a
#19 13.86 
packagefile internal/
godebug=/root/.cache/
go-build/4d/4ded5b823
09d52c06c6819d7801d7f
e3907563d1434b543fd85
cb94bafd7a78c-d
#19 13.86 
packagefile internal/
safefilepath=/root/.c
ache/go-build/92/9271
c483b1b88b1c9028e0a71
cb56480ac5c413de8e770
eb2c3f69618082ecf7-d
#19 13.86 
packagefile io=/root/
.cache/go-build/3f/3f
759ea3eb56d9d846e0439
5d9dc289bca8f7cfe11f7
7ec63b71910085c89dc3-
d
#19 13.86 
packagefile io/fs=/ro
ot/.cache/go-build/f1
/f1b2f94d4f1c86707558
b8b2ec2b5afceb843f066
df0a475502965262d9dd3
07-d
#19 13.86 
packagefile log=/tmp/
go-build4077850697/b1
42/_pkg_.a
#19 13.86 
packagefile math=/roo
t/.cache/go-build/36/
36ffa25336d289fa39ad0
06705231014aaaaaeafbd
42683e20e660ca55ff061
6-d
#19 13.86 
packagefile math/rand
=/root/.cache/go-buil
d/fd/fdeb3a311ed0bccf
cfc033894fa36fbf4589e
4aeec7ef530198c40c529
7b902f-d
#19 13.86 
packagefile mime=/tmp
/go-build4077850697/b
172/_pkg_.a
#19 13.86 
packagefile mime/mult
ipart=/tmp/go-build40
77850697/b173/_pkg_.a
#19 13.86 
packagefile net=/tmp/
go-build4077850697/b1
03/_pkg_.a
#19 13.86 
packagefile net/http/
httptrace=/tmp/go-bui
ld4077850697/b175/_pk
g_.a
#19 13.86 
packagefile net/http/
internal=/tmp/go-buil
d4077850697/b176/_pkg
_.a
#19 13.86 
packagefile net/http/
internal/ascii=/tmp/g
o-build4077850697/b17
7/_pkg_.a
#19 13.86 
packagefile net/textp
roto=/tmp/go-build407
7850697/b169/_pkg_.a
#19 13.86 
packagefile net/url=/
tmp/go-build407785069
7/b109/_pkg_.a
#19 13.86 
packagefile os=/root/
.cache/go-build/43/43
f674b9b17ec091d423d79
d19d3a58814383e28d032
db985101a3bdb2c0e9c5-
d
#19 13.86 
packagefile path=/roo
t/.cache/go-build/94/
9454a470cbf171a734c2c
ba7cfdd7871080744a807
1114bc08ead8d6315268c
a-d
#19 13.86 
packagefile path/file
path=/root/.cache/go-
build/11/114b1ce0f6c5
11efcf45eac5007f8e483
7db5e57ae790ff11c15da
acd2d1a3a5-d
#19 13.86 
packagefile reflect=/
root/.cache/go-build/
16/16f37704a24996a774
deef9cd97d1a44607e2c1
7a34adf3ad677cff602c2
fa16-d
#19 13.86 
packagefile runtime=/
root/.cache/go-build/
29/29c63df92edda48c2d
238c8dd2f7cf6a13536c0
3e2f03a25a6439694804b
49ca-d
#19 13.86 
packagefile sort=/roo
t/.cache/go-build/8c/
8c292a4015d12c8dfa15e
cf8a4317ac584bee3989c
3d957a6a78ab6789a029e
e-d
#19 13.86 
packagefile strconv=/
root/.cache/go-build/
58/58fde322ad123df338
e244ef907f3389ac723cf
56495542c8fa011a9be08
c3b5-d
#19 13.86 
packagefile strings=/
root/.cache/go-build/
bd/bd2b3ffec179fa0086
9c215b39dc97456ad6ec1
7c28e28cbfd770fe90393
d84a-d
#19 13.86 
packagefile sync=/roo
t/.cache/go-build/4c/
4c6482b01e9753a401b5c
d5c9c47361a61ab8cef0b
4d6159ff0f0ffb119213f
7-d
#19 13.86 
packagefile sync/atom
ic=/root/.cache/go-bu
ild/5c/5c613f23c43dbb
b8db154f810343deece99
a58007c2c3824ed73bae8
64bc9b9d-d
#19 13.86 
packagefile time=/roo
t/.cache/go-build/4e/
4e73c8606deed2138edca
3302af2287f9f43cefd6d
141d85ab675d2b3f4052e
c-d
#19 13.86 
packagefile unicode/u
tf8=/root/.cache/go-b
uild/9e/9e23eb231cba1
373f4567258c1258bd672
52280d64ad306b694435d
139734a46-d
#19 13.86 EOF
#19 13.86 /usr/local/
go/pkg/tool/linux_amd
64/compile -o 
$WORK/b162/_pkg_.a 
-trimpath 
"$WORK/b162=>" -p 
net/http -std 
-complete -buildid mE
2ZuN8u4hWn5uo0v3n9/mE
2ZuN8u4hWn5uo0v3n9 
-goversion go1.21.13 
-c=4 -nolocalimports 
-importcfg 
$WORK/b162/importcfg 
-pack /usr/local/go/s
rc/net/http/client.go
 /usr/local/go/src/ne
t/http/clone.go /usr/
local/go/src/net/http
/cookie.go /usr/local
/go/src/net/http/doc.
go /usr/local/go/src/
net/http/filetranspor
t.go /usr/local/go/sr
c/net/http/fs.go /usr
/local/go/src/net/htt
p/h2_bundle.go /usr/l
ocal/go/src/net/http/
h2_error.go /usr/loca
l/go/src/net/http/hea
der.go /usr/local/go/
src/net/http/http.go 
/usr/local/go/src/net
/http/jar.go /usr/loc
al/go/src/net/http/me
thod.go /usr/local/go
/src/net/http/request
.go /usr/local/go/src
/net/http/response.go
 /usr/local/go/src/ne
t/http/responsecontro
ller.go /usr/local/go
/src/net/http/roundtr
ip.go /usr/local/go/s
rc/net/http/server.go
 /usr/local/go/src/ne
t/http/sniff.go /usr/
local/go/src/net/http
/socks_bundle.go /usr
/local/go/src/net/htt
p/status.go /usr/loca
l/go/src/net/http/tra
nsfer.go /usr/local/g
o/src/net/http/transp
ort.go /usr/local/go/
src/net/http/transpor
t_default_other.go
#19 13.98 /usr/local/
go/pkg/tool/linux_amd
64/buildid -w 
$WORK/b187/_pkg_.a # 
internal
#19 13.99 cp 
$WORK/b187/_pkg_.a /r
oot/.cache/go-build/b
4/b444d5b53136278d75a
e3c77ca7ebb1fca110057
92f2654dc1baafd53baec
b59-d # internal
#19 14.03 google.gola
ng.org/grpc/credentia
ls/insecure
#19 14.03 mkdir -p 
$WORK/b228/
#19 14.03 google.gola
ng.org/grpc/peer
#19 14.03 mkdir -p 
$WORK/b268/
#19 14.03 google.gola
ng.org/grpc/resolver
#19 14.03 mkdir -p 
$WORK/b221/
#19 14.03 cat >/tmp/g
o-build4077850697/b26
8/importcfg << 'EOF' 
# internal
#19 14.03 # import 
config
#19 14.03 
packagefile context=/
tmp/go-build407785069
7/b002/_pkg_.a
#19 14.03 
packagefile google.go
lang.org/grpc/credent
ials=/tmp/go-build407
7850697/b187/_pkg_.a
#19 14.03 
packagefile net=/tmp/
go-build4077850697/b1
03/_pkg_.a
#19 14.03 EOF
#19 14.03 /usr/local/
go/pkg/tool/linux_amd
64/compile -o 
$WORK/b268/_pkg_.a 
-trimpath 
"$WORK/b268=>" -p goo
gle.golang.org/grpc/p
eer -lang=go1.19 
-complete -buildid l2
pCDjZbPlqkYbBSwVlN/l2
pCDjZbPlqkYbBSwVlN 
-goversion go1.21.13 
-c=4 -nolocalimports 
-importcfg 
$WORK/b268/importcfg 
-pack /go/pkg/mod/goo
gle.golang.org/grpc@v
1.60.0/peer/peer.go
#19 14.03 cat >/tmp/g
o-build4077850697/b22
8/importcfg << 'EOF' 
# internal
#19 14.03 # import 
config
#19 14.03 
packagefile context=/
tmp/go-build407785069
7/b002/_pkg_.a
#19 14.03 
packagefile google.go
lang.org/grpc/credent
ials=/tmp/go-build407
7850697/b187/_pkg_.a
#19 14.03 
packagefile net=/tmp/
go-build4077850697/b1
03/_pkg_.a
#19 14.03 EOF
#19 14.03 /usr/local/
go/pkg/tool/linux_amd
64/compile -o 
$WORK/b228/_pkg_.a 
-trimpath 
"$WORK/b228=>" -p goo
gle.golang.org/grpc/c
redentials/insecure 
-lang=go1.19 
-complete -buildid kp
SX8ZDntS1nOYlIrNtf/kp
SX8ZDntS1nOYlIrNtf 
-goversion go1.21.13 
-c=4 -nolocalimports 
-importcfg 
$WORK/b228/importcfg 
-pack /go/pkg/mod/goo
gle.golang.org/grpc@v
1.60.0/credentials/in
secure/insecure.go
#19 14.06 cat >/tmp/g
o-build4077850697/b22
1/importcfg << 'EOF' 
# internal
#19 14.06 # import 
config
#19 14.06 
packagefile context=/
tmp/go-build407785069
7/b002/_pkg_.a
#19 14.06 
packagefile fmt=/root
/.cache/go-build/8d/8
d2bdd2fb8d4c3cfa10b37
9579d427d3fa724e4660a
984a3b121b2d6bb7bf576
-d
#19 14.06 
packagefile google.go
lang.org/grpc/attribu
tes=/tmp/go-build4077
850697/b218/_pkg_.a
#19 14.06 
packagefile google.go
lang.org/grpc/credent
ials=/tmp/go-build407
7850697/b187/_pkg_.a
#19 14.06 
packagefile google.go
lang.org/grpc/service
config=/tmp/go-build4
077850697/b222/_pkg_.
a
#19 14.06 
packagefile net=/tmp/
go-build4077850697/b1
03/_pkg_.a
#19 14.06 
packagefile net/url=/
tmp/go-build407785069
7/b109/_pkg_.a
#19 14.06 
packagefile strings=/
root/.cache/go-build/
bd/bd2b3ffec179fa0086
9c215b39dc97456ad6ec1
7c28e28cbfd770fe90393
d84a-d
#19 14.06 EOF
#19 14.06 /usr/local/
go/pkg/tool/linux_amd
64/compile -o 
$WORK/b221/_pkg_.a 
-trimpath 
"$WORK/b221=>" -p goo
gle.golang.org/grpc/r
esolver -lang=go1.19 
-complete -buildid Hz
eFzCZrHiix8wj910Rh/Hz
eFzCZrHiix8wj910Rh 
-goversion go1.21.13 
-c=4 -nolocalimports 
-importcfg 
$WORK/b221/importcfg 
-pack /go/pkg/mod/goo
gle.golang.org/grpc@v
1.60.0/resolver/map.g
o /go/pkg/mod/google.
golang.org/grpc@v1.60
.0/resolver/resolver.
go
#19 14.09 /usr/local/
go/pkg/tool/linux_amd
64/buildid -w 
$WORK/b268/_pkg_.a # 
internal
#19 14.09 cp 
$WORK/b268/_pkg_.a /r
oot/.cache/go-build/8
4/84c3e53e17ca10aa7c6
08dc4a3f568fcd007f450
4d388a9b7f99855be8a37
4ff-d # internal
#19 14.16 /usr/local/
go/pkg/tool/linux_amd
64/buildid -w 
$WORK/b228/_pkg_.a # 
internal
#19 14.16 cp 
$WORK/b228/_pkg_.a /r
oot/.cache/go-build/8
3/8322ecf797bf1ae7f0f
60dffc7deb41d7c3ffacc
672954df89a248b492f6d
1a5-d # internal
#19 14.31 /usr/local/
go/pkg/tool/linux_amd
64/buildid -w 
$WORK/b221/_pkg_.a # 
internal
#19 14.34 cp 
$WORK/b221/_pkg_.a /r
oot/.cache/go-build/d
5/d57c9671695611cb221
fab4794c7a57b1990fe9f
73d62c1af9d1a7034a8dd
399-d # internal
#19 14.35 google.gola
ng.org/grpc/internal/
metadata
#19 14.35 mkdir -p 
$WORK/b251/
#19 14.35 cat >/tmp/g
o-build4077850697/b25
1/importcfg << 'EOF' 
# internal
#19 14.35 # import 
config
#19 14.35 
packagefile fmt=/root
/.cache/go-build/8d/8
d2bdd2fb8d4c3cfa10b37
9579d427d3fa724e4660a
984a3b121b2d6bb7bf576
-d
#19 14.35 
packagefile google.go
lang.org/grpc/metadat
a=/tmp/go-build407785
0697/b223/_pkg_.a
#19 14.35 
packagefile google.go
lang.org/grpc/resolve
r=/tmp/go-build407785
0697/b221/_pkg_.a
#19 14.35 
packagefile strings=/
root/.cache/go-build/
bd/bd2b3ffec179fa0086
9c215b39dc97456ad6ec1
7c28e28cbfd770fe90393
d84a-d
#19 14.35 EOF
#19 14.35 /usr/local/
go/pkg/tool/linux_amd
64/compile -o 
$WORK/b251/_pkg_.a 
-trimpath 
"$WORK/b251=>" -p goo
gle.golang.org/grpc/i
nternal/metadata 
-lang=go1.19 
-complete -buildid AY
PRWYyf8TChYp-4GYEQ/AY
PRWYyf8TChYp-4GYEQ 
-goversion go1.21.13 
-c=4 -nolocalimports 
-importcfg 
$WORK/b251/importcfg 
-pack /go/pkg/mod/goo
gle.golang.org/grpc@v
1.60.0/internal/metad
ata/metadata.go
#19 14.35 google.gola
ng.org/grpc/internal
#19 14.35 mkdir -p 
$WORK/b220/
#19 14.35 google.gola
ng.org/grpc/internal/
resolver/passthrough
#19 14.35 google.gola
ng.org/grpc/balancer/
grpclb/state
#19 14.35 google.gola
ng.org/grpc/internal/
transport/networktype
#19 14.35 mkdir -p 
$WORK/b258/
#19 14.36 cat >/tmp/g
o-build4077850697/b22
0/importcfg << 'EOF' 
# internal
#19 14.36 # import 
config
#19 14.36 
packagefile context=/
tmp/go-build407785069
7/b002/_pkg_.a
#19 14.36 
packagefile golang.or
g/x/sys/unix=/tmp/go-
build4077850697/b183/
_pkg_.a
#19 14.36 
packagefile google.go
lang.org/grpc/attribu
tes=/tmp/go-build4077
850697/b218/_pkg_.a
#19 14.36 
packagefile google.go
lang.org/grpc/connect
ivity=/tmp/go-build40
77850697/b184/_pkg_.a
#19 14.36 
packagefile google.go
lang.org/grpc/resolve
r=/tmp/go-build407785
0697/b221/_pkg_.a
#19 14.36 
packagefile google.go
lang.org/grpc/service
config=/tmp/go-build4
077850697/b222/_pkg_.
a
#19 14.36 
packagefile net=/tmp/
go-build4077850697/b1
03/_pkg_.a
#19 14.36 
packagefile syscall=/
root/.cache/go-build/
6c/6cb2057e6dcb8c1e51
9e6658b10448ea4b2c318
9f26805143f72256cb362
936c-d
#19 14.36 
packagefile time=/roo
t/.cache/go-build/4e/
4e73c8606deed2138edca
3302af2287f9f43cefd6d
141d85ab675d2b3f4052e
c-d
#19 14.36 EOF
#19 14.36 /usr/local/
go/pkg/tool/linux_amd
64/compile -o 
$WORK/b220/_pkg_.a 
-trimpath 
"$WORK/b220=>" -p goo
gle.golang.org/grpc/i
nternal -lang=go1.19 
-complete -buildid mK
Y8dRWn5s9vvC5T-YcQ/mK
Y8dRWn5s9vvC5T-YcQ 
-goversion go1.21.13 
-c=4 -nolocalimports 
-importcfg 
$WORK/b220/importcfg 
-pack /go/pkg/mod/goo
gle.golang.org/grpc@v
1.60.0/internal/exper
imental.go /go/pkg/mo
d/google.golang.org/g
rpc@v1.60.0/internal/
internal.go /go/pkg/m
od/google.golang.org/
grpc@v1.60.0/internal
/tcp_keepalive_unix.g
o /go/pkg/mod/google.
golang.org/grpc@v1.60
.0/internal/xds_hands
hake_cluster.go
#19 14.37 mkdir -p 
$WORK/b274/
#19 14.37 cat >/tmp/g
o-build4077850697/b27
4/importcfg << 'EOF' 
# internal
#19 14.37 # import 
config
#19 14.37 
packagefile google.go
lang.org/grpc/resolve
r=/tmp/go-build407785
0697/b221/_pkg_.a
#19 14.37 EOF
#19 14.37 /usr/local/
go/pkg/tool/linux_amd
64/compile -o 
$WORK/b274/_pkg_.a 
-trimpath 
"$WORK/b274=>" -p goo
gle.golang.org/grpc/b
alancer/grpclb/state 
-lang=go1.19 
-complete -buildid qp
WpQND84coOuagNzKTB/qp
WpQND84coOuagNzKTB 
-goversion go1.21.13 
-c=4 -nolocalimports 
-importcfg 
$WORK/b274/importcfg 
-pack /go/pkg/mod/goo
gle.golang.org/grpc@v
1.60.0/balancer/grpcl
b/state/state.go
#19 14.37 mkdir -p 
$WORK/b260/
#19 14.37 cat >/tmp/g
o-build4077850697/b25
8/importcfg << 'EOF' 
# internal
#19 14.37 # import 
config
#19 14.37 
packagefile errors=/r
oot/.cache/go-build/c
c/cc538db122216e44576
167ce460078986584b0ef
8e945f95ba196f2ccc1e3
751-d
#19 14.37 
packagefile google.go
lang.org/grpc/resolve
r=/tmp/go-build407785
0697/b221/_pkg_.a
#19 14.37 EOF
#19 14.38 cat >/tmp/g
o-build4077850697/b26
0/importcfg << 'EOF' 
# internal
#19 14.38 # import 
config
#19 14.38 
packagefile google.go
lang.org/grpc/resolve
r=/tmp/go-build407785
0697/b221/_pkg_.a
#19 14.38 EOF
#19 14.38 /usr/local/
go/pkg/tool/linux_amd
64/compile -o 
$WORK/b260/_pkg_.a 
-trimpath 
"$WORK/b260=>" -p goo
gle.golang.org/grpc/i
nternal/transport/net
worktype 
-lang=go1.19 
-complete -buildid 34
UF7_Rc-06d46kcr5Jw/34
UF7_Rc-06d46kcr5Jw 
-goversion go1.21.13 
-c=4 -nolocalimports 
-importcfg 
$WORK/b260/importcfg 
-pack /go/pkg/mod/goo
gle.golang.org/grpc@v
1.60.0/internal/trans
port/networktype/netw
orktype.go
#19 14.38 /usr/local/
go/pkg/tool/linux_amd
64/compile -o 
$WORK/b258/_pkg_.a 
-trimpath 
"$WORK/b258=>" -p goo
gle.golang.org/grpc/i
nternal/resolver/pass
through -lang=go1.19 
-complete -buildid ap
dUkE5r4rtgEmIcxJRf/ap
dUkE5r4rtgEmIcxJRf 
-goversion go1.21.13 
-c=4 -nolocalimports 
-importcfg 
$WORK/b258/importcfg 
-pack /go/pkg/mod/goo
gle.golang.org/grpc@v
1.60.0/internal/resol
ver/passthrough/passt
hrough.go
#19 14.45 /usr/local/
go/pkg/tool/linux_amd
64/buildid -w 
$WORK/b274/_pkg_.a # 
internal
#19 14.45 cp 
$WORK/b274/_pkg_.a /r
oot/.cache/go-build/7
e/7ea29a64fa519c2f49d
47d85ae3fffcb51ed2976
c29004ddf4dc9700bb26b
ea9-d # internal
#19 14.47 google.gola
ng.org/grpc/internal/
resolver/dns
#19 14.47 mkdir -p 
$WORK/b273/
#19 14.47 /usr/local/
go/pkg/tool/linux_amd
64/buildid -w 
$WORK/b260/_pkg_.a # 
internal
#19 14.47 cat >/tmp/g
o-build4077850697/b27
3/importcfg << 'EOF' 
# internal
#19 14.47 # import 
config
#19 14.47 
packagefile context=/
tmp/go-build407785069
7/b002/_pkg_.a
#19 14.47 
packagefile encoding/
json=/root/.cache/go-
build/24/24b182ff5489
86c89789a12c55fb81afb
414b3198c5ea571b2fb29
a5b25c22be-d
#19 14.47 
packagefile fmt=/root
/.cache/go-build/8d/8
d2bdd2fb8d4c3cfa10b37
9579d427d3fa724e4660a
984a3b121b2d6bb7bf576
-d
#19 14.47 
packagefile google.go
lang.org/grpc/balance
r/grpclb/state=/tmp/g
o-build4077850697/b27
4/_pkg_.a
#19 14.47 
packagefile google.go
lang.org/grpc/grpclog
=/tmp/go-build4077850
697/b185/_pkg_.a
#19 14.47 
packagefile google.go
lang.org/grpc/interna
l/backoff=/tmp/go-bui
ld4077850697/b233/_pk
g_.a
#19 14.47 
packagefile google.go
lang.org/grpc/interna
l/envconfig=/tmp/go-b
uild4077850697/b231/_
pkg_.a
#19 14.47 
packagefile google.go
lang.org/grpc/interna
l/grpcrand=/tmp/go-bu
ild4077850697/b226/_p
kg_.a
#19 14.47 
packagefile google.go
lang.org/grpc/interna
l/resolver/dns/intern
al=/tmp/go-build40778
50697/b275/_pkg_.a
#19 14.47 
packagefile google.go
lang.org/grpc/resolve
r=/tmp/go-build407785
0697/b221/_pkg_.a
#19 14.47 
packagefile google.go
lang.org/grpc/service
config=/tmp/go-build4
077850697/b222/_pkg_.
a
#19 14.47 
packagefile net=/tmp/
go-build4077850697/b1
03/_pkg_.a
#19 14.47 
packagefile os=/root/
.cache/go-build/43/43
f674b9b17ec091d423d79
d19d3a58814383e28d032
db985101a3bdb2c0e9c5-
d
#19 14.47 
packagefile strconv=/
root/.cache/go-build/
58/58fde322ad123df338
e244ef907f3389ac723cf
56495542c8fa011a9be08
c3b5-d
#19 14.47 
packagefile strings=/
root/.cache/go-build/
bd/bd2b3ffec179fa0086
9c215b39dc97456ad6ec1
7c28e28cbfd770fe90393
d84a-d
#19 14.47 
packagefile sync=/roo
t/.cache/go-build/4c/
4c6482b01e9753a401b5c
d5c9c47361a61ab8cef0b
4d6159ff0f0ffb119213f
7-d
#19 14.47 
packagefile time=/roo
t/.cache/go-build/4e/
4e73c8606deed2138edca
3302af2287f9f43cefd6d
141d85ab675d2b3f4052e
c-d
#19 14.47 EOF
#19 14.47 /usr/local/
go/pkg/tool/linux_amd
64/compile -o 
$WORK/b273/_pkg_.a 
-trimpath 
"$WORK/b273=>" -p goo
gle.golang.org/grpc/i
nternal/resolver/dns 
-lang=go1.19 
-complete -buildid H6
DCf_PYnnbzMLjME_8k/H6
DCf_PYnnbzMLjME_8k 
-goversion go1.21.13 
-c=4 -nolocalimports 
-importcfg 
$WORK/b273/importcfg 
-pack /go/pkg/mod/goo
gle.golang.org/grpc@v
1.60.0/internal/resol
ver/dns/dns_resolver.
go
#19 14.48 /usr/local/
go/pkg/tool/linux_amd
64/buildid -w 
$WORK/b258/_pkg_.a # 
internal
#19 14.49 /usr/local/
go/pkg/tool/linux_amd
64/buildid -w 
$WORK/b251/_pkg_.a # 
internal
#19 14.49 cp 
$WORK/b260/_pkg_.a /r
oot/.cache/go-build/4
1/419e5b4f5f2da696d06
87bbc0042a5ab7ef6bca7
02773da4c4e17cb4e5a59
883-d # internal
#19 14.50 google.gola
ng.org/grpc/internal/
resolver/unix
#19 14.50 mkdir -p 
$WORK/b259/
#19 14.50 cp 
$WORK/b258/_pkg_.a /r
oot/.cache/go-build/0
3/03891c4e0830ad7c224
6d632a4bae5229942e92a
e9dda951108daa53f18b3
99e-d # internal
#19 14.50 cp 
$WORK/b251/_pkg_.a /r
oot/.cache/go-build/2
3/23469ac98898c09b1d2
a232356c0df03bb2910eb
cfbdadd48960813bf0371
022-d # internal
#19 14.51 cat >/tmp/g
o-build4077850697/b25
9/importcfg << 'EOF' 
# internal
#19 14.51 # import 
config
#19 14.51 
packagefile fmt=/root
/.cache/go-build/8d/8
d2bdd2fb8d4c3cfa10b37
9579d427d3fa724e4660a
984a3b121b2d6bb7bf576
-d
#19 14.51 
packagefile google.go
lang.org/grpc/interna
l/transport/networkty
pe=/tmp/go-build40778
50697/b260/_pkg_.a
#19 14.51 
packagefile google.go
lang.org/grpc/resolve
r=/tmp/go-build407785
0697/b221/_pkg_.a
#19 14.51 EOF
#19 14.51 /usr/local/
go/pkg/tool/linux_amd
64/compile -o 
$WORK/b259/_pkg_.a 
-trimpath 
"$WORK/b259=>" -p goo
gle.golang.org/grpc/i
nternal/resolver/unix
 -lang=go1.19 
-complete -buildid aE
y9H4J7dmez3Et8bsCg/aE
y9H4J7dmez3Et8bsCg 
-goversion go1.21.13 
-c=4 -nolocalimports 
-importcfg 
$WORK/b259/importcfg 
-pack /go/pkg/mod/goo
gle.golang.org/grpc@v
1.60.0/internal/resol
ver/unix/unix.go
#19 14.56 /usr/local/
go/pkg/tool/linux_amd
64/buildid -w 
$WORK/b259/_pkg_.a # 
internal
#19 14.57 cp 
$WORK/b259/_pkg_.a /r
oot/.cache/go-build/0
0/008f7c396621f8dcbb0
9db1047124a0c4c2f2937
e2ad618a3891aa7e65554
fe4-d # internal
#19 14.62 /usr/local/
go/pkg/tool/linux_amd
64/buildid -w 
$WORK/b220/_pkg_.a # 
internal
#19 14.62 cp 
$WORK/b220/_pkg_.a /r
oot/.cache/go-build/0
1/012ea5089f3af53caf0
7244ebd8a9619140d017d
2d86f35f3c189af1c2f8c
801-d # internal
#19 14.63 google.gola
ng.org/grpc/codes
#19 14.63 mkdir -p 
$WORK/b227/
#19 14.63 google.gola
ng.org/grpc/internal/
channelz
#19 14.64 mkdir -p 
$WORK/b182/
#19 14.64 cat >/tmp/g
o-build4077850697/b18
2/importcfg << 'EOF' 
# internal
#19 14.64 # import 
config
#19 14.64 
packagefile errors=/r
oot/.cache/go-build/c
c/cc538db122216e44576
167ce460078986584b0ef
8e945f95ba196f2ccc1e3
751-d
#19 14.64 
packagefile fmt=/root
/.cache/go-build/8d/8
d2bdd2fb8d4c3cfa10b37
9579d427d3fa724e4660a
984a3b121b2d6bb7bf576
-d
#19 14.64 
packagefile golang.or
g/x/sys/unix=/tmp/go-
build4077850697/b183/
_pkg_.a
#19 14.64 
packagefile google.go
lang.org/grpc/connect
ivity=/tmp/go-build40
77850697/b184/_pkg_.a
#19 14.64 
packagefile google.go
lang.org/grpc/credent
ials=/tmp/go-build407
7850697/b187/_pkg_.a
#19 14.64 
packagefile google.go
lang.org/grpc/grpclog
=/tmp/go-build4077850
697/b185/_pkg_.a
#19 14.64 
packagefile google.go
lang.org/grpc/interna
l=/tmp/go-build407785
0697/b220/_pkg_.a
#19 14.64 
packagefile net=/tmp/
go-build4077850697/b1
03/_pkg_.a
#19 14.64 
packagefile sort=/roo
t/.cache/go-build/8c/
8c292a4015d12c8dfa15e
cf8a4317ac584bee3989c
3d957a6a78ab6789a029e
e-d
#19 14.64 
packagefile sync=/roo
t/.cache/go-build/4c/
4c6482b01e9753a401b5c
d5c9c47361a61ab8cef0b
4d6159ff0f0ffb119213f
7-d
#19 14.64 
packagefile sync/atom
ic=/root/.cache/go-bu
ild/5c/5c613f23c43dbb
b8db154f810343deece99
a58007c2c3824ed73bae8
64bc9b9d-d
#19 14.64 
packagefile syscall=/
root/.cache/go-build/
6c/6cb2057e6dcb8c1e51
9e6658b10448ea4b2c318
9f26805143f72256cb362
936c-d
#19 14.64 
packagefile time=/roo
t/.cache/go-build/4e/
4e73c8606deed2138edca
3302af2287f9f43cefd6d
141d85ab675d2b3f4052e
c-d
#19 14.64 EOF
#19 14.64 /usr/local/
go/pkg/tool/linux_amd
64/compile -o 
$WORK/b182/_pkg_.a 
-trimpath 
"$WORK/b182=>" -p goo
gle.golang.org/grpc/i
nternal/channelz 
-lang=go1.19 
-complete -buildid NP
Ksi6VS06KP4x-i-ylN/NP
Ksi6VS06KP4x-i-ylN 
-goversion go1.21.13 
-c=4 -nolocalimports 
-importcfg 
$WORK/b182/importcfg 
-pack /go/pkg/mod/goo
gle.golang.org/grpc@v
1.60.0/internal/chann
elz/funcs.go /go/pkg/
mod/google.golang.org
/grpc@v1.60.0/interna
l/channelz/id.go /go/
pkg/mod/google.golang
.org/grpc@v1.60.0/int
ernal/channelz/loggin
g.go /go/pkg/mod/goog
le.golang.org/grpc@v1
.60.0/internal/channe
lz/types.go /go/pkg/m
od/google.golang.org/
grpc@v1.60.0/internal
/channelz/types_linux
.go /go/pkg/mod/googl
e.golang.org/grpc@v1.
60.0/internal/channel
z/util_linux.go
#19 14.64 cat >/tmp/g
o-build4077850697/b22
7/importcfg << 'EOF' 
# internal
#19 14.64 # import 
config
#19 14.64 
packagefile fmt=/root
/.cache/go-build/8d/8
d2bdd2fb8d4c3cfa10b37
9579d427d3fa724e4660a
984a3b121b2d6bb7bf576
-d
#19 14.64 
packagefile google.go
lang.org/grpc/interna
l=/tmp/go-build407785
0697/b220/_pkg_.a
#19 14.64 
packagefile strconv=/
root/.cache/go-build/
58/58fde322ad123df338
e244ef907f3389ac723cf
56495542c8fa011a9be08
c3b5-d
#19 14.64 EOF
#19 14.64 /usr/local/
go/pkg/tool/linux_amd
64/compile -o 
$WORK/b227/_pkg_.a 
-trimpath 
"$WORK/b227=>" -p goo
gle.golang.org/grpc/c
odes -lang=go1.19 
-complete -buildid sT
yikU7zQ_OviODPeg1Z/sT
yikU7zQ_OviODPeg1Z 
-goversion go1.21.13 
-c=4 -nolocalimports 
-importcfg 
$WORK/b227/importcfg 
-pack /go/pkg/mod/goo
gle.golang.org/grpc@v
1.60.0/codes/code_str
ing.go /go/pkg/mod/go
ogle.golang.org/grpc@
v1.60.0/codes/codes.g
o
#19 14.68 /usr/local/
go/pkg/tool/linux_amd
64/buildid -w 
$WORK/b273/_pkg_.a # 
internal
#19 14.75 cp 
$WORK/b273/_pkg_.a /r
oot/.cache/go-build/a
5/a5487c7d4637380c18a
568e16c34160990da8d43
dc2525aa049da45d076aa
9d6-d # internal
#19 14.76 google.gola
ng.org/grpc/resolver/
dns
#19 14.76 mkdir -p 
$WORK/b272/
#19 14.76 cat >/tmp/g
o-build4077850697/b27
2/importcfg << 'EOF' 
# internal
#19 14.76 # import 
config
#19 14.76 
packagefile google.go
lang.org/grpc/interna
l/resolver/dns=/tmp/g
o-build4077850697/b27
3/_pkg_.a
#19 14.76 
packagefile google.go
lang.org/grpc/resolve
r=/tmp/go-build407785
0697/b221/_pkg_.a
#19 14.76 EOF
#19 14.77 /usr/local/
go/pkg/tool/linux_amd
64/compile -o 
$WORK/b272/_pkg_.a 
-trimpath 
"$WORK/b272=>" -p goo
gle.golang.org/grpc/r
esolver/dns 
-lang=go1.19 
-complete -buildid 1d
QJ9JEyACaw3Ub4VDfF/1d
QJ9JEyACaw3Ub4VDfF 
-goversion go1.21.13 
-c=4 -nolocalimports 
-importcfg 
$WORK/b272/importcfg 
-pack /go/pkg/mod/goo
gle.golang.org/grpc@v
1.60.0/resolver/dns/d
ns_resolver.go
#19 14.83 /usr/local/
go/pkg/tool/linux_amd
64/buildid -w 
$WORK/b227/_pkg_.a # 
internal
#19 14.83 cp 
$WORK/b227/_pkg_.a /r
oot/.cache/go-build/8
4/843b0d0fbad451d2b72
8ba8635030a48a1327a73
d7ae64b79e693bb788930
940-d # internal
#19 14.84 google.gola
ng.org/grpc/internal/
status
#19 14.84 mkdir -p 
$WORK/b247/
#19 14.86 cat >/tmp/g
o-build4077850697/b24
7/importcfg << 'EOF' 
# internal
#19 14.86 # import 
config
#19 14.86 
packagefile errors=/r
oot/.cache/go-build/c
c/cc538db122216e44576
167ce460078986584b0ef
8e945f95ba196f2ccc1e3
751-d
#19 14.86 
packagefile fmt=/root
/.cache/go-build/8d/8
d2bdd2fb8d4c3cfa10b37
9579d427d3fa724e4660a
984a3b121b2d6bb7bf576
-d
#19 14.86 
packagefile github.co
m/golang/protobuf/pro
to=/tmp/go-build40778
50697/b188/_pkg_.a
#19 14.86 
packagefile github.co
m/golang/protobuf/pty
pes=/tmp/go-build4077
850697/b237/_pkg_.a
#19 14.86 
packagefile google.go
lang.org/genproto/goo
gleapis/rpc/status=/t
mp/go-build4077850697
/b246/_pkg_.a
#19 14.86 
packagefile google.go
lang.org/grpc/codes=/
tmp/go-build407785069
7/b227/_pkg_.a
#19 14.86 EOF
#19 14.86 /usr/local/
go/pkg/tool/linux_amd
64/compile -o 
$WORK/b247/_pkg_.a 
-trimpath 
"$WORK/b247=>" -p goo
gle.golang.org/grpc/i
nternal/status 
-lang=go1.19 
-complete -buildid au
SoD1v7360MfhOen0xs/au
SoD1v7360MfhOen0xs 
-goversion go1.21.13 
-c=4 -nolocalimports 
-importcfg 
$WORK/b247/importcfg 
-pack /go/pkg/mod/goo
gle.golang.org/grpc@v
1.60.0/internal/statu
s/status.go
#19 14.89 /usr/local/
go/pkg/tool/linux_amd
64/buildid -w 
$WORK/b272/_pkg_.a # 
internal
#19 14.89 cp 
$WORK/b272/_pkg_.a /r
oot/.cache/go-build/9
1/91a54ea51e2d3c9225f
15bb08a29bf9eba8e5aa5
862bb62dc60349334cfd1
951-d # internal
#19 14.89 /usr/local/
go/pkg/tool/linux_amd
64/buildid -w 
$WORK/b067/_pkg_.a # 
internal
#19 14.93 cp 
$WORK/b067/_pkg_.a /r
oot/.cache/go-build/6
5/658a1a98c9c6e5a5315
c6e8b59dbbe83dbf95bf4
2068709ed5d4fdfbb85d2
305-d # internal
#19 14.95 github.com/
jackc/pgx/v5/internal
/stmtcache
#19 14.95 mkdir -p 
$WORK/b065/
#19 14.95 cat >/tmp/g
o-build4077850697/b06
5/importcfg << 'EOF' 
# internal
#19 14.95 # import 
config
#19 14.95 
packagefile container
/list=/tmp/go-build40
77850697/b066/_pkg_.a
#19 14.95 
packagefile crypto/sh
a256=/tmp/go-build407
7850697/b050/_pkg_.a
#19 14.95 
packagefile encoding/
hex=/tmp/go-build4077
850697/b060/_pkg_.a
#19 14.95 
packagefile github.co
m/jackc/pgx/v5/pgconn
=/tmp/go-build4077850
697/b067/_pkg_.a
#19 14.95 
packagefile math=/roo
t/.cache/go-build/36/
36ffa25336d289fa39ad0
06705231014aaaaaeafbd
42683e20e660ca55ff061
6-d
#19 14.95 EOF
#19 14.95 /usr/local/
go/pkg/tool/linux_amd
64/compile -o 
$WORK/b065/_pkg_.a 
-trimpath 
"$WORK/b065=>" -p git
hub.com/jackc/pgx/v5/
internal/stmtcache 
-lang=go1.19 
-complete -buildid SP
OKJsjHA4Zfz4HFtyaF/SP
OKJsjHA4Zfz4HFtyaF 
-goversion go1.21.13 
-c=4 -nolocalimports 
-importcfg 
$WORK/b065/importcfg 
-pack /go/pkg/mod/git
hub.com/jackc/pgx/v5@
v5.5.0/internal/stmtc
ache/lru_cache.go /go
/pkg/mod/github.com/j
ackc/pgx/v5@v5.5.0/in
ternal/stmtcache/stmt
cache.go /go/pkg/mod/
github.com/jackc/pgx/
v5@v5.5.0/internal/st
mtcache/unlimited_cac
he.go
#19 15.01 /usr/local/
go/pkg/tool/linux_amd
64/buildid -w 
$WORK/b247/_pkg_.a # 
internal
#19 15.01 cp 
$WORK/b247/_pkg_.a /r
oot/.cache/go-build/c
d/cdeda57e2d0fec3f8c7
5c16cb5085c65faeff0ce
aa821edc08fd8c517531f
4fc-d # internal
#19 15.02 google.gola
ng.org/grpc/status
#19 15.02 mkdir -p 
$WORK/b245/
#19 15.02 cat >/tmp/g
o-build4077850697/b24
5/importcfg << 'EOF' 
# internal
#19 15.02 # import 
config
#19 15.02 
packagefile context=/
tmp/go-build407785069
7/b002/_pkg_.a
#19 15.02 
packagefile errors=/r
oot/.cache/go-build/c
c/cc538db122216e44576
167ce460078986584b0ef
8e945f95ba196f2ccc1e3
751-d
#19 15.02 
packagefile fmt=/root
/.cache/go-build/8d/8
d2bdd2fb8d4c3cfa10b37
9579d427d3fa724e4660a
984a3b121b2d6bb7bf576
-d
#19 15.02 
packagefile google.go
lang.org/genproto/goo
gleapis/rpc/status=/t
mp/go-build4077850697
/b246/_pkg_.a
#19 15.02 
packagefile google.go
lang.org/grpc/codes=/
tmp/go-build407785069
7/b227/_pkg_.a
#19 15.02 
packagefile google.go
lang.org/grpc/interna
l/status=/tmp/go-buil
d4077850697/b247/_pkg
_.a
#19 15.02 EOF
#19 15.02 /usr/local/
go/pkg/tool/linux_amd
64/compile -o 
$WORK/b245/_pkg_.a 
-trimpath 
"$WORK/b245=>" -p goo
gle.golang.org/grpc/s
tatus -lang=go1.19 
-complete -buildid RA
su2-aBS4qUhXSx3Dhe/RA
su2-aBS4qUhXSx3Dhe 
-goversion go1.21.13 
-c=4 -nolocalimports 
-importcfg 
$WORK/b245/importcfg 
-pack /go/pkg/mod/goo
gle.golang.org/grpc@v
1.60.0/status/status.
go
#19 15.06 /usr/local/
go/pkg/tool/linux_amd
64/buildid -w 
$WORK/b065/_pkg_.a # 
internal
#19 15.07 cp 
$WORK/b065/_pkg_.a /r
oot/.cache/go-build/d
1/d18be9065b78818ec1b
0179ca9e2f8280b56515f
aeef8c79a632b18615254
d07-d # internal
#19 15.15 /usr/local/
go/pkg/tool/linux_amd
64/buildid -w 
$WORK/b245/_pkg_.a # 
internal
#19 15.16 cp 
$WORK/b245/_pkg_.a /r
oot/.cache/go-build/2
9/29df42bec560b7e450f
0f41219f96ba7e3204807
3800bae62a38b9f684776
d50-d # internal
#19 15.18 google.gola
ng.org/grpc/internal/
binarylog
#19 15.18 mkdir -p 
$WORK/b236/
#19 15.18 cat >/tmp/g
o-build4077850697/b23
6/importcfg << 'EOF' 
# internal
#19 15.18 # import 
config
#19 15.18 
packagefile bufio=/ro
ot/.cache/go-build/ba
/bab9b7509689a41081ab
98d7cd01bca2cf4e75f77
56000633e9b1c1d2099ea
3f-d
#19 15.18 
packagefile context=/
tmp/go-build407785069
7/b002/_pkg_.a
#19 15.18 
packagefile encoding/
binary=/root/.cache/g
o-build/60/60ee0c1856
a489c23506aab75becee4
a0c32342fd3865aa463f6
af25ea3c69f8-d
#19 15.18 
packagefile errors=/r
oot/.cache/go-build/c
c/cc538db122216e44576
167ce460078986584b0ef
8e945f95ba196f2ccc1e3
751-d
#19 15.18 
packagefile fmt=/root
/.cache/go-build/8d/8
d2bdd2fb8d4c3cfa10b37
9579d427d3fa724e4660a
984a3b121b2d6bb7bf576
-d
#19 15.18 
packagefile github.co
m/golang/protobuf/pro
to=/tmp/go-build40778
50697/b188/_pkg_.a
#19 15.18 
packagefile github.co
m/golang/protobuf/pty
pes=/tmp/go-build4077
850697/b237/_pkg_.a
#19 15.18 
packagefile google.go
lang.org/grpc/binaryl
og/grpc_binarylog_v1=
/tmp/go-build40778506
97/b244/_pkg_.a
#19 15.18 
packagefile google.go
lang.org/grpc/grpclog
=/tmp/go-build4077850
697/b185/_pkg_.a
#19 15.18 
packagefile google.go
lang.org/grpc/interna
l/grpcutil=/tmp/go-bu
ild4077850697/b230/_p
kg_.a
#19 15.18 
packagefile google.go
lang.org/grpc/metadat
a=/tmp/go-build407785
0697/b223/_pkg_.a
#19 15.18 
packagefile google.go
lang.org/grpc/status=
/tmp/go-build40778506
97/b245/_pkg_.a
#19 15.18 
packagefile io=/root/
.cache/go-build/3f/3f
759ea3eb56d9d846e0439
5d9dc289bca8f7cfe11f7
7ec63b71910085c89dc3-
d
#19 15.18 
packagefile net=/tmp/
go-build4077850697/b1
03/_pkg_.a
#19 15.18 
packagefile os=/root/
.cache/go-build/43/43
f674b9b17ec091d423d79
d19d3a58814383e28d032
db985101a3bdb2c0e9c5-
d
#19 15.18 
packagefile regexp=/t
mp/go-build4077850697
/b120/_pkg_.a
#19 15.18 
packagefile strconv=/
root/.cache/go-build/
58/58fde322ad123df338
e244ef907f3389ac723cf
56495542c8fa011a9be08
c3b5-d
#19 15.18 
packagefile strings=/
root/.cache/go-build/
bd/bd2b3ffec179fa0086
9c215b39dc97456ad6ec1
7c28e28cbfd770fe90393
d84a-d
#19 15.18 
packagefile sync=/roo
t/.cache/go-build/4c/
4c6482b01e9753a401b5c
d5c9c47361a61ab8cef0b
4d6159ff0f0ffb119213f
7-d
#19 15.18 
packagefile sync/atom
ic=/root/.cache/go-bu
ild/5c/5c613f23c43dbb
b8db154f810343deece99
a58007c2c3824ed73bae8
64bc9b9d-d
#19 15.18 
packagefile time=/roo
t/.cache/go-build/4e/
4e73c8606deed2138edca
3302af2287f9f43cefd6d
141d85ab675d2b3f4052e
c-d
#19 15.18 EOF
#19 15.18 /usr/local/
go/pkg/tool/linux_amd
64/compile -o 
$WORK/b236/_pkg_.a 
-trimpath 
"$WORK/b236=>" -p goo
gle.golang.org/grpc/i
nternal/binarylog 
-lang=go1.19 
-complete -buildid i8
Bz2O0Ee9oXLEvSA2Mp/i8
Bz2O0Ee9oXLEvSA2Mp 
-goversion go1.21.13 
-c=4 -nolocalimports 
-importcfg 
$WORK/b236/importcfg 
-pack /go/pkg/mod/goo
gle.golang.org/grpc@v
1.60.0/internal/binar
ylog/binarylog.go /go
/pkg/mod/google.golan
g.org/grpc@v1.60.0/in
ternal/binarylog/bina
rylog_testutil.go /go
/pkg/mod/google.golan
g.org/grpc@v1.60.0/in
ternal/binarylog/env_
config.go /go/pkg/mod
/google.golang.org/gr
pc@v1.60.0/internal/b
inarylog/method_logge
r.go /go/pkg/mod/goog
le.golang.org/grpc@v1
.60.0/internal/binary
log/sink.go
#19 15.32 /usr/local/
go/pkg/tool/linux_amd
64/buildid -w 
$WORK/b182/_pkg_.a # 
internal
#19 15.35 cp 
$WORK/b182/_pkg_.a /r
oot/.cache/go-build/d
c/dc421e7f3c86e47777b
0a712569dd88d5280e3b2
ffe288cafd173b0377ae7
190-d # internal
#19 15.35 google.gola
ng.org/grpc/channelz
#19 15.35 mkdir -p 
$WORK/b181/
#19 15.35 cat >/tmp/g
o-build4077850697/b18
1/importcfg << 'EOF' 
# internal
#19 15.35 # import 
config
#19 15.35 
packagefile google.go
lang.org/grpc/interna
l/channelz=/tmp/go-bu
ild4077850697/b182/_p
kg_.a
#19 15.35 EOF
#19 15.35 /usr/local/
go/pkg/tool/linux_amd
64/compile -o 
$WORK/b181/_pkg_.a 
-trimpath 
"$WORK/b181=>" -p goo
gle.golang.org/grpc/c
hannelz -lang=go1.19 
-complete -buildid yl
mdfLQFrICrUfqhAWrf/yl
mdfLQFrICrUfqhAWrf 
-goversion go1.21.13 
-c=4 -nolocalimports 
-importcfg 
$WORK/b181/importcfg 
-pack /go/pkg/mod/goo
gle.golang.org/grpc@v
1.60.0/channelz/chann
elz.go
#19 15.39 /usr/local/
go/pkg/tool/linux_amd
64/buildid -w 
$WORK/b181/_pkg_.a # 
internal
#19 15.39 cp 
$WORK/b181/_pkg_.a /r
oot/.cache/go-build/9
0/90aa71eff22355d3409
fcf51a6986c757660ec2b
bacf0e12b9919153dd4f3
d51-d # internal
#19 15.40 google.gola
ng.org/grpc/balancer
#19 15.40 mkdir -p 
$WORK/b180/
#19 15.41 cat >/tmp/g
o-build4077850697/b18
0/importcfg << 'EOF' 
# internal
#19 15.41 # import 
config
#19 15.41 
packagefile context=/
tmp/go-build407785069
7/b002/_pkg_.a
#19 15.41 
packagefile encoding/
json=/root/.cache/go-
build/24/24b182ff5489
86c89789a12c55fb81afb
414b3198c5ea571b2fb29
a5b25c22be-d
#19 15.41 
packagefile errors=/r
oot/.cache/go-build/c
c/cc538db122216e44576
167ce460078986584b0ef
8e945f95ba196f2ccc1e3
751-d
#19 15.41 
packagefile google.go
lang.org/grpc/channel
z=/tmp/go-build407785
0697/b181/_pkg_.a
#19 15.41 
packagefile google.go
lang.org/grpc/connect
ivity=/tmp/go-build40
77850697/b184/_pkg_.a
#19 15.41 
packagefile google.go
lang.org/grpc/credent
ials=/tmp/go-build407
7850697/b187/_pkg_.a
#19 15.41 
packagefile google.go
lang.org/grpc/grpclog
=/tmp/go-build4077850
697/b185/_pkg_.a
#19 15.41 
packagefile google.go
lang.org/grpc/interna
l=/tmp/go-build407785
0697/b220/_pkg_.a
#19 15.41 
packagefile google.go
lang.org/grpc/metadat
a=/tmp/go-build407785
0697/b223/_pkg_.a
#19 15.41 
packagefile google.go
lang.org/grpc/resolve
r=/tmp/go-build407785
0697/b221/_pkg_.a
#19 15.41 
packagefile google.go
lang.org/grpc/service
config=/tmp/go-build4
077850697/b222/_pkg_.
a
#19 15.41 
packagefile net=/tmp/
go-build4077850697/b1
03/_pkg_.a
#19 15.41 
packagefile strings=/
root/.cache/go-build/
bd/bd2b3ffec179fa0086
9c215b39dc97456ad6ec1
7c28e28cbfd770fe90393
d84a-d
#19 15.41 EOF
#19 15.41 /usr/local/
go/pkg/tool/linux_amd
64/compile -o 
$WORK/b180/_pkg_.a 
-trimpath 
"$WORK/b180=>" -p goo
gle.golang.org/grpc/b
alancer -lang=go1.19 
-complete -buildid xB
TOElYl916hhujeUXFY/xB
TOElYl916hhujeUXFY 
-goversion go1.21.13 
-c=4 -nolocalimports 
-importcfg 
$WORK/b180/importcfg 
-pack /go/pkg/mod/goo
gle.golang.org/grpc@v
1.60.0/balancer/balan
cer.go /go/pkg/mod/go
ogle.golang.org/grpc@
v1.60.0/balancer/conn
_state_evaluator.go
#19 15.51 /usr/local/
go/pkg/tool/linux_amd
64/buildid -w 
$WORK/b180/_pkg_.a # 
internal
#19 15.51 cp 
$WORK/b180/_pkg_.a /r
oot/.cache/go-build/0
3/0379b281e3ad055d4e6
468046720860cfae19cfd
9806db1606289ad9c828c
ee6-d # internal
#19 15.52 google.gola
ng.org/grpc/internal/
serviceconfig
#19 15.52 mkdir -p 
$WORK/b257/
#19 15.52 google.gola
ng.org/grpc/balancer/
base
#19 15.53 mkdir -p 
$WORK/b224/
#19 15.53 cat >/tmp/g
o-build4077850697/b25
7/importcfg << 'EOF' 
# internal
#19 15.53 # import 
config
#19 15.53 
packagefile encoding/
json=/root/.cache/go-
build/24/24b182ff5489
86c89789a12c55fb81afb
414b3198c5ea571b2fb29
a5b25c22be-d
#19 15.53 
packagefile fmt=/root
/.cache/go-build/8d/8
d2bdd2fb8d4c3cfa10b37
9579d427d3fa724e4660a
984a3b121b2d6bb7bf576
-d
#19 15.53 
packagefile google.go
lang.org/grpc/balance
r=/tmp/go-build407785
0697/b180/_pkg_.a
#19 15.53 
packagefile google.go
lang.org/grpc/codes=/
tmp/go-build407785069
7/b227/_pkg_.a
#19 15.53 
packagefile google.go
lang.org/grpc/grpclog
=/tmp/go-build4077850
697/b185/_pkg_.a
#19 15.53 
packagefile google.go
lang.org/grpc/service
config=/tmp/go-build4
077850697/b222/_pkg_.
a
#19 15.53 
packagefile math=/roo
t/.cache/go-build/36/
36ffa25336d289fa39ad0
06705231014aaaaaeafbd
42683e20e660ca55ff061
6-d
#19 15.53 
packagefile strconv=/
root/.cache/go-build/
58/58fde322ad123df338
e244ef907f3389ac723cf
56495542c8fa011a9be08
c3b5-d
#19 15.53 
packagefile strings=/
root/.cache/go-build/
bd/bd2b3ffec179fa0086
9c215b39dc97456ad6ec1
7c28e28cbfd770fe90393
d84a-d
#19 15.53 
packagefile time=/roo
t/.cache/go-build/4e/
4e73c8606deed2138edca
3302af2287f9f43cefd6d
141d85ab675d2b3f4052e
c-d
#19 15.53 EOF
#19 15.54 /usr/local/
go/pkg/tool/linux_amd
64/compile -o 
$WORK/b257/_pkg_.a 
-trimpath 
"$WORK/b257=>" -p goo
gle.golang.org/grpc/i
nternal/serviceconfig
 -lang=go1.19 
-complete -buildid Xh
Mp3Pp6zu7Ec1iKkWCE/Xh
Mp3Pp6zu7Ec1iKkWCE 
-goversion go1.21.13 
-c=4 -nolocalimports 
-importcfg 
$WORK/b257/importcfg 
-pack /go/pkg/mod/goo
gle.golang.org/grpc@v
1.60.0/internal/servi
ceconfig/duration.go 
/go/pkg/mod/google.go
lang.org/grpc@v1.60.0
/internal/serviceconf
ig/serviceconfig.go
#19 15.54 cat >/tmp/g
o-build4077850697/b22
4/importcfg << 'EOF' 
# internal
#19 15.54 # import 
config
#19 15.54 
packagefile errors=/r
oot/.cache/go-build/c
c/cc538db122216e44576
167ce460078986584b0ef
8e945f95ba196f2ccc1e3
751-d
#19 15.54 
packagefile fmt=/root
/.cache/go-build/8d/8
d2bdd2fb8d4c3cfa10b37
9579d427d3fa724e4660a
984a3b121b2d6bb7bf576
-d
#19 15.54 
packagefile google.go
lang.org/grpc/balance
r=/tmp/go-build407785
0697/b180/_pkg_.a
#19 15.54 
packagefile google.go
lang.org/grpc/connect
ivity=/tmp/go-build40
77850697/b184/_pkg_.a
#19 15.54 
packagefile google.go
lang.org/grpc/grpclog
=/tmp/go-build4077850
697/b185/_pkg_.a
#19 15.54 
packagefile google.go
lang.org/grpc/resolve
r=/tmp/go-build407785
0697/b221/_pkg_.a
#19 15.54 EOF
#19 15.54 /usr/local/
go/pkg/tool/linux_amd
64/compile -o 
$WORK/b224/_pkg_.a 
-trimpath 
"$WORK/b224=>" -p goo
gle.golang.org/grpc/b
alancer/base 
-lang=go1.19 
-complete -buildid 6e
f5KjuVBNyi8jQSlG-r/6e
f5KjuVBNyi8jQSlG-r 
-goversion go1.21.13 
-c=4 -nolocalimports 
-importcfg 
$WORK/b224/importcfg 
-pack /go/pkg/mod/goo
gle.golang.org/grpc@v
1.60.0/balancer/base/
balancer.go /go/pkg/m
od/google.golang.org/
grpc@v1.60.0/balancer
/base/base.go
#19 15.56 /usr/local/
go/pkg/tool/linux_amd
64/buildid -w 
$WORK/b236/_pkg_.a # 
internal
#19 15.57 cp 
$WORK/b236/_pkg_.a /r
oot/.cache/go-build/5
0/5011d92f7344b363d3d
64c12f40183250bd0e07b
8d1089eca79e3183082fc
1aa-d # internal
#19 15.66 /usr/local/
go/pkg/tool/linux_amd
64/buildid -w 
$WORK/b257/_pkg_.a # 
internal
#19 15.67 cp 
$WORK/b257/_pkg_.a /r
oot/.cache/go-build/8
2/824e682b6bfa813d8d1
ddded653014d176953a15
9043c537a95ca58291c6f
7f0-d # internal
#19 15.68 google.gola
ng.org/grpc/internal/
resolver
#19 15.68 mkdir -p 
$WORK/b256/
#19 15.68 cat >/tmp/g
o-build4077850697/b25
6/importcfg << 'EOF' 
# internal
#19 15.68 # import 
config
#19 15.68 
packagefile context=/
tmp/go-build407785069
7/b002/_pkg_.a
#19 15.68 
packagefile google.go
lang.org/grpc/interna
l/serviceconfig=/tmp/
go-build4077850697/b2
57/_pkg_.a
#19 15.68 
packagefile google.go
lang.org/grpc/metadat
a=/tmp/go-build407785
0697/b223/_pkg_.a
#19 15.68 
packagefile google.go
lang.org/grpc/resolve
r=/tmp/go-build407785
0697/b221/_pkg_.a
#19 15.68 
packagefile sync=/roo
t/.cache/go-build/4c/
4c6482b01e9753a401b5c
d5c9c47361a61ab8cef0b
4d6159ff0f0ffb119213f
7-d
#19 15.68 EOF
#19 15.68 /usr/local/
go/pkg/tool/linux_amd
64/compile -o 
$WORK/b256/_pkg_.a 
-trimpath 
"$WORK/b256=>" -p goo
gle.golang.org/grpc/i
nternal/resolver 
-lang=go1.19 
-complete -buildid WD
K0qG14dwkmDrCF79JV/WD
K0qG14dwkmDrCF79JV 
-goversion go1.21.13 
-c=4 -nolocalimports 
-importcfg 
$WORK/b256/importcfg 
-pack /go/pkg/mod/goo
gle.golang.org/grpc@v
1.60.0/internal/resol
ver/config_selector.g
o
#19 15.70 /usr/local/
go/pkg/tool/linux_amd
64/buildid -w 
$WORK/b224/_pkg_.a # 
internal
#19 15.70 cp 
$WORK/b224/_pkg_.a /r
oot/.cache/go-build/d
9/d96117b83e60cb8777c
5a020c7fad32caf635580
ec09e191e77849ca5f7d5
94b-d # internal
#19 15.70 google.gola
ng.org/grpc/balancer/
roundrobin
#19 15.71 google.gola
ng.org/grpc/internal/
balancer/gracefulswit
ch
#19 15.71 mkdir -p 
$WORK/b225/
#19 15.71 mkdir -p 
$WORK/b234/
#19 15.72 cat >/tmp/g
o-build4077850697/b23
4/importcfg << 'EOF' 
# internal
#19 15.72 # import 
config
#19 15.72 
packagefile errors=/r
oot/.cache/go-build/c
c/cc538db122216e44576
167ce460078986584b0ef
8e945f95ba196f2ccc1e3
751-d
#19 15.72 
packagefile fmt=/root
/.cache/go-build/8d/8
d2bdd2fb8d4c3cfa10b37
9579d427d3fa724e4660a
984a3b121b2d6bb7bf576
-d
#19 15.72 
packagefile google.go
lang.org/grpc/balance
r=/tmp/go-build407785
0697/b180/_pkg_.a
#19 15.72 
packagefile google.go
lang.org/grpc/balance
r/base=/tmp/go-build4
077850697/b224/_pkg_.
a
#19 15.72 
packagefile google.go
lang.org/grpc/connect
ivity=/tmp/go-build40
77850697/b184/_pkg_.a
#19 15.72 
packagefile google.go
lang.org/grpc/resolve
r=/tmp/go-build407785
0697/b221/_pkg_.a
#19 15.72 
packagefile sync=/roo
t/.cache/go-build/4c/
4c6482b01e9753a401b5c
d5c9c47361a61ab8cef0b
4d6159ff0f0ffb119213f
7-d
#19 15.72 EOF
#19 15.72 /usr/local/
go/pkg/tool/linux_amd
64/compile -o 
$WORK/b234/_pkg_.a 
-trimpath 
"$WORK/b234=>" -p goo
gle.golang.org/grpc/i
nternal/balancer/grac
efulswitch 
-lang=go1.19 
-complete -buildid t0
97BONbb_9AH4D6wGEf/t0
97BONbb_9AH4D6wGEf 
-goversion go1.21.13 
-c=4 -nolocalimports 
-importcfg 
$WORK/b234/importcfg 
-pack /go/pkg/mod/goo
gle.golang.org/grpc@v
1.60.0/internal/balan
cer/gracefulswitch/gr
acefulswitch.go
#19 15.72 cat >/tmp/g
o-build4077850697/b22
5/importcfg << 'EOF' 
# internal
#19 15.72 # import 
config
#19 15.72 
packagefile google.go
lang.org/grpc/balance
r=/tmp/go-build407785
0697/b180/_pkg_.a
#19 15.72 
packagefile google.go
lang.org/grpc/balance
r/base=/tmp/go-build4
077850697/b224/_pkg_.
a
#19 15.72 
packagefile google.go
lang.org/grpc/grpclog
=/tmp/go-build4077850
697/b185/_pkg_.a
#19 15.72 
packagefile google.go
lang.org/grpc/interna
l/grpcrand=/tmp/go-bu
ild4077850697/b226/_p
kg_.a
#19 15.72 
packagefile sync/atom
ic=/root/.cache/go-bu
ild/5c/5c613f23c43dbb
b8db154f810343deece99
a58007c2c3824ed73bae8
64bc9b9d-d
#19 15.72 EOF
#19 15.72 /usr/local/
go/pkg/tool/linux_amd
64/compile -o 
$WORK/b225/_pkg_.a 
-trimpath 
"$WORK/b225=>" -p goo
gle.golang.org/grpc/b
alancer/roundrobin 
-lang=go1.19 
-complete -buildid Iz
y8feruutjfqmKGZXSC/Iz
y8feruutjfqmKGZXSC 
-goversion go1.21.13 
-c=4 -nolocalimports 
-importcfg 
$WORK/b225/importcfg 
-pack /go/pkg/mod/goo
gle.golang.org/grpc@v
1.60.0/balancer/round
robin/roundrobin.go
#19 15.76 /usr/local/
go/pkg/tool/linux_amd
64/buildid -w 
$WORK/b256/_pkg_.a # 
internal
#19 15.77 cp 
$WORK/b256/_pkg_.a /r
oot/.cache/go-build/b
b/bb7c6e77bbf15b89d7a
8eedf517f9f5bad6b8940
e2e9559e674e8cb32dd9f
540-d # internal
#19 15.79 /usr/local/
go/pkg/tool/linux_amd
64/buildid -w 
$WORK/b225/_pkg_.a # 
internal
#19 15.79 cp 
$WORK/b225/_pkg_.a /r
oot/.cache/go-build/4
0/400c8618d55c6f31ec5
7fe14113f017a552abd45
cafa304062818af1899dd
7d7-d # internal
#19 15.85 /usr/local/
go/pkg/tool/linux_amd
64/buildid -w 
$WORK/b234/_pkg_.a # 
internal
#19 15.92 cp 
$WORK/b234/_pkg_.a /r
oot/.cache/go-build/f
9/f9d8e17a2df83645fd5
c58b1f48ae83252f9597c
9eec2eed338a853507ec5
8ff-d # internal
#19 20.22 /usr/local/
go/pkg/tool/linux_amd
64/buildid -w 
$WORK/b162/_pkg_.a # 
internal
#19 20.46 cp 
$WORK/b162/_pkg_.a /r
oot/.cache/go-build/9
c/9c6753f3786f01d1981
307f5026d27971d3ae4ba
2f95d471a62a3b49cd7cb
e3c-d # internal
#19 20.47 
net/http/httputil
#19 20.47 mkdir -p 
$WORK/b271/
#19 20.47 golang.org/
x/oauth2/internal
#19 20.47 mkdir -p 
$WORK/b277/
#19 20.47 cloud.googl
e.com/go/compute/meta
data
#19 20.47 cat >/tmp/g
o-build4077850697/b27
1/importcfg << 'EOF' 
# internal
#19 20.47 # import 
config
#19 20.47 importmap g
olang.org/x/net/http/
httpguts=vendor/golan
g.org/x/net/http/http
guts
#19 20.47 
packagefile bufio=/ro
ot/.cache/go-build/ba
/bab9b7509689a41081ab
98d7cd01bca2cf4e75f77
56000633e9b1c1d2099ea
3f-d
#19 20.47 
packagefile bytes=/ro
ot/.cache/go-build/26
/26bfdb65b0b94b3a2bdc
e9e4b8bc696e55851d329
688735148e2f1ede7b0cf
7a-d
#19 20.47 
packagefile context=/
tmp/go-build407785069
7/b002/_pkg_.a
#19 20.47 
packagefile errors=/r
oot/.cache/go-build/c
c/cc538db122216e44576
167ce460078986584b0ef
8e945f95ba196f2ccc1e3
751-d
#19 20.47 
packagefile fmt=/root
/.cache/go-build/8d/8
d2bdd2fb8d4c3cfa10b37
9579d427d3fa724e4660a
984a3b121b2d6bb7bf576
-d
#19 20.47 
packagefile vendor/go
lang.org/x/net/http/h
ttpguts=/tmp/go-build
4077850697/b163/_pkg_
.a
#19 20.47 
packagefile io=/root/
.cache/go-build/3f/3f
759ea3eb56d9d846e0439
5d9dc289bca8f7cfe11f7
7ec63b71910085c89dc3-
d
#19 20.47 
packagefile log=/tmp/
go-build4077850697/b1
42/_pkg_.a
#19 20.47 
packagefile mime=/tmp
/go-build4077850697/b
172/_pkg_.a
#19 20.47 
packagefile net=/tmp/
go-build4077850697/b1
03/_pkg_.a
#19 20.47 
packagefile net/http=
/tmp/go-build40778506
97/b162/_pkg_.a
#19 20.47 
packagefile net/http/
httptrace=/tmp/go-bui
ld4077850697/b175/_pk
g_.a
#19 20.47 
packagefile net/http/
internal=/tmp/go-buil
d4077850697/b176/_pkg
_.a
#19 20.47 
packagefile net/http/
internal/ascii=/tmp/g
o-build4077850697/b17
7/_pkg_.a
#19 20.47 
packagefile net/textp
roto=/tmp/go-build407
7850697/b169/_pkg_.a
#19 20.47 
packagefile net/url=/
tmp/go-build407785069
7/b109/_pkg_.a
#19 20.47 
packagefile strings=/
root/.cache/go-build/
bd/bd2b3ffec179fa0086
9c215b39dc97456ad6ec1
7c28e28cbfd770fe90393
d84a-d
#19 20.47 
packagefile sync=/roo
t/.cache/go-build/4c/
4c6482b01e9753a401b5c
d5c9c47361a61ab8cef0b
4d6159ff0f0ffb119213f
7-d
#19 20.47 
packagefile time=/roo
t/.cache/go-build/4e/
4e73c8606deed2138edca
3302af2287f9f43cefd6d
141d85ab675d2b3f4052e
c-d
#19 20.47 EOF
#19 20.47 /usr/local/
go/pkg/tool/linux_amd
64/compile -o 
$WORK/b271/_pkg_.a 
-trimpath 
"$WORK/b271=>" -p 
net/http/httputil 
-std -complete 
-buildid CP3zgf45RMNw
5osM6okU/CP3zgf45RMNw
5osM6okU -goversion 
go1.21.13 -c=4 
-nolocalimports 
-importcfg 
$WORK/b271/importcfg 
-pack /usr/local/go/s
rc/net/http/httputil/
dump.go /usr/local/go
/src/net/http/httputi
l/httputil.go /usr/lo
cal/go/src/net/http/h
ttputil/persist.go /u
sr/local/go/src/net/h
ttp/httputil/reversep
roxy.go
#19 20.47 mkdir -p 
$WORK/b279/
#19 20.47 cat >/tmp/g
o-build4077850697/b27
7/importcfg << 'EOF' 
# internal
#19 20.47 # import 
config
#19 20.47 
packagefile context=/
tmp/go-build407785069
7/b002/_pkg_.a
#19 20.47 
packagefile crypto/rs
a=/tmp/go-build407785
0697/b096/_pkg_.a
#19 20.47 
packagefile crypto/x5
09=/tmp/go-build40778
50697/b098/_pkg_.a
#19 20.47 
packagefile encoding/
json=/root/.cache/go-
build/24/24b182ff5489
86c89789a12c55fb81afb
414b3198c5ea571b2fb29
a5b25c22be-d
#19 20.47 
packagefile encoding/
pem=/tmp/go-build4077
850697/b101/_pkg_.a
#19 20.47 
packagefile errors=/r
oot/.cache/go-build/c
c/cc538db122216e44576
167ce460078986584b0ef
8e945f95ba196f2ccc1e3
751-d
#19 20.47 
packagefile fmt=/root
/.cache/go-build/8d/8
d2bdd2fb8d4c3cfa10b37
9579d427d3fa724e4660a
984a3b121b2d6bb7bf576
-d
#19 20.47 
packagefile io=/root/
.cache/go-build/3f/3f
759ea3eb56d9d846e0439
5d9dc289bca8f7cfe11f7
7ec63b71910085c89dc3-
d
#19 20.47 
packagefile io/ioutil
=/root/.cache/go-buil
d/6c/6c0c39e9293bbda0
b485c5849ce7dbd6244e3
c7acc693414856869735c
57c7d3-d
#19 20.47 
packagefile math=/roo
t/.cache/go-build/36/
36ffa25336d289fa39ad0
06705231014aaaaaeafbd
42683e20e660ca55ff061
6-d
#19 20.47 
packagefile mime=/tmp
/go-build4077850697/b
172/_pkg_.a
#19 20.47 
packagefile net/http=
/tmp/go-build40778506
97/b162/_pkg_.a
#19 20.47 
packagefile net/url=/
tmp/go-build407785069
7/b109/_pkg_.a
#19 20.47 
packagefile strconv=/
root/.cache/go-build/
58/58fde322ad123df338
e244ef907f3389ac723cf
56495542c8fa011a9be08
c3b5-d
#19 20.47 
packagefile strings=/
root/.cache/go-build/
bd/bd2b3ffec179fa0086
9c215b39dc97456ad6ec1
7c28e28cbfd770fe90393
d84a-d
#19 20.47 
packagefile sync=/roo
t/.cache/go-build/4c/
4c6482b01e9753a401b5c
d5c9c47361a61ab8cef0b
4d6159ff0f0ffb119213f
7-d
#19 20.47 
packagefile sync/atom
ic=/root/.cache/go-bu
ild/5c/5c613f23c43dbb
b8db154f810343deece99
a58007c2c3824ed73bae8
64bc9b9d-d
#19 20.47 
packagefile time=/roo
t/.cache/go-build/4e/
4e73c8606deed2138edca
3302af2287f9f43cefd6d
141d85ab675d2b3f4052e
c-d
#19 20.47 EOF
#19 20.47 /usr/local/
go/pkg/tool/linux_amd
64/compile -o 
$WORK/b277/_pkg_.a 
-trimpath 
"$WORK/b277=>" -p gol
ang.org/x/oauth2/inte
rnal -lang=go1.18 
-complete -buildid 2w
qaURDeVLxaIcVnU1sd/2w
qaURDeVLxaIcVnU1sd 
-goversion go1.21.13 
-c=4 -nolocalimports 
-importcfg 
$WORK/b277/importcfg 
-pack /go/pkg/mod/gol
ang.org/x/oauth2@v0.1
5.0/internal/doc.go /
go/pkg/mod/golang.org
/x/oauth2@v0.15.0/int
ernal/oauth2.go /go/p
kg/mod/golang.org/x/o
auth2@v0.15.0/interna
l/token.go /go/pkg/mo
d/golang.org/x/oauth2
@v0.15.0/internal/tra
nsport.go
#19 20.47 golang.org/
x/net/trace
#19 20.47 mkdir -p 
$WORK/b156/
#19 20.48 cat >/tmp/g
o-build4077850697/b27
9/importcfg << 'EOF' 
# internal
#19 20.48 # import 
config
#19 20.48 
packagefile context=/
tmp/go-build407785069
7/b002/_pkg_.a
#19 20.48 
packagefile encoding/
json=/root/.cache/go-
build/24/24b182ff5489
86c89789a12c55fb81afb
414b3198c5ea571b2fb29
a5b25c22be-d
#19 20.48 
packagefile fmt=/root
/.cache/go-build/8d/8
d2bdd2fb8d4c3cfa10b37
9579d427d3fa724e4660a
984a3b121b2d6bb7bf576
-d
#19 20.48 
packagefile io=/root/
.cache/go-build/3f/3f
759ea3eb56d9d846e0439
5d9dc289bca8f7cfe11f7
7ec63b71910085c89dc3-
d
#19 20.48 
packagefile io/ioutil
=/root/.cache/go-buil
d/6c/6c0c39e9293bbda0
b485c5849ce7dbd6244e3
c7acc693414856869735c
57c7d3-d
#19 20.48 
packagefile math/rand
=/root/.cache/go-buil
d/fd/fdeb3a311ed0bccf
cfc033894fa36fbf4589e
4aeec7ef530198c40c529
7b902f-d
#19 20.48 
packagefile net=/tmp/
go-build4077850697/b1
03/_pkg_.a
#19 20.48 
packagefile net/http=
/tmp/go-build40778506
97/b162/_pkg_.a
#19 20.48 
packagefile net/url=/
tmp/go-build407785069
7/b109/_pkg_.a
#19 20.48 
packagefile os=/root/
.cache/go-build/43/43
f674b9b17ec091d423d79
d19d3a58814383e28d032
db985101a3bdb2c0e9c5-
d
#19 20.48 
packagefile runtime=/
root/.cache/go-build/
29/29c63df92edda48c2d
238c8dd2f7cf6a13536c0
3e2f03a25a6439694804b
49ca-d
#19 20.48 
packagefile strings=/
root/.cache/go-build/
bd/bd2b3ffec179fa0086
9c215b39dc97456ad6ec1
7c28e28cbfd770fe90393
d84a-d
#19 20.48 
packagefile sync=/roo
t/.cache/go-build/4c/
4c6482b01e9753a401b5c
d5c9c47361a61ab8cef0b
4d6159ff0f0ffb119213f
7-d
#19 20.48 
packagefile syscall=/
root/.cache/go-build/
6c/6cb2057e6dcb8c1e51
9e6658b10448ea4b2c318
9f26805143f72256cb362
936c-d
#19 20.48 
packagefile time=/roo
t/.cache/go-build/4e/
4e73c8606deed2138edca
3302af2287f9f43cefd6d
141d85ab675d2b3f4052e
c-d
#19 20.48 EOF
#19 20.48 /usr/local/
go/pkg/tool/linux_amd
64/compile -o 
$WORK/b279/_pkg_.a 
-trimpath 
"$WORK/b279=>" -p clo
ud.google.com/go/comp
ute/metadata 
-lang=go1.19 
-complete -buildid Xs
kjxdfDvT6AUAr-6ioN/Xs
kjxdfDvT6AUAr-6ioN 
-goversion go1.21.13 
-c=4 -nolocalimports 
-importcfg 
$WORK/b279/importcfg 
-pack /go/pkg/mod/clo
ud.google.com/go/comp
ute/metadata@v0.2.3/m
etadata.go /go/pkg/mo
d/cloud.google.com/go
/compute/metadata@v0.
2.3/retry.go /go/pkg/
mod/cloud.google.com/
go/compute/metadata@v
0.2.3/retry_linux.go
#19 20.48 cat >/tmp/g
o-build4077850697/b15
6/importcfg << 'EOF' 
# internal
#19 20.48 # import 
config
#19 20.48 
packagefile bytes=/ro
ot/.cache/go-build/26
/26bfdb65b0b94b3a2bdc
e9e4b8bc696e55851d329
688735148e2f1ede7b0cf
7a-d
#19 20.48 
packagefile context=/
tmp/go-build407785069
7/b002/_pkg_.a
#19 20.48 
packagefile fmt=/root
/.cache/go-build/8d/8
d2bdd2fb8d4c3cfa10b37
9579d427d3fa724e4660a
984a3b121b2d6bb7bf576
-d
#19 20.48 
packagefile golang.or
g/x/net/internal/time
series=/tmp/go-build4
077850697/b157/_pkg_.
a
#19 20.48 
packagefile html/temp
late=/tmp/go-build407
7850697/b158/_pkg_.a
#19 20.48 
packagefile io=/root/
.cache/go-build/3f/3f
759ea3eb56d9d846e0439
5d9dc289bca8f7cfe11f7
7ec63b71910085c89dc3-
d
#19 20.48 
packagefile log=/tmp/
go-build4077850697/b1
42/_pkg_.a
#19 20.48 
packagefile math=/roo
t/.cache/go-build/36/
36ffa25336d289fa39ad0
06705231014aaaaaeafbd
42683e20e660ca55ff061
6-d
#19 20.48 
packagefile net=/tmp/
go-build4077850697/b1
03/_pkg_.a
#19 20.48 
packagefile net/http=
/tmp/go-build40778506
97/b162/_pkg_.a
#19 20.48 
packagefile net/url=/
tmp/go-build407785069
7/b109/_pkg_.a
#19 20.48 
packagefile runtime=/
root/.cache/go-build/
29/29c63df92edda48c2d
238c8dd2f7cf6a13536c0
3e2f03a25a6439694804b
49ca-d
#19 20.48 
packagefile sort=/roo
t/.cache/go-build/8c/
8c292a4015d12c8dfa15e
cf8a4317ac584bee3989c
3d957a6a78ab6789a029e
e-d
#19 20.48 
packagefile strconv=/
root/.cache/go-build/
58/58fde322ad123df338
e244ef907f3389ac723cf
56495542c8fa011a9be08
c3b5-d
#19 20.48 
packagefile strings=/
root/.cache/go-build/
bd/bd2b3ffec179fa0086
9c215b39dc97456ad6ec1
7c28e28cbfd770fe90393
d84a-d
#19 20.48 
packagefile sync=/roo
t/.cache/go-build/4c/
4c6482b01e9753a401b5c
d5c9c47361a61ab8cef0b
4d6159ff0f0ffb119213f
7-d
#19 20.48 
packagefile sync/atom
ic=/root/.cache/go-bu
ild/5c/5c613f23c43dbb
b8db154f810343deece99
a58007c2c3824ed73bae8
64bc9b9d-d
#19 20.48 
packagefile text/tabw
riter=/root/.cache/go
-build/79/7959a6eba8a
87b3dd87e9077ff108884
e56caa47304a132c22626
08e2c1869ac-d
#19 20.48 
packagefile time=/roo
t/.cache/go-build/4e/
4e73c8606deed2138edca
3302af2287f9f43cefd6d
141d85ab675d2b3f4052e
c-d
#19 20.48 EOF
#19 20.49 /usr/local/
go/pkg/tool/linux_amd
64/compile -o 
$WORK/b156/_pkg_.a 
-trimpath 
"$WORK/b156=>" -p gol
ang.org/x/net/trace 
-lang=go1.18 
-complete -buildid tW
8yEzgKZYrqEk3wyL4j/tW
8yEzgKZYrqEk3wyL4j 
-goversion go1.21.13 
-c=4 -nolocalimports 
-importcfg 
$WORK/b156/importcfg 
-pack /go/pkg/mod/gol
ang.org/x/net@v0.19.0
/trace/events.go /go/
pkg/mod/golang.org/x/
net@v0.19.0/trace/his
togram.go /go/pkg/mod
/golang.org/x/net@v0.
19.0/trace/trace.go
#19 20.50 golang.org/
x/net/http2
#19 20.50 mkdir -p 
$WORK/b262/
#19 20.51 cat >/tmp/g
o-build4077850697/b26
2/importcfg << 'EOF' 
# internal
#19 20.51 # import 
config
#19 20.51 
packagefile bufio=/ro
ot/.cache/go-build/ba
/bab9b7509689a41081ab
98d7cd01bca2cf4e75f77
56000633e9b1c1d2099ea
3f-d
#19 20.51 
packagefile bytes=/ro
ot/.cache/go-build/26
/26bfdb65b0b94b3a2bdc
e9e4b8bc696e55851d329
688735148e2f1ede7b0cf
7a-d
#19 20.51 
packagefile compress/
gzip=/root/.cache/go-
build/8c/8c96e41b1dfc
3251c110a39160414c50f
acaa76d80e87c3e7c5e34
6bf3cdcb24-d
#19 20.51 
packagefile context=/
tmp/go-build407785069
7/b002/_pkg_.a
#19 20.51 
packagefile crypto/ra
nd=/tmp/go-build40778
50697/b070/_pkg_.a
#19 20.51 
packagefile crypto/tl
s=/tmp/go-build407785
0697/b076/_pkg_.a
#19 20.51 
packagefile encoding/
binary=/root/.cache/g
o-build/60/60ee0c1856
a489c23506aab75becee4
a0c32342fd3865aa463f6
af25ea3c69f8-d
#19 20.51 
packagefile errors=/r
oot/.cache/go-build/c
c/cc538db122216e44576
167ce460078986584b0ef
8e945f95ba196f2ccc1e3
751-d
#19 20.51 
packagefile fmt=/root
/.cache/go-build/8d/8
d2bdd2fb8d4c3cfa10b37
9579d427d3fa724e4660a
984a3b121b2d6bb7bf576
-d
#19 20.51 
packagefile golang.or
g/x/net/http/httpguts
=/tmp/go-build4077850
697/b263/_pkg_.a
#19 20.51 
packagefile golang.or
g/x/net/http2/hpack=/
tmp/go-build407785069
7/b265/_pkg_.a
#19 20.51 
packagefile golang.or
g/x/net/idna=/tmp/go-
build4077850697/b264/
_pkg_.a
#19 20.51 
packagefile io=/root/
.cache/go-build/3f/3f
759ea3eb56d9d846e0439
5d9dc289bca8f7cfe11f7
7ec63b71910085c89dc3-
d
#19 20.51 
packagefile io/fs=/ro
ot/.cache/go-build/f1
/f1b2f94d4f1c86707558
b8b2ec2b5afceb843f066
df0a475502965262d9dd3
07-d
#19 20.51 
packagefile log=/tmp/
go-build4077850697/b1
42/_pkg_.a
#19 20.51 
packagefile math=/roo
t/.cache/go-build/36/
36ffa25336d289fa39ad0
06705231014aaaaaeafbd
42683e20e660ca55ff061
6-d
#19 20.51 
packagefile math/bits
=/root/.cache/go-buil
d/3d/3d8e372dde88f554
f59147ec97a2c135b2971
03eef9e14b1868ffbcb3e
065db5-d
#19 20.51 
packagefile math/rand
=/root/.cache/go-buil
d/fd/fdeb3a311ed0bccf
cfc033894fa36fbf4589e
4aeec7ef530198c40c529
7b902f-d
#19 20.51 
packagefile net=/tmp/
go-build4077850697/b1
03/_pkg_.a
#19 20.51 
packagefile net/http=
/tmp/go-build40778506
97/b162/_pkg_.a
#19 20.51 
packagefile net/http/
httptrace=/tmp/go-bui
ld4077850697/b175/_pk
g_.a
#19 20.51 
packagefile net/textp
roto=/tmp/go-build407
7850697/b169/_pkg_.a
#19 20.51 
packagefile net/url=/
tmp/go-build407785069
7/b109/_pkg_.a
#19 20.51 
packagefile os=/root/
.cache/go-build/43/43
f674b9b17ec091d423d79
d19d3a58814383e28d032
db985101a3bdb2c0e9c5-
d
#19 20.51 
packagefile reflect=/
root/.cache/go-build/
16/16f37704a24996a774
deef9cd97d1a44607e2c1
7a34adf3ad677cff602c2
fa16-d
#19 20.51 
packagefile runtime=/
root/.cache/go-build/
29/29c63df92edda48c2d
238c8dd2f7cf6a13536c0
3e2f03a25a6439694804b
49ca-d
#19 20.51 
packagefile sort=/roo
t/.cache/go-build/8c/
8c292a4015d12c8dfa15e
cf8a4317ac584bee3989c
3d957a6a78ab6789a029e
e-d
#19 20.51 
packagefile strconv=/
root/.cache/go-build/
58/58fde322ad123df338
e244ef907f3389ac723cf
56495542c8fa011a9be08
c3b5-d
#19 20.51 
packagefile strings=/
root/.cache/go-build/
bd/bd2b3ffec179fa0086
9c215b39dc97456ad6ec1
7c28e28cbfd770fe90393
d84a-d
#19 20.51 
packagefile sync=/roo
t/.cache/go-build/4c/
4c6482b01e9753a401b5c
d5c9c47361a61ab8cef0b
4d6159ff0f0ffb119213f
7-d
#19 20.51 
packagefile sync/atom
ic=/root/.cache/go-bu
ild/5c/5c613f23c43dbb
b8db154f810343deece99
a58007c2c3824ed73bae8
64bc9b9d-d
#19 20.51 
packagefile time=/roo
t/.cache/go-build/4e/
4e73c8606deed2138edca
3302af2287f9f43cefd6d
141d85ab675d2b3f4052e
c-d
#19 20.51 EOF
#19 20.51 /usr/local/
go/pkg/tool/linux_amd
64/compile -o 
$WORK/b262/_pkg_.a 
-trimpath 
"$WORK/b262=>" -p gol
ang.org/x/net/http2 
-lang=go1.18 
-complete -buildid VK
Nz7azQZDOCQEzRp6zt/VK
Nz7azQZDOCQEzRp6zt 
-goversion go1.21.13 
-c=4 -nolocalimports 
-importcfg 
$WORK/b262/importcfg 
-pack /go/pkg/mod/gol
ang.org/x/net@v0.19.0
/http2/ascii.go /go/p
kg/mod/golang.org/x/n
et@v0.19.0/http2/ciph
ers.go /go/pkg/mod/go
lang.org/x/net@v0.19.
0/http2/client_conn_p
ool.go /go/pkg/mod/go
lang.org/x/net@v0.19.
0/http2/databuffer.go
 /go/pkg/mod/golang.o
rg/x/net@v0.19.0/http
2/errors.go /go/pkg/m
od/golang.org/x/net@v
0.19.0/http2/flow.go 
/go/pkg/mod/golang.or
g/x/net@v0.19.0/http2
/frame.go /go/pkg/mod
/golang.org/x/net@v0.
19.0/http2/gotrack.go
 /go/pkg/mod/golang.o
rg/x/net@v0.19.0/http
2/headermap.go /go/pk
g/mod/golang.org/x/ne
t@v0.19.0/http2/http2
.go /go/pkg/mod/golan
g.org/x/net@v0.19.0/h
ttp2/pipe.go /go/pkg/
mod/golang.org/x/net@
v0.19.0/http2/server.
go /go/pkg/mod/golang
.org/x/net@v0.19.0/ht
tp2/transport.go /go/
pkg/mod/golang.org/x/
net@v0.19.0/http2/wri
te.go /go/pkg/mod/gol
ang.org/x/net@v0.19.0
/http2/writesched.go 
/go/pkg/mod/golang.or
g/x/net@v0.19.0/http2
/writesched_priority.
go /go/pkg/mod/golang
.org/x/net@v0.19.0/ht
tp2/writesched_random
.go /go/pkg/mod/golan
g.org/x/net@v0.19.0/h
ttp2/writesched_round
robin.go
#19 20.87 /usr/local/
go/pkg/tool/linux_amd
64/buildid -w 
$WORK/b277/_pkg_.a # 
internal
#19 20.88 cp 
$WORK/b277/_pkg_.a /r
oot/.cache/go-build/1
6/163078c44898437d168
e4d5af516664d02f96e77
d049af1b15f40357b4dbf
3d5-d # internal
#19 20.89 
golang.org/x/oauth2
#19 20.89 mkdir -p 
$WORK/b276/
#19 20.89 cat >/tmp/g
o-build4077850697/b27
6/importcfg << 'EOF' 
# internal
#19 20.89 # import 
config
#19 20.89 
packagefile bytes=/ro
ot/.cache/go-build/26
/26bfdb65b0b94b3a2bdc
e9e4b8bc696e55851d329
688735148e2f1ede7b0cf
7a-d
#19 20.89 
packagefile context=/
tmp/go-build407785069
7/b002/_pkg_.a
#19 20.89 
packagefile crypto/ra
nd=/tmp/go-build40778
50697/b070/_pkg_.a
#19 20.89 
packagefile crypto/sh
a256=/tmp/go-build407
7850697/b050/_pkg_.a
#19 20.89 
packagefile encoding/
base64=/root/.cache/g
o-build/14/14031b4118
b386250aa841db8bab959
208e925279dd1dc883294
2b7a9142ac03-d
#19 20.89 
packagefile encoding/
json=/root/.cache/go-
build/24/24b182ff5489
86c89789a12c55fb81afb
414b3198c5ea571b2fb29
a5b25c22be-d
#19 20.89 
packagefile errors=/r
oot/.cache/go-build/c
c/cc538db122216e44576
167ce460078986584b0ef
8e945f95ba196f2ccc1e3
751-d
#19 20.89 
packagefile fmt=/root
/.cache/go-build/8d/8
d2bdd2fb8d4c3cfa10b37
9579d427d3fa724e4660a
984a3b121b2d6bb7bf576
-d
#19 20.89 
packagefile golang.or
g/x/oauth2/internal=/
tmp/go-build407785069
7/b277/_pkg_.a
#19 20.89 
packagefile io=/root/
.cache/go-build/3f/3f
759ea3eb56d9d846e0439
5d9dc289bca8f7cfe11f7
7ec63b71910085c89dc3-
d
#19 20.89 
packagefile log=/tmp/
go-build4077850697/b1
42/_pkg_.a
#19 20.89 
packagefile net/http=
/tmp/go-build40778506
97/b162/_pkg_.a
#19 20.89 
packagefile net/url=/
tmp/go-build407785069
7/b109/_pkg_.a
#19 20.89 
packagefile strconv=/
root/.cache/go-build/
58/58fde322ad123df338
e244ef907f3389ac723cf
56495542c8fa011a9be08
c3b5-d
#19 20.89 
packagefile strings=/
root/.cache/go-build/
bd/bd2b3ffec179fa0086
9c215b39dc97456ad6ec1
7c28e28cbfd770fe90393
d84a-d
#19 20.89 
packagefile sync=/roo
t/.cache/go-build/4c/
4c6482b01e9753a401b5c
d5c9c47361a61ab8cef0b
4d6159ff0f0ffb119213f
7-d
#19 20.89 
packagefile time=/roo
t/.cache/go-build/4e/
4e73c8606deed2138edca
3302af2287f9f43cefd6d
141d85ab675d2b3f4052e
c-d
#19 20.89 EOF
#19 20.90 /usr/local/
go/pkg/tool/linux_amd
64/compile -o 
$WORK/b276/_pkg_.a 
-trimpath 
"$WORK/b276=>" -p 
golang.org/x/oauth2 
-lang=go1.18 
-complete -buildid 3g
QbqE2LecYAxu8EG6FQ/3g
QbqE2LecYAxu8EG6FQ 
-goversion go1.21.13 
-c=4 -nolocalimports 
-importcfg 
$WORK/b276/importcfg 
-pack /go/pkg/mod/gol
ang.org/x/oauth2@v0.1
5.0/deviceauth.go /go
/pkg/mod/golang.org/x
/oauth2@v0.15.0/oauth
2.go /go/pkg/mod/gola
ng.org/x/oauth2@v0.15
.0/pkce.go /go/pkg/mo
d/golang.org/x/oauth2
@v0.15.0/token.go /go
/pkg/mod/golang.org/x
/oauth2@v0.15.0/trans
port.go
#19 21.03 /usr/local/
go/pkg/tool/linux_amd
64/buildid -w 
$WORK/b279/_pkg_.a # 
internal
#19 21.06 cp 
$WORK/b279/_pkg_.a /r
oot/.cache/go-build/b
3/b3a60540314255fe332
23a1b01cbf3883633eb32
d93a476305cb5967b043c
a06-d # internal
#19 21.22 /usr/local/
go/pkg/tool/linux_amd
64/buildid -w 
$WORK/b156/_pkg_.a # 
internal
#19 21.24 cp 
$WORK/b156/_pkg_.a /r
oot/.cache/go-build/e
d/ed6cfa35b27abebd93e
078eb641b84c5bc92e074
53ec6e9320e101b258110
58d-d # internal
#19 21.24 /usr/local/
go/pkg/tool/linux_amd
64/buildid -w 
$WORK/b271/_pkg_.a # 
internal
#19 21.26 cp 
$WORK/b271/_pkg_.a /r
oot/.cache/go-build/9
8/982c550a8a47ac4ae6e
beb6aceb2ce38862570d4
e40e230d63d54f084241a
154-d # internal
#19 21.28 /usr/local/
go/pkg/tool/linux_amd
64/buildid -w 
$WORK/b276/_pkg_.a # 
internal
#19 21.29 cp 
$WORK/b276/_pkg_.a /r
oot/.cache/go-build/2
e/2e03769afa8ec9f3773
a1d965e537038f0d8f9b1
7ccd814020c801cb06aa3
1d2-d # internal
#19 21.29 golang.org/
x/oauth2/jwt
#19 21.29 mkdir -p 
$WORK/b286/
#19 21.29 cat >/tmp/g
o-build4077850697/b28
6/importcfg << 'EOF' 
# internal
#19 21.29 # import 
config
#19 21.29 
packagefile context=/
tmp/go-build407785069
7/b002/_pkg_.a
#19 21.29 
packagefile encoding/
json=/root/.cache/go-
build/24/24b182ff5489
86c89789a12c55fb81afb
414b3198c5ea571b2fb29
a5b25c22be-d
#19 21.29 
packagefile fmt=/root
/.cache/go-build/8d/8
d2bdd2fb8d4c3cfa10b37
9579d427d3fa724e4660a
984a3b121b2d6bb7bf576
-d
#19 21.29 
packagefile golang.or
g/x/oauth2=/tmp/go-bu
ild4077850697/b276/_p
kg_.a
#19 21.29 
packagefile golang.or
g/x/oauth2/internal=/
tmp/go-build407785069
7/b277/_pkg_.a
#19 21.29 
packagefile golang.or
g/x/oauth2/jws=/tmp/g
o-build4077850697/b28
5/_pkg_.a
#19 21.29 
packagefile io=/root/
.cache/go-build/3f/3f
759ea3eb56d9d846e0439
5d9dc289bca8f7cfe11f7
7ec63b71910085c89dc3-
d
#19 21.29 
packagefile io/ioutil
=/root/.cache/go-buil
d/6c/6c0c39e9293bbda0
b485c5849ce7dbd6244e3
c7acc693414856869735c
57c7d3-d
#19 21.29 
packagefile net/http=
/tmp/go-build40778506
97/b162/_pkg_.a
#19 21.29 
packagefile net/url=/
tmp/go-build407785069
7/b109/_pkg_.a
#19 21.29 
packagefile strings=/
root/.cache/go-build/
bd/bd2b3ffec179fa0086
9c215b39dc97456ad6ec1
7c28e28cbfd770fe90393
d84a-d
#19 21.29 
packagefile time=/roo
t/.cache/go-build/4e/
4e73c8606deed2138edca
3302af2287f9f43cefd6d
141d85ab675d2b3f4052e
c-d
#19 21.29 EOF
#19 21.29 /usr/local/
go/pkg/tool/linux_amd
64/compile -o 
$WORK/b286/_pkg_.a 
-trimpath 
"$WORK/b286=>" -p gol
ang.org/x/oauth2/jwt 
-lang=go1.18 
-complete -buildid Vp
3Wa3aOGPeasnKqAadG/Vp
3Wa3aOGPeasnKqAadG 
-goversion go1.21.13 
-c=4 -nolocalimports 
-importcfg 
$WORK/b286/importcfg 
-pack /go/pkg/mod/gol
ang.org/x/oauth2@v0.1
5.0/jwt/jwt.go
#19 21.30 golang.org/
x/oauth2/authhandler
#19 21.30 mkdir -p 
$WORK/b280/
#19 21.30 cat >/tmp/g
o-build4077850697/b28
0/importcfg << 'EOF' 
# internal
#19 21.30 # import 
config
#19 21.30 
packagefile context=/
tmp/go-build407785069
7/b002/_pkg_.a
#19 21.30 
packagefile errors=/r
oot/.cache/go-build/c
c/cc538db122216e44576
167ce460078986584b0ef
8e945f95ba196f2ccc1e3
751-d
#19 21.30 
packagefile golang.or
g/x/oauth2=/tmp/go-bu
ild4077850697/b276/_p
kg_.a
#19 21.30 EOF
#19 21.30 /usr/local/
go/pkg/tool/linux_amd
64/compile -o 
$WORK/b280/_pkg_.a 
-trimpath 
"$WORK/b280=>" -p gol
ang.org/x/oauth2/auth
handler -lang=go1.18 
-complete -buildid j4
MyPkEUSM6-1ekbWD1C/j4
MyPkEUSM6-1ekbWD1C 
-goversion go1.21.13 
-c=4 -nolocalimports 
-importcfg 
$WORK/b280/importcfg 
-pack /go/pkg/mod/gol
ang.org/x/oauth2@v0.1
5.0/authhandler/authh
andler.go
#19 21.30 golang.org/
x/oauth2/google/inter
nal/stsexchange
#19 21.30 mkdir -p 
$WORK/b282/
#19 21.31 cat >/tmp/g
o-build4077850697/b28
2/importcfg << 'EOF' 
# internal
#19 21.31 # import 
config
#19 21.31 
packagefile context=/
tmp/go-build407785069
7/b002/_pkg_.a
#19 21.31 
packagefile encoding/
base64=/root/.cache/g
o-build/14/14031b4118
b386250aa841db8bab959
208e925279dd1dc883294
2b7a9142ac03-d
#19 21.31 
packagefile encoding/
json=/root/.cache/go-
build/24/24b182ff5489
86c89789a12c55fb81afb
414b3198c5ea571b2fb29
a5b25c22be-d
#19 21.31 
packagefile fmt=/root
/.cache/go-build/8d/8
d2bdd2fb8d4c3cfa10b37
9579d427d3fa724e4660a
984a3b121b2d6bb7bf576
-d
#19 21.31 
packagefile golang.or
g/x/oauth2=/tmp/go-bu
ild4077850697/b276/_p
kg_.a
#19 21.31 
packagefile io=/root/
.cache/go-build/3f/3f
759ea3eb56d9d846e0439
5d9dc289bca8f7cfe11f7
7ec63b71910085c89dc3-
d
#19 21.31 
packagefile io/ioutil
=/root/.cache/go-buil
d/6c/6c0c39e9293bbda0
b485c5849ce7dbd6244e3
c7acc693414856869735c
57c7d3-d
#19 21.31 
packagefile net/http=
/tmp/go-build40778506
97/b162/_pkg_.a
#19 21.31 
packagefile net/url=/
tmp/go-build407785069
7/b109/_pkg_.a
#19 21.31 
packagefile strconv=/
root/.cache/go-build/
58/58fde322ad123df338
e244ef907f3389ac723cf
56495542c8fa011a9be08
c3b5-d
#19 21.31 
packagefile strings=/
root/.cache/go-build/
bd/bd2b3ffec179fa0086
9c215b39dc97456ad6ec1
7c28e28cbfd770fe90393
d84a-d
#19 21.31 EOF
#19 21.31 /usr/local/
go/pkg/tool/linux_amd
64/compile -o 
$WORK/b282/_pkg_.a 
-trimpath 
"$WORK/b282=>" -p gol
ang.org/x/oauth2/goog
le/internal/stsexchan
ge -lang=go1.18 
-complete -buildid j2
a3zhH7iDrmK55y7HAC/j2
a3zhH7iDrmK55y7HAC 
-goversion go1.21.13 
-c=4 -nolocalimports 
-importcfg 
$WORK/b282/importcfg 
-pack /go/pkg/mod/gol
ang.org/x/oauth2@v0.1
5.0/google/internal/s
tsexchange/clientauth
.go /go/pkg/mod/golan
g.org/x/oauth2@v0.15.
0/google/internal/sts
exchange/sts_exchange
.go
#19 21.39 /usr/local/
go/pkg/tool/linux_amd
64/buildid -w 
$WORK/b280/_pkg_.a # 
internal
#19 21.40 cp 
$WORK/b280/_pkg_.a /r
oot/.cache/go-build/f
3/f365807dbe5860d5579
f840ac2727c3e304293db
f7308fa41a87595db7654
1d2-d # internal
#19 21.43 /usr/local/
go/pkg/tool/linux_amd
64/buildid -w 
$WORK/b286/_pkg_.a # 
internal
#19 21.44 cp 
$WORK/b286/_pkg_.a /r
oot/.cache/go-build/c
6/c6e97ac3ef518ff3c61
51fc53e7c2d8797324ce4
b8cee1b7128f969d7def5
295-d # internal
#19 21.46 /usr/local/
go/pkg/tool/linux_amd
64/buildid -w 
$WORK/b282/_pkg_.a # 
internal
#19 21.46 cp 
$WORK/b282/_pkg_.a /r
oot/.cache/go-build/7
1/71ec99f172ad893c8b2
80ae1792669d01c9dc3df
6c706ff0a2de80bb06933
0f4-d # internal
#19 21.46 golang.org/
x/oauth2/google/inter
nal/externalaccountau
thorizeduser
#19 21.46 mkdir -p 
$WORK/b284/
#19 21.47 cat >/tmp/g
o-build4077850697/b28
4/importcfg << 'EOF' 
# internal
#19 21.47 # import 
config
#19 21.47 
packagefile context=/
tmp/go-build407785069
7/b002/_pkg_.a
#19 21.47 
packagefile errors=/r
oot/.cache/go-build/c
c/cc538db122216e44576
167ce460078986584b0ef
8e945f95ba196f2ccc1e3
751-d
#19 21.47 
packagefile golang.or
g/x/oauth2=/tmp/go-bu
ild4077850697/b276/_p
kg_.a
#19 21.47 
packagefile golang.or
g/x/oauth2/google/int
ernal/stsexchange=/tm
p/go-build4077850697/
b282/_pkg_.a
#19 21.47 
packagefile time=/roo
t/.cache/go-build/4e/
4e73c8606deed2138edca
3302af2287f9f43cefd6d
141d85ab675d2b3f4052e
c-d
#19 21.47 EOF
#19 21.47 /usr/local/
go/pkg/tool/linux_amd
64/compile -o 
$WORK/b284/_pkg_.a 
-trimpath 
"$WORK/b284=>" -p gol
ang.org/x/oauth2/goog
le/internal/externala
ccountauthorizeduser 
-lang=go1.18 
-complete -buildid SP
wP5We-1i6Je1ohjEJ0/SP
wP5We-1i6Je1ohjEJ0 
-goversion go1.21.13 
-c=4 -nolocalimports 
-importcfg 
$WORK/b284/importcfg 
-pack /go/pkg/mod/gol
ang.org/x/oauth2@v0.1
5.0/google/internal/e
xternalaccountauthori
zeduser/externalaccou
ntauthorizeduser.go
#19 21.48 golang.org/
x/oauth2/google/inter
nal/externalaccount
#19 21.48 mkdir -p 
$WORK/b281/
#19 21.48 cat >/tmp/g
o-build4077850697/b28
1/importcfg << 'EOF' 
# internal
#19 21.48 # import 
config
#19 21.48 
packagefile bytes=/ro
ot/.cache/go-build/26
/26bfdb65b0b94b3a2bdc
e9e4b8bc696e55851d329
688735148e2f1ede7b0cf
7a-d
#19 21.48 
packagefile context=/
tmp/go-build407785069
7/b002/_pkg_.a
#19 21.48 
packagefile crypto/hm
ac=/tmp/go-build40778
50697/b068/_pkg_.a
#19 21.48 
packagefile crypto/sh
a256=/tmp/go-build407
7850697/b050/_pkg_.a
#19 21.48 
packagefile encoding/
hex=/tmp/go-build4077
850697/b060/_pkg_.a
#19 21.48 
packagefile encoding/
json=/root/.cache/go-
build/24/24b182ff5489
86c89789a12c55fb81afb
414b3198c5ea571b2fb29
a5b25c22be-d
#19 21.48 
packagefile errors=/r
oot/.cache/go-build/c
c/cc538db122216e44576
167ce460078986584b0ef
8e945f95ba196f2ccc1e3
751-d
#19 21.48 
packagefile fmt=/root
/.cache/go-build/8d/8
d2bdd2fb8d4c3cfa10b37
9579d427d3fa724e4660a
984a3b121b2d6bb7bf576
-d
#19 21.48 
packagefile golang.or
g/x/oauth2=/tmp/go-bu
ild4077850697/b276/_p
kg_.a
#19 21.48 
packagefile golang.or
g/x/oauth2/google/int
ernal/stsexchange=/tm
p/go-build4077850697/
b282/_pkg_.a
#19 21.48 
packagefile io=/root/
.cache/go-build/3f/3f
759ea3eb56d9d846e0439
5d9dc289bca8f7cfe11f7
7ec63b71910085c89dc3-
d
#19 21.48 
packagefile io/ioutil
=/root/.cache/go-buil
d/6c/6c0c39e9293bbda0
b485c5849ce7dbd6244e3
c7acc693414856869735c
57c7d3-d
#19 21.48 
packagefile net/http=
/tmp/go-build40778506
97/b162/_pkg_.a
#19 21.48 
packagefile net/url=/
tmp/go-build407785069
7/b109/_pkg_.a
#19 21.48 
packagefile os=/root/
.cache/go-build/43/43
f674b9b17ec091d423d79
d19d3a58814383e28d032
db985101a3bdb2c0e9c5-
d
#19 21.48 
packagefile os/exec=/
tmp/go-build407785069
7/b283/_pkg_.a
#19 21.48 
packagefile path=/roo
t/.cache/go-build/94/
9454a470cbf171a734c2c
ba7cfdd7871080744a807
1114bc08ead8d6315268c
a-d
#19 21.48 
packagefile regexp=/t
mp/go-build4077850697
/b120/_pkg_.a
#19 21.48 
packagefile runtime=/
root/.cache/go-build/
29/29c63df92edda48c2d
238c8dd2f7cf6a13536c0
3e2f03a25a6439694804b
49ca-d
#19 21.48 
packagefile sort=/roo
t/.cache/go-build/8c/
8c292a4015d12c8dfa15e
cf8a4317ac584bee3989c
3d957a6a78ab6789a029e
e-d
#19 21.48 
packagefile strconv=/
root/.cache/go-build/
58/58fde322ad123df338
e244ef907f3389ac723cf
56495542c8fa011a9be08
c3b5-d
#19 21.48 
packagefile strings=/
root/.cache/go-build/
bd/bd2b3ffec179fa0086
9c215b39dc97456ad6ec1
7c28e28cbfd770fe90393
d84a-d
#19 21.48 
packagefile time=/roo
t/.cache/go-build/4e/
4e73c8606deed2138edca
3302af2287f9f43cefd6d
141d85ab675d2b3f4052e
c-d
#19 21.48 
packagefile unicode=/
root/.cache/go-build/
5c/5cc4ed7fed5271c4f9
b13a58dc4b0fedd203628
562244eeb2b81d3cea617
d31d-d
#19 21.48 EOF
#19 21.48 /usr/local/
go/pkg/tool/linux_amd
64/compile -o 
$WORK/b281/_pkg_.a 
-trimpath 
"$WORK/b281=>" -p gol
ang.org/x/oauth2/goog
le/internal/externala
ccount -lang=go1.18 
-complete -buildid hR
X4VYG_EpOeJJJ-amQ8/hR
X4VYG_EpOeJJJ-amQ8 
-goversion go1.21.13 
-c=4 -nolocalimports 
-importcfg 
$WORK/b281/importcfg 
-pack /go/pkg/mod/gol
ang.org/x/oauth2@v0.1
5.0/google/internal/e
xternalaccount/aws.go
 /go/pkg/mod/golang.o
rg/x/oauth2@v0.15.0/g
oogle/internal/extern
alaccount/basecredent
ials.go /go/pkg/mod/g
olang.org/x/oauth2@v0
.15.0/google/internal
/externalaccount/err.
go /go/pkg/mod/golang
.org/x/oauth2@v0.15.0
/google/internal/exte
rnalaccount/executabl
ecredsource.go /go/pk
g/mod/golang.org/x/oa
uth2@v0.15.0/google/i
nternal/externalaccou
nt/filecredsource.go 
/go/pkg/mod/golang.or
g/x/oauth2@v0.15.0/go
ogle/internal/externa
laccount/header.go /g
o/pkg/mod/golang.org/
x/oauth2@v0.15.0/goog
le/internal/externala
ccount/impersonate.go
 /go/pkg/mod/golang.o
rg/x/oauth2@v0.15.0/g
oogle/internal/extern
alaccount/urlcredsour
ce.go
#19 21.54 /usr/local/
go/pkg/tool/linux_amd
64/buildid -w 
$WORK/b284/_pkg_.a # 
internal
#19 21.55 cp 
$WORK/b284/_pkg_.a /r
oot/.cache/go-build/1
2/127f7aa51a9fb63ebbe
38095ad9103eb9ec4d1f5
334253f2f70a42c636578
83c-d # internal
#19 21.77 /usr/local/
go/pkg/tool/linux_amd
64/buildid -w 
$WORK/b146/_pkg_.a # 
internal
#19 21.82 /usr/local/
go/pkg/tool/linux_amd
64/buildid -w 
$WORK/b281/_pkg_.a # 
internal
#19 21.83 cp 
$WORK/b281/_pkg_.a /r
oot/.cache/go-build/a
a/aa5bba559fe53f17cc4
09c35f9dbc56489152a64
452ee1e513abe4e9c041d
606-d # internal
#19 21.84 golang.org/
x/oauth2/google
#19 21.84 mkdir -p 
$WORK/b278/
#19 21.85 cat >/tmp/g
o-build4077850697/b27
8/importcfg << 'EOF' 
# internal
#19 21.85 # import 
config
#19 21.85 
packagefile bufio=/ro
ot/.cache/go-build/ba
/bab9b7509689a41081ab
98d7cd01bca2cf4e75f77
56000633e9b1c1d2099ea
3f-d
#19 21.85 
packagefile cloud.goo
gle.com/go/compute/me
tadata=/tmp/go-build4
077850697/b279/_pkg_.
a
#19 21.85 
packagefile context=/
tmp/go-build407785069
7/b002/_pkg_.a
#19 21.85 
packagefile crypto/rs
a=/tmp/go-build407785
0697/b096/_pkg_.a
#19 21.85 
packagefile encoding/
json=/root/.cache/go-
build/24/24b182ff5489
86c89789a12c55fb81afb
414b3198c5ea571b2fb29
a5b25c22be-d
#19 21.85 
packagefile errors=/r
oot/.cache/go-build/c
c/cc538db122216e44576
167ce460078986584b0ef
8e945f95ba196f2ccc1e3
751-d
#19 21.85 
packagefile fmt=/root
/.cache/go-build/8d/8
d2bdd2fb8d4c3cfa10b37
9579d427d3fa724e4660a
984a3b121b2d6bb7bf576
-d
#19 21.85 
packagefile golang.or
g/x/oauth2=/tmp/go-bu
ild4077850697/b276/_p
kg_.a
#19 21.85 
packagefile golang.or
g/x/oauth2/authhandle
r=/tmp/go-build407785
0697/b280/_pkg_.a
#19 21.85 
packagefile golang.or
g/x/oauth2/google/int
ernal/externalaccount
=/tmp/go-build4077850
697/b281/_pkg_.a
#19 21.85 
packagefile golang.or
g/x/oauth2/google/int
ernal/externalaccount
authorizeduser=/tmp/g
o-build4077850697/b28
4/_pkg_.a
#19 21.85 
packagefile golang.or
g/x/oauth2/internal=/
tmp/go-build407785069
7/b277/_pkg_.a
#19 21.85 
packagefile golang.or
g/x/oauth2/jws=/tmp/g
o-build4077850697/b28
5/_pkg_.a
#19 21.85 
packagefile golang.or
g/x/oauth2/jwt=/tmp/g
o-build4077850697/b28
6/_pkg_.a
#19 21.85 
packagefile io=/root/
.cache/go-build/3f/3f
759ea3eb56d9d846e0439
5d9dc289bca8f7cfe11f7
7ec63b71910085c89dc3-
d
#19 21.85 
packagefile log=/tmp/
go-build4077850697/b1
42/_pkg_.a
#19 21.85 
packagefile net/http=
/tmp/go-build40778506
97/b162/_pkg_.a
#19 21.85 
packagefile net/url=/
tmp/go-build407785069
7/b109/_pkg_.a
#19 21.85 
packagefile os=/root/
.cache/go-build/43/43
f674b9b17ec091d423d79
d19d3a58814383e28d032
db985101a3bdb2c0e9c5-
d
#19 21.85 
packagefile os/user=/
tmp/go-build407785069
7/b145/_pkg_.a
#19 21.85 
packagefile path/file
path=/root/.cache/go-
build/11/114b1ce0f6c5
11efcf45eac5007f8e483
7db5e57ae790ff11c15da
acd2d1a3a5-d
#19 21.85 
packagefile runtime=/
root/.cache/go-build/
29/29c63df92edda48c2d
238c8dd2f7cf6a13536c0
3e2f03a25a6439694804b
49ca-d
#19 21.85 
packagefile strings=/
root/.cache/go-build/
bd/bd2b3ffec179fa0086
9c215b39dc97456ad6ec1
7c28e28cbfd770fe90393
d84a-d
#19 21.85 
packagefile sync=/roo
t/.cache/go-build/4c/
4c6482b01e9753a401b5c
d5c9c47361a61ab8cef0b
4d6159ff0f0ffb119213f
7-d
#19 21.85 
packagefile time=/roo
t/.cache/go-build/4e/
4e73c8606deed2138edca
3302af2287f9f43cefd6d
141d85ab675d2b3f4052e
c-d
#19 21.85 EOF
#19 21.85 /usr/local/
go/pkg/tool/linux_amd
64/compile -o 
$WORK/b278/_pkg_.a 
-trimpath 
"$WORK/b278=>" -p gol
ang.org/x/oauth2/goog
le -lang=go1.18 
-complete -buildid L9
qO8dO-UqWD6EXMbdH6/L9
qO8dO-UqWD6EXMbdH6 
-goversion go1.21.13 
-c=4 -nolocalimports 
-importcfg 
$WORK/b278/importcfg 
-pack /go/pkg/mod/gol
ang.org/x/oauth2@v0.1
5.0/google/appengine.
go /go/pkg/mod/golang
.org/x/oauth2@v0.15.0
/google/appengine_gen
2_flex.go /go/pkg/mod
/golang.org/x/oauth2@
v0.15.0/google/defaul
t.go /go/pkg/mod/gola
ng.org/x/oauth2@v0.15
.0/google/doc.go /go/
pkg/mod/golang.org/x/
oauth2@v0.15.0/google
/error.go /go/pkg/mod
/golang.org/x/oauth2@
v0.15.0/google/google
.go /go/pkg/mod/golan
g.org/x/oauth2@v0.15.
0/google/jwt.go /go/p
kg/mod/golang.org/x/o
auth2@v0.15.0/google/
sdk.go
#19 22.16 /usr/local/
go/pkg/tool/linux_amd
64/buildid -w 
$WORK/b278/_pkg_.a # 
internal
#19 22.19 cp 
$WORK/b278/_pkg_.a /r
oot/.cache/go-build/f
1/f146702bde453271642
a6822ee326c03d1bef294
ba384a2c0b366058ca718
51d-d # internal
#19 22.52 cp 
$WORK/b146/_pkg_.a /r
oot/.cache/go-build/7
9/793f129cf9d6acd18b2
b0b62804d6ca4df78910a
e25e8057cac521c7b8db5
2af-d # internal
#19 22.53 github.com/
jackc/pgx/v5
#19 22.53 mkdir -p 
$WORK/b048/
#19 22.53 cat >/tmp/g
o-build4077850697/b04
8/importcfg << 'EOF' 
# internal
#19 22.53 # import 
config
#19 22.53 
packagefile bytes=/ro
ot/.cache/go-build/26
/26bfdb65b0b94b3a2bdc
e9e4b8bc696e55851d329
688735148e2f1ede7b0cf
7a-d
#19 22.53 
packagefile context=/
tmp/go-build407785069
7/b002/_pkg_.a
#19 22.53 
packagefile crypto/sh
a256=/tmp/go-build407
7850697/b050/_pkg_.a
#19 22.53 
packagefile database/
sql/driver=/tmp/go-bu
ild4077850697/b059/_p
kg_.a
#19 22.53 
packagefile encoding/
hex=/tmp/go-build4077
850697/b060/_pkg_.a
#19 22.53 
packagefile errors=/r
oot/.cache/go-build/c
c/cc538db122216e44576
167ce460078986584b0ef
8e945f95ba196f2ccc1e3
751-d
#19 22.53 
packagefile fmt=/root
/.cache/go-build/8d/8
d2bdd2fb8d4c3cfa10b37
9579d427d3fa724e4660a
984a3b121b2d6bb7bf576
-d
#19 22.53 
packagefile github.co
m/jackc/pgx/v5/intern
al/anynil=/tmp/go-bui
ld4077850697/b062/_pk
g_.a
#19 22.53 
packagefile github.co
m/jackc/pgx/v5/intern
al/pgio=/tmp/go-build
4077850697/b063/_pkg_
.a
#19 22.53 
packagefile github.co
m/jackc/pgx/v5/intern
al/sanitize=/tmp/go-b
uild4077850697/b064/_
pkg_.a
#19 22.53 
packagefile github.co
m/jackc/pgx/v5/intern
al/stmtcache=/tmp/go-
build4077850697/b065/
_pkg_.a
#19 22.53 
packagefile github.co
m/jackc/pgx/v5/pgconn
=/tmp/go-build4077850
697/b067/_pkg_.a
#19 22.53 
packagefile github.co
m/jackc/pgx/v5/pgtype
=/tmp/go-build4077850
697/b146/_pkg_.a
#19 22.53 
packagefile io=/root/
.cache/go-build/3f/3f
759ea3eb56d9d846e0439
5d9dc289bca8f7cfe11f7
7ec63b71910085c89dc3-
d
#19 22.53 
packagefile reflect=/
root/.cache/go-build/
16/16f37704a24996a774
deef9cd97d1a44607e2c1
7a34adf3ad677cff602c2
fa16-d
#19 22.53 
packagefile strconv=/
root/.cache/go-build/
58/58fde322ad123df338
e244ef907f3389ac723cf
56495542c8fa011a9be08
c3b5-d
#19 22.53 
packagefile strings=/
root/.cache/go-build/
bd/bd2b3ffec179fa0086
9c215b39dc97456ad6ec1
7c28e28cbfd770fe90393
d84a-d
#19 22.53 
packagefile time=/roo
t/.cache/go-build/4e/
4e73c8606deed2138edca
3302af2287f9f43cefd6d
141d85ab675d2b3f4052e
c-d
#19 22.53 
packagefile unicode/u
tf8=/root/.cache/go-b
uild/9e/9e23eb231cba1
373f4567258c1258bd672
52280d64ad306b694435d
139734a46-d
#19 22.53 EOF
#19 22.53 /usr/local/
go/pkg/tool/linux_amd
64/compile -o 
$WORK/b048/_pkg_.a 
-trimpath 
"$WORK/b048=>" -p git
hub.com/jackc/pgx/v5 
-lang=go1.19 
-complete -buildid Du
_Bb0PFAAqLOtzmnBf_/Du
_Bb0PFAAqLOtzmnBf_ 
-goversion go1.21.13 
-c=4 -nolocalimports 
-importcfg 
$WORK/b048/importcfg 
-pack /go/pkg/mod/git
hub.com/jackc/pgx/v5@
v5.5.0/batch.go /go/p
kg/mod/github.com/jac
kc/pgx/v5@v5.5.0/conn
.go /go/pkg/mod/githu
b.com/jackc/pgx/v5@v5
.5.0/copy_from.go /go
/pkg/mod/github.com/j
ackc/pgx/v5@v5.5.0/do
c.go /go/pkg/mod/gith
ub.com/jackc/pgx/v5@v
5.5.0/extended_query_
builder.go /go/pkg/mo
d/github.com/jackc/pg
x/v5@v5.5.0/large_obj
ects.go /go/pkg/mod/g
ithub.com/jackc/pgx/v
5@v5.5.0/named_args.g
o /go/pkg/mod/github.
com/jackc/pgx/v5@v5.5
.0/rows.go /go/pkg/mo
d/github.com/jackc/pg
x/v5@v5.5.0/tracer.go
 /go/pkg/mod/github.c
om/jackc/pgx/v5@v5.5.
0/tx.go /go/pkg/mod/g
ithub.com/jackc/pgx/v
5@v5.5.0/values.go
#19 22.76 /usr/local/
go/pkg/tool/linux_amd
64/buildid -w 
$WORK/b262/_pkg_.a # 
internal
#19 22.85 cp 
$WORK/b262/_pkg_.a /r
oot/.cache/go-build/0
6/0618c1c4b913257fb75
8204039c7cff0b5ba3834
5e6ff81185ad36e96c2eb
675-d # internal
#19 22.87 google.gola
ng.org/grpc/internal/
transport
#19 22.87 mkdir -p 
$WORK/b261/
#19 22.87 cat >/tmp/g
o-build4077850697/b26
1/importcfg << 'EOF' 
# internal
#19 22.87 # import 
config
#19 22.87 
packagefile bufio=/ro
ot/.cache/go-build/ba
/bab9b7509689a41081ab
98d7cd01bca2cf4e75f77
56000633e9b1c1d2099ea
3f-d
#19 22.87 
packagefile bytes=/ro
ot/.cache/go-build/26
/26bfdb65b0b94b3a2bdc
e9e4b8bc696e55851d329
688735148e2f1ede7b0cf
7a-d
#19 22.87 
packagefile context=/
tmp/go-build407785069
7/b002/_pkg_.a
#19 22.87 
packagefile encoding/
base64=/root/.cache/g
o-build/14/14031b4118
b386250aa841db8bab959
208e925279dd1dc883294
2b7a9142ac03-d
#19 22.87 
packagefile errors=/r
oot/.cache/go-build/c
c/cc538db122216e44576
167ce460078986584b0ef
8e945f95ba196f2ccc1e3
751-d
#19 22.87 
packagefile fmt=/root
/.cache/go-build/8d/8
d2bdd2fb8d4c3cfa10b37
9579d427d3fa724e4660a
984a3b121b2d6bb7bf576
-d
#19 22.87 
packagefile github.co
m/golang/protobuf/pro
to=/tmp/go-build40778
50697/b188/_pkg_.a
#19 22.87 
packagefile golang.or
g/x/net/http2=/tmp/go
-build4077850697/b262
/_pkg_.a
#19 22.87 
packagefile golang.or
g/x/net/http2/hpack=/
tmp/go-build407785069
7/b265/_pkg_.a
#19 22.87 
packagefile google.go
lang.org/grpc/codes=/
tmp/go-build407785069
7/b227/_pkg_.a
#19 22.87 
packagefile google.go
lang.org/grpc/credent
ials=/tmp/go-build407
7850697/b187/_pkg_.a
#19 22.87 
packagefile google.go
lang.org/grpc/grpclog
=/tmp/go-build4077850
697/b185/_pkg_.a
#19 22.87 
packagefile google.go
lang.org/grpc/interna
l=/tmp/go-build407785
0697/b220/_pkg_.a
#19 22.87 
packagefile google.go
lang.org/grpc/interna
l/channelz=/tmp/go-bu
ild4077850697/b182/_p
kg_.a
#19 22.87 
packagefile google.go
lang.org/grpc/interna
l/credentials=/tmp/go
-build4077850697/b219
/_pkg_.a
#19 22.87 
packagefile google.go
lang.org/grpc/interna
l/grpclog=/tmp/go-bui
ld4077850697/b186/_pk
g_.a
#19 22.87 
packagefile google.go
lang.org/grpc/interna
l/grpcrand=/tmp/go-bu
ild4077850697/b226/_p
kg_.a
#19 22.87 
packagefile google.go
lang.org/grpc/interna
l/grpcsync=/tmp/go-bu
ild4077850697/b248/_p
kg_.a
#19 22.87 
packagefile google.go
lang.org/grpc/interna
l/grpcutil=/tmp/go-bu
ild4077850697/b230/_p
kg_.a
#19 22.87 
packagefile google.go
lang.org/grpc/interna
l/metadata=/tmp/go-bu
ild4077850697/b251/_p
kg_.a
#19 22.87 
packagefile google.go
lang.org/grpc/interna
l/pretty=/tmp/go-buil
d4077850697/b252/_pkg
_.a
#19 22.87 
packagefile google.go
lang.org/grpc/interna
l/status=/tmp/go-buil
d4077850697/b247/_pkg
_.a
#19 22.87 
packagefile google.go
lang.org/grpc/interna
l/syscall=/tmp/go-bui
ld4077850697/b266/_pk
g_.a
#19 22.87 
packagefile google.go
lang.org/grpc/interna
l/transport/networkty
pe=/tmp/go-build40778
50697/b260/_pkg_.a
#19 22.87 
packagefile google.go
lang.org/grpc/keepali
ve=/tmp/go-build40778
50697/b267/_pkg_.a
#19 22.87 
packagefile google.go
lang.org/grpc/metadat
a=/tmp/go-build407785
0697/b223/_pkg_.a
#19 22.87 
packagefile google.go
lang.org/grpc/peer=/t
mp/go-build4077850697
/b268/_pkg_.a
#19 22.87 
packagefile google.go
lang.org/grpc/resolve
r=/tmp/go-build407785
0697/b221/_pkg_.a
#19 22.87 
packagefile google.go
lang.org/grpc/stats=/
tmp/go-build407785069
7/b269/_pkg_.a
#19 22.87 
packagefile google.go
lang.org/grpc/status=
/tmp/go-build40778506
97/b245/_pkg_.a
#19 22.87 
packagefile google.go
lang.org/grpc/tap=/tm
p/go-build4077850697/
b270/_pkg_.a
#19 22.87 
packagefile io=/root/
.cache/go-build/3f/3f
759ea3eb56d9d846e0439
5d9dc289bca8f7cfe11f7
7ec63b71910085c89dc3-
d
#19 22.87 
packagefile math=/roo
t/.cache/go-build/36/
36ffa25336d289fa39ad0
06705231014aaaaaeafbd
42683e20e660ca55ff061
6-d
#19 22.87 
packagefile net=/tmp/
go-build4077850697/b1
03/_pkg_.a
#19 22.87 
packagefile net/http=
/tmp/go-build40778506
97/b162/_pkg_.a
#19 22.87 
packagefile net/http/
httputil=/tmp/go-buil
d4077850697/b271/_pkg
_.a
#19 22.87 
packagefile net/url=/
tmp/go-build407785069
7/b109/_pkg_.a
#19 22.87 
packagefile path/file
path=/root/.cache/go-
build/11/114b1ce0f6c5
11efcf45eac5007f8e483
7db5e57ae790ff11c15da
acd2d1a3a5-d
#19 22.87 
packagefile runtime=/
root/.cache/go-build/
29/29c63df92edda48c2d
238c8dd2f7cf6a13536c0
3e2f03a25a6439694804b
49ca-d
#19 22.87 
packagefile strconv=/
root/.cache/go-build/
58/58fde322ad123df338
e244ef907f3389ac723cf
56495542c8fa011a9be08
c3b5-d
#19 22.87 
packagefile strings=/
root/.cache/go-build/
bd/bd2b3ffec179fa0086
9c215b39dc97456ad6ec1
7c28e28cbfd770fe90393
d84a-d
#19 22.87 
packagefile sync=/roo
t/.cache/go-build/4c/
4c6482b01e9753a401b5c
d5c9c47361a61ab8cef0b
4d6159ff0f0ffb119213f
7-d
#19 22.87 
packagefile sync/atom
ic=/root/.cache/go-bu
ild/5c/5c613f23c43dbb
b8db154f810343deece99
a58007c2c3824ed73bae8
64bc9b9d-d
#19 22.87 
packagefile time=/roo
t/.cache/go-build/4e/
4e73c8606deed2138edca
3302af2287f9f43cefd6d
141d85ab675d2b3f4052e
c-d
#19 22.87 
packagefile unicode/u
tf8=/root/.cache/go-b
uild/9e/9e23eb231cba1
373f4567258c1258bd672
52280d64ad306b694435d
139734a46-d
#19 22.87 EOF
#19 22.87 /usr/local/
go/pkg/tool/linux_amd
64/compile -o 
$WORK/b261/_pkg_.a 
-trimpath 
"$WORK/b261=>" -p goo
gle.golang.org/grpc/i
nternal/transport 
-lang=go1.19 
-complete -buildid w4
CoSTw82FBOCzDRAVYT/w4
CoSTw82FBOCzDRAVYT 
-goversion go1.21.13 
-c=4 -nolocalimports 
-importcfg 
$WORK/b261/importcfg 
-pack /go/pkg/mod/goo
gle.golang.org/grpc@v
1.60.0/internal/trans
port/bdp_estimator.go
 /go/pkg/mod/google.g
olang.org/grpc@v1.60.
0/internal/transport/
controlbuf.go /go/pkg
/mod/google.golang.or
g/grpc@v1.60.0/intern
al/transport/defaults
.go /go/pkg/mod/googl
e.golang.org/grpc@v1.
60.0/internal/transpo
rt/flowcontrol.go /go
/pkg/mod/google.golan
g.org/grpc@v1.60.0/in
ternal/transport/hand
ler_server.go /go/pkg
/mod/google.golang.or
g/grpc@v1.60.0/intern
al/transport/http2_cl
ient.go /go/pkg/mod/g
oogle.golang.org/grpc
@v1.60.0/internal/tra
nsport/http2_server.g
o /go/pkg/mod/google.
golang.org/grpc@v1.60
.0/internal/transport
/http_util.go /go/pkg
/mod/google.golang.or
g/grpc@v1.60.0/intern
al/transport/logging.
go /go/pkg/mod/google
.golang.org/grpc@v1.6
0.0/internal/transpor
t/proxy.go /go/pkg/mo
d/google.golang.org/g
rpc@v1.60.0/internal/
transport/transport.g
o
#19 23.10 /usr/local/
go/pkg/tool/linux_amd
64/buildid -w 
$WORK/b048/_pkg_.a # 
internal
#19 23.13 cp 
$WORK/b048/_pkg_.a /r
oot/.cache/go-build/7
6/764c7980f21740ad4ca
ce068472ca13898d35744
2ff02ffdc8b3b6a137d00
95e-d # internal
#19 23.13 github.com/
jackc/pgx/v5/pgxpool
#19 23.13 mkdir -p 
$WORK/b047/
#19 23.14 cat >/tmp/g
o-build4077850697/b04
7/importcfg << 'EOF' 
# internal
#19 23.14 # import 
config
#19 23.14 
packagefile context=/
tmp/go-build407785069
7/b002/_pkg_.a
#19 23.14 
packagefile fmt=/root
/.cache/go-build/8d/8
d2bdd2fb8d4c3cfa10b37
9579d427d3fa724e4660a
984a3b121b2d6bb7bf576
-d
#19 23.14 
packagefile github.co
m/jackc/pgx/v5=/tmp/g
o-build4077850697/b04
8/_pkg_.a
#19 23.14 
packagefile github.co
m/jackc/pgx/v5/pgconn
=/tmp/go-build4077850
697/b067/_pkg_.a
#19 23.14 
packagefile github.co
m/jackc/puddle/v2=/tm
p/go-build4077850697/
b148/_pkg_.a
#19 23.14 
packagefile math/rand
=/root/.cache/go-buil
d/fd/fdeb3a311ed0bccf
cfc033894fa36fbf4589e
4aeec7ef530198c40c529
7b902f-d
#19 23.14 
packagefile runtime=/
root/.cache/go-build/
29/29c63df92edda48c2d
238c8dd2f7cf6a13536c0
3e2f03a25a6439694804b
49ca-d
#19 23.14 
packagefile strconv=/
root/.cache/go-build/
58/58fde322ad123df338
e244ef907f3389ac723cf
56495542c8fa011a9be08
c3b5-d
#19 23.14 
packagefile sync=/roo
t/.cache/go-build/4c/
4c6482b01e9753a401b5c
d5c9c47361a61ab8cef0b
4d6159ff0f0ffb119213f
7-d
#19 23.14 
packagefile sync/atom
ic=/root/.cache/go-bu
ild/5c/5c613f23c43dbb
b8db154f810343deece99
a58007c2c3824ed73bae8
64bc9b9d-d
#19 23.14 
packagefile time=/roo
t/.cache/go-build/4e/
4e73c8606deed2138edca
3302af2287f9f43cefd6d
141d85ab675d2b3f4052e
c-d
#19 23.14 EOF
#19 23.14 /usr/local/
go/pkg/tool/linux_amd
64/compile -o 
$WORK/b047/_pkg_.a 
-trimpath 
"$WORK/b047=>" -p git
hub.com/jackc/pgx/v5/
pgxpool -lang=go1.19 
-complete -buildid f8
KCUFU44-3s6tFugcJc/f8
KCUFU44-3s6tFugcJc 
-goversion go1.21.13 
-c=4 -nolocalimports 
-importcfg 
$WORK/b047/importcfg 
-pack /go/pkg/mod/git
hub.com/jackc/pgx/v5@
v5.5.0/pgxpool/batch_
results.go /go/pkg/mo
d/github.com/jackc/pg
x/v5@v5.5.0/pgxpool/c
onn.go /go/pkg/mod/gi
thub.com/jackc/pgx/v5
@v5.5.0/pgxpool/doc.g
o /go/pkg/mod/github.
com/jackc/pgx/v5@v5.5
.0/pgxpool/pool.go /g
o/pkg/mod/github.com/
jackc/pgx/v5@v5.5.0/p
gxpool/rows.go /go/pk
g/mod/github.com/jack
c/pgx/v5@v5.5.0/pgxpo
ol/stat.go /go/pkg/mo
d/github.com/jackc/pg
x/v5@v5.5.0/pgxpool/t
x.go
#19 23.46 /usr/local/
go/pkg/tool/linux_amd
64/buildid -w 
$WORK/b047/_pkg_.a # 
internal
#19 23.49 cp 
$WORK/b047/_pkg_.a /r
oot/.cache/go-build/0
d/0d105e11aba39364636
7d156ae204200ecf58c65
19190783dd69e2eb58fdf
fcc-d # internal
#19 23.49 doric/backe
nd/internal/db
#19 23.49 mkdir -p 
$WORK/b028/
#19 23.49 cat >/tmp/g
o-build4077850697/b02
8/importcfg << 'EOF' 
# internal
#19 23.49 # import 
config
#19 23.49 
packagefile context=/
tmp/go-build407785069
7/b002/_pkg_.a
#19 23.49 
packagefile fmt=/root
/.cache/go-build/8d/8
d2bdd2fb8d4c3cfa10b37
9579d427d3fa724e4660a
984a3b121b2d6bb7bf576
-d
#19 23.49 
packagefile github.co
m/jackc/pgx/v5/pgxpoo
l=/tmp/go-build407785
0697/b047/_pkg_.a
#19 23.49 
packagefile os=/root/
.cache/go-build/43/43
f674b9b17ec091d423d79
d19d3a58814383e28d032
db985101a3bdb2c0e9c5-
d
#19 23.49 EOF
#19 23.49 /usr/local/
go/pkg/tool/linux_amd
64/compile -o 
$WORK/b028/_pkg_.a 
-trimpath 
"$WORK/b028=>" -p dor
ic/backend/internal/d
b -lang=go1.21 
-complete -buildid t1
Q2MwH76R_mE17RUqhg/t1
Q2MwH76R_mE17RUqhg 
-goversion go1.21.13 
-c=4 -nolocalimports 
-importcfg 
$WORK/b028/importcfg 
-pack ./internal/db/i
nit.go ./internal/db/
users.go
#19 23.78 /usr/local/
go/pkg/tool/linux_amd
64/buildid -w 
$WORK/b028/_pkg_.a # 
internal
#19 23.80 cp 
$WORK/b028/_pkg_.a /r
oot/.cache/go-build/3
8/3816141e504493b8f94
10d6c165749125a00f318
7f25c20652174359de746
e3c-d # internal
#19 23.97 /usr/local/
go/pkg/tool/linux_amd
64/buildid -w 
$WORK/b261/_pkg_.a # 
internal
#19 24.01 cp 
$WORK/b261/_pkg_.a /r
oot/.cache/go-build/a
1/a1e8c7fdb0fa3dd85c5
c4858df315bf3708517f1
7142c53787ba9e491771a
442-d # internal
#19 24.53 google.gola
ng.org/grpc
#19 24.53 mkdir -p 
$WORK/b152/
#19 24.54 cat >/tmp/g
o-build4077850697/b15
2/importcfg << 'EOF' 
# internal
#19 24.54 # import 
config
#19 24.54 
packagefile bytes=/ro
ot/.cache/go-build/26
/26bfdb65b0b94b3a2bdc
e9e4b8bc696e55851d329
688735148e2f1ede7b0cf
7a-d
#19 24.54 
packagefile compress/
gzip=/root/.cache/go-
build/8c/8c96e41b1dfc
3251c110a39160414c50f
acaa76d80e87c3e7c5e34
6bf3cdcb24-d
#19 24.54 
packagefile context=/
tmp/go-build407785069
7/b002/_pkg_.a
#19 24.54 
packagefile encoding/
binary=/root/.cache/g
o-build/60/60ee0c1856
a489c23506aab75becee4
a0c32342fd3865aa463f6
af25ea3c69f8-d
#19 24.54 
packagefile encoding/
json=/root/.cache/go-
build/24/24b182ff5489
86c89789a12c55fb81afb
414b3198c5ea571b2fb29
a5b25c22be-d
#19 24.54 
packagefile errors=/r
oot/.cache/go-build/c
c/cc538db122216e44576
167ce460078986584b0ef
8e945f95ba196f2ccc1e3
751-d
#19 24.54 
packagefile fmt=/root
/.cache/go-build/8d/8
d2bdd2fb8d4c3cfa10b37
9579d427d3fa724e4660a
984a3b121b2d6bb7bf576
-d
#19 24.54 
packagefile golang.or
g/x/net/trace=/tmp/go
-build4077850697/b156
/_pkg_.a
#19 24.54 
packagefile google.go
lang.org/grpc/backoff
=/tmp/go-build4077850
697/b179/_pkg_.a
#19 24.54 
packagefile google.go
lang.org/grpc/balance
r=/tmp/go-build407785
0697/b180/_pkg_.a
#19 24.54 
packagefile google.go
lang.org/grpc/balance
r/base=/tmp/go-build4
077850697/b224/_pkg_.
a
#19 24.54 
packagefile google.go
lang.org/grpc/balance
r/roundrobin=/tmp/go-
build4077850697/b225/
_pkg_.a
#19 24.54 
packagefile google.go
lang.org/grpc/channel
z=/tmp/go-build407785
0697/b181/_pkg_.a
#19 24.54 
packagefile google.go
lang.org/grpc/codes=/
tmp/go-build407785069
7/b227/_pkg_.a
#19 24.54 
packagefile google.go
lang.org/grpc/connect
ivity=/tmp/go-build40
77850697/b184/_pkg_.a
#19 24.54 
packagefile google.go
lang.org/grpc/credent
ials=/tmp/go-build407
7850697/b187/_pkg_.a
#19 24.54 
packagefile google.go
lang.org/grpc/credent
ials/insecure=/tmp/go
-build4077850697/b228
/_pkg_.a
#19 24.54 
packagefile google.go
lang.org/grpc/encodin
g=/tmp/go-build407785
0697/b229/_pkg_.a
#19 24.54 
packagefile google.go
lang.org/grpc/encodin
g/proto=/tmp/go-build
4077850697/b232/_pkg_
.a
#19 24.54 
packagefile google.go
lang.org/grpc/grpclog
=/tmp/go-build4077850
697/b185/_pkg_.a
#19 24.54 
packagefile google.go
lang.org/grpc/interna
l=/tmp/go-build407785
0697/b220/_pkg_.a
#19 24.54 
packagefile google.go
lang.org/grpc/interna
l/backoff=/tmp/go-bui
ld4077850697/b233/_pk
g_.a
#19 24.54 
packagefile google.go
lang.org/grpc/interna
l/balancer/gracefulsw
itch=/tmp/go-build407
7850697/b234/_pkg_.a
#19 24.54 
packagefile google.go
lang.org/grpc/interna
l/balancerload=/tmp/g
o-build4077850697/b23
5/_pkg_.a
#19 24.54 
packagefile google.go
lang.org/grpc/interna
l/binarylog=/tmp/go-b
uild4077850697/b236/_
pkg_.a
#19 24.54 
packagefile google.go
lang.org/grpc/interna
l/channelz=/tmp/go-bu
ild4077850697/b182/_p
kg_.a
#19 24.54 
packagefile google.go
lang.org/grpc/interna
l/grpclog=/tmp/go-bui
ld4077850697/b186/_pk
g_.a
#19 24.54 
packagefile google.go
lang.org/grpc/interna
l/grpcrand=/tmp/go-bu
ild4077850697/b226/_p
kg_.a
#19 24.54 
packagefile google.go
lang.org/grpc/interna
l/grpcsync=/tmp/go-bu
ild4077850697/b248/_p
kg_.a
#19 24.54 
packagefile google.go
lang.org/grpc/interna
l/grpcutil=/tmp/go-bu
ild4077850697/b230/_p
kg_.a
#19 24.54 
packagefile google.go
lang.org/grpc/interna
l/idle=/tmp/go-build4
077850697/b250/_pkg_.
a
#19 24.54 
packagefile google.go
lang.org/grpc/interna
l/metadata=/tmp/go-bu
ild4077850697/b251/_p
kg_.a
#19 24.54 
packagefile google.go
lang.org/grpc/interna
l/pretty=/tmp/go-buil
d4077850697/b252/_pkg
_.a
#19 24.54 
packagefile google.go
lang.org/grpc/interna
l/resolver=/tmp/go-bu
ild4077850697/b256/_p
kg_.a
#19 24.54 
packagefile google.go
lang.org/grpc/interna
l/resolver/passthroug
h=/tmp/go-build407785
0697/b258/_pkg_.a
#19 24.54 
packagefile google.go
lang.org/grpc/interna
l/resolver/unix=/tmp/
go-build4077850697/b2
59/_pkg_.a
#19 24.54 
packagefile google.go
lang.org/grpc/interna
l/serviceconfig=/tmp/
go-build4077850697/b2
57/_pkg_.a
#19 24.54 
packagefile google.go
lang.org/grpc/interna
l/status=/tmp/go-buil
d4077850697/b247/_pkg
_.a
#19 24.54 
packagefile google.go
lang.org/grpc/interna
l/transport=/tmp/go-b
uild4077850697/b261/_
pkg_.a
#19 24.54 
packagefile google.go
lang.org/grpc/keepali
ve=/tmp/go-build40778
50697/b267/_pkg_.a
#19 24.54 
packagefile google.go
lang.org/grpc/metadat
a=/tmp/go-build407785
0697/b223/_pkg_.a
#19 24.54 
packagefile google.go
lang.org/grpc/peer=/t
mp/go-build4077850697
/b268/_pkg_.a
#19 24.54 
packagefile google.go
lang.org/grpc/resolve
r=/tmp/go-build407785
0697/b221/_pkg_.a
#19 24.54 
packagefile google.go
lang.org/grpc/resolve
r/dns=/tmp/go-build40
77850697/b272/_pkg_.a
#19 24.54 
packagefile google.go
lang.org/grpc/service
config=/tmp/go-build4
077850697/b222/_pkg_.
a
#19 24.54 
packagefile google.go
lang.org/grpc/stats=/
tmp/go-build407785069
7/b269/_pkg_.a
#19 24.54 
packagefile google.go
lang.org/grpc/status=
/tmp/go-build40778506
97/b245/_pkg_.a
#19 24.54 
packagefile google.go
lang.org/grpc/tap=/tm
p/go-build4077850697/
b270/_pkg_.a
#19 24.54 
packagefile io=/root/
.cache/go-build/3f/3f
759ea3eb56d9d846e0439
5d9dc289bca8f7cfe11f7
7ec63b71910085c89dc3-
d
#19 24.54 
packagefile math=/roo
t/.cache/go-build/36/
36ffa25336d289fa39ad0
06705231014aaaaaeafbd
42683e20e660ca55ff061
6-d
#19 24.54 
packagefile net=/tmp/
go-build4077850697/b1
03/_pkg_.a
#19 24.54 
packagefile net/http=
/tmp/go-build40778506
97/b162/_pkg_.a
#19 24.54 
packagefile net/url=/
tmp/go-build407785069
7/b109/_pkg_.a
#19 24.54 
packagefile reflect=/
root/.cache/go-build/
16/16f37704a24996a774
deef9cd97d1a44607e2c1
7a34adf3ad677cff602c2
fa16-d
#19 24.54 
packagefile runtime=/
root/.cache/go-build/
29/29c63df92edda48c2d
238c8dd2f7cf6a13536c0
3e2f03a25a6439694804b
49ca-d
#19 24.54 
packagefile strconv=/
root/.cache/go-build/
58/58fde322ad123df338
e244ef907f3389ac723cf
56495542c8fa011a9be08
c3b5-d
#19 24.54 
packagefile strings=/
root/.cache/go-build/
bd/bd2b3ffec179fa0086
9c215b39dc97456ad6ec1
7c28e28cbfd770fe90393
d84a-d
#19 24.54 
packagefile sync=/roo
t/.cache/go-build/4c/
4c6482b01e9753a401b5c
d5c9c47361a61ab8cef0b
4d6159ff0f0ffb119213f
7-d
#19 24.54 
packagefile sync/atom
ic=/root/.cache/go-bu
ild/5c/5c613f23c43dbb
b8db154f810343deece99
a58007c2c3824ed73bae8
64bc9b9d-d
#19 24.54 
packagefile time=/roo
t/.cache/go-build/4e/
4e73c8606deed2138edca
3302af2287f9f43cefd6d
141d85ab675d2b3f4052e
c-d
#19 24.54 EOF
#19 24.54 /usr/local/
go/pkg/tool/linux_amd
64/compile -o 
$WORK/b152/_pkg_.a 
-trimpath 
"$WORK/b152=>" -p goo
gle.golang.org/grpc 
-lang=go1.19 
-complete -buildid es
AC3C4iKh114QMTms8y/es
AC3C4iKh114QMTms8y 
-goversion go1.21.13 
-c=4 -nolocalimports 
-importcfg 
$WORK/b152/importcfg 
-pack /go/pkg/mod/goo
gle.golang.org/grpc@v
1.60.0/backoff.go /go
/pkg/mod/google.golan
g.org/grpc@v1.60.0/ba
lancer_wrapper.go /go
/pkg/mod/google.golan
g.org/grpc@v1.60.0/ca
ll.go /go/pkg/mod/goo
gle.golang.org/grpc@v
1.60.0/clientconn.go 
/go/pkg/mod/google.go
lang.org/grpc@v1.60.0
/codec.go /go/pkg/mod
/google.golang.org/gr
pc@v1.60.0/dialoption
s.go /go/pkg/mod/goog
le.golang.org/grpc@v1
.60.0/doc.go /go/pkg/
mod/google.golang.org
/grpc@v1.60.0/interce
ptor.go /go/pkg/mod/g
oogle.golang.org/grpc
@v1.60.0/picker_wrapp
er.go /go/pkg/mod/goo
gle.golang.org/grpc@v
1.60.0/pickfirst.go /
go/pkg/mod/google.gol
ang.org/grpc@v1.60.0/
preloader.go /go/pkg/
mod/google.golang.org
/grpc@v1.60.0/resolve
r_wrapper.go /go/pkg/
mod/google.golang.org
/grpc@v1.60.0/rpc_uti
l.go /go/pkg/mod/goog
le.golang.org/grpc@v1
.60.0/server.go /go/p
kg/mod/google.golang.
org/grpc@v1.60.0/serv
ice_config.go /go/pkg
/mod/google.golang.or
g/grpc@v1.60.0/shared
_buffer_pool.go /go/p
kg/mod/google.golang.
org/grpc@v1.60.0/stre
am.go /go/pkg/mod/goo
gle.golang.org/grpc@v
1.60.0/trace.go /go/p
kg/mod/google.golang.
org/grpc@v1.60.0/vers
ion.go
#19 25.55 /usr/local/
go/pkg/tool/linux_amd
64/buildid -w 
$WORK/b152/_pkg_.a # 
internal
#19 25.60 cp 
$WORK/b152/_pkg_.a /r
oot/.cache/go-build/f
8/f80797100f556485d00
b7197249ec6995907b28a
46c9e8b364a71af80eec6
e0c-d # internal
#19 25.61 google.gola
ng.org/grpc/reflectio
n/grpc_reflection_v1a
lpha
#19 25.61 mkdir -p 
$WORK/b291/
#19 25.61 cat >/tmp/g
o-build4077850697/b29
1/importcfg << 'EOF' 
# internal
#19 25.61 # import 
config
#19 25.61 
packagefile context=/
tmp/go-build407785069
7/b002/_pkg_.a
#19 25.61 
packagefile google.go
lang.org/grpc=/tmp/go
-build4077850697/b152
/_pkg_.a
#19 25.61 
packagefile google.go
lang.org/grpc/codes=/
tmp/go-build407785069
7/b227/_pkg_.a
#19 25.61 
packagefile google.go
lang.org/grpc/status=
/tmp/go-build40778506
97/b245/_pkg_.a
#19 25.61 
packagefile google.go
lang.org/protobuf/ref
lect/protoreflect=/ro
ot/.cache/go-build/27
/27a908ead2f2de11aed0
bee3bff6ae3ca329b20b3
ffc4fcd5e25f3289f7c98
bf-d
#19 25.61 
packagefile google.go
lang.org/protobuf/run
time/protoimpl=/root/
.cache/go-build/24/24
d7861f3df0347b306eed0
fa01bbd853d4d3e1997c0
6b97b6af16a8eee24bc9-
d
#19 25.61 
packagefile reflect=/
root/.cache/go-build/
16/16f37704a24996a774
deef9cd97d1a44607e2c1
7a34adf3ad677cff602c2
fa16-d
#19 25.61 
packagefile sync=/roo
t/.cache/go-build/4c/
4c6482b01e9753a401b5c
d5c9c47361a61ab8cef0b
4d6159ff0f0ffb119213f
7-d
#19 25.61 EOF
#19 25.61 doric/backe
nd/pkg/proto/doric
#19 25.61 mkdir -p 
$WORK/b151/
#19 25.61 google.gola
ng.org/grpc/reflectio
n/grpc_reflection_v1
#19 25.61 /usr/local/
go/pkg/tool/linux_amd
64/compile -o 
$WORK/b291/_pkg_.a 
-trimpath 
"$WORK/b291=>" -p goo
gle.golang.org/grpc/r
eflection/grpc_reflec
tion_v1alpha 
-lang=go1.19 
-complete -buildid bk
YSLUd27Rm8D0hRY3Al/bk
YSLUd27Rm8D0hRY3Al 
-goversion go1.21.13 
-c=4 -nolocalimports 
-importcfg 
$WORK/b291/importcfg 
-pack /go/pkg/mod/goo
gle.golang.org/grpc@v
1.60.0/reflection/grp
c_reflection_v1alpha/
reflection.pb.go /go/
pkg/mod/google.golang
.org/grpc@v1.60.0/ref
lection/grpc_reflecti
on_v1alpha/reflection
_grpc.pb.go
#19 25.61 mkdir -p 
$WORK/b290/
#19 25.61 cat >/tmp/g
o-build4077850697/b15
1/importcfg << 'EOF' 
# internal
#19 25.61 # import 
config
#19 25.61 
packagefile context=/
tmp/go-build407785069
7/b002/_pkg_.a
#19 25.61 
packagefile google.go
lang.org/grpc=/tmp/go
-build4077850697/b152
/_pkg_.a
#19 25.61 
packagefile google.go
lang.org/grpc/codes=/
tmp/go-build407785069
7/b227/_pkg_.a
#19 25.61 
packagefile google.go
lang.org/grpc/status=
/tmp/go-build40778506
97/b245/_pkg_.a
#19 25.61 
packagefile google.go
lang.org/protobuf/ref
lect/protoreflect=/ro
ot/.cache/go-build/27
/27a908ead2f2de11aed0
bee3bff6ae3ca329b20b3
ffc4fcd5e25f3289f7c98
bf-d
#19 25.61 
packagefile google.go
lang.org/protobuf/run
time/protoimpl=/root/
.cache/go-build/24/24
d7861f3df0347b306eed0
fa01bbd853d4d3e1997c0
6b97b6af16a8eee24bc9-
d
#19 25.61 
packagefile reflect=/
root/.cache/go-build/
16/16f37704a24996a774
deef9cd97d1a44607e2c1
7a34adf3ad677cff602c2
fa16-d
#19 25.61 
packagefile sync=/roo
t/.cache/go-build/4c/
4c6482b01e9753a401b5c
d5c9c47361a61ab8cef0b
4d6159ff0f0ffb119213f
7-d
#19 25.61 EOF
#19 25.61 /usr/local/
go/pkg/tool/linux_amd
64/compile -o 
$WORK/b151/_pkg_.a 
-trimpath 
"$WORK/b151=>" -p dor
ic/backend/pkg/proto/
doric -lang=go1.21 
-complete -buildid BN
-He4apXVjiMEbfc-i-/BN
-He4apXVjiMEbfc-i- 
-goversion go1.21.13 
-c=4 -nolocalimports 
-importcfg 
$WORK/b151/importcfg 
-pack ./pkg/proto/dor
ic/doric.pb.go ./pkg/
proto/doric/doric_grp
c.pb.go
#19 25.61 cat >/tmp/g
o-build4077850697/b29
0/importcfg << 'EOF' 
# internal
#19 25.61 # import 
config
#19 25.61 
packagefile context=/
tmp/go-build407785069
7/b002/_pkg_.a
#19 25.61 
packagefile google.go
lang.org/grpc=/tmp/go
-build4077850697/b152
/_pkg_.a
#19 25.61 
packagefile google.go
lang.org/grpc/codes=/
tmp/go-build407785069
7/b227/_pkg_.a
#19 25.61 
packagefile google.go
lang.org/grpc/status=
/tmp/go-build40778506
97/b245/_pkg_.a
#19 25.61 
packagefile google.go
lang.org/protobuf/ref
lect/protoreflect=/ro
ot/.cache/go-build/27
/27a908ead2f2de11aed0
bee3bff6ae3ca329b20b3
ffc4fcd5e25f3289f7c98
bf-d
#19 25.61 
packagefile google.go
lang.org/protobuf/run
time/protoimpl=/root/
.cache/go-build/24/24
d7861f3df0347b306eed0
fa01bbd853d4d3e1997c0
6b97b6af16a8eee24bc9-
d
#19 25.61 
packagefile reflect=/
root/.cache/go-build/
16/16f37704a24996a774
deef9cd97d1a44607e2c1
7a34adf3ad677cff602c2
fa16-d
#19 25.61 
packagefile sync=/roo
t/.cache/go-build/4c/
4c6482b01e9753a401b5c
d5c9c47361a61ab8cef0b
4d6159ff0f0ffb119213f
7-d
#19 25.61 EOF
#19 25.61 /usr/local/
go/pkg/tool/linux_amd
64/compile -o 
$WORK/b290/_pkg_.a 
-trimpath 
"$WORK/b290=>" -p goo
gle.golang.org/grpc/r
eflection/grpc_reflec
tion_v1 -lang=go1.19 
-complete -buildid Wb
2p_Dwu-AsZ8I1XmMz0/Wb
2p_Dwu-AsZ8I1XmMz0 
-goversion go1.21.13 
-c=4 -nolocalimports 
-importcfg 
$WORK/b290/importcfg 
-pack /go/pkg/mod/goo
gle.golang.org/grpc@v
1.60.0/reflection/grp
c_reflection_v1/refle
ction.pb.go /go/pkg/m
od/google.golang.org/
grpc@v1.60.0/reflecti
on/grpc_reflection_v1
/reflection_grpc.pb.g
o
#19 25.79 /usr/local/
go/pkg/tool/linux_amd
64/buildid -w 
$WORK/b290/_pkg_.a # 
internal
#19 25.81 cp 
$WORK/b290/_pkg_.a /r
oot/.cache/go-build/5
6/5638874bad09e2d67a0
a1191d716b394cf7e086f
72336311f96b757c8b58f
a51-d # internal
#19 25.82 /usr/local/
go/pkg/tool/linux_amd
64/buildid -w 
$WORK/b291/_pkg_.a # 
internal
#19 25.84 cp 
$WORK/b291/_pkg_.a /r
oot/.cache/go-build/f
4/f49881ccd4dbb574a69
5a62a4685bccf6393349d
c00c9d88a8fa661db9f56
d78-d # internal
#19 25.84 google.gola
ng.org/grpc/reflectio
n
#19 25.84 mkdir -p 
$WORK/b289/
#19 25.85 cat >/tmp/g
o-build4077850697/b28
9/importcfg << 'EOF' 
# internal
#19 25.85 # import 
config
#19 25.85 
packagefile google.go
lang.org/grpc=/tmp/go
-build4077850697/b152
/_pkg_.a
#19 25.85 
packagefile google.go
lang.org/grpc/codes=/
tmp/go-build407785069
7/b227/_pkg_.a
#19 25.85 
packagefile google.go
lang.org/grpc/reflect
ion/grpc_reflection_v
1=/tmp/go-build407785
0697/b290/_pkg_.a
#19 25.85 
packagefile google.go
lang.org/grpc/reflect
ion/grpc_reflection_v
1alpha=/tmp/go-build4
077850697/b291/_pkg_.
a
#19 25.85 
packagefile google.go
lang.org/grpc/status=
/tmp/go-build40778506
97/b245/_pkg_.a
#19 25.85 
packagefile google.go
lang.org/protobuf/pro
to=/root/.cache/go-bu
ild/af/af43043742eac1
71491f380b4b0626c6ac5
da3b4a158a661ddbec46d
e5a99adb-d
#19 25.85 
packagefile google.go
lang.org/protobuf/ref
lect/protodesc=/root/
.cache/go-build/de/de
39806cc108463c4179a76
625ce9f63a044fb9a2dfd
9d7996d98f94a7b4fe25-
d
#19 25.85 
packagefile google.go
lang.org/protobuf/ref
lect/protoreflect=/ro
ot/.cache/go-build/27
/27a908ead2f2de11aed0
bee3bff6ae3ca329b20b3
ffc4fcd5e25f3289f7c98
bf-d
#19 25.85 
packagefile google.go
lang.org/protobuf/ref
lect/protoregistry=/r
oot/.cache/go-build/5
4/5482d85b1b1909147df
23093a1807cde6d5da2eb
6d3248e5d4017b6be4b4c
06b-d
#19 25.85 
packagefile io=/root/
.cache/go-build/3f/3f
759ea3eb56d9d846e0439
5d9dc289bca8f7cfe11f7
7ec63b71910085c89dc3-
d
#19 25.85 
packagefile sort=/roo
t/.cache/go-build/8c/
8c292a4015d12c8dfa15e
cf8a4317ac584bee3989c
3d957a6a78ab6789a029e
e-d
#19 25.85 EOF
#19 25.85 /usr/local/
go/pkg/tool/linux_amd
64/compile -o 
$WORK/b289/_pkg_.a 
-trimpath 
"$WORK/b289=>" -p goo
gle.golang.org/grpc/r
eflection 
-lang=go1.19 
-complete -buildid LW
i5A4crKRfeNHaENwzF/LW
i5A4crKRfeNHaENwzF 
-goversion go1.21.13 
-c=4 -nolocalimports 
-importcfg 
$WORK/b289/importcfg 
-pack /go/pkg/mod/goo
gle.golang.org/grpc@v
1.60.0/reflection/ada
pt.go /go/pkg/mod/goo
gle.golang.org/grpc@v
1.60.0/reflection/ser
verreflection.go
#19 25.87 /usr/local/
go/pkg/tool/linux_amd
64/buildid -w 
$WORK/b151/_pkg_.a # 
internal
#19 25.89 cp 
$WORK/b151/_pkg_.a /r
oot/.cache/go-build/f
3/f3a0985e477677c99ac
fb9660bd55653d2dc68e3
d5834c00aa42e2e5cbd51
82a-d # internal
#19 25.89 doric/backe
nd/internal/auth
#19 25.89 mkdir -p 
$WORK/b027/
#19 25.90 cat >/tmp/g
o-build4077850697/b02
7/importcfg << 'EOF' 
# internal
#19 25.90 # import 
config
#19 25.90 
packagefile context=/
tmp/go-build407785069
7/b002/_pkg_.a
#19 25.90 
packagefile doric/bac
kend/internal/db=/tmp
/go-build4077850697/b
028/_pkg_.a
#19 25.90 
packagefile doric/bac
kend/pkg/proto/doric=
/tmp/go-build40778506
97/b151/_pkg_.a
#19 25.90 
packagefile encoding/
json=/root/.cache/go-
build/24/24b182ff5489
86c89789a12c55fb81afb
414b3198c5ea571b2fb29
a5b25c22be-d
#19 25.90 
packagefile fmt=/root
/.cache/go-build/8d/8
d2bdd2fb8d4c3cfa10b37
9579d427d3fa724e4660a
984a3b121b2d6bb7bf576
-d
#19 25.90 
packagefile golang.or
g/x/oauth2=/tmp/go-bu
ild4077850697/b276/_p
kg_.a
#19 25.90 
packagefile golang.or
g/x/oauth2/google=/tm
p/go-build4077850697/
b278/_pkg_.a
#19 25.90 
packagefile net/http=
/tmp/go-build40778506
97/b162/_pkg_.a
#19 25.90 
packagefile os=/root/
.cache/go-build/43/43
f674b9b17ec091d423d79
d19d3a58814383e28d032
db985101a3bdb2c0e9c5-
d
#19 25.90 EOF
#19 25.90 /usr/local/
go/pkg/tool/linux_amd
64/compile -o 
$WORK/b027/_pkg_.a 
-trimpath 
"$WORK/b027=>" -p dor
ic/backend/internal/a
uth -lang=go1.21 
-complete -buildid JP
e2XPdAOKLMXNQEe9Sa/JP
e2XPdAOKLMXNQEe9Sa 
-goversion go1.21.13 
-c=4 -nolocalimports 
-importcfg 
$WORK/b027/importcfg 
-pack ./internal/auth
/google.go ./internal
/auth/grpc_handler.go
#19 25.92 # doric/bac
kend/internal/auth
#19 25.92 internal/au
th/google.go:7:2: 
"net/http" imported 
and not used
#19 25.98 /usr/local/
go/pkg/tool/linux_amd
64/buildid -w 
$WORK/b289/_pkg_.a # 
internal
#19 25.99 cp 
$WORK/b289/_pkg_.a /r
oot/.cache/go-build/b
1/b17d6af4ee66d68fbc6
f389c0e546bcd343b964c
3d3a1f92115cba6b5bc82
0c1-d # internal
#19 ERROR: process 
"/bin/sh -c 
CGO_ENABLED=0 
GOOS=linux go build 
-v -x -o 
/doric-backend 
./cmd/api" did not 
complete 
successfully: exit 
code: 1
------
 > [builder 10/10] 
RUN CGO_ENABLED=0 
GOOS=linux go build 
-v -x -o 
/doric-backend 
./cmd/api:
25.90 packagefile gol
ang.org/x/oauth2=/tmp
/go-build4077850697/b
276/_pkg_.a
25.90 packagefile gol
ang.org/x/oauth2/goog
le=/tmp/go-build40778
50697/b278/_pkg_.a
25.90 packagefile net
/http=/tmp/go-build40
77850697/b162/_pkg_.a
25.90 packagefile os=
/root/.cache/go-build
/43/43f674b9b17ec091d
423d79d19d3a58814383e
28d032db985101a3bdb2c
0e9c5-d
25.90 EOF
25.90 /usr/local/go/p
kg/tool/linux_amd64/c
ompile -o 
$WORK/b027/_pkg_.a 
-trimpath 
"$WORK/b027=>" -p dor
ic/backend/internal/a
uth -lang=go1.21 
-complete -buildid JP
e2XPdAOKLMXNQEe9Sa/JP
e2XPdAOKLMXNQEe9Sa 
-goversion go1.21.13 
-c=4 -nolocalimports 
-importcfg 
$WORK/b027/importcfg 
-pack ./internal/auth
/google.go ./internal
/auth/grpc_handler.go
25.92 # doric/backend
/internal/auth
25.92 internal/auth/g
oogle.go:7:2: 
"net/http" imported 
and not used
25.98 /usr/local/go/p
kg/tool/linux_amd64/b
uildid -w 
$WORK/b289/_pkg_.a # 
internal
25.99 cp 
$WORK/b289/_pkg_.a /r
oot/.cache/go-build/b
1/b17d6af4ee66d68fbc6
f389c0e546bcd343b964c
3d3a1f92115cba6b5bc82
0c1-d # internal
------
Dockerfile:31
--------------------
  29 |     # Run 
tidy and build
  30 |     RUN go 
mod tidy
  31 | >>> RUN 
CGO_ENABLED=0 
GOOS=linux go build 
-v -x -o 
/doric-backend 
./cmd/api
  32 |     
  33 |     # Run 
stage
--------------------
ERROR: failed to 
build: failed to 
solve: process 
"/bin/sh -c 
CGO_ENABLED=0 
GOOS=linux go build 
-v -x -o 
/doric-backend 
./cmd/api" did not 
complete 
successfully: exit 
code: 1

View build details: d
ocker-desktop://dashb
oard/build/desktop-li
nux/desktop-linux/y12
z2tg9olht7fnoe5nwxrgh
p
